2022-01-04 15:42:52.854 2558185 INFO tempest.lib.common.rest_client [req-d0185455-d058-42c7-8b64-64f96e96d414 ] Request (ValidationResourcesFixture:setUp): 201 POST http://10.13.3.251:9696/v2.0/security-group-rules 0.097s[00m
2022-01-04 15:42:53.188 2558189 INFO tempest.lib.common.rest_client [req-f41e0fcd-2867-467e-bde0-a5123d595827 ] Request (ServersTestBootFromVolume:setUpClass): 200 GET http://10.13.3.254:8776/v3/0910c9a818514c6ba3b13750b24b83a6/volumes/bb3fd386-ae45-4d9b-8481-bf48ccfc39e6 0.037s[00m
2022-01-04 15:42:53.499 2558185 INFO tempest.lib.common.rest_client [req-2edc6bcb-f4f4-43af-af60-0236d6924696 ] Request (ValidationResourcesFixture:setUp): 201 POST http://10.13.3.251:9696/v2.0/floatingips 0.644s[00m
2022-01-04 15:42:53.746 2558185 INFO tempest.lib.common.rest_client [req-1e1048f2-ecaf-4571-92cd-6c134dc4184d ] Request (AttachInterfacesUnderV243Test:test_add_remove_fixed_ip): 201 POST http://10.13.3.231:5000/v3/auth/tokens 0.240s[00m
2022-01-04 15:42:53.747 2558185 INFO tempest.lib.common.fixed_network [-] (AttachInterfacesUnderV243Test:test_add_remove_fixed_ip) Found network {'id': 'b343db94-4d02-42a2-8e64-9b69ffc9b70c', 'name': 'tempest-AttachInterfacesUnderV243Test-344550292-network', 'tenant_id': '5a72e3d346184a0d888119783eb7815a', 'admin_state_up': True, 'mtu': 1458, 'status': 'ACTIVE', 'subnets': [], 'shared': False, 'project_id': '5a72e3d346184a0d888119783eb7815a', 'router:external': False, 'provider:network_type': 'gre', 'provider:physical_network': None, 'provider:segmentation_id': 186, 'is_default': False, 'availability_zone_hints': [], 'availability_zones': [], 'ipv4_address_scope': None, 'ipv6_address_scope': None, 'description': '', 'l2_adjacency': True, 'tags': [], 'created_at': '2022-01-04T15:42:49Z', 'updated_at': '2022-01-04T15:42:50Z', 'revision_number': 1} available for tenant[00m
2022-01-04 15:42:54.241 2558189 INFO tempest.lib.common.rest_client [req-4cefcf82-9718-4aed-8dce-a12a82c2b84a ] Request (ServersTestBootFromVolume:setUpClass): 200 GET http://10.13.3.254:8776/v3/0910c9a818514c6ba3b13750b24b83a6/volumes/bb3fd386-ae45-4d9b-8481-bf48ccfc39e6 0.043s[00m
2022-01-04 15:42:54.961 2558185 INFO tempest.lib.common.rest_client [req-2841c629-9401-4f1f-a5bd-9f7947c3583d ] Request (AttachInterfacesUnderV243Test:test_add_remove_fixed_ip): 202 POST http://10.13.3.196:8774/v2.1/servers 1.213s[00m
2022-01-04 15:42:55.032 2558185 INFO tempest.lib.common.rest_client [req-d49831dd-7ab5-456f-94dd-466c32c191ab ] Request (AttachInterfacesUnderV243Test:test_add_remove_fixed_ip): 200 GET http://10.13.3.196:8774/v2.1/servers/93dde97d-2d31-4bd2-927c-503524655640 0.068s[00m
2022-01-04 15:42:55.308 2558189 INFO tempest.lib.common.rest_client [req-15197c85-82cf-4767-b052-2736c5396e6d ] Request (ServersTestBootFromVolume:setUpClass): 200 GET http://10.13.3.254:8776/v3/0910c9a818514c6ba3b13750b24b83a6/volumes/bb3fd386-ae45-4d9b-8481-bf48ccfc39e6 0.052s[00m
2022-01-04 15:42:56.236 2558185 INFO tempest.lib.common.rest_client [req-d54a8802-f8d8-4334-b6d0-0feec123ffd9 ] Request (AttachInterfacesUnderV243Test:test_add_remove_fixed_ip): 200 GET http://10.13.3.196:8774/v2.1/servers/93dde97d-2d31-4bd2-927c-503524655640 0.195s[00m
2022-01-04 15:42:56.244 2558185 INFO tempest.common.waiters [-] State transition "BUILD/scheduling" ==> "BUILD/None" after 1 second wait[00m
2022-01-04 15:42:56.383 2558189 INFO tempest.lib.common.rest_client [req-ef4a4b39-34f6-48d5-bfd0-6be183a82391 ] Request (ServersTestBootFromVolume:setUpClass): 200 GET http://10.13.3.254:8776/v3/0910c9a818514c6ba3b13750b24b83a6/volumes/bb3fd386-ae45-4d9b-8481-bf48ccfc39e6 0.058s[00m
2022-01-04 15:42:57.420 2558185 INFO tempest.lib.common.rest_client [req-0ffa4f25-e2c5-4376-90d8-c45142b8cb50 ] Request (AttachInterfacesUnderV243Test:test_add_remove_fixed_ip): 200 GET http://10.13.3.196:8774/v2.1/servers/93dde97d-2d31-4bd2-927c-503524655640 0.174s[00m
2022-01-04 15:42:57.427 2558185 INFO tempest.common.waiters [-] State transition "BUILD/None" ==> "BUILD/spawning" after 2 second wait[00m
2022-01-04 15:42:57.485 2558189 INFO tempest.lib.common.rest_client [req-5b600576-4b65-49be-87f2-e8e621eb606a ] Request (ServersTestBootFromVolume:setUpClass): 200 GET http://10.13.3.254:8776/v3/0910c9a818514c6ba3b13750b24b83a6/volumes/bb3fd386-ae45-4d9b-8481-bf48ccfc39e6 0.091s[00m
2022-01-04 15:42:58.739 2558185 INFO tempest.lib.common.rest_client [req-28a5662a-d665-4519-ad49-50823234aee1 ] Request (AttachInterfacesUnderV243Test:test_add_remove_fixed_ip): 200 GET http://10.13.3.196:8774/v2.1/servers/93dde97d-2d31-4bd2-927c-503524655640 0.310s[00m
2022-01-04 15:42:58.773 2558189 INFO tempest.lib.common.rest_client [req-0e22d3e1-f666-4321-acf3-290edbe1c892 ] Request (ServersTestBootFromVolume:setUpClass): 200 GET http://10.13.3.254:8776/v3/0910c9a818514c6ba3b13750b24b83a6/volumes/bb3fd386-ae45-4d9b-8481-bf48ccfc39e6 0.277s[00m
2022-01-04 15:42:59.856 2558189 INFO tempest.lib.common.rest_client [req-b69da4d3-e0ac-42dc-856b-1931f5ef1293 ] Request (ServersTestBootFromVolume:setUpClass): 200 GET http://10.13.3.254:8776/v3/0910c9a818514c6ba3b13750b24b83a6/volumes/bb3fd386-ae45-4d9b-8481-bf48ccfc39e6 0.074s[00m
2022-01-04 15:43:00.373 2558185 INFO tempest.lib.common.rest_client [req-3e92356f-c2a1-44e5-90b4-ba6c71d42b81 ] Request (AttachInterfacesUnderV243Test:test_add_remove_fixed_ip): 200 GET http://10.13.3.196:8774/v2.1/servers/93dde97d-2d31-4bd2-927c-503524655640 0.625s[00m
2022-01-04 15:43:00.953 2558189 INFO tempest.lib.common.rest_client [req-cc05d83a-0158-43ad-9dd6-2b5eccbf3efe ] Request (ServersTestBootFromVolume:setUpClass): 200 GET http://10.13.3.254:8776/v3/0910c9a818514c6ba3b13750b24b83a6/volumes/bb3fd386-ae45-4d9b-8481-bf48ccfc39e6 0.085s[00m
2022-01-04 15:43:01.719 2558185 INFO tempest.lib.common.rest_client [req-b557dab4-22cc-4dcf-b20f-991e7da2c893 ] Request (AttachInterfacesUnderV243Test:test_add_remove_fixed_ip): 200 GET http://10.13.3.196:8774/v2.1/servers/93dde97d-2d31-4bd2-927c-503524655640 0.333s[00m
2022-01-04 15:43:03.072 2558189 INFO tempest.lib.common.rest_client [req-b33430fb-0d24-4eb0-8015-2b1dec5acd54 ] Request (ServersTestBootFromVolume:setUpClass): 200 GET http://10.13.3.254:8776/v3/0910c9a818514c6ba3b13750b24b83a6/volumes/bb3fd386-ae45-4d9b-8481-bf48ccfc39e6 1.110s[00m
2022-01-04 15:43:03.269 2558185 INFO tempest.lib.common.rest_client [req-2bea4fb3-53bb-4232-9acf-1ea720ac17b8 ] Request (AttachInterfacesUnderV243Test:test_add_remove_fixed_ip): 200 GET http://10.13.3.196:8774/v2.1/servers/93dde97d-2d31-4bd2-927c-503524655640 0.535s[00m
2022-01-04 15:43:04.132 2558189 INFO tempest.lib.common.rest_client [req-b4bad7d8-c3a6-4848-9fb7-d0f83c8ea797 ] Request (ServersTestBootFromVolume:setUpClass): 200 GET http://10.13.3.254:8776/v3/0910c9a818514c6ba3b13750b24b83a6/volumes/bb3fd386-ae45-4d9b-8481-bf48ccfc39e6 0.051s[00m
2022-01-04 15:43:04.442 2558185 INFO tempest.lib.common.rest_client [req-836fcba9-31a0-40ec-94d7-6c061ea5f2ea ] Request (AttachInterfacesUnderV243Test:test_add_remove_fixed_ip): 200 GET http://10.13.3.196:8774/v2.1/servers/93dde97d-2d31-4bd2-927c-503524655640 0.163s[00m
2022-01-04 15:43:05.241 2558189 INFO tempest.lib.common.rest_client [req-00f9f691-6359-4bfe-bbd0-67902b045041 ] Request (ServersTestBootFromVolume:setUpClass): 200 GET http://10.13.3.254:8776/v3/0910c9a818514c6ba3b13750b24b83a6/volumes/bb3fd386-ae45-4d9b-8481-bf48ccfc39e6 0.099s[00m
2022-01-04 15:43:05.705 2558185 INFO tempest.lib.common.rest_client [req-0bffebc7-925d-4bf4-b52d-11795a84173f ] Request (AttachInterfacesUnderV243Test:test_add_remove_fixed_ip): 200 GET http://10.13.3.196:8774/v2.1/servers/93dde97d-2d31-4bd2-927c-503524655640 0.254s[00m
2022-01-04 15:43:06.312 2558189 INFO tempest.lib.common.rest_client [req-18fc531a-5a6f-45db-a486-7a2ee163540a ] Request (ServersTestBootFromVolume:setUpClass): 200 GET http://10.13.3.254:8776/v3/0910c9a818514c6ba3b13750b24b83a6/volumes/bb3fd386-ae45-4d9b-8481-bf48ccfc39e6 0.061s[00m
2022-01-04 15:43:06.926 2558185 INFO tempest.lib.common.rest_client [req-964463e9-9685-4758-976e-3f33d3886d9a ] Request (AttachInterfacesUnderV243Test:test_add_remove_fixed_ip): 200 GET http://10.13.3.196:8774/v2.1/servers/93dde97d-2d31-4bd2-927c-503524655640 0.211s[00m
2022-01-04 15:43:07.361 2558189 INFO tempest.lib.common.rest_client [req-5870a728-770c-4329-ab8e-b0f13f141111 ] Request (ServersTestBootFromVolume:setUpClass): 200 GET http://10.13.3.254:8776/v3/0910c9a818514c6ba3b13750b24b83a6/volumes/bb3fd386-ae45-4d9b-8481-bf48ccfc39e6 0.038s[00m
2022-01-04 15:43:08.092 2558185 INFO tempest.lib.common.rest_client [req-ad56da9b-b92b-4ab3-9711-442d160572ae ] Request (AttachInterfacesUnderV243Test:test_add_remove_fixed_ip): 200 GET http://10.13.3.196:8774/v2.1/servers/93dde97d-2d31-4bd2-927c-503524655640 0.154s[00m
2022-01-04 15:43:08.407 2558189 INFO tempest.lib.common.rest_client [req-b854b985-502e-47d7-a301-0b5f3b189a4a ] Request (ServersTestBootFromVolume:setUpClass): 200 GET http://10.13.3.254:8776/v3/0910c9a818514c6ba3b13750b24b83a6/volumes/bb3fd386-ae45-4d9b-8481-bf48ccfc39e6 0.036s[00m
2022-01-04 15:43:09.197 2558185 INFO tempest.lib.common.rest_client [req-b3db96a2-b5d4-4c10-a239-aae2d7790cbc ] Request (AttachInterfacesUnderV243Test:test_add_remove_fixed_ip): 200 GET http://10.13.3.196:8774/v2.1/servers/93dde97d-2d31-4bd2-927c-503524655640 0.094s[00m
2022-01-04 15:43:09.454 2558189 INFO tempest.lib.common.rest_client [req-6a4dceb7-0b02-4022-b8ce-12cf4eea5933 ] Request (ServersTestBootFromVolume:setUpClass): 200 GET http://10.13.3.254:8776/v3/0910c9a818514c6ba3b13750b24b83a6/volumes/bb3fd386-ae45-4d9b-8481-bf48ccfc39e6 0.039s[00m
2022-01-04 15:43:09.461 2558189 INFO tempest.common.waiters [-] volume bb3fd386-ae45-4d9b-8481-bf48ccfc39e6 reached available after waiting for 21.461202 seconds[00m
2022-01-04 15:43:10.030 2558189 INFO tempest.lib.common.rest_client [req-17b3732d-fae2-4718-871c-ea68bc61896a ] Request (ServersTestBootFromVolume:setUpClass): 202 POST http://10.13.3.196:8774/v2.1/servers 0.567s[00m
2022-01-04 15:43:10.084 2558189 INFO tempest.lib.common.rest_client [req-7470d882-f9fb-4ec8-90be-3d78c70f2763 ] Request (ServersTestBootFromVolume:setUpClass): 200 GET http://10.13.3.196:8774/v2.1/servers/ce343d07-2ea8-4434-9d5c-14b19e8c8624 0.050s[00m
2022-01-04 15:43:10.308 2558185 INFO tempest.lib.common.rest_client [req-5a001a78-8908-44f1-a724-f7658d85752e ] Request (AttachInterfacesUnderV243Test:test_add_remove_fixed_ip): 200 GET http://10.13.3.196:8774/v2.1/servers/93dde97d-2d31-4bd2-927c-503524655640 0.098s[00m
2022-01-04 15:43:11.161 2558189 INFO tempest.lib.common.rest_client [req-d2134e8b-e466-4a7d-9f8c-b8f93b4f100c ] Request (ServersTestBootFromVolume:setUpClass): 200 GET http://10.13.3.196:8774/v2.1/servers/ce343d07-2ea8-4434-9d5c-14b19e8c8624 0.066s[00m
2022-01-04 15:43:11.175 2558189 INFO tempest.common.waiters [-] State transition "BUILD/scheduling" ==> "BUILD/block_device_mapping" after 1 second wait[00m
2022-01-04 15:43:11.414 2558185 INFO tempest.lib.common.rest_client [req-8bc263c8-c31f-4e92-8e28-1a2f2e03a218 ] Request (AttachInterfacesUnderV243Test:test_add_remove_fixed_ip): 200 GET http://10.13.3.196:8774/v2.1/servers/93dde97d-2d31-4bd2-927c-503524655640 0.097s[00m
2022-01-04 15:43:12.282 2558189 INFO tempest.lib.common.rest_client [req-72c187ca-b669-45a8-a3c7-4ff1a73d057a ] Request (ServersTestBootFromVolume:setUpClass): 200 GET http://10.13.3.196:8774/v2.1/servers/ce343d07-2ea8-4434-9d5c-14b19e8c8624 0.105s[00m
2022-01-04 15:43:12.630 2558185 INFO tempest.lib.common.rest_client [req-d7a2c6f4-12ca-47ce-868f-ca1218c4fe8f ] Request (AttachInterfacesUnderV243Test:test_add_remove_fixed_ip): 200 GET http://10.13.3.196:8774/v2.1/servers/93dde97d-2d31-4bd2-927c-503524655640 0.202s[00m
2022-01-04 15:43:13.388 2558189 INFO tempest.lib.common.rest_client [req-d429bae6-2444-4e5e-bf02-049caec8fb4f ] Request (ServersTestBootFromVolume:setUpClass): 200 GET http://10.13.3.196:8774/v2.1/servers/ce343d07-2ea8-4434-9d5c-14b19e8c8624 0.096s[00m
2022-01-04 15:43:13.398 2558189 INFO tempest.common.waiters [-] State transition "BUILD/block_device_mapping" ==> "BUILD/spawning" after 3 second wait[00m
2022-01-04 15:43:13.729 2558185 INFO tempest.lib.common.rest_client [req-8b275854-370f-400a-b245-88cd87a4c17e ] Request (AttachInterfacesUnderV243Test:test_add_remove_fixed_ip): 200 GET http://10.13.3.196:8774/v2.1/servers/93dde97d-2d31-4bd2-927c-503524655640 0.091s[00m
2022-01-04 15:43:14.488 2558189 INFO tempest.lib.common.rest_client [req-dc9b34e8-c2d2-4504-8237-9f5540582866 ] Request (ServersTestBootFromVolume:setUpClass): 200 GET http://10.13.3.196:8774/v2.1/servers/ce343d07-2ea8-4434-9d5c-14b19e8c8624 0.088s[00m
2022-01-04 15:43:14.829 2558185 INFO tempest.lib.common.rest_client [req-6c75c168-d4ef-4230-ad94-f0a7382652ea ] Request (AttachInterfacesUnderV243Test:test_add_remove_fixed_ip): 200 GET http://10.13.3.196:8774/v2.1/servers/93dde97d-2d31-4bd2-927c-503524655640 0.090s[00m
2022-01-04 15:43:15.581 2558189 INFO tempest.lib.common.rest_client [req-8f0daf5f-1e23-46df-b0a4-5993a72d4644 ] Request (ServersTestBootFromVolume:setUpClass): 200 GET http://10.13.3.196:8774/v2.1/servers/ce343d07-2ea8-4434-9d5c-14b19e8c8624 0.085s[00m
2022-01-04 15:43:15.926 2558185 INFO tempest.lib.common.rest_client [req-6084b25f-8433-47ed-938f-e2896f0d7913 ] Request (AttachInterfacesUnderV243Test:test_add_remove_fixed_ip): 200 GET http://10.13.3.196:8774/v2.1/servers/93dde97d-2d31-4bd2-927c-503524655640 0.085s[00m
2022-01-04 15:43:16.692 2558189 INFO tempest.lib.common.rest_client [req-956d6fd2-cae2-4f9b-971a-f5466f630bd6 ] Request (ServersTestBootFromVolume:setUpClass): 200 GET http://10.13.3.196:8774/v2.1/servers/ce343d07-2ea8-4434-9d5c-14b19e8c8624 0.102s[00m
2022-01-04 15:43:16.700 2558189 INFO tempest.common.waiters [-] State transition "BUILD/spawning" ==> "ACTIVE/None" after 6 second wait[00m
2022-01-04 15:43:16.780 2558189 INFO tempest.lib.common.rest_client [req-b3c029c4-bd35-4f34-9242-7cbdaef942f9 ] Request (ServersTestBootFromVolume:setUpClass): 200 GET http://10.13.3.196:8774/v2.1/servers/ce343d07-2ea8-4434-9d5c-14b19e8c8624/os-interface 0.079s[00m
2022-01-04 15:43:17.051 2558185 INFO tempest.lib.common.rest_client [req-b6d52978-69b9-40ea-84c6-91432a450db5 ] Request (AttachInterfacesUnderV243Test:test_add_remove_fixed_ip): 200 GET http://10.13.3.196:8774/v2.1/servers/93dde97d-2d31-4bd2-927c-503524655640 0.112s[00m
2022-01-04 15:43:17.609 2558189 INFO tempest.lib.common.rest_client [req-c02ae139-0c07-45bb-9d3c-d64ae702728c ] Request (ServersTestBootFromVolume:setUpClass): 200 PUT http://10.13.3.251:9696/v2.0/floatingips/415a31a6-fa59-4e34-a819-f2460dff5e03 0.826s[00m
2022-01-04 15:43:17.697 2558189 INFO tempest.lib.common.rest_client [req-d02af42b-13f8-45aa-b1fc-fb98d339fca4 ] Request (ServersTestBootFromVolume:setUpClass): 200 GET http://10.13.3.196:8774/v2.1/servers/ce343d07-2ea8-4434-9d5c-14b19e8c8624 0.087s[00m
2022-01-04 15:43:17.825 2558189 INFO tempest.lib.common.rest_client [req-bcb3c574-ac1b-48f3-9b30-ee2f11629517 ] Request (ServersTestBootFromVolume:test_list_servers): 200 GET http://10.13.3.196:8774/v2.1/servers 0.113s[00m
{1} tempest.api.compute.servers.test_create_server.ServersTestBootFromVolume.test_list_servers [0.118137s] ... ok
{1} tempest.api.compute.servers.test_create_server.ServersTestBootFromVolume.test_verify_server_details [0.000927s] ... ok
2022-01-04 15:43:17.932 2558189 INFO tempest.lib.common.rest_client [req-75a7d3ef-078a-42a8-bc38-2458b0d49442 ] Request (ServersTestBootFromVolume:tearDownClass): 204 DELETE http://10.13.3.196:8774/v2.1/servers/ce343d07-2ea8-4434-9d5c-14b19e8c8624 0.101s[00m
2022-01-04 15:43:18.058 2558189 INFO tempest.lib.common.rest_client [req-b49747f4-d7fd-4d37-af1a-6265ef42fbd5 ] Request (ServersTestBootFromVolume:tearDownClass): 200 GET http://10.13.3.196:8774/v2.1/servers/ce343d07-2ea8-4434-9d5c-14b19e8c8624 0.125s[00m
2022-01-04 15:43:18.152 2558185 INFO tempest.lib.common.rest_client [req-962d8df5-5ad2-4e97-a3fd-cb622c9ef936 ] Request (AttachInterfacesUnderV243Test:test_add_remove_fixed_ip): 200 GET http://10.13.3.196:8774/v2.1/servers/93dde97d-2d31-4bd2-927c-503524655640 0.090s[00m
2022-01-04 15:43:19.203 2558189 INFO tempest.lib.common.rest_client [req-44b56a4c-9f26-4c92-ae7f-0aa2a8909dab ] Request (ServersTestBootFromVolume:tearDownClass): 200 GET http://10.13.3.196:8774/v2.1/servers/ce343d07-2ea8-4434-9d5c-14b19e8c8624 0.136s[00m
2022-01-04 15:43:19.267 2558185 INFO tempest.lib.common.rest_client [req-e9a5f33e-ac3f-4938-b0cd-cde8197d8df6 ] Request (AttachInterfacesUnderV243Test:test_add_remove_fixed_ip): 200 GET http://10.13.3.196:8774/v2.1/servers/93dde97d-2d31-4bd2-927c-503524655640 0.103s[00m
2022-01-04 15:43:20.240 2558189 INFO tempest.lib.common.rest_client [req-9537eb41-8be7-417c-ab98-74fbaaa54484 ] Request (ServersTestBootFromVolume:tearDownClass): 404 GET http://10.13.3.196:8774/v2.1/servers/ce343d07-2ea8-4434-9d5c-14b19e8c8624 0.028s[00m
2022-01-04 15:43:20.268 2558189 INFO tempest.lib.common.rest_client [req-ef5b439f-9e16-4fc7-9bfc-4bc78c8c4ae0 ] Request (ServersTestBootFromVolume:tearDownClass): 202 DELETE http://10.13.3.196:8774/v2.1/os-keypairs/tempest-keypair-1664976766 0.027s[00m
2022-01-04 15:43:20.396 2558185 INFO tempest.lib.common.rest_client [req-82e0d8e6-a48c-4aed-b5c4-db7d895bbccd ] Request (AttachInterfacesUnderV243Test:test_add_remove_fixed_ip): 200 GET http://10.13.3.196:8774/v2.1/servers/93dde97d-2d31-4bd2-927c-503524655640 0.121s[00m
2022-01-04 15:43:20.412 2558189 INFO tempest.lib.common.rest_client [req-4a398e23-40b4-4868-b1b6-5376feb60775 ] Request (ServersTestBootFromVolume:tearDownClass): 204 DELETE http://10.13.3.251:9696/v2.0/security-groups/ceffe632-2349-43c1-b04e-b5706e41dc57 0.143s[00m
2022-01-04 15:43:20.427 2558189 INFO tempest.lib.common.rest_client [req-e2a65786-dd4c-492d-b6f4-dffe132e8d00 ] Request (ServersTestBootFromVolume:tearDownClass): 404 GET http://10.13.3.251:9696/v2.0/security-groups/ceffe632-2349-43c1-b04e-b5706e41dc57 0.014s[00m
2022-01-04 15:43:20.711 2558189 INFO tempest.lib.common.rest_client [req-44568a77-cb11-4bbb-b0e9-bdb611730cc9 ] Request (ServersTestBootFromVolume:tearDownClass): 204 DELETE http://10.13.3.251:9696/v2.0/floatingips/415a31a6-fa59-4e34-a819-f2460dff5e03 0.282s[00m
2022-01-04 15:43:21.513 2558185 INFO tempest.lib.common.rest_client [req-5384ca2e-eea5-4ab9-91bd-61388ce31e08 ] Request (AttachInterfacesUnderV243Test:test_add_remove_fixed_ip): 200 GET http://10.13.3.196:8774/v2.1/servers/93dde97d-2d31-4bd2-927c-503524655640 0.108s[00m
2022-01-04 15:43:21.681 2558189 INFO tempest.lib.common.rest_client [req-460f297d-0576-436a-95c6-85d625b717cb ] Request (ServersTestBootFromVolume:tearDownClass): 200 PUT http://10.13.3.251:9696/v2.0/routers/7ddb1b94-d979-45c6-9ada-ce900aed5ef9/remove_router_interface 0.970s[00m
2022-01-04 15:43:22.167 2558189 INFO tempest.lib.common.rest_client [req-3f025309-52e1-4038-812a-5645dc24396a ] Request (ServersTestBootFromVolume:tearDownClass): 204 DELETE http://10.13.3.251:9696/v2.0/routers/7ddb1b94-d979-45c6-9ada-ce900aed5ef9 0.485s[00m
2022-01-04 15:43:22.401 2558189 INFO tempest.lib.common.rest_client [req-8d7e16f2-5eff-4567-af52-af3490a2b7c1 ] Request (ServersTestBootFromVolume:tearDownClass): 204 DELETE http://10.13.3.251:9696/v2.0/subnets/c16a86ef-e69e-41d2-b86e-9875d8ecab2f 0.233s[00m
2022-01-04 15:43:22.637 2558185 INFO tempest.lib.common.rest_client [req-cf17de57-105b-4b78-900b-075fec559d99 ] Request (AttachInterfacesUnderV243Test:test_add_remove_fixed_ip): 200 GET http://10.13.3.196:8774/v2.1/servers/93dde97d-2d31-4bd2-927c-503524655640 0.112s[00m
2022-01-04 15:43:22.774 2558189 INFO tempest.lib.common.rest_client [req-412b7ef8-35a6-49d1-8802-f53565b9ffd5 ] Request (ServersTestBootFromVolume:tearDownClass): 204 DELETE http://10.13.3.251:9696/v2.0/networks/ff9d53ec-43d4-4d0b-985f-c2158fd5c65f 0.372s[00m
2022-01-04 15:43:22.882 2558189 INFO tempest.lib.common.rest_client [req-7aa58181-24cd-4317-b578-3b2c8ebcb7dd ] Request (ServersTestBootFromVolume:tearDownClass): 204 DELETE http://10.13.3.231:35357/v3/users/cc9b035926f54ca7a1233ccbf75cda95 0.107s[00m
2022-01-04 15:43:22.956 2558189 INFO tempest.lib.common.rest_client [req-505908ba-8b77-4616-97b3-8e7d7d4d32eb ] Request (ServersTestBootFromVolume:tearDownClass): 200 GET http://10.13.3.251:9696/v2.0/security-groups?tenant_id=0910c9a818514c6ba3b13750b24b83a6&name=default 0.071s[00m
2022-01-04 15:43:23.089 2558189 INFO tempest.lib.common.rest_client [req-a530dc80-69c0-42b8-b169-57407a35ca2e ] Request (ServersTestBootFromVolume:tearDownClass): 204 DELETE http://10.13.3.251:9696/v2.0/security-groups/f0696b43-1933-4d6c-84bc-33d826ebcf85 0.132s[00m
2022-01-04 15:43:23.218 2558189 INFO tempest.lib.common.rest_client [req-8008718b-62f6-478f-b9d4-8ec4bb8533f7 ] Request (ServersTestBootFromVolume:tearDownClass): 204 DELETE http://10.13.3.231:35357/v3/projects/0910c9a818514c6ba3b13750b24b83a6 0.128s[00m
2022-01-04 15:43:23.503 2558189 INFO tempest.lib.common.rest_client [req-e2d80ec9-4baa-4f36-96f9-9edccb298e1e ] Request (ServerActionsTestJSON:setUpClass): 201 POST http://10.13.3.231:5000/v3/auth/tokens 0.282s[00m
2022-01-04 15:43:23.732 2558185 INFO tempest.lib.common.rest_client [req-d6d7f9e4-d90e-46f6-8686-843be814eaaa ] Request (AttachInterfacesUnderV243Test:test_add_remove_fixed_ip): 200 GET http://10.13.3.196:8774/v2.1/servers/93dde97d-2d31-4bd2-927c-503524655640 0.086s[00m
2022-01-04 15:43:23.793 2558189 INFO tempest.lib.common.rest_client [req-fa29480f-241a-4e4f-bf40-805b6fee41b8 ] Request (ServerActionsTestJSON:setUpClass): 201 POST http://10.13.3.231:5000/v3/auth/tokens 0.242s[00m
2022-01-04 15:43:23.818 2558189 INFO tempest.lib.common.rest_client [req-1f30c0fb-bad1-431f-87d7-f9c56f30400d ] Request (ServerActionsTestJSON:setUpClass): 200 GET http://10.13.3.231:35357/v3/domains?name=admin_domain 0.024s[00m
2022-01-04 15:43:23.848 2558189 INFO tempest.lib.common.rest_client [req-d4ba505c-57dc-42a9-a8c2-b21699455cb6 ] Request (ServerActionsTestJSON:setUpClass): 201 POST http://10.13.3.231:35357/v3/projects 0.029s[00m
2022-01-04 15:43:24.124 2558189 INFO tempest.lib.common.rest_client [req-0883a88a-8618-488b-aa0d-05d0963d5e45 ] Request (ServerActionsTestJSON:setUpClass): 201 POST http://10.13.3.231:35357/v3/users 0.275s[00m
2022-01-04 15:43:24.144 2558189 INFO tempest.lib.common.rest_client [req-e2d60ede-c98f-46b9-bf91-52e3e0cbd582 ] Request (ServerActionsTestJSON:setUpClass): 200 GET http://10.13.3.231:35357/v3/roles 0.019s[00m
2022-01-04 15:43:24.165 2558189 INFO tempest.lib.common.rest_client [req-91be569c-e37a-4aba-a38d-7d63e8aef1cb ] Request (ServerActionsTestJSON:setUpClass): 200 GET http://10.13.3.231:35357/v3/roles 0.020s[00m
2022-01-04 15:43:24.198 2558189 INFO tempest.lib.common.rest_client [req-3d2c0517-853b-4eeb-9e3b-7ee476ba5c14 ] Request (ServerActionsTestJSON:setUpClass): 204 PUT http://10.13.3.231:35357/v3/projects/d6ac24e6ee434c2b9e05186b98c4f09a/users/65fe9c2e26b149e490949a46543133c2/roles/f0afe778fd6d4b93a279cf6f69d4aaf5 0.032s[00m
2022-01-04 15:43:24.198 2558189 INFO tempest.lib.common.dynamic_creds [-] Dynamic test user 65fe9c2e26b149e490949a46543133c2 is created with scope project and roles: ['member'][00m
2022-01-04 15:43:24.198 2558189 INFO tempest.lib.common.dynamic_creds [-] Acquired dynamic creds:
 credentials: Credentials: {'domain_id': '2cce71fe89b34bcba298f7b08fd27c32', 'domain_name': 'admin_domain', 'username': 'tempest-ServerActionsTestJSON-938705276-project', 'project_domain_id': '2cce71fe89b34bcba298f7b08fd27c32', 'project_domain_name': 'admin_domain', 'project_id': 'd6ac24e6ee434c2b9e05186b98c4f09a', 'project_name': 'tempest-ServerActionsTestJSON-938705276', 'tenant_id': 'd6ac24e6ee434c2b9e05186b98c4f09a', 'tenant_name': 'tempest-ServerActionsTestJSON-938705276', 'user_domain_id': '2cce71fe89b34bcba298f7b08fd27c32', 'user_domain_name': 'admin_domain', 'user_id': '65fe9c2e26b149e490949a46543133c2', 'system': None}, Network: None, Subnet: None, Router: None[00m
2022-01-04 15:43:24.470 2558189 INFO tempest.lib.common.rest_client [req-c739ca6b-a3fb-4378-9046-be0a6ce12cc0 ] Request (ServerActionsTestJSON:setUpClass): 201 POST http://10.13.3.231:5000/v3/auth/tokens 0.271s[00m
2022-01-04 15:43:24.726 2558189 INFO tempest.lib.common.rest_client [req-fbf2bdf8-0113-4f3c-8190-acfe393d48cb ] Request (ServerActionsTestJSON:setUpClass): 201 POST http://10.13.3.251:9696/v2.0/networks 0.255s[00m
2022-01-04 15:43:24.836 2558185 INFO tempest.lib.common.rest_client [req-7c855312-60c8-46b9-95e8-24f99d18be7e ] Request (AttachInterfacesUnderV243Test:test_add_remove_fixed_ip): 200 GET http://10.13.3.196:8774/v2.1/servers/93dde97d-2d31-4bd2-927c-503524655640 0.094s[00m
2022-01-04 15:43:24.895 2558189 INFO tempest.lib.common.rest_client [req-49dfb987-be10-4ba8-97f2-5aeb1b400cd8 ] Request (ServerActionsTestJSON:setUpClass): 201 POST http://10.13.3.251:9696/v2.0/subnets 0.168s[00m
2022-01-04 15:43:25.669 2558189 INFO tempest.lib.common.rest_client [req-34d3f88c-6a76-4de4-af19-27c18631a260 ] Request (ServerActionsTestJSON:setUpClass): 201 POST http://10.13.3.251:9696/v2.0/routers 0.773s[00m
2022-01-04 15:43:26.087 2558185 INFO tempest.lib.common.rest_client [req-93096c17-e257-4c4d-89ca-00c2c7e2e4a4 ] Request (AttachInterfacesUnderV243Test:test_add_remove_fixed_ip): 200 GET http://10.13.3.196:8774/v2.1/servers/93dde97d-2d31-4bd2-927c-503524655640 0.241s[00m
2022-01-04 15:43:26.606 2558189 INFO tempest.lib.common.rest_client [req-e076ad2b-d736-4fb1-a579-1e708d4dece4 ] Request (ServerActionsTestJSON:setUpClass): 200 PUT http://10.13.3.251:9696/v2.0/routers/fe3b09db-2676-4fc3-b6e2-6cd7ee3085cf/add_router_interface 0.937s[00m
2022-01-04 15:43:26.607 2558189 INFO tempest.lib.common.dynamic_creds [-] Created isolated network resources for:
 credentials: Credentials: {'domain_id': '2cce71fe89b34bcba298f7b08fd27c32', 'domain_name': 'admin_domain', 'username': 'tempest-ServerActionsTestJSON-938705276-project', 'project_domain_id': '2cce71fe89b34bcba298f7b08fd27c32', 'project_domain_name': 'admin_domain', 'project_id': 'd6ac24e6ee434c2b9e05186b98c4f09a', 'project_name': 'tempest-ServerActionsTestJSON-938705276', 'tenant_id': 'd6ac24e6ee434c2b9e05186b98c4f09a', 'tenant_name': 'tempest-ServerActionsTestJSON-938705276', 'user_domain_id': '2cce71fe89b34bcba298f7b08fd27c32', 'user_domain_name': 'admin_domain', 'user_id': '65fe9c2e26b149e490949a46543133c2', 'system': None}, Network: {'id': '483936c7-d790-402b-b4ef-a6606a6677db', 'name': 'tempest-ServerActionsTestJSON-1261604672-network', 'tenant_id': 'd6ac24e6ee434c2b9e05186b98c4f09a', 'admin_state_up': True, 'mtu': 1458, 'status': 'ACTIVE', 'subnets': [], 'shared': False, 'project_id': 'd6ac24e6ee434c2b9e05186b98c4f09a', 'router:external': False, 'provider:network_type': 'gre', 'provider:physical_network': None, 'provider:segmentation_id': 978, 'is_default': False, 'availability_zone_hints': [], 'availability_zones': [], 'ipv4_address_scope': None, 'ipv6_address_scope': None, 'description': '', 'l2_adjacency': True, 'tags': [], 'created_at': '2022-01-04T15:43:24Z', 'updated_at': '2022-01-04T15:43:24Z', 'revision_number': 1}, Subnet: {'id': '8e3ad6f2-492f-45d1-add1-1140ab6caab9', 'name': 'tempest-ServerActionsTestJSON-1261604672-subnet', 'tenant_id': 'd6ac24e6ee434c2b9e05186b98c4f09a', 'network_id': '483936c7-d790-402b-b4ef-a6606a6677db', 'ip_version': 4, 'subnetpool_id': None, 'enable_dhcp': True, 'ipv6_ra_mode': None, 'ipv6_address_mode': None, 'gateway_ip': '172.16.0.1', 'cidr': '172.16.0.0/28', 'allocation_pools': [{'start': '172.16.0.2', 'end': '172.16.0.14'}], 'host_routes': [], 'dns_nameservers': [], 'description': '', 'service_types': [], 'segment_id': None, 'tags': [], 'created_at': '2022-01-04T15:43:24Z', 'updated_at': '2022-01-04T15:43:24Z', 'revision_number': 0, 'project_id': 'd6ac24e6ee434c2b9e05186b98c4f09a'}, Router: {'id': 'fe3b09db-2676-4fc3-b6e2-6cd7ee3085cf', 'name': 'tempest-ServerActionsTestJSON-1261604672-router', 'tenant_id': 'd6ac24e6ee434c2b9e05186b98c4f09a', 'admin_state_up': True, 'status': 'ACTIVE', 'external_gateway_info': {'network_id': 'bb1ed130-78e5-47ff-808e-1f62b930c181', 'external_fixed_ips': [{'subnet_id': '9adbb566-d0fa-4ce0-a7e0-806a612f10f7', 'ip_address': '10.13.3.144'}], 'enable_snat': True}, 'description': '', 'availability_zones': [], 'distributed': False, 'ha': False, 'availability_zone_hints': [], 'routes': [], 'flavor_id': None, 'tags': [], 'created_at': '2022-01-04T15:43:24Z', 'updated_at': '2022-01-04T15:43:25Z', 'revision_number': 3, 'project_id': 'd6ac24e6ee434c2b9e05186b98c4f09a'}[00m
2022-01-04 15:43:26.898 2558189 INFO tempest.lib.common.rest_client [req-306563e1-3b2e-4dd9-82f1-eaa0cf595901 ] Request (ServerActionsTestJSON:setUpClass): 201 POST http://10.13.3.231:5000/v3/auth/tokens 0.285s[00m
2022-01-04 15:43:27.174 2558189 INFO tempest.lib.common.rest_client [req-d3f1a443-5801-4fbe-926b-b421f5c838b5 ] Request (ServerActionsTestJSON:setUpClass): 200 POST http://10.13.3.196:8774/v2.1/os-keypairs 0.274s[00m
2022-01-04 15:43:27.208 2558185 INFO tempest.lib.common.rest_client [req-2f1bc897-6a01-4bc9-9504-50d9ae488abe ] Request (AttachInterfacesUnderV243Test:test_add_remove_fixed_ip): 200 GET http://10.13.3.196:8774/v2.1/servers/93dde97d-2d31-4bd2-927c-503524655640 0.109s[00m
2022-01-04 15:43:27.311 2558189 INFO tempest.lib.common.rest_client [req-54633fb8-d8b9-4862-af43-eb5a1a2c1a9a ] Request (ServerActionsTestJSON:setUpClass): 201 POST http://10.13.3.251:9696/v2.0/security-groups 0.134s[00m
2022-01-04 15:43:27.410 2558189 INFO tempest.lib.common.rest_client [req-8c05839e-63c6-43fc-bf28-ee112b201f2a ] Request (ServerActionsTestJSON:setUpClass): 201 POST http://10.13.3.251:9696/v2.0/security-group-rules 0.098s[00m
2022-01-04 15:43:27.506 2558189 INFO tempest.lib.common.rest_client [req-b85e5d60-fb44-48c7-827a-de1993a1938a ] Request (ServerActionsTestJSON:setUpClass): 201 POST http://10.13.3.251:9696/v2.0/security-group-rules 0.095s[00m
2022-01-04 15:43:27.963 2558189 INFO tempest.lib.common.rest_client [req-27485a17-d827-44e8-8d22-0d480a648311 ] Request (ServerActionsTestJSON:setUpClass): 201 POST http://10.13.3.251:9696/v2.0/floatingips 0.456s[00m
2022-01-04 15:43:28.212 2558189 INFO tempest.lib.common.rest_client [req-a24eb1ad-75d6-482f-92e6-e708db60c380 ] Request (ServerActionsTestJSON:setUpClass): 201 POST http://10.13.3.231:5000/v3/auth/tokens 0.241s[00m
2022-01-04 15:43:28.212 2558189 INFO tempest.lib.common.fixed_network [-] (ServerActionsTestJSON:setUpClass) Found network {'id': '483936c7-d790-402b-b4ef-a6606a6677db', 'name': 'tempest-ServerActionsTestJSON-1261604672-network', 'tenant_id': 'd6ac24e6ee434c2b9e05186b98c4f09a', 'admin_state_up': True, 'mtu': 1458, 'status': 'ACTIVE', 'subnets': [], 'shared': False, 'project_id': 'd6ac24e6ee434c2b9e05186b98c4f09a', 'router:external': False, 'provider:network_type': 'gre', 'provider:physical_network': None, 'provider:segmentation_id': 978, 'is_default': False, 'availability_zone_hints': [], 'availability_zones': [], 'ipv4_address_scope': None, 'ipv6_address_scope': None, 'description': '', 'l2_adjacency': True, 'tags': [], 'created_at': '2022-01-04T15:43:24Z', 'updated_at': '2022-01-04T15:43:24Z', 'revision_number': 1} available for tenant[00m
2022-01-04 15:43:28.315 2558185 INFO tempest.lib.common.rest_client [req-ac6cb653-ed9d-420d-9b94-dee8ad38d04d ] Request (AttachInterfacesUnderV243Test:test_add_remove_fixed_ip): 200 GET http://10.13.3.196:8774/v2.1/servers/93dde97d-2d31-4bd2-927c-503524655640 0.094s[00m
2022-01-04 15:43:28.574 2558189 INFO tempest.lib.common.rest_client [req-600eebb2-fd59-4cd9-a7f2-9028c8092fd5 ] Request (ServerActionsTestJSON:setUpClass): 202 POST http://10.13.3.196:8774/v2.1/servers 0.360s[00m
2022-01-04 15:43:28.635 2558189 INFO tempest.lib.common.rest_client [req-3f5cd1cc-a7c6-4bc1-b0aa-9d52dbd96cf6 ] Request (ServerActionsTestJSON:setUpClass): 200 GET http://10.13.3.196:8774/v2.1/servers/123ba9a9-3187-4908-b3ae-b95c659b3c1f 0.059s[00m
2022-01-04 15:43:29.445 2558185 INFO tempest.lib.common.rest_client [req-54ba3da3-97ef-486a-b8bc-535efa781ef5 ] Request (AttachInterfacesUnderV243Test:test_add_remove_fixed_ip): 200 GET http://10.13.3.196:8774/v2.1/servers/93dde97d-2d31-4bd2-927c-503524655640 0.115s[00m
2022-01-04 15:43:29.787 2558189 INFO tempest.lib.common.rest_client [req-6a961d98-30df-461f-b224-751b25424c7a ] Request (ServerActionsTestJSON:setUpClass): 200 GET http://10.13.3.196:8774/v2.1/servers/123ba9a9-3187-4908-b3ae-b95c659b3c1f 0.138s[00m
2022-01-04 15:43:29.796 2558189 INFO tempest.common.waiters [-] State transition "BUILD/scheduling" ==> "BUILD/spawning" after 1 second wait[00m
2022-01-04 15:43:30.557 2558185 INFO tempest.lib.common.rest_client [req-69954579-9587-4155-b638-81e642d847b7 ] Request (AttachInterfacesUnderV243Test:test_add_remove_fixed_ip): 200 GET http://10.13.3.196:8774/v2.1/servers/93dde97d-2d31-4bd2-927c-503524655640 0.103s[00m
2022-01-04 15:43:30.910 2558189 INFO tempest.lib.common.rest_client [req-0f7bb07c-6f63-479c-aa5d-81d4d5c93b89 ] Request (ServerActionsTestJSON:setUpClass): 200 GET http://10.13.3.196:8774/v2.1/servers/123ba9a9-3187-4908-b3ae-b95c659b3c1f 0.112s[00m
2022-01-04 15:43:31.666 2558185 INFO tempest.lib.common.rest_client [req-f8feb2fb-525c-4bd9-8002-f0ee1b7b2e4a ] Request (AttachInterfacesUnderV243Test:test_add_remove_fixed_ip): 200 GET http://10.13.3.196:8774/v2.1/servers/93dde97d-2d31-4bd2-927c-503524655640 0.094s[00m
2022-01-04 15:43:32.020 2558189 INFO tempest.lib.common.rest_client [req-68e25c78-11c7-46be-a9d7-4a5ce7f57fda ] Request (ServerActionsTestJSON:setUpClass): 200 GET http://10.13.3.196:8774/v2.1/servers/123ba9a9-3187-4908-b3ae-b95c659b3c1f 0.100s[00m
2022-01-04 15:43:32.773 2558185 INFO tempest.lib.common.rest_client [req-b7edd7d5-75a5-4188-9061-777bae8078fb ] Request (AttachInterfacesUnderV243Test:test_add_remove_fixed_ip): 200 GET http://10.13.3.196:8774/v2.1/servers/93dde97d-2d31-4bd2-927c-503524655640 0.098s[00m
2022-01-04 15:43:33.150 2558189 INFO tempest.lib.common.rest_client [req-cb7c2061-c020-4dcd-ae49-c9ba3f0f46a4 ] Request (ServerActionsTestJSON:setUpClass): 200 GET http://10.13.3.196:8774/v2.1/servers/123ba9a9-3187-4908-b3ae-b95c659b3c1f 0.119s[00m
2022-01-04 15:43:33.889 2558185 INFO tempest.lib.common.rest_client [req-ae651c11-94ec-41ed-bae2-af9b12e80911 ] Request (AttachInterfacesUnderV243Test:test_add_remove_fixed_ip): 200 GET http://10.13.3.196:8774/v2.1/servers/93dde97d-2d31-4bd2-927c-503524655640 0.106s[00m
2022-01-04 15:43:34.263 2558189 INFO tempest.lib.common.rest_client [req-557a16a9-56b6-488d-884f-3ad78da537a7 ] Request (ServerActionsTestJSON:setUpClass): 200 GET http://10.13.3.196:8774/v2.1/servers/123ba9a9-3187-4908-b3ae-b95c659b3c1f 0.099s[00m
2022-01-04 15:43:35.010 2558185 INFO tempest.lib.common.rest_client [req-28d2a985-aa03-49a9-aa30-d22e260d167f ] Request (AttachInterfacesUnderV243Test:test_add_remove_fixed_ip): 200 GET http://10.13.3.196:8774/v2.1/servers/93dde97d-2d31-4bd2-927c-503524655640 0.106s[00m
2022-01-04 15:43:35.374 2558189 INFO tempest.lib.common.rest_client [req-f5833194-e78b-40ff-a623-d9910ea84581 ] Request (ServerActionsTestJSON:setUpClass): 200 GET http://10.13.3.196:8774/v2.1/servers/123ba9a9-3187-4908-b3ae-b95c659b3c1f 0.101s[00m
2022-01-04 15:43:36.234 2558185 INFO tempest.lib.common.rest_client [req-8a9db805-9bee-4584-85f4-6910b4c543d5 ] Request (AttachInterfacesUnderV243Test:test_add_remove_fixed_ip): 200 GET http://10.13.3.196:8774/v2.1/servers/93dde97d-2d31-4bd2-927c-503524655640 0.215s[00m
2022-01-04 15:43:36.477 2558189 INFO tempest.lib.common.rest_client [req-3a809c28-ba11-4bfb-9a8c-f28fda25e6e2 ] Request (ServerActionsTestJSON:setUpClass): 200 GET http://10.13.3.196:8774/v2.1/servers/123ba9a9-3187-4908-b3ae-b95c659b3c1f 0.095s[00m
2022-01-04 15:43:37.340 2558185 INFO tempest.lib.common.rest_client [req-dcbeee9f-f04e-4789-b031-2b24342fd56e ] Request (AttachInterfacesUnderV243Test:test_add_remove_fixed_ip): 200 GET http://10.13.3.196:8774/v2.1/servers/93dde97d-2d31-4bd2-927c-503524655640 0.097s[00m
2022-01-04 15:43:37.607 2558189 INFO tempest.lib.common.rest_client [req-13262358-4911-4fb9-805b-c37662061f8c ] Request (ServerActionsTestJSON:setUpClass): 200 GET http://10.13.3.196:8774/v2.1/servers/123ba9a9-3187-4908-b3ae-b95c659b3c1f 0.118s[00m
2022-01-04 15:43:38.445 2558185 INFO tempest.lib.common.rest_client [req-d490b757-5c64-4b80-9115-79daa2ba7d47 ] Request (AttachInterfacesUnderV243Test:test_add_remove_fixed_ip): 200 GET http://10.13.3.196:8774/v2.1/servers/93dde97d-2d31-4bd2-927c-503524655640 0.096s[00m
2022-01-04 15:43:38.706 2558189 INFO tempest.lib.common.rest_client [req-c17430a2-0c4e-4ffd-85bd-21e231c9665d ] Request (ServerActionsTestJSON:setUpClass): 200 GET http://10.13.3.196:8774/v2.1/servers/123ba9a9-3187-4908-b3ae-b95c659b3c1f 0.089s[00m
2022-01-04 15:43:39.539 2558185 INFO tempest.lib.common.rest_client [req-2de13aa9-a4f9-4379-b9f6-116b61b01315 ] Request (AttachInterfacesUnderV243Test:test_add_remove_fixed_ip): 200 GET http://10.13.3.196:8774/v2.1/servers/93dde97d-2d31-4bd2-927c-503524655640 0.086s[00m
2022-01-04 15:43:39.813 2558189 INFO tempest.lib.common.rest_client [req-35e08bb5-8243-4a65-ac40-161989189613 ] Request (ServerActionsTestJSON:setUpClass): 200 GET http://10.13.3.196:8774/v2.1/servers/123ba9a9-3187-4908-b3ae-b95c659b3c1f 0.096s[00m
2022-01-04 15:43:40.636 2558185 INFO tempest.lib.common.rest_client [req-bef18187-4ce9-45a1-b43b-3810994affda ] Request (AttachInterfacesUnderV243Test:test_add_remove_fixed_ip): 200 GET http://10.13.3.196:8774/v2.1/servers/93dde97d-2d31-4bd2-927c-503524655640 0.084s[00m
2022-01-04 15:43:40.917 2558189 INFO tempest.lib.common.rest_client [req-039bfcd3-b7c7-410f-b59b-dd01875993b1 ] Request (ServerActionsTestJSON:setUpClass): 200 GET http://10.13.3.196:8774/v2.1/servers/123ba9a9-3187-4908-b3ae-b95c659b3c1f 0.094s[00m
2022-01-04 15:43:41.749 2558185 INFO tempest.lib.common.rest_client [req-89305a05-4f0d-4df2-aefe-4200f83faa0e ] Request (AttachInterfacesUnderV243Test:test_add_remove_fixed_ip): 200 GET http://10.13.3.196:8774/v2.1/servers/93dde97d-2d31-4bd2-927c-503524655640 0.097s[00m
2022-01-04 15:43:42.029 2558189 INFO tempest.lib.common.rest_client [req-8d0bee49-a665-417e-8623-5f113d5362c4 ] Request (ServerActionsTestJSON:setUpClass): 200 GET http://10.13.3.196:8774/v2.1/servers/123ba9a9-3187-4908-b3ae-b95c659b3c1f 0.102s[00m
2022-01-04 15:43:42.854 2558185 INFO tempest.lib.common.rest_client [req-19cff3aa-1451-4af3-affa-9481ef76bd89 ] Request (AttachInterfacesUnderV243Test:test_add_remove_fixed_ip): 200 GET http://10.13.3.196:8774/v2.1/servers/93dde97d-2d31-4bd2-927c-503524655640 0.091s[00m
2022-01-04 15:43:43.138 2558189 INFO tempest.lib.common.rest_client [req-331f295b-4ef3-4338-a5a2-f1422e363904 ] Request (ServerActionsTestJSON:setUpClass): 200 GET http://10.13.3.196:8774/v2.1/servers/123ba9a9-3187-4908-b3ae-b95c659b3c1f 0.098s[00m
2022-01-04 15:43:43.965 2558185 INFO tempest.lib.common.rest_client [req-37833220-2790-405c-992a-d88ecc5a9257 ] Request (AttachInterfacesUnderV243Test:test_add_remove_fixed_ip): 200 GET http://10.13.3.196:8774/v2.1/servers/93dde97d-2d31-4bd2-927c-503524655640 0.095s[00m
2022-01-04 15:43:44.244 2558189 INFO tempest.lib.common.rest_client [req-11d7b389-c37d-44ef-905b-4be95bf544f6 ] Request (ServerActionsTestJSON:setUpClass): 200 GET http://10.13.3.196:8774/v2.1/servers/123ba9a9-3187-4908-b3ae-b95c659b3c1f 0.097s[00m
2022-01-04 15:43:45.071 2558185 INFO tempest.lib.common.rest_client [req-7779fc87-b19f-4e90-9511-76e0ff30b29a ] Request (AttachInterfacesUnderV243Test:test_add_remove_fixed_ip): 200 GET http://10.13.3.196:8774/v2.1/servers/93dde97d-2d31-4bd2-927c-503524655640 0.097s[00m
2022-01-04 15:43:45.350 2558189 INFO tempest.lib.common.rest_client [req-b79551b2-de28-4488-a35a-ed27d796f9e5 ] Request (ServerActionsTestJSON:setUpClass): 200 GET http://10.13.3.196:8774/v2.1/servers/123ba9a9-3187-4908-b3ae-b95c659b3c1f 0.097s[00m
2022-01-04 15:43:46.177 2558185 INFO tempest.lib.common.rest_client [req-8fade4fd-ba81-4f0c-9da4-a587cf570a4e ] Request (AttachInterfacesUnderV243Test:test_add_remove_fixed_ip): 200 GET http://10.13.3.196:8774/v2.1/servers/93dde97d-2d31-4bd2-927c-503524655640 0.094s[00m
2022-01-04 15:43:46.471 2558189 INFO tempest.lib.common.rest_client [req-bc360980-4dc3-4fca-932f-06a18f9a733e ] Request (ServerActionsTestJSON:setUpClass): 200 GET http://10.13.3.196:8774/v2.1/servers/123ba9a9-3187-4908-b3ae-b95c659b3c1f 0.109s[00m
2022-01-04 15:43:47.279 2558185 INFO tempest.lib.common.rest_client [req-20461795-60cd-41d5-be40-43cbea549aee ] Request (AttachInterfacesUnderV243Test:test_add_remove_fixed_ip): 200 GET http://10.13.3.196:8774/v2.1/servers/93dde97d-2d31-4bd2-927c-503524655640 0.093s[00m
2022-01-04 15:43:47.581 2558189 INFO tempest.lib.common.rest_client [req-9f073d16-8026-4558-8614-8198dba20dff ] Request (ServerActionsTestJSON:setUpClass): 200 GET http://10.13.3.196:8774/v2.1/servers/123ba9a9-3187-4908-b3ae-b95c659b3c1f 0.100s[00m
2022-01-04 15:43:48.410 2558185 INFO tempest.lib.common.rest_client [req-6763e8a2-19ae-44dd-b37d-a2835412d2fa ] Request (AttachInterfacesUnderV243Test:test_add_remove_fixed_ip): 200 GET http://10.13.3.196:8774/v2.1/servers/93dde97d-2d31-4bd2-927c-503524655640 0.116s[00m
2022-01-04 15:43:48.677 2558189 INFO tempest.lib.common.rest_client [req-de1cd28f-1866-4e53-b205-5f9cc37e0b8c ] Request (ServerActionsTestJSON:setUpClass): 200 GET http://10.13.3.196:8774/v2.1/servers/123ba9a9-3187-4908-b3ae-b95c659b3c1f 0.085s[00m
2022-01-04 15:43:49.525 2558185 INFO tempest.lib.common.rest_client [req-b5b4eed5-9872-4931-95bd-34054d7b2017 ] Request (AttachInterfacesUnderV243Test:test_add_remove_fixed_ip): 200 GET http://10.13.3.196:8774/v2.1/servers/93dde97d-2d31-4bd2-927c-503524655640 0.103s[00m
2022-01-04 15:43:49.533 2558185 INFO tempest.common.waiters [-] State transition "BUILD/spawning" ==> "ACTIVE/None" after 54 second wait[00m
2022-01-04 15:43:49.624 2558185 INFO tempest.lib.common.rest_client [req-54fd22fc-d646-47bf-a6b4-f1a447036a1d ] Request (AttachInterfacesUnderV243Test:test_add_remove_fixed_ip): 200 GET http://10.13.3.196:8774/v2.1/servers/93dde97d-2d31-4bd2-927c-503524655640/os-interface 0.090s[00m
2022-01-04 15:43:49.791 2558189 INFO tempest.lib.common.rest_client [req-44d49bfc-d5de-4925-8650-7042222726fa ] Request (ServerActionsTestJSON:setUpClass): 200 GET http://10.13.3.196:8774/v2.1/servers/123ba9a9-3187-4908-b3ae-b95c659b3c1f 0.104s[00m
2022-01-04 15:43:50.369 2558185 INFO tempest.lib.common.rest_client [req-a95c2916-937f-4799-925f-9ee72eec0794 ] Request (AttachInterfacesUnderV243Test:test_add_remove_fixed_ip): 200 PUT http://10.13.3.251:9696/v2.0/floatingips/5875c232-448e-460f-9ac9-1c90d196b17f 0.742s[00m
2022-01-04 15:43:50.473 2558185 INFO tempest.lib.common.rest_client [req-3cfc0599-9fd8-4ef7-8fa0-6c04d181ca85 ] Request (AttachInterfacesUnderV243Test:test_add_remove_fixed_ip): 200 GET http://10.13.3.196:8774/v2.1/servers/93dde97d-2d31-4bd2-927c-503524655640 0.102s[00m
2022-01-04 15:43:50.506 2558185 INFO tempest.lib.common.ssh [-] Creating ssh connection to '10.13.3.139:22' as 'ubuntu' with public key authentication[00m
2022-01-04 15:43:50.922 2558189 INFO tempest.lib.common.rest_client [req-3a9ad738-01fa-408d-8b00-067165482a91 ] Request (ServerActionsTestJSON:setUpClass): 200 GET http://10.13.3.196:8774/v2.1/servers/123ba9a9-3187-4908-b3ae-b95c659b3c1f 0.119s[00m
2022-01-04 15:43:52.028 2558189 INFO tempest.lib.common.rest_client [req-3674ae32-d908-47b7-942e-6b65f1a67baf ] Request (ServerActionsTestJSON:setUpClass): 200 GET http://10.13.3.196:8774/v2.1/servers/123ba9a9-3187-4908-b3ae-b95c659b3c1f 0.098s[00m
2022-01-04 15:43:53.131 2558189 INFO tempest.lib.common.rest_client [req-584d39cd-8070-4740-9207-acf8f7aab04e ] Request (ServerActionsTestJSON:setUpClass): 200 GET http://10.13.3.196:8774/v2.1/servers/123ba9a9-3187-4908-b3ae-b95c659b3c1f 0.094s[00m
2022-01-04 15:43:54.233 2558189 INFO tempest.lib.common.rest_client [req-de76e8b7-b21d-47db-99de-914b7b577654 ] Request (ServerActionsTestJSON:setUpClass): 200 GET http://10.13.3.196:8774/v2.1/servers/123ba9a9-3187-4908-b3ae-b95c659b3c1f 0.093s[00m
2022-01-04 15:43:54.443 2558185 WARNING tempest.lib.common.ssh [-] Failed to establish authenticated ssh connection to ubuntu@10.13.3.139 ([Errno None] Unable to connect to port 22 on 10.13.3.139). Number attempts: 1. Retry after 2 seconds.: paramiko.ssh_exception.NoValidConnectionsError: [Errno None] Unable to connect to port 22 on 10.13.3.139[00m
2022-01-04 15:43:55.348 2558189 INFO tempest.lib.common.rest_client [req-1be48c9b-62e4-498b-aacc-e216f45648e3 ] Request (ServerActionsTestJSON:setUpClass): 200 GET http://10.13.3.196:8774/v2.1/servers/123ba9a9-3187-4908-b3ae-b95c659b3c1f 0.106s[00m
2022-01-04 15:43:56.446 2558189 INFO tempest.lib.common.rest_client [req-9effb173-ae3a-46bb-baca-c5a422714aca ] Request (ServerActionsTestJSON:setUpClass): 200 GET http://10.13.3.196:8774/v2.1/servers/123ba9a9-3187-4908-b3ae-b95c659b3c1f 0.089s[00m
2022-01-04 15:43:56.950 2558185 WARNING tempest.lib.common.ssh [-] Failed to establish authenticated ssh connection to ubuntu@10.13.3.139 ([Errno None] Unable to connect to port 22 on 10.13.3.139). Number attempts: 2. Retry after 3 seconds.: paramiko.ssh_exception.NoValidConnectionsError: [Errno None] Unable to connect to port 22 on 10.13.3.139[00m
2022-01-04 15:43:57.551 2558189 INFO tempest.lib.common.rest_client [req-9ab1cdd2-2d9b-439b-9dc8-8dcf660730ce ] Request (ServerActionsTestJSON:setUpClass): 200 GET http://10.13.3.196:8774/v2.1/servers/123ba9a9-3187-4908-b3ae-b95c659b3c1f 0.093s[00m
2022-01-04 15:43:58.647 2558189 INFO tempest.lib.common.rest_client [req-455dd09d-72c9-48f9-abb3-55b6ba99256b ] Request (ServerActionsTestJSON:setUpClass): 200 GET http://10.13.3.196:8774/v2.1/servers/123ba9a9-3187-4908-b3ae-b95c659b3c1f 0.084s[00m
2022-01-04 15:43:59.746 2558189 INFO tempest.lib.common.rest_client [req-3ff7553a-c58d-4b30-877e-2e9912851213 ] Request (ServerActionsTestJSON:setUpClass): 200 GET http://10.13.3.196:8774/v2.1/servers/123ba9a9-3187-4908-b3ae-b95c659b3c1f 0.089s[00m
2022-01-04 15:44:00.457 2558185 WARNING tempest.lib.common.ssh [-] Failed to establish authenticated ssh connection to ubuntu@10.13.3.139 ([Errno None] Unable to connect to port 22 on 10.13.3.139). Number attempts: 3. Retry after 4 seconds.: paramiko.ssh_exception.NoValidConnectionsError: [Errno None] Unable to connect to port 22 on 10.13.3.139[00m
2022-01-04 15:44:00.853 2558189 INFO tempest.lib.common.rest_client [req-ab908802-92ee-490e-93bd-b2e4a2645669 ] Request (ServerActionsTestJSON:setUpClass): 200 GET http://10.13.3.196:8774/v2.1/servers/123ba9a9-3187-4908-b3ae-b95c659b3c1f 0.098s[00m
2022-01-04 15:44:01.983 2558189 INFO tempest.lib.common.rest_client [req-fc11796d-ba67-4545-9bdb-68b6d94b1bb9 ] Request (ServerActionsTestJSON:setUpClass): 200 GET http://10.13.3.196:8774/v2.1/servers/123ba9a9-3187-4908-b3ae-b95c659b3c1f 0.116s[00m
2022-01-04 15:44:03.090 2558189 INFO tempest.lib.common.rest_client [req-c69c8b50-e35f-40a5-8d83-e746adedb3e0 ] Request (ServerActionsTestJSON:setUpClass): 200 GET http://10.13.3.196:8774/v2.1/servers/123ba9a9-3187-4908-b3ae-b95c659b3c1f 0.098s[00m
2022-01-04 15:44:04.324 2558189 INFO tempest.lib.common.rest_client [req-78dd1fd4-6a66-4878-beb6-50aa8aabdfe1 ] Request (ServerActionsTestJSON:setUpClass): 200 GET http://10.13.3.196:8774/v2.1/servers/123ba9a9-3187-4908-b3ae-b95c659b3c1f 0.221s[00m
2022-01-04 15:44:05.025 2558185 INFO paramiko.transport [-] Connected (version 2.0, client OpenSSH_7.2p2)[00m
2022-01-04 15:44:05.119 2558185 INFO paramiko.transport [-] Authentication (publickey) successful![00m
2022-01-04 15:44:05.122 2558185 INFO tempest.lib.common.ssh [-] ssh connection to ubuntu@10.13.3.139 successfully created[00m
2022-01-04 15:44:05.188 2558185 INFO tempest.lib.common.rest_client [req-6224ab22-39b3-4a7e-a762-aaa5c7d7d9da ] Request (AttachInterfacesUnderV243Test:test_add_remove_fixed_ip): 200 GET http://10.13.3.196:8774/v2.1/servers/93dde97d-2d31-4bd2-927c-503524655640/os-interface 0.066s[00m
2022-01-04 15:44:05.245 2558185 INFO tempest.lib.common.rest_client [req-6e95a1ee-1734-4a4d-a4d2-c6ff410657df ] Request (AttachInterfacesUnderV243Test:test_add_remove_fixed_ip): 200 GET http://10.13.3.196:8774/v2.1/servers/93dde97d-2d31-4bd2-927c-503524655640/os-interface/ebea3f3c-f9b4-4353-8b9e-8281a71c9e34 0.054s[00m
2022-01-04 15:44:05.275 2558185 INFO tempest.lib.common.rest_client [req-1c1bcf49-7797-45cf-86f3-79c6a1a3dc90 ] Request (AttachInterfacesUnderV243Test:test_add_remove_fixed_ip): 200 GET http://10.13.3.196:8774/v2.1/servers/93dde97d-2d31-4bd2-927c-503524655640/ips 0.025s[00m
2022-01-04 15:44:05.303 2558185 INFO tempest.lib.common.rest_client [req-1b8b389a-f8c7-4781-a071-bd9ecdff287c ] Request (AttachInterfacesUnderV243Test:test_add_remove_fixed_ip): 202 POST http://10.13.3.196:8774/v2.1/servers/93dde97d-2d31-4bd2-927c-503524655640/action 0.026s[00m
2022-01-04 15:44:05.331 2558185 INFO tempest.lib.common.rest_client [req-268ba442-96af-4737-9061-e62b944f8efd ] Request (AttachInterfacesUnderV243Test:test_add_remove_fixed_ip): 200 GET http://10.13.3.196:8774/v2.1/servers/93dde97d-2d31-4bd2-927c-503524655640/ips 0.027s[00m
2022-01-04 15:44:05.460 2558189 INFO tempest.lib.common.rest_client [req-678bd6c7-f05b-4760-bb5d-ecccc179eee7 ] Request (ServerActionsTestJSON:setUpClass): 200 GET http://10.13.3.196:8774/v2.1/servers/123ba9a9-3187-4908-b3ae-b95c659b3c1f 0.127s[00m
2022-01-04 15:44:06.402 2558185 INFO tempest.lib.common.rest_client [req-588295fe-fcea-4241-ba5b-4598cfdb7dfd ] Request (AttachInterfacesUnderV243Test:test_add_remove_fixed_ip): 200 GET http://10.13.3.196:8774/v2.1/servers/93dde97d-2d31-4bd2-927c-503524655640/ips 0.067s[00m
