2021-11-02 13:37:50.732 1234432 INFO tempest.common.waiters [-] State transition "BUILD/spawning" ==> "ACTIVE/None" after 75 second wait[00m
2021-11-02 13:37:50.811 1234432 INFO tempest.lib.common.rest_client [req-29ff8712-3e08-4b51-871c-cbd32c47893b ] Request (AttachInterfacesUnderV243Test:test_add_remove_fixed_ip): 200 GET http://10.13.3.234:8774/v2.1/servers/be77ce4b-4b80-431f-8829-64da78b8a6fe/os-interface 0.077s[00m
2021-11-02 13:37:51.575 1234432 INFO tempest.lib.common.rest_client [req-ff6161ed-2691-4101-a293-f36f3940e447 ] Request (AttachInterfacesUnderV243Test:test_add_remove_fixed_ip): 200 PUT http://10.13.3.238:9696/v2.0/floatingips/d3c2bcfe-267c-4c2f-be58-98f52603b389 0.761s[00m
2021-11-02 13:37:51.689 1234435 INFO tempest.lib.common.rest_client [req-409e55f1-5414-4f91-b554-2765fd18d299 ] Request (ServersTestJSON:setUpClass): 200 GET http://10.13.3.234:8774/v2.1/servers/d1594820-36f9-4583-b838-0689c1c807bf 0.179s[00m
2021-11-02 13:37:51.696 1234435 INFO tempest.common.waiters [-] State transition "BUILD/scheduling" ==> "BUILD/spawning" after 1 second wait[00m
2021-11-02 13:37:51.740 1234432 INFO tempest.lib.common.rest_client [req-7dec760c-b37e-4d87-9c44-e5071b155ef6 ] Request (AttachInterfacesUnderV243Test:test_add_remove_fixed_ip): 200 GET http://10.13.3.234:8774/v2.1/servers/be77ce4b-4b80-431f-8829-64da78b8a6fe 0.164s[00m
2021-11-02 13:37:51.759 1234432 INFO tempest.lib.common.ssh [-] Creating ssh connection to '10.13.3.175:22' as 'ubuntu' with public key authentication[00m
2021-11-02 13:37:52.803 1234435 INFO tempest.lib.common.rest_client [req-ece13bf8-6bf4-4410-9430-a776851c3421 ] Request (ServersTestJSON:setUpClass): 200 GET http://10.13.3.234:8774/v2.1/servers/d1594820-36f9-4583-b838-0689c1c807bf 0.105s[00m
2021-11-02 13:37:53.919 1234435 INFO tempest.lib.common.rest_client [req-0e638c1f-a673-41f0-8bb1-4778ff993587 ] Request (ServersTestJSON:setUpClass): 200 GET http://10.13.3.234:8774/v2.1/servers/d1594820-36f9-4583-b838-0689c1c807bf 0.106s[00m
2021-11-02 13:37:54.692 1234432 WARNING tempest.lib.common.ssh [-] Failed to establish authenticated ssh connection to ubuntu@10.13.3.175 ([Errno None] Unable to connect to port 22 on 10.13.3.175). Number attempts: 1. Retry after 2 seconds.: paramiko.ssh_exception.NoValidConnectionsError: [Errno None] Unable to connect to port 22 on 10.13.3.175[00m
2021-11-02 13:37:55.027 1234435 INFO tempest.lib.common.rest_client [req-eb91fe12-99bb-4391-9895-cb218f4fbb6b ] Request (ServersTestJSON:setUpClass): 200 GET http://10.13.3.234:8774/v2.1/servers/d1594820-36f9-4583-b838-0689c1c807bf 0.099s[00m
2021-11-02 13:37:56.143 1234435 INFO tempest.lib.common.rest_client [req-03178490-a300-4ecd-8f40-a98eb329c651 ] Request (ServersTestJSON:setUpClass): 200 GET http://10.13.3.234:8774/v2.1/servers/d1594820-36f9-4583-b838-0689c1c807bf 0.104s[00m
2021-11-02 13:37:57.199 1234432 WARNING tempest.lib.common.ssh [-] Failed to establish authenticated ssh connection to ubuntu@10.13.3.175 ([Errno None] Unable to connect to port 22 on 10.13.3.175). Number attempts: 2. Retry after 3 seconds.: paramiko.ssh_exception.NoValidConnectionsError: [Errno None] Unable to connect to port 22 on 10.13.3.175[00m
2021-11-02 13:37:57.257 1234435 INFO tempest.lib.common.rest_client [req-85077c4d-30de-4137-86d8-6e3ce3f4d04e ] Request (ServersTestJSON:setUpClass): 200 GET http://10.13.3.234:8774/v2.1/servers/d1594820-36f9-4583-b838-0689c1c807bf 0.104s[00m
2021-11-02 13:37:58.369 1234435 INFO tempest.lib.common.rest_client [req-108a0713-279e-4ddc-ad7b-9fa06d1a40d2 ] Request (ServersTestJSON:setUpClass): 200 GET http://10.13.3.234:8774/v2.1/servers/d1594820-36f9-4583-b838-0689c1c807bf 0.103s[00m
2021-11-02 13:37:59.482 1234435 INFO tempest.lib.common.rest_client [req-6b23c3a7-a409-413d-830d-13d232b85c41 ] Request (ServersTestJSON:setUpClass): 200 GET http://10.13.3.234:8774/v2.1/servers/d1594820-36f9-4583-b838-0689c1c807bf 0.100s[00m
2021-11-02 13:38:00.591 1234435 INFO tempest.lib.common.rest_client [req-94b89626-0b7d-4392-b294-d39df0fba4f9 ] Request (ServersTestJSON:setUpClass): 200 GET http://10.13.3.234:8774/v2.1/servers/d1594820-36f9-4583-b838-0689c1c807bf 0.099s[00m
2021-11-02 13:38:00.707 1234432 WARNING tempest.lib.common.ssh [-] Failed to establish authenticated ssh connection to ubuntu@10.13.3.175 ([Errno None] Unable to connect to port 22 on 10.13.3.175). Number attempts: 3. Retry after 4 seconds.: paramiko.ssh_exception.NoValidConnectionsError: [Errno None] Unable to connect to port 22 on 10.13.3.175[00m
2021-11-02 13:38:01.704 1234435 INFO tempest.lib.common.rest_client [req-319dc892-3fb0-4fba-98d5-413998b7446a ] Request (ServersTestJSON:setUpClass): 200 GET http://10.13.3.234:8774/v2.1/servers/d1594820-36f9-4583-b838-0689c1c807bf 0.103s[00m
2021-11-02 13:38:02.827 1234435 INFO tempest.lib.common.rest_client [req-648a6c3f-3b92-4674-a8eb-31a2094fd822 ] Request (ServersTestJSON:setUpClass): 200 GET http://10.13.3.234:8774/v2.1/servers/d1594820-36f9-4583-b838-0689c1c807bf 0.114s[00m
2021-11-02 13:38:03.982 1234435 INFO tempest.lib.common.rest_client [req-6e52365e-2c18-4f9a-8617-760988fb2628 ] Request (ServersTestJSON:setUpClass): 200 GET http://10.13.3.234:8774/v2.1/servers/d1594820-36f9-4583-b838-0689c1c807bf 0.144s[00m
2021-11-02 13:38:05.102 1234435 INFO tempest.lib.common.rest_client [req-39ac95a2-fae5-4c01-b366-7760abb460a5 ] Request (ServersTestJSON:setUpClass): 200 GET http://10.13.3.234:8774/v2.1/servers/d1594820-36f9-4583-b838-0689c1c807bf 0.107s[00m
2021-11-02 13:38:05.237 1234432 INFO paramiko.transport [-] Connected (version 2.0, client OpenSSH_7.2p2)[00m
2021-11-02 13:38:05.355 1234432 INFO paramiko.transport [-] Authentication (publickey) successful![00m
2021-11-02 13:38:05.356 1234432 INFO tempest.lib.common.ssh [-] ssh connection to ubuntu@10.13.3.175 successfully created[00m
2021-11-02 13:38:05.439 1234432 INFO tempest.lib.common.rest_client [req-13ebad13-a8d7-45ca-8b50-b59e2b57605d ] Request (AttachInterfacesUnderV243Test:test_add_remove_fixed_ip): 200 GET http://10.13.3.234:8774/v2.1/servers/be77ce4b-4b80-431f-8829-64da78b8a6fe/os-interface 0.082s[00m
2021-11-02 13:38:05.513 1234432 INFO tempest.lib.common.rest_client [req-9afa82ed-cca0-4b3f-be97-873887e6170c ] Request (AttachInterfacesUnderV243Test:test_add_remove_fixed_ip): 200 GET http://10.13.3.234:8774/v2.1/servers/be77ce4b-4b80-431f-8829-64da78b8a6fe/os-interface/371939c7-782c-4edc-9f2b-2522910aa3a2 0.065s[00m
2021-11-02 13:38:05.555 1234432 INFO tempest.lib.common.rest_client [req-d9c4d452-0cc4-4faf-abea-9489eded2eb7 ] Request (AttachInterfacesUnderV243Test:test_add_remove_fixed_ip): 200 GET http://10.13.3.234:8774/v2.1/servers/be77ce4b-4b80-431f-8829-64da78b8a6fe/ips 0.038s[00m
2021-11-02 13:38:05.599 1234432 INFO tempest.lib.common.rest_client [req-b9dfb6a7-2537-422d-bcd8-6f65599ddb0f ] Request (AttachInterfacesUnderV243Test:test_add_remove_fixed_ip): 202 POST http://10.13.3.234:8774/v2.1/servers/be77ce4b-4b80-431f-8829-64da78b8a6fe/action 0.042s[00m
2021-11-02 13:38:05.639 1234432 INFO tempest.lib.common.rest_client [req-e5e4d868-de55-4748-baf9-025a55875ad0 ] Request (AttachInterfacesUnderV243Test:test_add_remove_fixed_ip): 200 GET http://10.13.3.234:8774/v2.1/servers/be77ce4b-4b80-431f-8829-64da78b8a6fe/ips 0.039s[00m
2021-11-02 13:38:06.206 1234435 INFO tempest.lib.common.rest_client [req-e034a71f-bebd-44ab-b016-50f82685403d ] Request (ServersTestJSON:setUpClass): 200 GET http://10.13.3.234:8774/v2.1/servers/d1594820-36f9-4583-b838-0689c1c807bf 0.096s[00m
2021-11-02 13:38:06.687 1234432 INFO tempest.lib.common.rest_client [req-4532778d-d1e3-4379-add2-58dad614bca1 ] Request (AttachInterfacesUnderV243Test:test_add_remove_fixed_ip): 200 GET http://10.13.3.234:8774/v2.1/servers/be77ce4b-4b80-431f-8829-64da78b8a6fe/ips 0.043s[00m
2021-11-02 13:38:06.787 1234432 INFO tempest.lib.common.rest_client [req-c12492af-bdda-4398-9354-90f888e33927 ] Request (AttachInterfacesUnderV243Test:test_add_remove_fixed_ip): 200 GET http://10.13.3.234:8774/v2.1/servers/be77ce4b-4b80-431f-8829-64da78b8a6fe 0.097s[00m
2021-11-02 13:38:06.845 1234432 INFO tempest.lib.common.rest_client [req-cd6b2b89-1c24-418e-9d49-34b90d44a15f ] Request (AttachInterfacesUnderV243Test:test_add_remove_fixed_ip): 202 POST http://10.13.3.234:8774/v2.1/servers/be77ce4b-4b80-431f-8829-64da78b8a6fe/action 0.049s[00m
2021-11-02 13:38:06.892 1234432 INFO tempest.lib.common.rest_client [req-4b5f9aa5-b27a-4f62-a893-198ba6c8b28a ] Request (AttachInterfacesUnderV243Test:test_add_remove_fixed_ip): 200 GET http://10.13.3.234:8774/v2.1/servers/be77ce4b-4b80-431f-8829-64da78b8a6fe/ips 0.047s[00m
2021-11-02 13:38:07.327 1234435 INFO tempest.lib.common.rest_client [req-f35a0755-5da8-4e6b-872b-6256e6cc9f2d ] Request (ServersTestJSON:setUpClass): 200 GET http://10.13.3.234:8774/v2.1/servers/d1594820-36f9-4583-b838-0689c1c807bf 0.109s[00m
2021-11-02 13:38:07.940 1234432 INFO tempest.lib.common.rest_client [req-be159f8d-ab73-451e-8627-88b34d7b567f ] Request (AttachInterfacesUnderV243Test:test_add_remove_fixed_ip): 200 GET http://10.13.3.234:8774/v2.1/servers/be77ce4b-4b80-431f-8829-64da78b8a6fe/ips 0.043s[00m
2021-11-02 13:38:08.053 1234432 INFO tempest.lib.common.rest_client [req-55c3d9ab-c8ea-42a5-93ff-918da22b7163 ] Request (AttachInterfacesUnderV243Test:_run_cleanups): 204 DELETE http://10.13.3.234:8774/v2.1/servers/be77ce4b-4b80-431f-8829-64da78b8a6fe 0.109s[00m
2021-11-02 13:38:08.173 1234432 INFO tempest.lib.common.rest_client [req-b30acc12-33bc-4d34-af21-efbb842929e1 ] Request (AttachInterfacesUnderV243Test:_run_cleanups): 200 GET http://10.13.3.234:8774/v2.1/servers/be77ce4b-4b80-431f-8829-64da78b8a6fe 0.119s[00m
2021-11-02 13:38:08.453 1234435 INFO tempest.lib.common.rest_client [req-d07a2358-2d54-4f44-8644-b66345cc2ddd ] Request (ServersTestJSON:setUpClass): 200 GET http://10.13.3.234:8774/v2.1/servers/d1594820-36f9-4583-b838-0689c1c807bf 0.116s[00m
2021-11-02 13:38:09.287 1234432 INFO tempest.lib.common.rest_client [req-d7f3bb96-fb90-40aa-85fc-c8252ecbe590 ] Request (AttachInterfacesUnderV243Test:_run_cleanups): 200 GET http://10.13.3.234:8774/v2.1/servers/be77ce4b-4b80-431f-8829-64da78b8a6fe 0.103s[00m
2021-11-02 13:38:09.573 1234435 INFO tempest.lib.common.rest_client [req-04a1b698-83de-4753-babb-d5e398328a07 ] Request (ServersTestJSON:setUpClass): 200 GET http://10.13.3.234:8774/v2.1/servers/d1594820-36f9-4583-b838-0689c1c807bf 0.108s[00m
2021-11-02 13:38:10.339 1234432 INFO tempest.lib.common.rest_client [req-ce2a8245-a901-4e16-b847-0b7f8e955d30 ] Request (AttachInterfacesUnderV243Test:_run_cleanups): 404 GET http://10.13.3.234:8774/v2.1/servers/be77ce4b-4b80-431f-8829-64da78b8a6fe 0.043s[00m
2021-11-02 13:38:10.360 1234432 INFO tempest.lib.common.rest_client [req-d5d0f231-1d8d-49bd-858d-03f73937c4cf ] Request (AttachInterfacesUnderV243Test:_run_cleanups): 202 DELETE http://10.13.3.234:8774/v2.1/os-keypairs/tempest-keypair-1749837851 0.021s[00m
2021-11-02 13:38:10.443 1234432 INFO tempest.lib.common.rest_client [req-ae219cee-f845-40b6-84c4-55fea55c4dd7 ] Request (AttachInterfacesUnderV243Test:_run_cleanups): 204 DELETE http://10.13.3.238:9696/v2.0/security-groups/b5120f2e-c9a9-4952-906c-fae5c9ae1960 0.082s[00m
2021-11-02 13:38:10.456 1234432 INFO tempest.lib.common.rest_client [req-dc99d810-d9d1-47a6-a599-0e3eb76b9b83 ] Request (AttachInterfacesUnderV243Test:_run_cleanups): 404 GET http://10.13.3.238:9696/v2.0/security-groups/b5120f2e-c9a9-4952-906c-fae5c9ae1960 0.012s[00m
2021-11-02 13:38:10.775 1234432 INFO tempest.lib.common.rest_client [req-b595f1f7-bc96-4d05-9af2-51b8aa78adeb ] Request (AttachInterfacesUnderV243Test:_run_cleanups): 204 DELETE http://10.13.3.238:9696/v2.0/floatingips/d3c2bcfe-267c-4c2f-be58-98f52603b389 0.319s[00m
{0} tempest.api.compute.servers.test_attach_interfaces.AttachInterfacesUnderV243Test.test_add_remove_fixed_ip [97.216743s] ... ok
2021-11-02 13:38:10.792 1234435 INFO tempest.lib.common.rest_client [req-d6d94645-9b4d-4083-bdd4-611f60f930d9 ] Request (ServersTestJSON:setUpClass): 200 GET http://10.13.3.234:8774/v2.1/servers/d1594820-36f9-4583-b838-0689c1c807bf 0.207s[00m
2021-11-02 13:38:10.820 1234432 INFO tempest.lib.common.rest_client [req-4fd348d0-0142-4bc8-8e2f-832a8481ba33 ] Request (AttachInterfacesUnderV243Test:tearDownClass): 404 DELETE http://10.13.3.234:8774/v2.1/servers/be77ce4b-4b80-431f-8829-64da78b8a6fe 0.041s[00m
2021-11-02 13:38:10.862 1234432 INFO tempest.lib.common.rest_client [req-5f61eafb-2174-4f89-a389-f177e1f6c03b ] Request (AttachInterfacesUnderV243Test:tearDownClass): 404 GET http://10.13.3.234:8774/v2.1/servers/be77ce4b-4b80-431f-8829-64da78b8a6fe 0.041s[00m
2021-11-02 13:38:11.702 1234432 INFO tempest.lib.common.rest_client [req-2a1e030b-c3b4-4776-b4fb-d13d6b03dd69 ] Request (AttachInterfacesUnderV243Test:tearDownClass): 200 PUT http://10.13.3.238:9696/v2.0/routers/5efe10ed-3e57-4791-a438-f200968438f5/remove_router_interface 0.839s[00m
2021-11-02 13:38:11.947 1234435 INFO tempest.lib.common.rest_client [req-a4919afc-a039-4a12-94a0-165e3bbe0318 ] Request (ServersTestJSON:setUpClass): 200 GET http://10.13.3.234:8774/v2.1/servers/d1594820-36f9-4583-b838-0689c1c807bf 0.143s[00m
2021-11-02 13:38:12.222 1234432 INFO tempest.lib.common.rest_client [req-5a8b7517-6e99-4dcc-b93d-d9ee52853c53 ] Request (AttachInterfacesUnderV243Test:tearDownClass): 204 DELETE http://10.13.3.238:9696/v2.0/routers/5efe10ed-3e57-4791-a438-f200968438f5 0.519s[00m
2021-11-02 13:38:12.362 1234432 INFO tempest.lib.common.rest_client [req-389e18f5-904e-4f4a-9c32-22444411eb13 ] Request (AttachInterfacesUnderV243Test:tearDownClass): 204 DELETE http://10.13.3.238:9696/v2.0/subnets/b16dc25c-71d1-458f-a48d-4a691e9e476c 0.139s[00m
2021-11-02 13:38:12.659 1234432 INFO tempest.lib.common.rest_client [req-557fd5a4-1d69-407c-a6e3-25962f8f0ba7 ] Request (AttachInterfacesUnderV243Test:tearDownClass): 204 DELETE http://10.13.3.238:9696/v2.0/networks/6518a921-e2e4-4c02-be0d-cbc8b0919584 0.296s[00m
2021-11-02 13:38:12.725 1234432 INFO tempest.lib.common.rest_client [req-d5bae42b-7372-47e8-9567-a48160e0e44f ] Request (AttachInterfacesUnderV243Test:tearDownClass): 204 DELETE http://10.13.3.222:35357/v3/users/994ad665aed44d13b3a74edc02379718 0.066s[00m
2021-11-02 13:38:12.751 1234432 INFO tempest.lib.common.rest_client [req-5907f2cb-abf3-4b0b-b9d2-a8a157146c09 ] Request (AttachInterfacesUnderV243Test:tearDownClass): 200 GET http://10.13.3.238:9696/v2.0/security-groups?tenant_id=342b2db52cf94332a0891683eb17c0da&name=default 0.025s[00m
2021-11-02 13:38:12.858 1234432 INFO tempest.lib.common.rest_client [req-cff4e36b-64fb-4198-907f-d9b7144ac20c ] Request (AttachInterfacesUnderV243Test:tearDownClass): 204 DELETE http://10.13.3.238:9696/v2.0/security-groups/1a5ea3f4-347c-4a9a-9e6a-5d2f5fb053a9 0.107s[00m
2021-11-02 13:38:12.968 1234432 INFO tempest.lib.common.rest_client [req-c27a3f07-cdb1-4a0d-a87e-ef1a0fe5aa52 ] Request (AttachInterfacesUnderV243Test:tearDownClass): 204 DELETE http://10.13.3.222:35357/v3/projects/342b2db52cf94332a0891683eb17c0da 0.109s[00m
2021-11-02 13:38:13.065 1234435 INFO tempest.lib.common.rest_client [req-762ec5e7-a035-4147-aaca-95cfdea9daf0 ] Request (ServersTestJSON:setUpClass): 200 GET http://10.13.3.234:8774/v2.1/servers/d1594820-36f9-4583-b838-0689c1c807bf 0.106s[00m
2021-11-02 13:38:13.244 1234432 INFO tempest.lib.common.rest_client [req-c913f480-c1dd-45a2-b1db-a98e1fceca1c ] Request (ServerAddressesTestJSON:setUpClass): 201 POST http://10.13.3.222:5000/v3/auth/tokens 0.274s[00m
2021-11-02 13:38:13.498 1234432 INFO tempest.lib.common.rest_client [req-ffb3895e-ee60-4821-beba-20214b8ab2c1 ] Request (ServerAddressesTestJSON:setUpClass): 201 POST http://10.13.3.222:5000/v3/auth/tokens 0.249s[00m
2021-11-02 13:38:13.533 1234432 INFO tempest.lib.common.rest_client [req-5cbe58c0-c6cf-4eec-b08d-a1fb2aec9a4e ] Request (ServerAddressesTestJSON:setUpClass): 200 GET http://10.13.3.222:35357/v3/domains?name=admin_domain 0.034s[00m
2021-11-02 13:38:13.569 1234432 INFO tempest.lib.common.rest_client [req-573c6d5c-013e-4c57-a650-8e3a8c95710c ] Request (ServerAddressesTestJSON:setUpClass): 201 POST http://10.13.3.222:35357/v3/projects 0.035s[00m
2021-11-02 13:38:13.844 1234432 INFO tempest.lib.common.rest_client [req-f6531b6e-e9c9-4109-9893-361762ab37a7 ] Request (ServerAddressesTestJSON:setUpClass): 201 POST http://10.13.3.222:35357/v3/users 0.274s[00m
2021-11-02 13:38:13.865 1234432 INFO tempest.lib.common.rest_client [req-b7d98c8f-6248-4b11-bfb0-e00ba2a208fc ] Request (ServerAddressesTestJSON:setUpClass): 200 GET http://10.13.3.222:35357/v3/roles 0.020s[00m
2021-11-02 13:38:13.884 1234432 INFO tempest.lib.common.rest_client [req-f5be2431-7904-451d-a267-bcd4597c2eba ] Request (ServerAddressesTestJSON:setUpClass): 200 GET http://10.13.3.222:35357/v3/roles 0.018s[00m
2021-11-02 13:38:13.931 1234432 INFO tempest.lib.common.rest_client [req-d4ba10ae-a5ec-48c2-b7e2-d77ee1684d5e ] Request (ServerAddressesTestJSON:setUpClass): 204 PUT http://10.13.3.222:35357/v3/projects/9b8e6b0f685e42ffa68b787e2bbfd057/users/432018db0a8c4b00bd15788f964f39ca/roles/0ffebd3a3cd54785b379940a7947ce47 0.046s[00m
2021-11-02 13:38:13.931 1234432 INFO tempest.lib.common.dynamic_creds [-] Dynamic test user 432018db0a8c4b00bd15788f964f39ca is created with scope project and roles: ['member'][00m
2021-11-02 13:38:13.932 1234432 INFO tempest.lib.common.dynamic_creds [-] Acquired dynamic creds:
 credentials: Credentials: {'domain_id': '72a0f84e587f4b1a8dc42ce28df145ab', 'domain_name': 'admin_domain', 'username': 'tempest-ServerAddressesTestJSON-359598061-project', 'project_domain_id': '72a0f84e587f4b1a8dc42ce28df145ab', 'project_domain_name': 'admin_domain', 'project_id': '9b8e6b0f685e42ffa68b787e2bbfd057', 'project_name': 'tempest-ServerAddressesTestJSON-359598061', 'tenant_id': '9b8e6b0f685e42ffa68b787e2bbfd057', 'tenant_name': 'tempest-ServerAddressesTestJSON-359598061', 'user_domain_id': '72a0f84e587f4b1a8dc42ce28df145ab', 'user_domain_name': 'admin_domain', 'user_id': '432018db0a8c4b00bd15788f964f39ca', 'system': None}, Network: None, Subnet: None, Router: None[00m
2021-11-02 13:38:14.172 1234435 INFO tempest.lib.common.rest_client [req-38db359e-a7c4-4bc0-899e-31a55fe3d8ae ] Request (ServersTestJSON:setUpClass): 200 GET http://10.13.3.234:8774/v2.1/servers/d1594820-36f9-4583-b838-0689c1c807bf 0.098s[00m
2021-11-02 13:38:14.200 1234432 INFO tempest.lib.common.rest_client [req-6309a16b-6a6d-4da3-b7c2-801bc9859b01 ] Request (ServerAddressesTestJSON:setUpClass): 201 POST http://10.13.3.222:5000/v3/auth/tokens 0.268s[00m
2021-11-02 13:38:14.396 1234432 INFO tempest.lib.common.rest_client [req-72584677-1b66-43c4-b538-d5a3ecd8abdf ] Request (ServerAddressesTestJSON:setUpClass): 201 POST http://10.13.3.238:9696/v2.0/networks 0.195s[00m
2021-11-02 13:38:14.566 1234432 INFO tempest.lib.common.rest_client [req-1b319fa4-eca2-4412-b223-88c0c6e602df ] Request (ServerAddressesTestJSON:setUpClass): 201 POST http://10.13.3.238:9696/v2.0/subnets 0.169s[00m
2021-11-02 13:38:14.567 1234432 INFO tempest.lib.common.dynamic_creds [-] Created isolated network resources for:
 credentials: Credentials: {'domain_id': '72a0f84e587f4b1a8dc42ce28df145ab', 'domain_name': 'admin_domain', 'username': 'tempest-ServerAddressesTestJSON-359598061-project', 'project_domain_id': '72a0f84e587f4b1a8dc42ce28df145ab', 'project_domain_name': 'admin_domain', 'project_id': '9b8e6b0f685e42ffa68b787e2bbfd057', 'project_name': 'tempest-ServerAddressesTestJSON-359598061', 'tenant_id': '9b8e6b0f685e42ffa68b787e2bbfd057', 'tenant_name': 'tempest-ServerAddressesTestJSON-359598061', 'user_domain_id': '72a0f84e587f4b1a8dc42ce28df145ab', 'user_domain_name': 'admin_domain', 'user_id': '432018db0a8c4b00bd15788f964f39ca', 'system': None}, Network: {'id': 'f1e51fd4-6e16-4ffb-b1cb-5faf0f81a3a1', 'name': 'tempest-ServerAddressesTestJSON-33652501-network', 'tenant_id': '9b8e6b0f685e42ffa68b787e2bbfd057', 'admin_state_up': True, 'mtu': 1458, 'status': 'ACTIVE', 'subnets': [], 'shared': False, 'project_id': '9b8e6b0f685e42ffa68b787e2bbfd057', 'router:external': False, 'provider:network_type': 'gre', 'provider:physical_network': None, 'provider:segmentation_id': 297, 'is_default': False, 'availability_zone_hints': [], 'availability_zones': [], 'ipv4_address_scope': None, 'ipv6_address_scope': None, 'description': '', 'l2_adjacency': True, 'tags': [], 'created_at': '2021-11-02T13:38:14Z', 'updated_at': '2021-11-02T13:38:14Z', 'revision_number': 1}, Subnet: {'id': 'd439ddb3-0f29-4de1-87a7-7d265c14515c', 'name': 'tempest-ServerAddressesTestJSON-33652501-subnet', 'tenant_id': '9b8e6b0f685e42ffa68b787e2bbfd057', 'network_id': 'f1e51fd4-6e16-4ffb-b1cb-5faf0f81a3a1', 'ip_version': 4, 'subnetpool_id': None, 'enable_dhcp': False, 'ipv6_ra_mode': None, 'ipv6_address_mode': None, 'gateway_ip': '172.16.0.1', 'cidr': '172.16.0.0/28', 'allocation_pools': [{'start': '172.16.0.2', 'end': '172.16.0.14'}], 'host_routes': [], 'dns_nameservers': [], 'description': '', 'service_types': [], 'segment_id': None, 'tags': [], 'created_at': '2021-11-02T13:38:14Z', 'updated_at': '2021-11-02T13:38:14Z', 'revision_number': 0, 'project_id': '9b8e6b0f685e42ffa68b787e2bbfd057'}, Router: None[00m
2021-11-02 13:38:14.852 1234432 INFO tempest.lib.common.rest_client [req-1c62c0a9-46a6-405a-81b2-30aff9812131 ] Request (ServerAddressesTestJSON:setUpClass): 201 POST http://10.13.3.222:5000/v3/auth/tokens 0.280s[00m
2021-11-02 13:38:15.094 1234432 INFO tempest.lib.common.rest_client [req-0052683d-805a-45bd-998f-aaf8f2169a3b ] Request (ServerAddressesTestJSON:setUpClass): 201 POST http://10.13.3.222:5000/v3/auth/tokens 0.234s[00m
2021-11-02 13:38:15.095 1234432 INFO tempest.lib.common.fixed_network [-] (ServerAddressesTestJSON:setUpClass) Found network {'id': 'f1e51fd4-6e16-4ffb-b1cb-5faf0f81a3a1', 'name': 'tempest-ServerAddressesTestJSON-33652501-network', 'tenant_id': '9b8e6b0f685e42ffa68b787e2bbfd057', 'admin_state_up': True, 'mtu': 1458, 'status': 'ACTIVE', 'subnets': [], 'shared': False, 'project_id': '9b8e6b0f685e42ffa68b787e2bbfd057', 'router:external': False, 'provider:network_type': 'gre', 'provider:physical_network': None, 'provider:segmentation_id': 297, 'is_default': False, 'availability_zone_hints': [], 'availability_zones': [], 'ipv4_address_scope': None, 'ipv6_address_scope': None, 'description': '', 'l2_adjacency': True, 'tags': [], 'created_at': '2021-11-02T13:38:14Z', 'updated_at': '2021-11-02T13:38:14Z', 'revision_number': 1} available for tenant[00m
2021-11-02 13:38:15.290 1234435 INFO tempest.lib.common.rest_client [req-a4ea28fd-b773-4a5c-bcd6-c106b4776b56 ] Request (ServersTestJSON:setUpClass): 200 GET http://10.13.3.234:8774/v2.1/servers/d1594820-36f9-4583-b838-0689c1c807bf 0.106s[00m
2021-11-02 13:38:15.524 1234432 INFO tempest.lib.common.rest_client [req-d9fc2afd-9f64-45b4-9556-9a7c8df13de7 ] Request (ServerAddressesTestJSON:setUpClass): 202 POST http://10.13.3.234:8774/v2.1/servers 0.428s[00m
2021-11-02 13:38:15.575 1234432 INFO tempest.lib.common.rest_client [req-754b8286-ad8f-49b0-a89f-9ed24308a189 ] Request (ServerAddressesTestJSON:setUpClass): 200 GET http://10.13.3.234:8774/v2.1/servers/c37ad370-cbf5-4eac-abfc-0f154f6a904a 0.047s[00m
2021-11-02 13:38:16.406 1234435 INFO tempest.lib.common.rest_client [req-43590140-6803-417e-a139-1d861a0f65b0 ] Request (ServersTestJSON:setUpClass): 200 GET http://10.13.3.234:8774/v2.1/servers/d1594820-36f9-4583-b838-0689c1c807bf 0.105s[00m
2021-11-02 13:38:16.775 1234432 INFO tempest.lib.common.rest_client [req-8a1aa5c8-df05-4a97-bfbc-118d3eea0191 ] Request (ServerAddressesTestJSON:setUpClass): 200 GET http://10.13.3.234:8774/v2.1/servers/c37ad370-cbf5-4eac-abfc-0f154f6a904a 0.191s[00m
2021-11-02 13:38:16.783 1234432 INFO tempest.common.waiters [-] State transition "BUILD/scheduling" ==> "BUILD/spawning" after 1 second wait[00m
2021-11-02 13:38:17.527 1234435 INFO tempest.lib.common.rest_client [req-6a53b835-4aaf-47bc-8e18-285a3485cb1e ] Request (ServersTestJSON:setUpClass): 200 GET http://10.13.3.234:8774/v2.1/servers/d1594820-36f9-4583-b838-0689c1c807bf 0.108s[00m
2021-11-02 13:38:17.889 1234432 INFO tempest.lib.common.rest_client [req-76375a70-308b-4031-a931-e8838134ce16 ] Request (ServerAddressesTestJSON:setUpClass): 200 GET http://10.13.3.234:8774/v2.1/servers/c37ad370-cbf5-4eac-abfc-0f154f6a904a 0.105s[00m
2021-11-02 13:38:18.639 1234435 INFO tempest.lib.common.rest_client [req-f4ff3ae8-c491-4897-94dd-9eb21488a4aa ] Request (ServersTestJSON:setUpClass): 200 GET http://10.13.3.234:8774/v2.1/servers/d1594820-36f9-4583-b838-0689c1c807bf 0.101s[00m
2021-11-02 13:38:18.996 1234432 INFO tempest.lib.common.rest_client [req-6c0389a6-24a9-47da-8a95-df719849bec2 ] Request (ServerAddressesTestJSON:setUpClass): 200 GET http://10.13.3.234:8774/v2.1/servers/c37ad370-cbf5-4eac-abfc-0f154f6a904a 0.098s[00m
2021-11-02 13:38:19.750 1234435 INFO tempest.lib.common.rest_client [req-82ea6e06-c626-4b6d-add1-2330aa870b7e ] Request (ServersTestJSON:setUpClass): 200 GET http://10.13.3.234:8774/v2.1/servers/d1594820-36f9-4583-b838-0689c1c807bf 0.101s[00m
2021-11-02 13:38:20.136 1234432 INFO tempest.lib.common.rest_client [req-62d4f4e1-6c6e-4b72-b2e3-22f286958f99 ] Request (ServerAddressesTestJSON:setUpClass): 200 GET http://10.13.3.234:8774/v2.1/servers/c37ad370-cbf5-4eac-abfc-0f154f6a904a 0.130s[00m
2021-11-02 13:38:20.876 1234435 INFO tempest.lib.common.rest_client [req-83887c68-47c3-404e-a965-68c0b144d2db ] Request (ServersTestJSON:setUpClass): 200 GET http://10.13.3.234:8774/v2.1/servers/d1594820-36f9-4583-b838-0689c1c807bf 0.112s[00m
2021-11-02 13:38:21.254 1234432 INFO tempest.lib.common.rest_client [req-b3722f3a-f342-4282-a219-1d5ae8ded589 ] Request (ServerAddressesTestJSON:setUpClass): 200 GET http://10.13.3.234:8774/v2.1/servers/c37ad370-cbf5-4eac-abfc-0f154f6a904a 0.106s[00m
2021-11-02 13:38:21.992 1234435 INFO tempest.lib.common.rest_client [req-03d9c84d-415c-410b-b18c-b96dba6c4fab ] Request (ServersTestJSON:setUpClass): 200 GET http://10.13.3.234:8774/v2.1/servers/d1594820-36f9-4583-b838-0689c1c807bf 0.106s[00m
2021-11-02 13:38:22.373 1234432 INFO tempest.lib.common.rest_client [req-01dcb017-92c2-493c-ba0f-bd84a5ecaf57 ] Request (ServerAddressesTestJSON:setUpClass): 200 GET http://10.13.3.234:8774/v2.1/servers/c37ad370-cbf5-4eac-abfc-0f154f6a904a 0.108s[00m
2021-11-02 13:38:23.112 1234435 INFO tempest.lib.common.rest_client [req-d666ccf7-a50a-4fe7-a1ee-a400e47231ff ] Request (ServersTestJSON:setUpClass): 200 GET http://10.13.3.234:8774/v2.1/servers/d1594820-36f9-4583-b838-0689c1c807bf 0.111s[00m
2021-11-02 13:38:23.495 1234432 INFO tempest.lib.common.rest_client [req-b9e34513-2c22-4adb-9506-2285b7cd12d6 ] Request (ServerAddressesTestJSON:setUpClass): 200 GET http://10.13.3.234:8774/v2.1/servers/c37ad370-cbf5-4eac-abfc-0f154f6a904a 0.112s[00m
2021-11-02 13:38:24.231 1234435 INFO tempest.lib.common.rest_client [req-b768dc0f-84b4-474f-99e6-fa6f1271f38d ] Request (ServersTestJSON:setUpClass): 200 GET http://10.13.3.234:8774/v2.1/servers/d1594820-36f9-4583-b838-0689c1c807bf 0.110s[00m
2021-11-02 13:38:24.611 1234432 INFO tempest.lib.common.rest_client [req-e3b1f0f9-ef11-4ff6-aad9-26bce2f544f9 ] Request (ServerAddressesTestJSON:setUpClass): 200 GET http://10.13.3.234:8774/v2.1/servers/c37ad370-cbf5-4eac-abfc-0f154f6a904a 0.107s[00m
2021-11-02 13:38:25.343 1234435 INFO tempest.lib.common.rest_client [req-79c8c3b8-9ec0-4bdc-9e5c-adaa124c6fc5 ] Request (ServersTestJSON:setUpClass): 200 GET http://10.13.3.234:8774/v2.1/servers/d1594820-36f9-4583-b838-0689c1c807bf 0.102s[00m
2021-11-02 13:38:25.727 1234432 INFO tempest.lib.common.rest_client [req-b98073e3-75bb-4e56-99d6-fb574356613f ] Request (ServerAddressesTestJSON:setUpClass): 200 GET http://10.13.3.234:8774/v2.1/servers/c37ad370-cbf5-4eac-abfc-0f154f6a904a 0.107s[00m
2021-11-02 13:38:26.449 1234435 INFO tempest.lib.common.rest_client [req-9a015e56-8c23-4470-85ea-87e250a41243 ] Request (ServersTestJSON:setUpClass): 200 GET http://10.13.3.234:8774/v2.1/servers/d1594820-36f9-4583-b838-0689c1c807bf 0.095s[00m
2021-11-02 13:38:26.872 1234432 INFO tempest.lib.common.rest_client [req-106a3542-f3c9-48f5-94ed-2d69624a01fc ] Request (ServerAddressesTestJSON:setUpClass): 200 GET http://10.13.3.234:8774/v2.1/servers/c37ad370-cbf5-4eac-abfc-0f154f6a904a 0.134s[00m
2021-11-02 13:38:27.644 1234435 INFO tempest.lib.common.rest_client [req-242232fc-9f47-4da4-8e8e-d3c9eaf9d20a ] Request (ServersTestJSON:setUpClass): 200 GET http://10.13.3.234:8774/v2.1/servers/d1594820-36f9-4583-b838-0689c1c807bf 0.187s[00m
2021-11-02 13:38:27.982 1234432 INFO tempest.lib.common.rest_client [req-079d1e85-e841-4492-a2a0-e823cf82e560 ] Request (ServerAddressesTestJSON:setUpClass): 200 GET http://10.13.3.234:8774/v2.1/servers/c37ad370-cbf5-4eac-abfc-0f154f6a904a 0.098s[00m
2021-11-02 13:38:28.755 1234435 INFO tempest.lib.common.rest_client [req-45b2948c-dd7f-4254-af32-764dda5724c7 ] Request (ServersTestJSON:setUpClass): 200 GET http://10.13.3.234:8774/v2.1/servers/d1594820-36f9-4583-b838-0689c1c807bf 0.102s[00m
2021-11-02 13:38:29.102 1234432 INFO tempest.lib.common.rest_client [req-f2af56ae-da02-4f7f-ab13-5401dc33f71e ] Request (ServerAddressesTestJSON:setUpClass): 200 GET http://10.13.3.234:8774/v2.1/servers/c37ad370-cbf5-4eac-abfc-0f154f6a904a 0.108s[00m
2021-11-02 13:38:29.874 1234435 INFO tempest.lib.common.rest_client [req-065f244f-b222-4c66-98de-1c5b4bb67983 ] Request (ServersTestJSON:setUpClass): 200 GET http://10.13.3.234:8774/v2.1/servers/d1594820-36f9-4583-b838-0689c1c807bf 0.106s[00m
2021-11-02 13:38:30.230 1234432 INFO tempest.lib.common.rest_client [req-a9a1ad26-3e9b-4865-956f-b832af2836f4 ] Request (ServerAddressesTestJSON:setUpClass): 200 GET http://10.13.3.234:8774/v2.1/servers/c37ad370-cbf5-4eac-abfc-0f154f6a904a 0.118s[00m
2021-11-02 13:38:30.983 1234435 INFO tempest.lib.common.rest_client [req-f4e8cea4-3f3e-4790-8148-3e7dc03a3e1e ] Request (ServersTestJSON:setUpClass): 200 GET http://10.13.3.234:8774/v2.1/servers/d1594820-36f9-4583-b838-0689c1c807bf 0.100s[00m
2021-11-02 13:38:31.348 1234432 INFO tempest.lib.common.rest_client [req-46ad231e-b408-43cd-b86a-691bc27488f9 ] Request (ServerAddressesTestJSON:setUpClass): 200 GET http://10.13.3.234:8774/v2.1/servers/c37ad370-cbf5-4eac-abfc-0f154f6a904a 0.109s[00m
2021-11-02 13:38:32.100 1234435 INFO tempest.lib.common.rest_client [req-e1dd00f9-b529-4e2f-9c65-e8591c98e3f3 ] Request (ServersTestJSON:setUpClass): 200 GET http://10.13.3.234:8774/v2.1/servers/d1594820-36f9-4583-b838-0689c1c807bf 0.105s[00m
2021-11-02 13:38:32.474 1234432 INFO tempest.lib.common.rest_client [req-44d0e75d-eaf8-425a-afae-b5d936ce3a24 ] Request (ServerAddressesTestJSON:setUpClass): 200 GET http://10.13.3.234:8774/v2.1/servers/c37ad370-cbf5-4eac-abfc-0f154f6a904a 0.116s[00m
2021-11-02 13:38:33.218 1234435 INFO tempest.lib.common.rest_client [req-7e081ce9-2402-4734-af8a-c627a9273b81 ] Request (ServersTestJSON:setUpClass): 200 GET http://10.13.3.234:8774/v2.1/servers/d1594820-36f9-4583-b838-0689c1c807bf 0.107s[00m
2021-11-02 13:38:33.588 1234432 INFO tempest.lib.common.rest_client [req-5dd0d53a-b7d3-496f-870a-1a9c466c817f ] Request (ServerAddressesTestJSON:setUpClass): 200 GET http://10.13.3.234:8774/v2.1/servers/c37ad370-cbf5-4eac-abfc-0f154f6a904a 0.103s[00m
2021-11-02 13:38:34.341 1234435 INFO tempest.lib.common.rest_client [req-99f0e02a-acf0-4bc2-b31c-6092b5cce8dc ] Request (ServersTestJSON:setUpClass): 200 GET http://10.13.3.234:8774/v2.1/servers/d1594820-36f9-4583-b838-0689c1c807bf 0.113s[00m
2021-11-02 13:38:34.699 1234432 INFO tempest.lib.common.rest_client [req-e06256e6-5e57-456f-bd43-b4a77f8279fa ] Request (ServerAddressesTestJSON:setUpClass): 200 GET http://10.13.3.234:8774/v2.1/servers/c37ad370-cbf5-4eac-abfc-0f154f6a904a 0.102s[00m
2021-11-02 13:38:35.452 1234435 INFO tempest.lib.common.rest_client [req-ca19843b-bcab-4701-8857-6e3f141ce662 ] Request (ServersTestJSON:setUpClass): 200 GET http://10.13.3.234:8774/v2.1/servers/d1594820-36f9-4583-b838-0689c1c807bf 0.101s[00m
2021-11-02 13:38:35.810 1234432 INFO tempest.lib.common.rest_client [req-e5a18008-f845-45dd-ab73-d955d563c2f2 ] Request (ServerAddressesTestJSON:setUpClass): 200 GET http://10.13.3.234:8774/v2.1/servers/c37ad370-cbf5-4eac-abfc-0f154f6a904a 0.102s[00m
2021-11-02 13:38:36.601 1234435 INFO tempest.lib.common.rest_client [req-5de67c7c-070c-4b3c-ab55-60ffb16f0554 ] Request (ServersTestJSON:setUpClass): 200 GET http://10.13.3.234:8774/v2.1/servers/d1594820-36f9-4583-b838-0689c1c807bf 0.139s[00m
2021-11-02 13:38:36.982 1234432 INFO tempest.lib.common.rest_client [req-9e1eb43a-8496-4619-ad68-0ad1b4f50935 ] Request (ServerAddressesTestJSON:setUpClass): 200 GET http://10.13.3.234:8774/v2.1/servers/c37ad370-cbf5-4eac-abfc-0f154f6a904a 0.163s[00m
2021-11-02 13:38:37.712 1234435 INFO tempest.lib.common.rest_client [req-82aac0c2-e3f8-4c97-ad29-139112ac5531 ] Request (ServersTestJSON:setUpClass): 200 GET http://10.13.3.234:8774/v2.1/servers/d1594820-36f9-4583-b838-0689c1c807bf 0.100s[00m
2021-11-02 13:38:38.093 1234432 INFO tempest.lib.common.rest_client [req-66681801-e784-488f-ac00-de60d92827a6 ] Request (ServerAddressesTestJSON:setUpClass): 200 GET http://10.13.3.234:8774/v2.1/servers/c37ad370-cbf5-4eac-abfc-0f154f6a904a 0.099s[00m
2021-11-02 13:38:38.844 1234435 INFO tempest.lib.common.rest_client [req-c6da0f56-5d45-44d7-8f53-27f2c909b71d ] Request (ServersTestJSON:setUpClass): 200 GET http://10.13.3.234:8774/v2.1/servers/d1594820-36f9-4583-b838-0689c1c807bf 0.119s[00m
2021-11-02 13:38:39.241 1234432 INFO tempest.lib.common.rest_client [req-667e171c-97b1-4ce0-8d8a-092bc9dcd19e ] Request (ServerAddressesTestJSON:setUpClass): 200 GET http://10.13.3.234:8774/v2.1/servers/c37ad370-cbf5-4eac-abfc-0f154f6a904a 0.132s[00m
2021-11-02 13:38:39.955 1234435 INFO tempest.lib.common.rest_client [req-c54c3329-fe60-46e5-bf1a-6108a849abd3 ] Request (ServersTestJSON:setUpClass): 200 GET http://10.13.3.234:8774/v2.1/servers/d1594820-36f9-4583-b838-0689c1c807bf 0.100s[00m
2021-11-02 13:38:40.356 1234432 INFO tempest.lib.common.rest_client [req-240457d2-84af-46ca-a54e-5c53259bf4d2 ] Request (ServerAddressesTestJSON:setUpClass): 200 GET http://10.13.3.234:8774/v2.1/servers/c37ad370-cbf5-4eac-abfc-0f154f6a904a 0.105s[00m
2021-11-02 13:38:41.072 1234435 INFO tempest.lib.common.rest_client [req-06f6b775-2741-4c6b-be4d-df489e8dd275 ] Request (ServersTestJSON:setUpClass): 200 GET http://10.13.3.234:8774/v2.1/servers/d1594820-36f9-4583-b838-0689c1c807bf 0.106s[00m
2021-11-02 13:38:41.472 1234432 INFO tempest.lib.common.rest_client [req-4ce42ec6-3a36-48f3-8f06-e4f954ce44e9 ] Request (ServerAddressesTestJSON:setUpClass): 200 GET http://10.13.3.234:8774/v2.1/servers/c37ad370-cbf5-4eac-abfc-0f154f6a904a 0.101s[00m
2021-11-02 13:38:42.183 1234435 INFO tempest.lib.common.rest_client [req-9fa810f6-f37b-4bb3-ad83-ad9ef8d2a24a ] Request (ServersTestJSON:setUpClass): 200 GET http://10.13.3.234:8774/v2.1/servers/d1594820-36f9-4583-b838-0689c1c807bf 0.101s[00m
2021-11-02 13:38:42.586 1234432 INFO tempest.lib.common.rest_client [req-403fad32-4c1c-422c-b0a0-591c5e2b0ebe ] Request (ServerAddressesTestJSON:setUpClass): 200 GET http://10.13.3.234:8774/v2.1/servers/c37ad370-cbf5-4eac-abfc-0f154f6a904a 0.105s[00m
2021-11-02 13:38:43.302 1234435 INFO tempest.lib.common.rest_client [req-93573026-f9c9-48c9-bbb8-7efddc417905 ] Request (ServersTestJSON:setUpClass): 200 GET http://10.13.3.234:8774/v2.1/servers/d1594820-36f9-4583-b838-0689c1c807bf 0.107s[00m
2021-11-02 13:38:43.701 1234432 INFO tempest.lib.common.rest_client [req-02d43e2f-669f-401d-93f8-21a10f452430 ] Request (ServerAddressesTestJSON:setUpClass): 200 GET http://10.13.3.234:8774/v2.1/servers/c37ad370-cbf5-4eac-abfc-0f154f6a904a 0.107s[00m
2021-11-02 13:38:44.422 1234435 INFO tempest.lib.common.rest_client [req-082e5679-5ea4-4673-8b84-29f5a76ee58f ] Request (ServersTestJSON:setUpClass): 200 GET http://10.13.3.234:8774/v2.1/servers/d1594820-36f9-4583-b838-0689c1c807bf 0.112s[00m
2021-11-02 13:38:44.433 1234435 INFO tempest.common.waiters [-] State transition "BUILD/spawning" ==> "ACTIVE/None" after 54 second wait[00m
2021-11-02 13:38:44.516 1234435 INFO tempest.lib.common.rest_client [req-377ef178-b2e2-425c-85eb-77a4545d587a ] Request (ServersTestJSON:setUpClass): 200 GET http://10.13.3.234:8774/v2.1/servers/d1594820-36f9-4583-b838-0689c1c807bf/os-interface 0.082s[00m
2021-11-02 13:38:44.834 1234432 INFO tempest.lib.common.rest_client [req-ae5aed51-ff8a-4230-a995-e5acff75163c ] Request (ServerAddressesTestJSON:setUpClass): 200 GET http://10.13.3.234:8774/v2.1/servers/c37ad370-cbf5-4eac-abfc-0f154f6a904a 0.124s[00m
2021-11-02 13:38:45.266 1234435 INFO tempest.lib.common.rest_client [req-79f39551-9227-479a-b7fa-31dd9cf6caa1 ] Request (ServersTestJSON:setUpClass): 200 PUT http://10.13.3.238:9696/v2.0/floatingips/4a016e86-1a6a-43c4-9b87-c2f4bedca30c 0.747s[00m
2021-11-02 13:38:45.416 1234435 INFO tempest.lib.common.rest_client [req-3ae4f7e1-007b-433b-b75f-a1e8abdefca1 ] Request (ServersTestJSON:setUpClass): 200 GET http://10.13.3.234:8774/v2.1/servers/d1594820-36f9-4583-b838-0689c1c807bf 0.149s[00m
2021-11-02 13:38:45.526 1234435 INFO tempest.lib.common.rest_client [req-043920e2-8d10-49ad-b55a-e20214f69927 ] Request (ServersTestJSON:test_list_servers): 200 GET http://10.13.3.234:8774/v2.1/servers 0.101s[00m
{1} tempest.api.compute.servers.test_create_server.ServersTestJSON.test_list_servers [0.104591s] ... ok
{1} tempest.api.compute.servers.test_create_server.ServersTestJSON.test_verify_server_details [0.000659s] ... ok
2021-11-02 13:38:45.633 1234435 INFO tempest.lib.common.rest_client [req-caa27b36-7d0d-4e1c-9ec5-46ee2413a958 ] Request (ServersTestJSON:tearDownClass): 204 DELETE http://10.13.3.234:8774/v2.1/servers/d1594820-36f9-4583-b838-0689c1c807bf 0.102s[00m
2021-11-02 13:38:45.727 1234435 INFO tempest.lib.common.rest_client [req-55f0373a-3eff-4367-85c2-6d6107a07890 ] Request (ServersTestJSON:tearDownClass): 200 GET http://10.13.3.234:8774/v2.1/servers/d1594820-36f9-4583-b838-0689c1c807bf 0.094s[00m
2021-11-02 13:38:45.937 1234432 INFO tempest.lib.common.rest_client [req-f54ac3c8-738f-43c3-bf25-3cd8eff2feee ] Request (ServerAddressesTestJSON:setUpClass): 200 GET http://10.13.3.234:8774/v2.1/servers/c37ad370-cbf5-4eac-abfc-0f154f6a904a 0.094s[00m
2021-11-02 13:38:46.854 1234435 INFO tempest.lib.common.rest_client [req-8f1bd187-bb1b-4379-bf72-0221b9f1f3dc ] Request (ServersTestJSON:tearDownClass): 200 GET http://10.13.3.234:8774/v2.1/servers/d1594820-36f9-4583-b838-0689c1c807bf 0.119s[00m
2021-11-02 13:38:47.138 1234432 INFO tempest.lib.common.rest_client [req-20bc40ce-150b-4f0c-b154-3d884a49c2b2 ] Request (ServerAddressesTestJSON:setUpClass): 200 GET http://10.13.3.234:8774/v2.1/servers/c37ad370-cbf5-4eac-abfc-0f154f6a904a 0.189s[00m
2021-11-02 13:38:47.915 1234435 INFO tempest.lib.common.rest_client [req-b8964e66-5640-4b8d-b1d9-3129c036451d ] Request (ServersTestJSON:tearDownClass): 404 GET http://10.13.3.234:8774/v2.1/servers/d1594820-36f9-4583-b838-0689c1c807bf 0.052s[00m
2021-11-02 13:38:47.939 1234435 INFO tempest.lib.common.rest_client [req-e91c5b7e-5c42-4b10-844d-ec6f711af631 ] Request (ServersTestJSON:tearDownClass): 202 DELETE http://10.13.3.234:8774/v2.1/os-keypairs/tempest-keypair-156145550 0.022s[00m
2021-11-02 13:38:48.042 1234435 INFO tempest.lib.common.rest_client [req-5347c7ca-59a1-49d4-b6c8-842c3c0503a3 ] Request (ServersTestJSON:tearDownClass): 204 DELETE http://10.13.3.238:9696/v2.0/security-groups/e0770cb1-7bc9-4d70-94a0-d64ff3b0f692 0.099s[00m
2021-11-02 13:38:48.080 1234435 INFO tempest.lib.common.rest_client [req-61c1b67d-17f9-4401-a455-511a16a326f9 ] Request (ServersTestJSON:tearDownClass): 404 GET http://10.13.3.238:9696/v2.0/security-groups/e0770cb1-7bc9-4d70-94a0-d64ff3b0f692 0.038s[00m
2021-11-02 13:38:48.317 1234432 INFO tempest.lib.common.rest_client [req-e5dce3ba-3056-4983-b338-ce38a8e133ca ] Request (ServerAddressesTestJSON:setUpClass): 200 GET http://10.13.3.234:8774/v2.1/servers/c37ad370-cbf5-4eac-abfc-0f154f6a904a 0.160s[00m
2021-11-02 13:38:48.453 1234435 INFO tempest.lib.common.rest_client [req-cebe15cb-d717-44e5-9f66-08947073a427 ] Request (ServersTestJSON:tearDownClass): 204 DELETE http://10.13.3.238:9696/v2.0/floatingips/4a016e86-1a6a-43c4-9b87-c2f4bedca30c 0.372s[00m
2021-11-02 13:38:49.372 1234435 INFO tempest.lib.common.rest_client [req-21dd1d1d-4986-4a74-9c7b-37d3ff0d595d ] Request (ServersTestJSON:tearDownClass): 200 PUT http://10.13.3.238:9696/v2.0/routers/91bd7df8-adfa-48e2-a006-e9b93c8e6c6f/remove_router_interface 0.918s[00m
2021-11-02 13:38:49.431 1234432 INFO tempest.lib.common.rest_client [req-6f71216c-eb90-46de-b51d-2996ff423cc7 ] Request (ServerAddressesTestJSON:setUpClass): 200 GET http://10.13.3.234:8774/v2.1/servers/c37ad370-cbf5-4eac-abfc-0f154f6a904a 0.105s[00m
2021-11-02 13:38:49.955 1234435 INFO tempest.lib.common.rest_client [req-9ffb09b1-c511-4cb0-b5ed-c84632161179 ] Request (ServersTestJSON:tearDownClass): 204 DELETE http://10.13.3.238:9696/v2.0/routers/91bd7df8-adfa-48e2-a006-e9b93c8e6c6f 0.582s[00m
2021-11-02 13:38:50.147 1234435 INFO tempest.lib.common.rest_client [req-3a6f0171-6d2a-4eb5-bd91-227c13cba315 ] Request (ServersTestJSON:tearDownClass): 204 DELETE http://10.13.3.238:9696/v2.0/subnets/f832ba72-d708-40c0-92f4-6a6c0b8e06f1 0.192s[00m
2021-11-02 13:38:50.517 1234435 INFO tempest.lib.common.rest_client [req-ab42cbe6-fa5b-431b-8ffc-436312216652 ] Request (ServersTestJSON:tearDownClass): 204 DELETE http://10.13.3.238:9696/v2.0/networks/92b53208-a1ce-4195-ba3d-5c5fc443f864 0.368s[00m
2021-11-02 13:38:50.549 1234432 INFO tempest.lib.common.rest_client [req-096da106-bf6b-40db-8dbd-07ce70818339 ] Request (ServerAddressesTestJSON:setUpClass): 200 GET http://10.13.3.234:8774/v2.1/servers/c37ad370-cbf5-4eac-abfc-0f154f6a904a 0.107s[00m
2021-11-02 13:38:50.589 1234435 INFO tempest.lib.common.rest_client [req-a068ddf5-f0b0-4cee-b1dd-02b552511c5c ] Request (ServersTestJSON:tearDownClass): 204 DELETE http://10.13.3.222:35357/v3/users/0c6f66616ade4187bd6f2178ff0684e5 0.071s[00m
2021-11-02 13:38:50.618 1234435 INFO tempest.lib.common.rest_client [req-d875366e-b017-4b54-a99e-dbbab12d19e7 ] Request (ServersTestJSON:tearDownClass): 200 GET http://10.13.3.238:9696/v2.0/security-groups?tenant_id=5bd99b05366346b9ad3da284f61e1fa7&name=default 0.028s[00m
2021-11-02 13:38:50.693 1234435 INFO tempest.lib.common.rest_client [req-849aa68b-26c9-4096-afb9-de642424e692 ] Request (ServersTestJSON:tearDownClass): 204 DELETE http://10.13.3.238:9696/v2.0/security-groups/ec22319b-a440-4e4c-a98f-7a2093f72a8d 0.074s[00m
2021-11-02 13:38:50.783 1234435 INFO tempest.lib.common.rest_client [req-fca142c6-a150-443d-9ca1-4537a07a524a ] Request (ServersTestJSON:tearDownClass): 204 DELETE http://10.13.3.222:35357/v3/projects/5bd99b05366346b9ad3da284f61e1fa7 0.089s[00m
2021-11-02 13:38:51.047 1234435 INFO tempest.lib.common.rest_client [req-9d49157b-1866-490b-95b9-004f9873e2c9 ] Request (ServersTestManualDisk:setUpClass): 201 POST http://10.13.3.222:5000/v3/auth/tokens 0.262s[00m
2021-11-02 13:38:51.288 1234435 INFO tempest.lib.common.rest_client [req-7be4e9a6-2d86-47f9-bac7-a5abf9283c3a ] Request (ServersTestManualDisk:setUpClass): 201 POST http://10.13.3.222:5000/v3/auth/tokens 0.235s[00m
2021-11-02 13:38:51.312 1234435 INFO tempest.lib.common.rest_client [req-635f17d4-abbd-4a42-93bb-9c147f2f0202 ] Request (ServersTestManualDisk:setUpClass): 200 GET http://10.13.3.222:35357/v3/domains?name=admin_domain 0.023s[00m
2021-11-02 13:38:51.340 1234435 INFO tempest.lib.common.rest_client [req-8906ff07-8d60-43aa-bb61-f94bb96a7596 ] Request (ServersTestManualDisk:setUpClass): 201 POST http://10.13.3.222:35357/v3/projects 0.027s[00m
2021-11-02 13:38:51.605 1234435 INFO tempest.lib.common.rest_client [req-3decc402-965b-457b-8416-ad4ff5f29e1d ] Request (ServersTestManualDisk:setUpClass): 201 POST http://10.13.3.222:35357/v3/users 0.263s[00m
2021-11-02 13:38:51.626 1234435 INFO tempest.lib.common.rest_client [req-d8af1825-d1ab-4607-985b-ff2e69bd2955 ] Request (ServersTestManualDisk:setUpClass): 200 GET http://10.13.3.222:35357/v3/roles 0.020s[00m
2021-11-02 13:38:51.645 1234435 INFO tempest.lib.common.rest_client [req-8b41be47-5d76-46de-a8a9-49768b408e11 ] Request (ServersTestManualDisk:setUpClass): 200 GET http://10.13.3.222:35357/v3/roles 0.019s[00m
2021-11-02 13:38:51.664 1234432 INFO tempest.lib.common.rest_client [req-f35f13cc-69c6-4f38-bc3b-cda4fb4b1399 ] Request (ServerAddressesTestJSON:setUpClass): 200 GET http://10.13.3.234:8774/v2.1/servers/c37ad370-cbf5-4eac-abfc-0f154f6a904a 0.106s[00m
2021-11-02 13:38:51.678 1234435 INFO tempest.lib.common.rest_client [req-1c7e55ab-b7d2-48af-a4f9-485bf58eac44 ] Request (ServersTestManualDisk:setUpClass): 204 PUT http://10.13.3.222:35357/v3/projects/fc3d7038fb72490c90e609c815a43e05/users/a682e62b65bf43ffb908a49b7bb57792/roles/0ffebd3a3cd54785b379940a7947ce47 0.032s[00m
2021-11-02 13:38:51.679 1234435 INFO tempest.lib.common.dynamic_creds [-] Dynamic test user a682e62b65bf43ffb908a49b7bb57792 is created with scope project and roles: ['member'][00m
2021-11-02 13:38:51.679 1234435 INFO tempest.lib.common.dynamic_creds [-] Acquired dynamic creds:
 credentials: Credentials: {'domain_id': '72a0f84e587f4b1a8dc42ce28df145ab', 'domain_name': 'admin_domain', 'username': 'tempest-ServersTestManualDisk-1328306304-project', 'project_domain_id': '72a0f84e587f4b1a8dc42ce28df145ab', 'project_domain_name': 'admin_domain', 'project_id': 'fc3d7038fb72490c90e609c815a43e05', 'project_name': 'tempest-ServersTestManualDisk-1328306304', 'tenant_id': 'fc3d7038fb72490c90e609c815a43e05', 'tenant_name': 'tempest-ServersTestManualDisk-1328306304', 'user_domain_id': '72a0f84e587f4b1a8dc42ce28df145ab', 'user_domain_name': 'admin_domain', 'user_id': 'a682e62b65bf43ffb908a49b7bb57792', 'system': None}, Network: None, Subnet: None, Router: None[00m
2021-11-02 13:38:51.947 1234435 INFO tempest.lib.common.rest_client [req-2f99a5c6-e16f-4208-b1b0-d36d08811da1 ] Request (ServersTestManualDisk:setUpClass): 201 POST http://10.13.3.222:5000/v3/auth/tokens 0.267s[00m
2021-11-02 13:38:52.157 1234435 INFO tempest.lib.common.rest_client [req-c62501f8-a95e-4961-aa49-64aeab22f551 ] Request (ServersTestManualDisk:setUpClass): 201 POST http://10.13.3.238:9696/v2.0/networks 0.210s[00m
2021-11-02 13:38:52.339 1234435 INFO tempest.lib.common.rest_client [req-245743f0-1404-47d1-aef8-148aaa437a71 ] Request (ServersTestManualDisk:setUpClass): 201 POST http://10.13.3.238:9696/v2.0/subnets 0.181s[00m
2021-11-02 13:38:52.788 1234432 INFO tempest.lib.common.rest_client [req-5419060f-b230-4020-8ef4-9e6a588f8f72 ] Request (ServerAddressesTestJSON:setUpClass): 200 GET http://10.13.3.234:8774/v2.1/servers/c37ad370-cbf5-4eac-abfc-0f154f6a904a 0.114s[00m
2021-11-02 13:38:53.366 1234435 INFO tempest.lib.common.rest_client [req-472d0ec8-7c8c-4bee-b0a9-181e42a1f7b6 ] Request (ServersTestManualDisk:setUpClass): 201 POST http://10.13.3.238:9696/v2.0/routers 1.026s[00m
2021-11-02 13:38:53.907 1234432 INFO tempest.lib.common.rest_client [req-3f8abbc0-fb0c-48f3-8a78-db0dacd21bc4 ] Request (ServerAddressesTestJSON:setUpClass): 200 GET http://10.13.3.234:8774/v2.1/servers/c37ad370-cbf5-4eac-abfc-0f154f6a904a 0.109s[00m
2021-11-02 13:38:54.481 1234435 INFO tempest.lib.common.rest_client [req-3f96f0df-e905-4e59-8fff-4573ef6fd9b2 ] Request (ServersTestManualDisk:setUpClass): 200 PUT http://10.13.3.238:9696/v2.0/routers/6d9f1dbf-1cd0-410a-b2c2-4e452c02b85a/add_router_interface 1.114s[00m
2021-11-02 13:38:54.481 1234435 INFO tempest.lib.common.dynamic_creds [-] Created isolated network resources for:
