2021-11-02 13:39:09.110 1234435 INFO tempest.lib.common.rest_client [req-59557aa8-6f3a-4118-ab9f-fd771d814d67 ] Request (ServerActionsTestJSON:setUpClass): 201 POST http://10.13.3.222:5000/v3/auth/tokens 0.263s[00m
2021-11-02 13:39:09.321 1234432 INFO tempest.lib.common.rest_client [req-6a7dd6e4-2a01-429e-bd36-0a3494f592c6 ] Request (GroupsV3TestJSON:setUpClass): 201 POST http://10.13.3.222:5000/v3/auth/tokens 0.277s[00m
2021-11-02 13:39:09.350 1234432 INFO tempest.lib.common.rest_client [req-089db7a1-b113-40ae-ab35-57e3d3032504 ] Request (GroupsV3TestJSON:setUpClass): 201 POST http://10.13.3.222:35357/v3/projects 0.028s[00m
2021-11-02 13:39:09.394 1234435 INFO tempest.lib.common.rest_client [req-c3b8b0d8-9635-4c68-9530-d75b3b01e1fc ] Request (ServerActionsTestJSON:setUpClass): 201 POST http://10.13.3.238:9696/v2.0/networks 0.283s[00m
2021-11-02 13:39:09.570 1234435 INFO tempest.lib.common.rest_client [req-226e062c-50b6-4da8-81a5-2368566f1f55 ] Request (ServerActionsTestJSON:setUpClass): 201 POST http://10.13.3.238:9696/v2.0/subnets 0.176s[00m
2021-11-02 13:39:09.634 1234432 INFO tempest.lib.common.rest_client [req-4f2a02b4-d56c-44e7-a7ff-738f32760ae1 ] Request (GroupsV3TestJSON:setUpClass): 201 POST http://10.13.3.222:35357/v3/users 0.283s[00m
2021-11-02 13:39:09.654 1234432 INFO tempest.lib.common.rest_client [req-e620ea09-790c-4777-9500-1276d822e4c9 ] Request (GroupsV3TestJSON:setUpClass): 200 GET http://10.13.3.222:35357/v3/roles 0.020s[00m
2021-11-02 13:39:09.690 1234432 INFO tempest.lib.common.rest_client [req-2b427fbd-db17-437a-af60-5826c9fa6770 ] Request (GroupsV3TestJSON:setUpClass): 204 PUT http://10.13.3.222:35357/v3/projects/ba9f96f77744418f936cb7a94252d437/users/360cebabccf84ddd876854e5dd36f704/roles/d25cb003b1c04e4dbe7aeb77060956f1 0.035s[00m
2021-11-02 13:39:09.815 1234432 INFO tempest.lib.common.rest_client [req-c4788db6-864c-4e84-ba38-448c1cb6c18e ] Request (GroupsV3TestJSON:setUpClass): 200 GET http://10.13.3.222:35357/v3/roles 0.124s[00m
2021-11-02 13:39:09.882 1234432 INFO tempest.lib.common.rest_client [req-87303648-d968-48c0-8d7c-691f55b1a209 ] Request (GroupsV3TestJSON:setUpClass): 204 PUT http://10.13.3.222:35357/v3/domains/72a0f84e587f4b1a8dc42ce28df145ab/users/360cebabccf84ddd876854e5dd36f704/roles/d25cb003b1c04e4dbe7aeb77060956f1 0.067s[00m
2021-11-02 13:39:09.943 1234432 INFO tempest.lib.common.rest_client [req-cc6d70e1-fa2a-4d1a-8256-fad5c1600aa1 ] Request (GroupsV3TestJSON:setUpClass): 200 GET http://10.13.3.222:35357/v3/roles 0.060s[00m
2021-11-02 13:39:09.964 1234432 INFO tempest.lib.common.rest_client [req-04843ac1-ce8e-479c-aedf-3af1e1a03774 ] Request (GroupsV3TestJSON:setUpClass): 204 PUT http://10.13.3.222:35357/v3/projects/ba9f96f77744418f936cb7a94252d437/users/360cebabccf84ddd876854e5dd36f704/roles/d25cb003b1c04e4dbe7aeb77060956f1 0.021s[00m
2021-11-02 13:39:09.964 1234432 INFO tempest.lib.common.dynamic_creds [-] Dynamic test user 360cebabccf84ddd876854e5dd36f704 is created with scope project and roles: ['Admin'][00m
2021-11-02 13:39:09.965 1234432 INFO tempest.lib.common.dynamic_creds [-] Acquired dynamic creds:
 credentials: Credentials: {'domain_id': '72a0f84e587f4b1a8dc42ce28df145ab', 'domain_name': 'admin_domain', 'username': 'tempest-GroupsV3TestJSON-1682078926-project-admin', 'project_domain_id': '72a0f84e587f4b1a8dc42ce28df145ab', 'project_domain_name': 'admin_domain', 'project_id': 'ba9f96f77744418f936cb7a94252d437', 'project_name': 'tempest-GroupsV3TestJSON-1682078926', 'tenant_id': 'ba9f96f77744418f936cb7a94252d437', 'tenant_name': 'tempest-GroupsV3TestJSON-1682078926', 'user_domain_id': '72a0f84e587f4b1a8dc42ce28df145ab', 'user_domain_name': 'admin_domain', 'user_id': '360cebabccf84ddd876854e5dd36f704', 'system': None}, Network: None, Subnet: None, Router: None[00m
2021-11-02 13:39:09.965 1234432 INFO tempest.lib.common.dynamic_creds [-] Created isolated network resources for:
 credentials: Credentials: {'domain_id': '72a0f84e587f4b1a8dc42ce28df145ab', 'domain_name': 'admin_domain', 'username': 'tempest-GroupsV3TestJSON-1682078926-project-admin', 'project_domain_id': '72a0f84e587f4b1a8dc42ce28df145ab', 'project_domain_name': 'admin_domain', 'project_id': 'ba9f96f77744418f936cb7a94252d437', 'project_name': 'tempest-GroupsV3TestJSON-1682078926', 'tenant_id': 'ba9f96f77744418f936cb7a94252d437', 'tenant_name': 'tempest-GroupsV3TestJSON-1682078926', 'user_domain_id': '72a0f84e587f4b1a8dc42ce28df145ab', 'user_domain_name': 'admin_domain', 'user_id': '360cebabccf84ddd876854e5dd36f704', 'system': None}, Network: None, Subnet: None, Router: None[00m
2021-11-02 13:39:10.276 1234432 INFO tempest.lib.common.rest_client [req-dac1b4bb-5187-4d6f-9aac-1ea119b01a35 ] Request (GroupsV3TestJSON:setUpClass): 201 POST http://10.13.3.222:5000/v3/auth/tokens 0.285s[00m
2021-11-02 13:39:10.534 1234432 INFO tempest.lib.common.rest_client [req-153e3a8a-cdba-4724-92ca-28a203b881ce ] Request (GroupsV3TestJSON:setUpClass): 201 POST http://10.13.3.222:5000/v3/auth/tokens 0.257s[00m
2021-11-02 13:39:10.578 1234432 INFO tempest.lib.common.rest_client [req-0aa5b125-e9dd-48f7-9871-d74eed8e641a ] Request (GroupsV3TestJSON:setUpClass): 201 POST http://10.13.3.222:35357/v3/domains 0.042s[00m
2021-11-02 13:39:10.607 1234435 INFO tempest.lib.common.rest_client [req-a4fac4bc-cc58-430d-8091-76ea274ad7e0 ] Request (ServerActionsTestJSON:setUpClass): 201 POST http://10.13.3.238:9696/v2.0/routers 1.036s[00m
2021-11-02 13:39:10.627 1234432 INFO tempest.lib.common.rest_client [req-5d8414ad-7e33-4736-a88c-766b5bf2fae8 ] Request (GroupsV3TestJSON:test_group_users_add_list_delete): 201 POST http://10.13.3.222:35357/v3/groups 0.048s[00m
2021-11-02 13:39:10.879 1234432 INFO tempest.lib.common.rest_client [req-794a78d7-0730-44fc-8ee6-a26357596c75 ] Request (GroupsV3TestJSON:test_group_users_add_list_delete): 201 POST http://10.13.3.222:35357/v3/users 0.251s[00m
2021-11-02 13:39:10.932 1234432 INFO tempest.lib.common.rest_client [req-00749119-a400-4c80-81b3-f99330bcd377 ] Request (GroupsV3TestJSON:test_group_users_add_list_delete): 204 PUT http://10.13.3.222:35357/v3/groups/487d5d0fd1fc42acab8ece5977b85527/users/53e1f462b732414982ffddfb31b36687 0.052s[00m
2021-11-02 13:39:11.207 1234432 INFO tempest.lib.common.rest_client [req-6d44f280-32d0-4b5f-a506-aa6a8e753958 ] Request (GroupsV3TestJSON:test_group_users_add_list_delete): 201 POST http://10.13.3.222:35357/v3/users 0.273s[00m
2021-11-02 13:39:11.271 1234432 INFO tempest.lib.common.rest_client [req-b132acd3-da0a-4419-819b-0258f99e8dc8 ] Request (GroupsV3TestJSON:test_group_users_add_list_delete): 204 PUT http://10.13.3.222:35357/v3/groups/487d5d0fd1fc42acab8ece5977b85527/users/f0064a795522490ab1b496bf4c9c0642 0.063s[00m
2021-11-02 13:39:11.549 1234432 INFO tempest.lib.common.rest_client [req-c8ea1e86-28a8-4c02-ae17-896bdca26880 ] Request (GroupsV3TestJSON:test_group_users_add_list_delete): 201 POST http://10.13.3.222:35357/v3/users 0.276s[00m
2021-11-02 13:39:11.611 1234432 INFO tempest.lib.common.rest_client [req-6f2d0cc1-930a-4315-b89a-d7f59822d954 ] Request (GroupsV3TestJSON:test_group_users_add_list_delete): 204 PUT http://10.13.3.222:35357/v3/groups/487d5d0fd1fc42acab8ece5977b85527/users/8abf45e80bd04c24999a9b071070dfc8 0.061s[00m
2021-11-02 13:39:11.653 1234432 INFO tempest.lib.common.rest_client [req-e33921fe-02a2-4a93-bdb4-c5b47cc652e7 ] Request (GroupsV3TestJSON:test_group_users_add_list_delete): 200 GET http://10.13.3.222:35357/v3/groups/487d5d0fd1fc42acab8ece5977b85527/users 0.041s[00m
2021-11-02 13:39:11.712 1234432 INFO tempest.lib.common.rest_client [req-5a0ec63f-2fd1-4865-af15-7917623a01ed ] Request (GroupsV3TestJSON:test_group_users_add_list_delete): 204 HEAD http://10.13.3.222:35357/v3/groups/487d5d0fd1fc42acab8ece5977b85527/users/53e1f462b732414982ffddfb31b36687 0.057s[00m
2021-11-02 13:39:11.757 1234432 INFO tempest.lib.common.rest_client [req-500990ca-694e-4160-831e-4b9391fecc53 ] Request (GroupsV3TestJSON:test_group_users_add_list_delete): 204 DELETE http://10.13.3.222:35357/v3/groups/487d5d0fd1fc42acab8ece5977b85527/users/53e1f462b732414982ffddfb31b36687 0.038s[00m
2021-11-02 13:39:11.712 1234435 INFO tempest.lib.common.rest_client [req-d6d7d832-f257-43e8-ae2a-8f2ead49d419 ] Request (ServerActionsTestJSON:setUpClass): 200 PUT http://10.13.3.238:9696/v2.0/routers/37c41360-e54e-4d12-abe5-3114fb62a574/add_router_interface 1.104s[00m
2021-11-02 13:39:11.712 1234435 INFO tempest.lib.common.dynamic_creds [-] Created isolated network resources for:
 credentials: Credentials: {'domain_id': '72a0f84e587f4b1a8dc42ce28df145ab', 'domain_name': 'admin_domain', 'username': 'tempest-ServerActionsTestJSON-785022417-project', 'project_domain_id': '72a0f84e587f4b1a8dc42ce28df145ab', 'project_domain_name': 'admin_domain', 'project_id': 'e53dc003575e4fdc98728d8c9468f78f', 'project_name': 'tempest-ServerActionsTestJSON-785022417', 'tenant_id': 'e53dc003575e4fdc98728d8c9468f78f', 'tenant_name': 'tempest-ServerActionsTestJSON-785022417', 'user_domain_id': '72a0f84e587f4b1a8dc42ce28df145ab', 'user_domain_name': 'admin_domain', 'user_id': 'a1a414df0f594c668c7f3851c56cb97f', 'system': None}, Network: {'id': '2f5d6dce-35a6-4618-9046-4255176302a4', 'name': 'tempest-ServerActionsTestJSON-281083648-network', 'tenant_id': 'e53dc003575e4fdc98728d8c9468f78f', 'admin_state_up': True, 'mtu': 1458, 'status': 'ACTIVE', 'subnets': [], 'shared': False, 'project_id': 'e53dc003575e4fdc98728d8c9468f78f', 'router:external': False, 'provider:network_type': 'gre', 'provider:physical_network': None, 'provider:segmentation_id': 111, 'is_default': False, 'availability_zone_hints': [], 'availability_zones': [], 'ipv4_address_scope': None, 'ipv6_address_scope': None, 'description': '', 'l2_adjacency': True, 'tags': [], 'created_at': '2021-11-02T13:39:09Z', 'updated_at': '2021-11-02T13:39:09Z', 'revision_number': 1}, Subnet: {'id': '1e815e98-b73c-4928-b19b-ec59ec1f7b40', 'name': 'tempest-ServerActionsTestJSON-281083648-subnet', 'tenant_id': 'e53dc003575e4fdc98728d8c9468f78f', 'network_id': '2f5d6dce-35a6-4618-9046-4255176302a4', 'ip_version': 4, 'subnetpool_id': None, 'enable_dhcp': True, 'ipv6_ra_mode': None, 'ipv6_address_mode': None, 'gateway_ip': '172.16.0.1', 'cidr': '172.16.0.0/28', 'allocation_pools': [{'start': '172.16.0.2', 'end': '172.16.0.14'}], 'host_routes': [], 'dns_nameservers': [], 'description': '', 'service_types': [], 'segment_id': None, 'tags': [], 'created_at': '2021-11-02T13:39:09Z', 'updated_at': '2021-11-02T13:39:09Z', 'revision_number': 0, 'project_id': 'e53dc003575e4fdc98728d8c9468f78f'}, Router: {'id': '37c41360-e54e-4d12-abe5-3114fb62a574', 'name': 'tempest-ServerActionsTestJSON-281083648-router', 'tenant_id': 'e53dc003575e4fdc98728d8c9468f78f', 'admin_state_up': True, 'status': 'ACTIVE', 'external_gateway_info': {'network_id': '38f81d4a-3f5b-45dc-9583-b7f24651398d', 'external_fixed_ips': [{'subnet_id': '988ef44c-8461-4e31-8965-a3e165e79d58', 'ip_address': '10.13.3.157'}], 'enable_snat': True}, 'description': '', 'availability_zones': [], 'distributed': False, 'ha': False, 'availability_zone_hints': [], 'routes': [], 'flavor_id': None, 'tags': [], 'created_at': '2021-11-02T13:39:09Z', 'updated_at': '2021-11-02T13:39:10Z', 'revision_number': 3, 'project_id': 'e53dc003575e4fdc98728d8c9468f78f'}[00m
2021-11-02 13:39:11.840 1234432 INFO tempest.lib.common.rest_client [req-73bd5561-4d3a-42fd-89dc-952e3b2e069b ] Request (GroupsV3TestJSON:test_group_users_add_list_delete): 204 HEAD http://10.13.3.222:35357/v3/groups/487d5d0fd1fc42acab8ece5977b85527/users/f0064a795522490ab1b496bf4c9c0642 0.083s[00m
2021-11-02 13:39:11.910 1234432 INFO tempest.lib.common.rest_client [req-f2586f24-b90e-4a6c-8e50-2db23391984d ] Request (GroupsV3TestJSON:test_group_users_add_list_delete): 204 DELETE http://10.13.3.222:35357/v3/groups/487d5d0fd1fc42acab8ece5977b85527/users/f0064a795522490ab1b496bf4c9c0642 0.069s[00m
2021-11-02 13:39:11.953 1234432 INFO tempest.lib.common.rest_client [req-3798d826-9ea2-4bfb-9072-bd926238c28c ] Request (GroupsV3TestJSON:test_group_users_add_list_delete): 204 HEAD http://10.13.3.222:35357/v3/groups/487d5d0fd1fc42acab8ece5977b85527/users/8abf45e80bd04c24999a9b071070dfc8 0.042s[00m
2021-11-02 13:39:11.982 1234432 INFO tempest.lib.common.rest_client [req-2f31a9d1-495c-40a8-97d7-23d51a875719 ] Request (GroupsV3TestJSON:test_group_users_add_list_delete): 204 DELETE http://10.13.3.222:35357/v3/groups/487d5d0fd1fc42acab8ece5977b85527/users/8abf45e80bd04c24999a9b071070dfc8 0.028s[00m
2021-11-02 13:39:11.999 1234435 INFO tempest.lib.common.rest_client [req-432f01da-9e3f-41ed-8159-e36e89fdf3ca ] Request (ServerActionsTestJSON:setUpClass): 201 POST http://10.13.3.222:5000/v3/auth/tokens 0.282s[00m
2021-11-02 13:39:12.033 1234432 INFO tempest.lib.common.rest_client [req-86419e72-45f0-40d4-8679-ed5dde320100 ] Request (GroupsV3TestJSON:test_group_users_add_list_delete): 200 GET http://10.13.3.222:35357/v3/groups/487d5d0fd1fc42acab8ece5977b85527/users 0.051s[00m
2021-11-02 13:39:12.119 1234432 INFO tempest.lib.common.rest_client [req-07fba71a-3518-4691-a302-6ea173b65794 ] Request (GroupsV3TestJSON:_run_cleanups): 204 DELETE http://10.13.3.222:35357/v3/users/8abf45e80bd04c24999a9b071070dfc8 0.085s[00m
2021-11-02 13:39:12.202 1234432 INFO tempest.lib.common.rest_client [req-bcbc492a-1d6a-46b8-bfc2-6d21c0d6bd39 ] Request (GroupsV3TestJSON:_run_cleanups): 204 DELETE http://10.13.3.222:35357/v3/users/f0064a795522490ab1b496bf4c9c0642 0.082s[00m
2021-11-02 13:39:12.287 1234432 INFO tempest.lib.common.rest_client [req-204a4666-32da-47a3-b372-2635b5eb1104 ] Request (GroupsV3TestJSON:_run_cleanups): 204 DELETE http://10.13.3.222:35357/v3/users/53e1f462b732414982ffddfb31b36687 0.084s[00m
2021-11-02 13:39:12.343 1234432 INFO tempest.lib.common.rest_client [req-1b7d2fb1-b120-4822-84fc-95b2650c34d9 ] Request (GroupsV3TestJSON:_run_cleanups): 204 DELETE http://10.13.3.222:35357/v3/groups/487d5d0fd1fc42acab8ece5977b85527 0.055s[00m
{0} tempest.api.identity.admin.v3.test_groups.GroupsV3TestJSON.test_group_users_add_list_delete [1.765686s] ... ok
2021-11-02 13:39:12.402 1234432 INFO tempest.lib.common.rest_client [req-b38743fe-dc16-4263-8330-d73fc0c40c0a ] Request (GroupsV3TestJSON:tearDownClass): 200 PATCH http://10.13.3.222:35357/v3/domains/1f80ee8fcd934996892880ccd07e4a5c 0.057s[00m
2021-11-02 13:39:12.464 1234435 INFO tempest.lib.common.rest_client [req-92339836-f114-4b02-8c5e-21326ed4db6f ] Request (ServerActionsTestJSON:setUpClass): 200 POST http://10.13.3.234:8774/v2.1/os-keypairs 0.463s[00m
2021-11-02 13:39:12.508 1234432 INFO tempest.lib.common.rest_client [req-d1a147ea-f2e1-4c2c-8aa9-f063a983f999 ] Request (GroupsV3TestJSON:tearDownClass): 204 DELETE http://10.13.3.222:35357/v3/domains/1f80ee8fcd934996892880ccd07e4a5c 0.105s[00m
2021-11-02 13:39:12.632 1234432 INFO tempest.lib.common.rest_client [req-c6708c9b-a6fb-4404-bb5c-af7e3c6b56ef ] Request (GroupsV3TestJSON:tearDownClass): 204 DELETE http://10.13.3.222:35357/v3/users/f48b6c38a0ad4e3783581d0b07bdbf72 0.122s[00m
2021-11-02 13:39:12.659 1234435 INFO tempest.lib.common.rest_client [req-891e5dc5-02dc-48ff-b9ca-14d1aad6e963 ] Request (ServerActionsTestJSON:setUpClass): 201 POST http://10.13.3.238:9696/v2.0/security-groups 0.193s[00m
2021-11-02 13:39:12.726 1234435 INFO tempest.lib.common.rest_client [req-7989a173-2b2f-4058-ab67-ca04bc40a369 ] Request (ServerActionsTestJSON:setUpClass): 201 POST http://10.13.3.238:9696/v2.0/security-group-rules 0.067s[00m
2021-11-02 13:39:12.790 1234435 INFO tempest.lib.common.rest_client [req-f2b38fd9-e977-4da5-bfd7-f7daf0a7d4ca ] Request (ServerActionsTestJSON:setUpClass): 201 POST http://10.13.3.238:9696/v2.0/security-group-rules 0.063s[00m
2021-11-02 13:39:12.896 1234432 INFO tempest.lib.common.rest_client [req-f02d9f08-2ba7-4153-b80f-34aef7fba3fb ] Request (GroupsV3TestJSON:tearDownClass): 201 POST http://10.13.3.222:5000/v3/auth/tokens 0.263s[00m
2021-11-02 13:39:13.092 1234432 INFO tempest.lib.common.rest_client [req-08dc4157-708b-42db-860e-b6ef5ef79ff2 ] Request (GroupsV3TestJSON:tearDownClass): 200 GET http://10.13.3.238:9696/v2.0/security-groups?tenant_id=427302d9346b465b9cc4520b313760e0&name=default 0.195s[00m
2021-11-02 13:39:13.171 1234432 INFO tempest.lib.common.rest_client [req-0e6ffc58-a26a-413e-ab24-941d67abb631 ] Request (GroupsV3TestJSON:tearDownClass): 204 DELETE http://10.13.3.238:9696/v2.0/security-groups/513a1d64-29af-4909-ac9e-27c93d0e50ab 0.078s[00m
2021-11-02 13:39:13.247 1234432 INFO tempest.lib.common.rest_client [req-21ae0ed5-62de-4b7e-87b0-86c2600d8e2b ] Request (GroupsV3TestJSON:tearDownClass): 204 DELETE http://10.13.3.222:35357/v3/projects/427302d9346b465b9cc4520b313760e0 0.075s[00m
2021-11-02 13:39:13.327 1234435 INFO tempest.lib.common.rest_client [req-a4bcaa56-20e5-4ee4-ac0a-7d64682dedf3 ] Request (ServerActionsTestJSON:setUpClass): 201 POST http://10.13.3.238:9696/v2.0/floatingips 0.535s[00m
2021-11-02 13:39:13.343 1234432 INFO tempest.lib.common.rest_client [req-bbe85d2a-6d88-4e93-9e42-cda040f7cb5d ] Request (GroupsV3TestJSON:tearDownClass): 204 DELETE http://10.13.3.222:35357/v3/users/360cebabccf84ddd876854e5dd36f704 0.095s[00m
2021-11-02 13:39:13.430 1234432 INFO tempest.lib.common.rest_client [req-f65c793d-ed6a-4a23-a8d4-4996c8e10c37 ] Request (GroupsV3TestJSON:tearDownClass): 200 GET http://10.13.3.238:9696/v2.0/security-groups?tenant_id=ba9f96f77744418f936cb7a94252d437&name=default 0.087s[00m
2021-11-02 13:39:13.531 1234432 INFO tempest.lib.common.rest_client [req-85c6b353-fb80-4f6b-99e2-5088fabff980 ] Request (GroupsV3TestJSON:tearDownClass): 204 DELETE http://10.13.3.238:9696/v2.0/security-groups/63a9f739-5611-4cbe-9f68-760186474352 0.100s[00m
2021-11-02 13:39:13.613 1234435 INFO tempest.lib.common.rest_client [req-b4323932-e3ce-4a6d-972b-eec2eebbe406 ] Request (ServerActionsTestJSON:setUpClass): 201 POST http://10.13.3.222:5000/v3/auth/tokens 0.273s[00m
2021-11-02 13:39:13.613 1234435 INFO tempest.lib.common.fixed_network [-] (ServerActionsTestJSON:setUpClass) Found network {'id': '2f5d6dce-35a6-4618-9046-4255176302a4', 'name': 'tempest-ServerActionsTestJSON-281083648-network', 'tenant_id': 'e53dc003575e4fdc98728d8c9468f78f', 'admin_state_up': True, 'mtu': 1458, 'status': 'ACTIVE', 'subnets': [], 'shared': False, 'project_id': 'e53dc003575e4fdc98728d8c9468f78f', 'router:external': False, 'provider:network_type': 'gre', 'provider:physical_network': None, 'provider:segmentation_id': 111, 'is_default': False, 'availability_zone_hints': [], 'availability_zones': [], 'ipv4_address_scope': None, 'ipv6_address_scope': None, 'description': '', 'l2_adjacency': True, 'tags': [], 'created_at': '2021-11-02T13:39:09Z', 'updated_at': '2021-11-02T13:39:09Z', 'revision_number': 1} available for tenant[00m
2021-11-02 13:39:13.632 1234432 INFO tempest.lib.common.rest_client [req-8878a2a6-6989-4828-982a-8627a53ed14b ] Request (GroupsV3TestJSON:tearDownClass): 204 DELETE http://10.13.3.222:35357/v3/projects/ba9f96f77744418f936cb7a94252d437 0.100s[00m
2021-11-02 13:39:13.913 1234432 INFO tempest.lib.common.rest_client [req-f0c5d590-1eb8-483d-b631-f29efccfb6ca ] Request (PoliciesTestJSON:setUpClass): 201 POST http://10.13.3.222:5000/v3/auth/tokens 0.278s[00m
2021-11-02 13:39:14.072 1234435 INFO tempest.lib.common.rest_client [req-06f2dd7c-26af-4eac-87d8-06642bf893ad ] Request (ServerActionsTestJSON:setUpClass): 202 POST http://10.13.3.234:8774/v2.1/servers 0.458s[00m
2021-11-02 13:39:14.140 1234435 INFO tempest.lib.common.rest_client [req-a64b4269-503f-4abf-9234-c3b1b0039da2 ] Request (ServerActionsTestJSON:setUpClass): 200 GET http://10.13.3.234:8774/v2.1/servers/84b7d3fb-48cc-4123-8558-4bebf0a95292 0.065s[00m
2021-11-02 13:39:14.170 1234432 INFO tempest.lib.common.rest_client [req-775d2732-5c9e-442c-8942-6dd277d25339 ] Request (PoliciesTestJSON:setUpClass): 201 POST http://10.13.3.222:5000/v3/auth/tokens 0.252s[00m
2021-11-02 13:39:14.196 1234432 INFO tempest.lib.common.rest_client [req-c46a7cda-3185-4bec-8605-7fdd5c5c0202 ] Request (PoliciesTestJSON:setUpClass): 200 GET http://10.13.3.222:35357/v3/domains?name=admin_domain 0.025s[00m
2021-11-02 13:39:14.229 1234432 INFO tempest.lib.common.rest_client [req-1468026d-a666-4469-8c08-7bce5ab8304f ] Request (PoliciesTestJSON:setUpClass): 201 POST http://10.13.3.222:35357/v3/projects 0.032s[00m
2021-11-02 13:39:14.502 1234432 INFO tempest.lib.common.rest_client [req-08bc1737-ab1a-4181-bf19-150109dadcd3 ] Request (PoliciesTestJSON:setUpClass): 201 POST http://10.13.3.222:35357/v3/users 0.272s[00m
2021-11-02 13:39:14.533 1234432 INFO tempest.lib.common.rest_client [req-b935297b-ab14-4f55-826f-3cf7a7937197 ] Request (PoliciesTestJSON:setUpClass): 200 GET http://10.13.3.222:35357/v3/roles 0.031s[00m
2021-11-02 13:39:14.560 1234432 INFO tempest.lib.common.rest_client [req-0997dc52-ef3b-4fa2-b310-2639802add55 ] Request (PoliciesTestJSON:setUpClass): 200 GET http://10.13.3.222:35357/v3/roles 0.026s[00m
2021-11-02 13:39:14.594 1234432 INFO tempest.lib.common.rest_client [req-cd8c06a9-4a74-41e0-9203-01067f8d10af ] Request (PoliciesTestJSON:setUpClass): 204 PUT http://10.13.3.222:35357/v3/projects/af34e29ead5f427abaeac6363bce29e0/users/8de0841c3b9a4603af82db68c7b88d2c/roles/0ffebd3a3cd54785b379940a7947ce47 0.033s[00m
2021-11-02 13:39:14.595 1234432 INFO tempest.lib.common.dynamic_creds [-] Dynamic test user 8de0841c3b9a4603af82db68c7b88d2c is created with scope project and roles: ['member'][00m
2021-11-02 13:39:14.595 1234432 INFO tempest.lib.common.dynamic_creds [-] Acquired dynamic creds:
 credentials: Credentials: {'domain_id': '72a0f84e587f4b1a8dc42ce28df145ab', 'domain_name': 'admin_domain', 'username': 'tempest-PoliciesTestJSON-1727834415-project', 'project_domain_id': '72a0f84e587f4b1a8dc42ce28df145ab', 'project_domain_name': 'admin_domain', 'project_id': 'af34e29ead5f427abaeac6363bce29e0', 'project_name': 'tempest-PoliciesTestJSON-1727834415', 'tenant_id': 'af34e29ead5f427abaeac6363bce29e0', 'tenant_name': 'tempest-PoliciesTestJSON-1727834415', 'user_domain_id': '72a0f84e587f4b1a8dc42ce28df145ab', 'user_domain_name': 'admin_domain', 'user_id': '8de0841c3b9a4603af82db68c7b88d2c', 'system': None}, Network: None, Subnet: None, Router: None[00m
2021-11-02 13:39:14.595 1234432 INFO tempest.lib.common.dynamic_creds [-] Created isolated network resources for:
 credentials: Credentials: {'domain_id': '72a0f84e587f4b1a8dc42ce28df145ab', 'domain_name': 'admin_domain', 'username': 'tempest-PoliciesTestJSON-1727834415-project', 'project_domain_id': '72a0f84e587f4b1a8dc42ce28df145ab', 'project_domain_name': 'admin_domain', 'project_id': 'af34e29ead5f427abaeac6363bce29e0', 'project_name': 'tempest-PoliciesTestJSON-1727834415', 'tenant_id': 'af34e29ead5f427abaeac6363bce29e0', 'tenant_name': 'tempest-PoliciesTestJSON-1727834415', 'user_domain_id': '72a0f84e587f4b1a8dc42ce28df145ab', 'user_domain_name': 'admin_domain', 'user_id': '8de0841c3b9a4603af82db68c7b88d2c', 'system': None}, Network: None, Subnet: None, Router: None[00m
2021-11-02 13:39:14.880 1234432 INFO tempest.lib.common.rest_client [req-fb8ac6fa-03a5-4530-b88f-730fcc03fc74 ] Request (PoliciesTestJSON:setUpClass): 201 POST http://10.13.3.222:5000/v3/auth/tokens 0.278s[00m
2021-11-02 13:39:14.938 1234432 INFO tempest.lib.common.rest_client [req-c9727ea1-f0a3-4aa1-b889-80e75246ad3f ] Request (PoliciesTestJSON:setUpClass): 201 POST http://10.13.3.222:35357/v3/projects 0.057s[00m
2021-11-02 13:39:15.206 1234432 INFO tempest.lib.common.rest_client [req-44ac814c-b63e-49f4-83c0-15c5d7c1b18d ] Request (PoliciesTestJSON:setUpClass): 201 POST http://10.13.3.222:35357/v3/users 0.267s[00m
2021-11-02 13:39:15.229 1234432 INFO tempest.lib.common.rest_client [req-001caea5-e774-40f0-a099-dd03fdd3e7dc ] Request (PoliciesTestJSON:setUpClass): 200 GET http://10.13.3.222:35357/v3/roles 0.021s[00m
2021-11-02 13:39:15.263 1234432 INFO tempest.lib.common.rest_client [req-f847b668-56fa-40bd-92a9-be2177fa3a0c ] Request (PoliciesTestJSON:setUpClass): 204 PUT http://10.13.3.222:35357/v3/projects/cc7f070e9b0f424ea55bf122e483e342/users/ca09a127881047f392a89908ead591da/roles/d25cb003b1c04e4dbe7aeb77060956f1 0.034s[00m
2021-11-02 13:39:15.312 1234432 INFO tempest.lib.common.rest_client [req-223dcbaf-1061-42dd-9449-9136e7f0ac0f ] Request (PoliciesTestJSON:setUpClass): 200 GET http://10.13.3.222:35357/v3/roles 0.049s[00m
2021-11-02 13:39:15.318 1234435 INFO tempest.lib.common.rest_client [req-a17e70d0-0adf-466d-872d-c86515252076 ] Request (ServerActionsTestJSON:setUpClass): 200 GET http://10.13.3.234:8774/v2.1/servers/84b7d3fb-48cc-4123-8558-4bebf0a95292 0.168s[00m
2021-11-02 13:39:15.325 1234435 INFO tempest.common.waiters [-] State transition "BUILD/scheduling" ==> "BUILD/spawning" after 1 second wait[00m
2021-11-02 13:39:15.336 1234432 INFO tempest.lib.common.rest_client [req-830c18c3-9c60-454c-bf9e-5162f0fa05d1 ] Request (PoliciesTestJSON:setUpClass): 204 PUT http://10.13.3.222:35357/v3/domains/72a0f84e587f4b1a8dc42ce28df145ab/users/ca09a127881047f392a89908ead591da/roles/d25cb003b1c04e4dbe7aeb77060956f1 0.023s[00m
2021-11-02 13:39:15.394 1234432 INFO tempest.lib.common.rest_client [req-3d7654b4-0271-49b4-969b-9b6c96de2fc6 ] Request (PoliciesTestJSON:setUpClass): 200 GET http://10.13.3.222:35357/v3/roles 0.057s[00m
2021-11-02 13:39:15.413 1234432 INFO tempest.lib.common.rest_client [req-ee14a0f4-abce-4386-8274-f9981a946ba5 ] Request (PoliciesTestJSON:setUpClass): 204 PUT http://10.13.3.222:35357/v3/projects/cc7f070e9b0f424ea55bf122e483e342/users/ca09a127881047f392a89908ead591da/roles/d25cb003b1c04e4dbe7aeb77060956f1 0.019s[00m
2021-11-02 13:39:15.414 1234432 INFO tempest.lib.common.dynamic_creds [-] Dynamic test user ca09a127881047f392a89908ead591da is created with scope project and roles: ['Admin'][00m
2021-11-02 13:39:15.414 1234432 INFO tempest.lib.common.dynamic_creds [-] Acquired dynamic creds:
 credentials: Credentials: {'domain_id': '72a0f84e587f4b1a8dc42ce28df145ab', 'domain_name': 'admin_domain', 'username': 'tempest-PoliciesTestJSON-159200772-project-admin', 'project_domain_id': '72a0f84e587f4b1a8dc42ce28df145ab', 'project_domain_name': 'admin_domain', 'project_id': 'cc7f070e9b0f424ea55bf122e483e342', 'project_name': 'tempest-PoliciesTestJSON-159200772', 'tenant_id': 'cc7f070e9b0f424ea55bf122e483e342', 'tenant_name': 'tempest-PoliciesTestJSON-159200772', 'user_domain_id': '72a0f84e587f4b1a8dc42ce28df145ab', 'user_domain_name': 'admin_domain', 'user_id': 'ca09a127881047f392a89908ead591da', 'system': None}, Network: None, Subnet: None, Router: None[00m
2021-11-02 13:39:15.414 1234432 INFO tempest.lib.common.dynamic_creds [-] Created isolated network resources for:
 credentials: Credentials: {'domain_id': '72a0f84e587f4b1a8dc42ce28df145ab', 'domain_name': 'admin_domain', 'username': 'tempest-PoliciesTestJSON-159200772-project-admin', 'project_domain_id': '72a0f84e587f4b1a8dc42ce28df145ab', 'project_domain_name': 'admin_domain', 'project_id': 'cc7f070e9b0f424ea55bf122e483e342', 'project_name': 'tempest-PoliciesTestJSON-159200772', 'tenant_id': 'cc7f070e9b0f424ea55bf122e483e342', 'tenant_name': 'tempest-PoliciesTestJSON-159200772', 'user_domain_id': '72a0f84e587f4b1a8dc42ce28df145ab', 'user_domain_name': 'admin_domain', 'user_id': 'ca09a127881047f392a89908ead591da', 'system': None}, Network: None, Subnet: None, Router: None[00m
2021-11-02 13:39:15.721 1234432 INFO tempest.lib.common.rest_client [req-f40a8f54-f54d-4e57-9469-d9e47795a7a1 ] Request (PoliciesTestJSON:setUpClass): 201 POST http://10.13.3.222:5000/v3/auth/tokens 0.300s[00m
2021-11-02 13:39:15.999 1234432 INFO tempest.lib.common.rest_client [req-f5a3ff76-b18a-4ccd-9368-db8090946f3a ] Request (PoliciesTestJSON:test_create_update_delete_policy): 201 POST http://10.13.3.222:5000/v3/auth/tokens 0.277s[00m
2021-11-02 13:39:16.056 1234432 INFO tempest.lib.common.rest_client [req-9b82a529-f990-4361-a7ef-2a87cbd45fe1 ] Request (PoliciesTestJSON:test_create_update_delete_policy): 201 POST http://10.13.3.222:35357/v3/policies 0.056s[00m
2021-11-02 13:39:16.094 1234432 INFO tempest.lib.common.rest_client [req-784aae18-21de-4c88-8730-5e31e8c590cb ] Request (PoliciesTestJSON:test_create_update_delete_policy): 200 PATCH http://10.13.3.222:35357/v3/policies/36177536ab614663b898bed90de86dd5 0.036s[00m
2021-11-02 13:39:16.131 1234432 INFO tempest.lib.common.rest_client [req-16f6b634-f195-4eaa-967c-0850a0e3b9f4 ] Request (PoliciesTestJSON:test_create_update_delete_policy): 200 GET http://10.13.3.222:35357/v3/policies/36177536ab614663b898bed90de86dd5 0.037s[00m
2021-11-02 13:39:16.167 1234432 INFO tempest.lib.common.rest_client [req-1f458733-eb25-49b2-a462-9b57367224ab ] Request (PoliciesTestJSON:_run_cleanups): 204 DELETE http://10.13.3.222:35357/v3/policies/36177536ab614663b898bed90de86dd5 0.035s[00m
{0} tempest.api.identity.admin.v3.test_policies.PoliciesTestJSON.test_create_update_delete_policy [0.445881s] ... ok
2021-11-02 13:39:16.273 1234432 INFO tempest.lib.common.rest_client [req-f891d870-ba32-4b83-9914-1ccb7c5db6aa ] Request (PoliciesTestJSON:tearDownClass): 204 DELETE http://10.13.3.222:35357/v3/users/8de0841c3b9a4603af82db68c7b88d2c 0.105s[00m
2021-11-02 13:39:16.445 1234435 INFO tempest.lib.common.rest_client [req-905bbd8e-bce0-45cf-9325-f62f4a31a2d9 ] Request (ServerActionsTestJSON:setUpClass): 200 GET http://10.13.3.234:8774/v2.1/servers/84b7d3fb-48cc-4123-8558-4bebf0a95292 0.112s[00m
2021-11-02 13:39:16.542 1234432 INFO tempest.lib.common.rest_client [req-4f0ddd39-8766-47cc-ab03-4e79bce175e1 ] Request (PoliciesTestJSON:tearDownClass): 201 POST http://10.13.3.222:5000/v3/auth/tokens 0.268s[00m
2021-11-02 13:39:16.700 1234432 INFO tempest.lib.common.rest_client [req-1de506f7-e63a-41a3-949f-ce7efd124da6 ] Request (PoliciesTestJSON:tearDownClass): 200 GET http://10.13.3.238:9696/v2.0/security-groups?tenant_id=af34e29ead5f427abaeac6363bce29e0&name=default 0.157s[00m
2021-11-02 13:39:16.785 1234432 INFO tempest.lib.common.rest_client [req-63749722-ff1e-47a5-8a3a-df6767c47719 ] Request (PoliciesTestJSON:tearDownClass): 204 DELETE http://10.13.3.238:9696/v2.0/security-groups/8847facb-f501-430e-9bf1-04cd1b2e7bbd 0.084s[00m
2021-11-02 13:39:16.890 1234432 INFO tempest.lib.common.rest_client [req-c957156a-a70b-44df-a80f-ab4c1ab52d3e ] Request (PoliciesTestJSON:tearDownClass): 204 DELETE http://10.13.3.222:35357/v3/projects/af34e29ead5f427abaeac6363bce29e0 0.104s[00m
2021-11-02 13:39:17.004 1234432 INFO tempest.lib.common.rest_client [req-5b7d4407-42c6-4abc-a8c2-f2aecf3473d9 ] Request (PoliciesTestJSON:tearDownClass): 204 DELETE http://10.13.3.222:35357/v3/users/ca09a127881047f392a89908ead591da 0.114s[00m
2021-11-02 13:39:17.089 1234432 INFO tempest.lib.common.rest_client [req-e5350441-fb21-4251-9aff-a3f0a4fb0ef9 ] Request (PoliciesTestJSON:tearDownClass): 200 GET http://10.13.3.238:9696/v2.0/security-groups?tenant_id=cc7f070e9b0f424ea55bf122e483e342&name=default 0.083s[00m
2021-11-02 13:39:17.180 1234432 INFO tempest.lib.common.rest_client [req-ef41ca07-b5bc-45ea-9386-7a6b665affeb ] Request (PoliciesTestJSON:tearDownClass): 204 DELETE http://10.13.3.238:9696/v2.0/security-groups/0e866379-70ae-480f-b36d-6b72bc0195cf 0.091s[00m
2021-11-02 13:39:17.285 1234432 INFO tempest.lib.common.rest_client [req-4f3b0578-63c6-4491-9789-9433acbc068d ] Request (PoliciesTestJSON:tearDownClass): 204 DELETE http://10.13.3.222:35357/v3/projects/cc7f070e9b0f424ea55bf122e483e342 0.104s[00m
2021-11-02 13:39:17.566 1234435 INFO tempest.lib.common.rest_client [req-efa4e285-b38d-4a91-b136-8bc51ac63351 ] Request (ServerActionsTestJSON:setUpClass): 200 GET http://10.13.3.234:8774/v2.1/servers/84b7d3fb-48cc-4123-8558-4bebf0a95292 0.108s[00m
2021-11-02 13:39:17.573 1234435 INFO tempest.common.waiters [-] State transition "BUILD/spawning" ==> "ACTIVE/None" after 3 second wait[00m
2021-11-02 13:39:17.596 1234432 INFO tempest.lib.common.rest_client [req-cec0037f-7fc2-469a-8a60-0866f094ad8f ] Request (RegionsTestJSON:setUpClass): 201 POST http://10.13.3.222:5000/v3/auth/tokens 0.309s[00m
2021-11-02 13:39:17.680 1234435 INFO tempest.lib.common.rest_client [req-98b2039a-e1c3-483e-abf5-f522cf0160f8 ] Request (ServerActionsTestJSON:setUpClass): 200 GET http://10.13.3.234:8774/v2.1/servers/84b7d3fb-48cc-4123-8558-4bebf0a95292/os-interface 0.106s[00m
2021-11-02 13:39:17.877 1234432 INFO tempest.lib.common.rest_client [req-75bbb29b-48cc-4510-a4b3-15868c2f7cf9 ] Request (RegionsTestJSON:setUpClass): 201 POST http://10.13.3.222:5000/v3/auth/tokens 0.277s[00m
2021-11-02 13:39:17.910 1234432 INFO tempest.lib.common.rest_client [req-cf8842d2-78cf-4d96-9545-c4f92ac9ac6a ] Request (RegionsTestJSON:setUpClass): 200 GET http://10.13.3.222:35357/v3/domains?name=admin_domain 0.033s[00m
2021-11-02 13:39:17.962 1234432 INFO tempest.lib.common.rest_client [req-b82afded-0647-4ad8-9d9a-758142f84ce3 ] Request (RegionsTestJSON:setUpClass): 201 POST http://10.13.3.222:35357/v3/projects 0.050s[00m
2021-11-02 13:39:18.245 1234432 INFO tempest.lib.common.rest_client [req-507ce067-5749-45a6-895b-fe88c943709a ] Request (RegionsTestJSON:setUpClass): 201 POST http://10.13.3.222:35357/v3/users 0.282s[00m
2021-11-02 13:39:18.266 1234432 INFO tempest.lib.common.rest_client [req-2dd4cba5-1460-4d1e-8b61-b5cd7261064c ] Request (RegionsTestJSON:setUpClass): 200 GET http://10.13.3.222:35357/v3/roles 0.020s[00m
2021-11-02 13:39:18.307 1234432 INFO tempest.lib.common.rest_client [req-e108e985-d204-4f46-8c64-99cd5a9413cc ] Request (RegionsTestJSON:setUpClass): 200 GET http://10.13.3.222:35357/v3/roles 0.040s[00m
2021-11-02 13:39:18.371 1234435 INFO tempest.lib.common.rest_client [req-2b1395c5-b28a-425b-95f7-db9ddaedf0b8 ] Request (ServerActionsTestJSON:setUpClass): 200 PUT http://10.13.3.238:9696/v2.0/floatingips/33e16fd1-4996-4f5a-bf9b-87f17f1865ca 0.688s[00m
2021-11-02 13:39:18.349 1234432 INFO tempest.lib.common.rest_client [req-c1f9360c-ed16-46c3-a798-a6158bf98926 ] Request (RegionsTestJSON:setUpClass): 204 PUT http://10.13.3.222:35357/v3/projects/6712fe3b1df041be8cac4a5f1d2087f2/users/26690442288144ea8d925f989dadef2f/roles/0ffebd3a3cd54785b379940a7947ce47 0.041s[00m
2021-11-02 13:39:18.349 1234432 INFO tempest.lib.common.dynamic_creds [-] Dynamic test user 26690442288144ea8d925f989dadef2f is created with scope project and roles: ['member'][00m
2021-11-02 13:39:18.350 1234432 INFO tempest.lib.common.dynamic_creds [-] Acquired dynamic creds:
 credentials: Credentials: {'domain_id': '72a0f84e587f4b1a8dc42ce28df145ab', 'domain_name': 'admin_domain', 'username': 'tempest-RegionsTestJSON-1031108278-project', 'project_domain_id': '72a0f84e587f4b1a8dc42ce28df145ab', 'project_domain_name': 'admin_domain', 'project_id': '6712fe3b1df041be8cac4a5f1d2087f2', 'project_name': 'tempest-RegionsTestJSON-1031108278', 'tenant_id': '6712fe3b1df041be8cac4a5f1d2087f2', 'tenant_name': 'tempest-RegionsTestJSON-1031108278', 'user_domain_id': '72a0f84e587f4b1a8dc42ce28df145ab', 'user_domain_name': 'admin_domain', 'user_id': '26690442288144ea8d925f989dadef2f', 'system': None}, Network: None, Subnet: None, Router: None[00m
2021-11-02 13:39:18.350 1234432 INFO tempest.lib.common.dynamic_creds [-] Created isolated network resources for:
 credentials: Credentials: {'domain_id': '72a0f84e587f4b1a8dc42ce28df145ab', 'domain_name': 'admin_domain', 'username': 'tempest-RegionsTestJSON-1031108278-project', 'project_domain_id': '72a0f84e587f4b1a8dc42ce28df145ab', 'project_domain_name': 'admin_domain', 'project_id': '6712fe3b1df041be8cac4a5f1d2087f2', 'project_name': 'tempest-RegionsTestJSON-1031108278', 'tenant_id': '6712fe3b1df041be8cac4a5f1d2087f2', 'tenant_name': 'tempest-RegionsTestJSON-1031108278', 'user_domain_id': '72a0f84e587f4b1a8dc42ce28df145ab', 'user_domain_name': 'admin_domain', 'user_id': '26690442288144ea8d925f989dadef2f', 'system': None}, Network: None, Subnet: None, Router: None[00m
2021-11-02 13:39:18.525 1234435 INFO tempest.lib.common.rest_client [req-5618c98c-05f6-4e56-a87a-c3504e87fa53 ] Request (ServerActionsTestJSON:setUp): 200 GET http://10.13.3.234:8774/v2.1/servers/84b7d3fb-48cc-4123-8558-4bebf0a95292 0.152s[00m
2021-11-02 13:39:18.654 1234432 INFO tempest.lib.common.rest_client [req-67960781-661b-4882-b68d-91c5c0cb5886 ] Request (RegionsTestJSON:setUpClass): 201 POST http://10.13.3.222:5000/v3/auth/tokens 0.298s[00m
2021-11-02 13:39:18.687 1234435 INFO tempest.lib.common.rest_client [req-b379338d-75a2-4108-b726-3e7234f44352 ] Request (ServerActionsTestJSON:test_reboot_server_hard): 200 GET http://10.13.3.234:8774/v2.1/servers/84b7d3fb-48cc-4123-8558-4bebf0a95292 0.154s[00m
2021-11-02 13:39:18.706 1234435 INFO tempest.lib.common.ssh [-] Creating ssh connection to '10.13.3.179:22' as 'ubuntu' with public key authentication[00m
2021-11-02 13:39:18.724 1234432 INFO tempest.lib.common.rest_client [req-a0b7bd62-b6c2-4ec4-8b28-69986536eae4 ] Request (RegionsTestJSON:setUpClass): 201 POST http://10.13.3.222:35357/v3/projects 0.069s[00m
2021-11-02 13:39:19.001 1234432 INFO tempest.lib.common.rest_client [req-2ad9572b-a2ae-4f94-a0f9-c26b0d791e5f ] Request (RegionsTestJSON:setUpClass): 201 POST http://10.13.3.222:35357/v3/users 0.276s[00m
2021-11-02 13:39:19.042 1234432 INFO tempest.lib.common.rest_client [req-a86ed913-2435-4adb-9230-e3d05aa92888 ] Request (RegionsTestJSON:setUpClass): 200 GET http://10.13.3.222:35357/v3/roles 0.041s[00m
2021-11-02 13:39:19.098 1234432 INFO tempest.lib.common.rest_client [req-4ac7630c-79d3-440d-9325-019f112c85a5 ] Request (RegionsTestJSON:setUpClass): 204 PUT http://10.13.3.222:35357/v3/projects/8486f40e3ce6458fbf891db5ee914955/users/c237cc337a1c43b5bc41f4e6d222b1a2/roles/d25cb003b1c04e4dbe7aeb77060956f1 0.055s[00m
2021-11-02 13:39:19.189 1234432 INFO tempest.lib.common.rest_client [req-b33b20f9-e097-44eb-8214-09c13ed334eb ] Request (RegionsTestJSON:setUpClass): 200 GET http://10.13.3.222:35357/v3/roles 0.090s[00m
2021-11-02 13:39:19.220 1234432 INFO tempest.lib.common.rest_client [req-063c5339-4500-45ec-8a85-d90716d00e91 ] Request (RegionsTestJSON:setUpClass): 204 PUT http://10.13.3.222:35357/v3/domains/72a0f84e587f4b1a8dc42ce28df145ab/users/c237cc337a1c43b5bc41f4e6d222b1a2/roles/d25cb003b1c04e4dbe7aeb77060956f1 0.031s[00m
2021-11-02 13:39:19.272 1234432 INFO tempest.lib.common.rest_client [req-db9e6b9e-53f9-4543-88bb-b14849988c99 ] Request (RegionsTestJSON:setUpClass): 200 GET http://10.13.3.222:35357/v3/roles 0.051s[00m
2021-11-02 13:39:19.294 1234432 INFO tempest.lib.common.rest_client [req-c7134747-d7c4-41b0-9c7c-03ee05b81835 ] Request (RegionsTestJSON:setUpClass): 204 PUT http://10.13.3.222:35357/v3/projects/8486f40e3ce6458fbf891db5ee914955/users/c237cc337a1c43b5bc41f4e6d222b1a2/roles/d25cb003b1c04e4dbe7aeb77060956f1 0.021s[00m
2021-11-02 13:39:19.294 1234432 INFO tempest.lib.common.dynamic_creds [-] Dynamic test user c237cc337a1c43b5bc41f4e6d222b1a2 is created with scope project and roles: ['Admin'][00m
2021-11-02 13:39:19.295 1234432 INFO tempest.lib.common.dynamic_creds [-] Acquired dynamic creds:
 credentials: Credentials: {'domain_id': '72a0f84e587f4b1a8dc42ce28df145ab', 'domain_name': 'admin_domain', 'username': 'tempest-RegionsTestJSON-1163323242-project-admin', 'project_domain_id': '72a0f84e587f4b1a8dc42ce28df145ab', 'project_domain_name': 'admin_domain', 'project_id': '8486f40e3ce6458fbf891db5ee914955', 'project_name': 'tempest-RegionsTestJSON-1163323242', 'tenant_id': '8486f40e3ce6458fbf891db5ee914955', 'tenant_name': 'tempest-RegionsTestJSON-1163323242', 'user_domain_id': '72a0f84e587f4b1a8dc42ce28df145ab', 'user_domain_name': 'admin_domain', 'user_id': 'c237cc337a1c43b5bc41f4e6d222b1a2', 'system': None}, Network: None, Subnet: None, Router: None[00m
2021-11-02 13:39:19.295 1234432 INFO tempest.lib.common.dynamic_creds [-] Created isolated network resources for:
 credentials: Credentials: {'domain_id': '72a0f84e587f4b1a8dc42ce28df145ab', 'domain_name': 'admin_domain', 'username': 'tempest-RegionsTestJSON-1163323242-project-admin', 'project_domain_id': '72a0f84e587f4b1a8dc42ce28df145ab', 'project_domain_name': 'admin_domain', 'project_id': '8486f40e3ce6458fbf891db5ee914955', 'project_name': 'tempest-RegionsTestJSON-1163323242', 'tenant_id': '8486f40e3ce6458fbf891db5ee914955', 'tenant_name': 'tempest-RegionsTestJSON-1163323242', 'user_domain_id': '72a0f84e587f4b1a8dc42ce28df145ab', 'user_domain_name': 'admin_domain', 'user_id': 'c237cc337a1c43b5bc41f4e6d222b1a2', 'system': None}, Network: None, Subnet: None, Router: None[00m
2021-11-02 13:39:19.581 1234432 INFO tempest.lib.common.rest_client [req-f7ab52e4-9742-4519-b704-130c39554b9c ] Request (RegionsTestJSON:setUpClass): 201 POST http://10.13.3.222:5000/v3/auth/tokens 0.280s[00m
2021-11-02 13:39:19.834 1234432 INFO tempest.lib.common.rest_client [req-8d68dcc6-f184-4863-92f2-57296bb7eb66 ] Request (RegionsTestJSON:setUpClass): 201 POST http://10.13.3.222:5000/v3/auth/tokens 0.252s[00m
2021-11-02 13:39:19.878 1234432 INFO tempest.lib.common.rest_client [req-af8bc486-7d28-45bb-bf30-e2c4e50e5183 ] Request (RegionsTestJSON:setUpClass): 201 POST http://10.13.3.222:35357/v3/regions 0.043s[00m
2021-11-02 13:39:19.916 1234432 INFO tempest.lib.common.rest_client [req-80fe2eb3-3cd0-4210-b065-d28e5cdf54b2 ] Request (RegionsTestJSON:setUpClass): 201 POST http://10.13.3.222:35357/v3/regions 0.037s[00m
2021-11-02 13:39:19.968 1234432 INFO tempest.lib.common.rest_client [req-5da206dd-2eb0-4a48-a070-331e2efc322d ] Request (RegionsTestJSON:test_create_region_with_specific_id): 201 PUT http://10.13.3.222:35357/v3/regions/482a05b0-df27-456d-b345-8a704fb63830 0.050s[00m
2021-11-02 13:39:19.997 1234432 INFO tempest.lib.common.rest_client [req-909d75cf-594d-4bd5-894e-08b0745a1ff0 ] Request (RegionsTestJSON:_run_cleanups): 204 DELETE http://10.13.3.222:35357/v3/regions/482a05b0-df27-456d-b345-8a704fb63830 0.028s[00m
{0} tempest.api.identity.admin.v3.test_regions.RegionsTestJSON.test_create_region_with_specific_id [0.080875s] ... ok
2021-11-02 13:39:20.042 1234432 INFO tempest.lib.common.rest_client [req-c4c87a2f-5d17-4ff0-b996-dcb5f64085ef ] Request (RegionsTestJSON:tearDownClass): 204 DELETE http://10.13.3.222:35357/v3/regions/fe11a25bcfc04bc9a21edec056c74bef 0.044s[00m
2021-11-02 13:39:20.077 1234432 INFO tempest.lib.common.rest_client [req-9fc6bd81-355d-44b6-938f-9a9d35f3d962 ] Request (RegionsTestJSON:tearDownClass): 204 DELETE http://10.13.3.222:35357/v3/regions/b52abc13646c4c80a69bf0df5a3ee2c4 0.034s[00m
2021-11-02 13:39:20.185 1234432 INFO tempest.lib.common.rest_client [req-71054b11-047e-4f13-8d53-a59f6fa0482f ] Request (RegionsTestJSON:tearDownClass): 204 DELETE http://10.13.3.222:35357/v3/users/26690442288144ea8d925f989dadef2f 0.107s[00m
2021-11-02 13:39:20.449 1234432 INFO tempest.lib.common.rest_client [req-5bf5a8af-7de2-4aac-be91-a2850f548f70 ] Request (RegionsTestJSON:tearDownClass): 201 POST http://10.13.3.222:5000/v3/auth/tokens 0.264s[00m
2021-11-02 13:39:20.629 1234432 INFO tempest.lib.common.rest_client [req-bc49b8f1-1194-416d-8480-123dc0f44c7f ] Request (RegionsTestJSON:tearDownClass): 200 GET http://10.13.3.238:9696/v2.0/security-groups?tenant_id=6712fe3b1df041be8cac4a5f1d2087f2&name=default 0.179s[00m
2021-11-02 13:39:20.701 1234432 INFO tempest.lib.common.rest_client [req-feaae9d8-24cd-4bd8-81b6-21e61ae3efc3 ] Request (RegionsTestJSON:tearDownClass): 204 DELETE http://10.13.3.238:9696/v2.0/security-groups/7cea9807-4e08-4703-9cf4-a590278eba69 0.071s[00m
2021-11-02 13:39:20.759 1234432 INFO tempest.lib.common.rest_client [req-81b009f1-2ad2-4c10-8616-73a105f2d0b1 ] Request (RegionsTestJSON:tearDownClass): 204 DELETE http://10.13.3.222:35357/v3/projects/6712fe3b1df041be8cac4a5f1d2087f2 0.057s[00m
2021-11-02 13:39:20.845 1234432 INFO tempest.lib.common.rest_client [req-2c513148-6853-485d-88c8-1a8d2319d010 ] Request (RegionsTestJSON:tearDownClass): 204 DELETE http://10.13.3.222:35357/v3/users/c237cc337a1c43b5bc41f4e6d222b1a2 0.086s[00m
2021-11-02 13:39:20.921 1234432 INFO tempest.lib.common.rest_client [req-cf2e0578-dfd8-42da-9c37-72c1f8dd640a ] Request (RegionsTestJSON:tearDownClass): 200 GET http://10.13.3.238:9696/v2.0/security-groups?tenant_id=8486f40e3ce6458fbf891db5ee914955&name=default 0.075s[00m
2021-11-02 13:39:21.004 1234432 INFO tempest.lib.common.rest_client [req-711b8491-3b6b-444f-afd0-e5d9cde479f4 ] Request (RegionsTestJSON:tearDownClass): 204 DELETE http://10.13.3.238:9696/v2.0/security-groups/0ddbaa42-8e49-4ca1-9b12-7511952d195f 0.082s[00m
2021-11-02 13:39:21.093 1234432 INFO tempest.lib.common.rest_client [req-50c57b70-cadb-4e76-865a-197572a6747b ] Request (RegionsTestJSON:tearDownClass): 204 DELETE http://10.13.3.222:35357/v3/projects/8486f40e3ce6458fbf891db5ee914955 0.087s[00m
2021-11-02 13:39:21.358 1234432 INFO tempest.lib.common.rest_client [req-0e341d66-9433-4071-bef0-801ec68eb47a ] Request (RolesV3TestJSON:setUpClass): 201 POST http://10.13.3.222:5000/v3/auth/tokens 0.264s[00m
2021-11-02 13:39:21.597 1234432 INFO tempest.lib.common.rest_client [req-c335e886-bceb-4292-ab8a-f46e698dec17 ] Request (RolesV3TestJSON:setUpClass): 201 POST http://10.13.3.222:5000/v3/auth/tokens 0.234s[00m
2021-11-02 13:39:21.620 1234432 INFO tempest.lib.common.rest_client [req-d625fac3-ecc9-4094-9919-c54d1d6c4fc0 ] Request (RolesV3TestJSON:setUpClass): 200 GET http://10.13.3.222:35357/v3/domains?name=admin_domain 0.022s[00m
2021-11-02 13:39:21.650 1234432 INFO tempest.lib.common.rest_client [req-236e2822-6443-4487-a543-2f5fee373631 ] Request (RolesV3TestJSON:setUpClass): 201 POST http://10.13.3.222:35357/v3/projects 0.030s[00m
2021-11-02 13:39:21.918 1234432 INFO tempest.lib.common.rest_client [req-01c36be5-7b70-49c9-a745-ee593cd31357 ] Request (RolesV3TestJSON:setUpClass): 201 POST http://10.13.3.222:35357/v3/users 0.266s[00m
2021-11-02 13:39:21.940 1234432 INFO tempest.lib.common.rest_client [req-0cf13cb6-92d8-4676-8cee-2cb2dac86ab7 ] Request (RolesV3TestJSON:setUpClass): 200 GET http://10.13.3.222:35357/v3/roles 0.022s[00m
2021-11-02 13:39:21.969 1234432 INFO tempest.lib.common.rest_client [req-983c6a5c-84f5-4d86-bd03-46dbf38bd06f ] Request (RolesV3TestJSON:setUpClass): 200 GET http://10.13.3.222:35357/v3/roles 0.028s[00m
2021-11-02 13:39:22.001 1234432 INFO tempest.lib.common.rest_client [req-3631dfa5-364a-4a28-98ed-eadbf6cc355c ] Request (RolesV3TestJSON:setUpClass): 204 PUT http://10.13.3.222:35357/v3/projects/a2dec72eadd743aa84c149439c0c5c47/users/e2d3c0a88b344430964618ac4f135176/roles/0ffebd3a3cd54785b379940a7947ce47 0.032s[00m
2021-11-02 13:39:22.001 1234432 INFO tempest.lib.common.dynamic_creds [-] Dynamic test user e2d3c0a88b344430964618ac4f135176 is created with scope project and roles: ['member'][00m
2021-11-02 13:39:22.002 1234432 INFO tempest.lib.common.dynamic_creds [-] Acquired dynamic creds:
 credentials: Credentials: {'domain_id': '72a0f84e587f4b1a8dc42ce28df145ab', 'domain_name': 'admin_domain', 'username': 'tempest-RolesV3TestJSON-1246860404-project', 'project_domain_id': '72a0f84e587f4b1a8dc42ce28df145ab', 'project_domain_name': 'admin_domain', 'project_id': 'a2dec72eadd743aa84c149439c0c5c47', 'project_name': 'tempest-RolesV3TestJSON-1246860404', 'tenant_id': 'a2dec72eadd743aa84c149439c0c5c47', 'tenant_name': 'tempest-RolesV3TestJSON-1246860404', 'user_domain_id': '72a0f84e587f4b1a8dc42ce28df145ab', 'user_domain_name': 'admin_domain', 'user_id': 'e2d3c0a88b344430964618ac4f135176', 'system': None}, Network: None, Subnet: None, Router: None[00m
2021-11-02 13:39:22.002 1234432 INFO tempest.lib.common.dynamic_creds [-] Created isolated network resources for:
 credentials: Credentials: {'domain_id': '72a0f84e587f4b1a8dc42ce28df145ab', 'domain_name': 'admin_domain', 'username': 'tempest-RolesV3TestJSON-1246860404-project', 'project_domain_id': '72a0f84e587f4b1a8dc42ce28df145ab', 'project_domain_name': 'admin_domain', 'project_id': 'a2dec72eadd743aa84c149439c0c5c47', 'project_name': 'tempest-RolesV3TestJSON-1246860404', 'tenant_id': 'a2dec72eadd743aa84c149439c0c5c47', 'tenant_name': 'tempest-RolesV3TestJSON-1246860404', 'user_domain_id': '72a0f84e587f4b1a8dc42ce28df145ab', 'user_domain_name': 'admin_domain', 'user_id': 'e2d3c0a88b344430964618ac4f135176', 'system': None}, Network: None, Subnet: None, Router: None[00m
2021-11-02 13:39:22.287 1234432 INFO tempest.lib.common.rest_client [req-8a1b0950-933b-4a88-a78b-058e8e508e2b ] Request (RolesV3TestJSON:setUpClass): 201 POST http://10.13.3.222:5000/v3/auth/tokens 0.275s[00m
2021-11-02 13:39:22.293 1234435 WARNING tempest.lib.common.ssh [-] Failed to establish authenticated ssh connection to ubuntu@10.13.3.179 ([Errno None] Unable to connect to port 22 on 10.13.3.179). Number attempts: 1. Retry after 2 seconds.: paramiko.ssh_exception.NoValidConnectionsError: [Errno None] Unable to connect to port 22 on 10.13.3.179[00m
2021-11-02 13:39:22.352 1234432 INFO tempest.lib.common.rest_client [req-8587819b-c7d6-4b62-803c-67f5c781b109 ] Request (RolesV3TestJSON:setUpClass): 201 POST http://10.13.3.222:35357/v3/projects 0.064s[00m
2021-11-02 13:39:22.620 1234432 INFO tempest.lib.common.rest_client [req-ce7afdbf-f77e-4265-9d72-7793c62ddeb3 ] Request (RolesV3TestJSON:setUpClass): 201 POST http://10.13.3.222:35357/v3/users 0.266s[00m
2021-11-02 13:39:22.651 1234432 INFO tempest.lib.common.rest_client [req-6f0e5df3-9904-4700-b6dc-c50cdc69b95e ] Request (RolesV3TestJSON:setUpClass): 200 GET http://10.13.3.222:35357/v3/roles 0.030s[00m
2021-11-02 13:39:22.684 1234432 INFO tempest.lib.common.rest_client [req-730ff07d-2203-4c0f-9f8f-f211c6483a89 ] Request (RolesV3TestJSON:setUpClass): 204 PUT http://10.13.3.222:35357/v3/projects/c83cfb5caa3749ec8543c5cfb26835b3/users/508b6bfe9c8045eb9d5e124b976e726b/roles/d25cb003b1c04e4dbe7aeb77060956f1 0.032s[00m
2021-11-02 13:39:22.737 1234432 INFO tempest.lib.common.rest_client [req-9fd03574-48f4-44a4-9c4d-005d2997b464 ] Request (RolesV3TestJSON:setUpClass): 200 GET http://10.13.3.222:35357/v3/roles 0.053s[00m
