2021-11-02 13:40:18.088 1234435 INFO tempest.lib.common.rest_client [req-93abf5a7-baaf-48ec-bef6-e1983f5a837a ] Request (FloatingIPTestJSON:tearDownClass): 204 DELETE http://10.13.3.222:35357/v3/projects/21885fbebae542268091c114a317fcc0 0.059s[00m
2021-11-02 13:40:18.090 1234435 INFO tempest.test [-] <class 'unittest.case.SkipTest'> raised in BulkNetworkOpsIpV6Test.setUpClass. Invoking tearDownClass.[00m
{1} setUpClass (tempest.api.network.test_networks.BulkNetworkOpsIpV6Test) ... SKIPPED: IPv6 Tests are disabled.
2021-11-02 13:40:18.092 1234435 INFO tempest.test [-] <class 'unittest.case.SkipTest'> raised in NetworksIpV6Test.setUpClass. Invoking tearDownClass.[00m
{1} setUpClass (tempest.api.network.test_networks.NetworksIpV6Test) ... SKIPPED: IPv6 Tests are disabled.
2021-11-02 13:40:18.191 1234432 INFO tempest.lib.common.rest_client [req-8fd09d59-06cb-47e4-99bd-187c3e7b3049 ] Request (VolumesActionsTest:tearDownClass): 404 GET http://10.13.3.253:8776/v3/bddda11300a24a82a10208c383f836aa/volumes/0cd23bc9-0919-426c-bbef-fcd1ba09c42e 0.035s[00m
2021-11-02 13:40:18.341 1234432 INFO tempest.lib.common.rest_client [req-68edd79a-0801-4685-92f3-fb6f351a7da2 ] Request (VolumesActionsTest:tearDownClass): 204 DELETE http://10.13.3.238:9696/v2.0/subnets/a3bfbdf3-1b74-4295-ab9b-7bde64d1cfad 0.150s[00m
2021-11-02 13:40:18.357 1234435 INFO tempest.lib.common.rest_client [req-dd9027f8-c466-4136-b450-5fa3d1911bfd ] Request (PortsTestJSON:setUpClass): 201 POST http://10.13.3.222:5000/v3/auth/tokens 0.262s[00m
2021-11-02 13:40:18.527 1234432 INFO tempest.lib.common.rest_client [req-4dcd74f2-1ce0-4cee-a25a-c5f79259e7db ] Request (VolumesActionsTest:tearDownClass): 204 DELETE http://10.13.3.238:9696/v2.0/networks/23d4623a-67b5-4677-8380-9c68d6af9259 0.185s[00m
2021-11-02 13:40:18.592 1234432 INFO tempest.lib.common.rest_client [req-952f8043-c3b4-4d84-9bc0-311eb9b9f819 ] Request (VolumesActionsTest:tearDownClass): 204 DELETE http://10.13.3.222:35357/v3/users/ed714b1ad6824dc5a74047154131d410 0.064s[00m
2021-11-02 13:40:18.621 1234432 INFO tempest.lib.common.rest_client [req-762881d5-0e74-4b1a-831c-d9533989c4ab ] Request (VolumesActionsTest:tearDownClass): 200 GET http://10.13.3.238:9696/v2.0/security-groups?tenant_id=bddda11300a24a82a10208c383f836aa&name=default 0.028s[00m
2021-11-02 13:40:18.625 1234435 INFO tempest.lib.common.rest_client [req-d0d92818-7656-4db5-8b02-78101a3cac8e ] Request (PortsTestJSON:setUpClass): 201 POST http://10.13.3.222:5000/v3/auth/tokens 0.264s[00m
2021-11-02 13:40:18.647 1234435 INFO tempest.lib.common.rest_client [req-93288f19-3408-41dc-b363-108179d3513e ] Request (PortsTestJSON:setUpClass): 200 GET http://10.13.3.222:35357/v3/domains?name=admin_domain 0.021s[00m
2021-11-02 13:40:18.675 1234435 INFO tempest.lib.common.rest_client [req-8d593ba8-dbca-4808-ab87-946b2ad15242 ] Request (PortsTestJSON:setUpClass): 201 POST http://10.13.3.222:35357/v3/projects 0.028s[00m
2021-11-02 13:40:18.706 1234432 INFO tempest.lib.common.rest_client [req-a0a74e0e-8859-433c-ba60-15b139acf321 ] Request (VolumesActionsTest:tearDownClass): 204 DELETE http://10.13.3.238:9696/v2.0/security-groups/077da732-8e76-445b-97c4-0cba84e1c17a 0.084s[00m
2021-11-02 13:40:18.793 1234432 INFO tempest.lib.common.rest_client [req-f9dc582a-730a-4328-8249-7e51543e3f67 ] Request (VolumesActionsTest:tearDownClass): 204 DELETE http://10.13.3.222:35357/v3/projects/bddda11300a24a82a10208c383f836aa 0.087s[00m
2021-11-02 13:40:18.942 1234435 INFO tempest.lib.common.rest_client [req-bd7d990e-1b3a-4db4-838e-96d01856e1c5 ] Request (PortsTestJSON:setUpClass): 201 POST http://10.13.3.222:35357/v3/users 0.266s[00m
2021-11-02 13:40:18.991 1234435 INFO tempest.lib.common.rest_client [req-24c03344-4c12-4147-8e7b-2d3bbe57d904 ] Request (PortsTestJSON:setUpClass): 200 GET http://10.13.3.222:35357/v3/roles 0.049s[00m
2021-11-02 13:40:19.010 1234435 INFO tempest.lib.common.rest_client [req-1f42d37f-7fde-4a7d-814e-211d5f859c47 ] Request (PortsTestJSON:setUpClass): 200 GET http://10.13.3.222:35357/v3/roles 0.018s[00m
2021-11-02 13:40:19.030 1234432 INFO tempest.lib.common.rest_client [req-e4174f2d-9548-4ebe-9f0d-2734dc2527b1 ] Request (VolumesGetTest:setUpClass): 201 POST http://10.13.3.222:5000/v3/auth/tokens 0.235s[00m
2021-11-02 13:40:19.045 1234435 INFO tempest.lib.common.rest_client [req-fe227056-b5b0-462a-8379-5e9dcd95f2d4 ] Request (PortsTestJSON:setUpClass): 204 PUT http://10.13.3.222:35357/v3/projects/06cd4c88bd074cd391637feb36375e11/users/9b26c4e3353f469394ac75ea3c2bce06/roles/0ffebd3a3cd54785b379940a7947ce47 0.035s[00m
2021-11-02 13:40:19.046 1234435 INFO tempest.lib.common.dynamic_creds [-] Dynamic test user 9b26c4e3353f469394ac75ea3c2bce06 is created with scope project and roles: ['member'][00m
2021-11-02 13:40:19.046 1234435 INFO tempest.lib.common.dynamic_creds [-] Acquired dynamic creds:
 credentials: Credentials: {'domain_id': '72a0f84e587f4b1a8dc42ce28df145ab', 'domain_name': 'admin_domain', 'username': 'tempest-PortsTestJSON-265764213-project', 'project_domain_id': '72a0f84e587f4b1a8dc42ce28df145ab', 'project_domain_name': 'admin_domain', 'project_id': '06cd4c88bd074cd391637feb36375e11', 'project_name': 'tempest-PortsTestJSON-265764213', 'tenant_id': '06cd4c88bd074cd391637feb36375e11', 'tenant_name': 'tempest-PortsTestJSON-265764213', 'user_domain_id': '72a0f84e587f4b1a8dc42ce28df145ab', 'user_domain_name': 'admin_domain', 'user_id': '9b26c4e3353f469394ac75ea3c2bce06', 'system': None}, Network: None, Subnet: None, Router: None[00m
2021-11-02 13:40:19.046 1234435 INFO tempest.lib.common.dynamic_creds [-] Created isolated network resources for:
 credentials: Credentials: {'domain_id': '72a0f84e587f4b1a8dc42ce28df145ab', 'domain_name': 'admin_domain', 'username': 'tempest-PortsTestJSON-265764213-project', 'project_domain_id': '72a0f84e587f4b1a8dc42ce28df145ab', 'project_domain_name': 'admin_domain', 'project_id': '06cd4c88bd074cd391637feb36375e11', 'project_name': 'tempest-PortsTestJSON-265764213', 'tenant_id': '06cd4c88bd074cd391637feb36375e11', 'tenant_name': 'tempest-PortsTestJSON-265764213', 'user_domain_id': '72a0f84e587f4b1a8dc42ce28df145ab', 'user_domain_name': 'admin_domain', 'user_id': '9b26c4e3353f469394ac75ea3c2bce06', 'system': None}, Network: None, Subnet: None, Router: None[00m
2021-11-02 13:40:19.298 1234432 INFO tempest.lib.common.rest_client [req-201f2634-0a45-4b2b-9214-bd3a1c90bb58 ] Request (VolumesGetTest:setUpClass): 201 POST http://10.13.3.222:5000/v3/auth/tokens 0.264s[00m
2021-11-02 13:40:19.318 1234432 INFO tempest.lib.common.rest_client [req-b156adb2-2eb1-4759-8303-88c444af0231 ] Request (VolumesGetTest:setUpClass): 200 GET http://10.13.3.222:35357/v3/domains?name=admin_domain 0.019s[00m
2021-11-02 13:40:19.328 1234435 INFO tempest.lib.common.rest_client [req-5eb931d6-6877-4280-832a-054225c61db0 ] Request (PortsTestJSON:setUpClass): 201 POST http://10.13.3.222:5000/v3/auth/tokens 0.276s[00m
2021-11-02 13:40:19.351 1234432 INFO tempest.lib.common.rest_client [req-cbec61e4-ade2-472b-84b1-ec4d4a9758f2 ] Request (VolumesGetTest:setUpClass): 201 POST http://10.13.3.222:35357/v3/projects 0.028s[00m
2021-11-02 13:40:19.577 1234435 INFO tempest.lib.common.rest_client [req-962e9561-70f8-41eb-8e17-7f57b8deaaea ] Request (PortsTestJSON:setUpClass): 201 POST http://10.13.3.238:9696/v2.0/networks 0.247s[00m
2021-11-02 13:40:19.618 1234432 INFO tempest.lib.common.rest_client [req-f582ab3e-a635-4124-be24-685c91a0ac78 ] Request (VolumesGetTest:setUpClass): 201 POST http://10.13.3.222:35357/v3/users 0.266s[00m
2021-11-02 13:40:19.640 1234432 INFO tempest.lib.common.rest_client [req-d52e3b51-02ab-4a0e-a42a-cc85ee9f8d05 ] Request (VolumesGetTest:setUpClass): 200 GET http://10.13.3.222:35357/v3/roles 0.021s[00m
2021-11-02 13:40:19.664 1234432 INFO tempest.lib.common.rest_client [req-7e04ba3f-cab8-41d1-a3df-aaf43334c3be ] Request (VolumesGetTest:setUpClass): 200 GET http://10.13.3.222:35357/v3/roles 0.024s[00m
2021-11-02 13:40:19.698 1234432 INFO tempest.lib.common.rest_client [req-a9a9acac-717f-47f7-9f61-3387cc915cb3 ] Request (VolumesGetTest:setUpClass): 204 PUT http://10.13.3.222:35357/v3/projects/071af5d21ca3448cbee4c6c68185dce0/users/5559395b0df742f5b4eaa22449d91d6e/roles/0ffebd3a3cd54785b379940a7947ce47 0.033s[00m
2021-11-02 13:40:19.699 1234432 INFO tempest.lib.common.dynamic_creds [-] Dynamic test user 5559395b0df742f5b4eaa22449d91d6e is created with scope project and roles: ['member'][00m
2021-11-02 13:40:19.699 1234432 INFO tempest.lib.common.dynamic_creds [-] Acquired dynamic creds:
 credentials: Credentials: {'domain_id': '72a0f84e587f4b1a8dc42ce28df145ab', 'domain_name': 'admin_domain', 'username': 'tempest-VolumesGetTest-1627585456-project', 'project_domain_id': '72a0f84e587f4b1a8dc42ce28df145ab', 'project_domain_name': 'admin_domain', 'project_id': '071af5d21ca3448cbee4c6c68185dce0', 'project_name': 'tempest-VolumesGetTest-1627585456', 'tenant_id': '071af5d21ca3448cbee4c6c68185dce0', 'tenant_name': 'tempest-VolumesGetTest-1627585456', 'user_domain_id': '72a0f84e587f4b1a8dc42ce28df145ab', 'user_domain_name': 'admin_domain', 'user_id': '5559395b0df742f5b4eaa22449d91d6e', 'system': None}, Network: None, Subnet: None, Router: None[00m
2021-11-02 13:40:19.699 1234432 INFO tempest.lib.common.dynamic_creds [-] Created isolated network resources for:
 credentials: Credentials: {'domain_id': '72a0f84e587f4b1a8dc42ce28df145ab', 'domain_name': 'admin_domain', 'username': 'tempest-VolumesGetTest-1627585456-project', 'project_domain_id': '72a0f84e587f4b1a8dc42ce28df145ab', 'project_domain_name': 'admin_domain', 'project_id': '071af5d21ca3448cbee4c6c68185dce0', 'project_name': 'tempest-VolumesGetTest-1627585456', 'tenant_id': '071af5d21ca3448cbee4c6c68185dce0', 'tenant_name': 'tempest-VolumesGetTest-1627585456', 'user_domain_id': '72a0f84e587f4b1a8dc42ce28df145ab', 'user_domain_name': 'admin_domain', 'user_id': '5559395b0df742f5b4eaa22449d91d6e', 'system': None}, Network: None, Subnet: None, Router: None[00m
2021-11-02 13:40:19.847 1234435 INFO tempest.lib.common.rest_client [req-9fe47252-9c95-4ca5-ac00-855b87a1e9bf ] Request (PortsTestJSON:setUpClass): 201 POST http://10.13.3.238:9696/v2.0/ports 0.269s[00m
2021-11-02 13:40:19.954 1234435 INFO tempest.lib.common.rest_client [req-a02719f7-940c-4561-a6bb-ca152bcacf24 ] Request (PortsTestJSON:test_create_port_in_allowed_allocation_pools): 201 POST http://10.13.3.238:9696/v2.0/networks 0.105s[00m
2021-11-02 13:40:19.990 1234432 INFO tempest.lib.common.rest_client [req-2c37aed0-6b63-4961-9dd5-de66d44aee97 ] Request (VolumesGetTest:setUpClass): 201 POST http://10.13.3.222:5000/v3/auth/tokens 0.284s[00m
2021-11-02 13:40:20.226 1234435 INFO tempest.lib.common.rest_client [req-2e7feb6d-1295-4343-b608-d10a872f89da ] Request (PortsTestJSON:test_create_port_in_allowed_allocation_pools): 201 POST http://10.13.3.238:9696/v2.0/subnets 0.271s[00m
2021-11-02 13:40:20.272 1234432 INFO tempest.lib.common.rest_client [req-6306b0b6-3760-43b2-a328-1eed56f77def ] Request (VolumesGetTest:test_volume_create_get_update_delete): 202 POST http://10.13.3.253:8776/v3/071af5d21ca3448cbee4c6c68185dce0/volumes 0.281s[00m
2021-11-02 13:40:20.330 1234432 INFO tempest.lib.common.rest_client [req-7022d4c8-9c62-41aa-9f5f-242f32c883a5 ] Request (VolumesGetTest:test_volume_create_get_update_delete): 200 GET http://10.13.3.253:8776/v3/071af5d21ca3448cbee4c6c68185dce0/volumes/5f5e7d5c-5c15-4e08-9a64-af6eb753fa49 0.052s[00m
2021-11-02 13:40:20.601 1234435 INFO tempest.lib.common.rest_client [req-38b057a3-b558-4b42-a86d-585a5aa47c5d ] Request (PortsTestJSON:test_create_port_in_allowed_allocation_pools): 201 POST http://10.13.3.238:9696/v2.0/ports 0.375s[00m
2021-11-02 13:40:20.912 1234435 INFO tempest.lib.common.rest_client [req-2c55ac89-82e6-44b7-bfaf-9e3c1ba435fb ] Request (PortsTestJSON:test_create_port_in_allowed_allocation_pools): 204 DELETE http://10.13.3.238:9696/v2.0/ports/466a6a75-dae7-4bd2-bdee-3a99a76f8222 0.310s[00m
2021-11-02 13:40:20.937 1234435 INFO tempest.lib.common.rest_client [req-2d794277-8978-474b-b10c-6b9462dc241f ] Request (PortsTestJSON:_run_cleanups): 404 DELETE http://10.13.3.238:9696/v2.0/ports/466a6a75-dae7-4bd2-bdee-3a99a76f8222 0.024s[00m
2021-11-02 13:40:20.968 1234435 INFO tempest.lib.common.rest_client [req-a914afb6-2fe4-43a7-b291-075f3dbcd4bf ] Request (PortsTestJSON:_run_cleanups): 404 GET http://10.13.3.238:9696/v2.0/ports/466a6a75-dae7-4bd2-bdee-3a99a76f8222 0.030s[00m
2021-11-02 13:40:21.149 1234435 INFO tempest.lib.common.rest_client [req-cb82f34c-74ab-427c-b900-90c6f69d5d5a ] Request (PortsTestJSON:_run_cleanups): 204 DELETE http://10.13.3.238:9696/v2.0/subnets/611ca2e1-7e17-481b-aa83-9c7ad855ebb1 0.180s[00m
2021-11-02 13:40:21.390 1234432 INFO tempest.lib.common.rest_client [req-e634fff6-a1d8-403a-b231-519f7827aa7b ] Request (VolumesGetTest:test_volume_create_get_update_delete): 200 GET http://10.13.3.253:8776/v3/071af5d21ca3448cbee4c6c68185dce0/volumes/5f5e7d5c-5c15-4e08-9a64-af6eb753fa49 0.052s[00m
2021-11-02 13:40:21.397 1234432 INFO tempest.common.waiters [-] volume 5f5e7d5c-5c15-4e08-9a64-af6eb753fa49 reached available after waiting for 1.397547 seconds[00m
2021-11-02 13:40:21.445 1234432 INFO tempest.lib.common.rest_client [req-c55be021-0a68-4590-8b70-84ca06d040a0 ] Request (VolumesGetTest:test_volume_create_get_update_delete): 200 GET http://10.13.3.253:8776/v3/071af5d21ca3448cbee4c6c68185dce0/volumes/5f5e7d5c-5c15-4e08-9a64-af6eb753fa49 0.048s[00m
2021-11-02 13:40:21.476 1234435 INFO tempest.lib.common.rest_client [req-808516b4-4396-42d5-accf-eda6247d27fb ] Request (PortsTestJSON:_run_cleanups): 204 DELETE http://10.13.3.238:9696/v2.0/networks/e9bc13aa-aff5-4158-9e08-21de6b3496cb 0.326s[00m
{1} tempest.api.network.test_ports.PortsTestJSON.test_create_port_in_allowed_allocation_pools [1.629113s] ... ok
2021-11-02 13:40:21.540 1234432 INFO tempest.lib.common.rest_client [req-71d45ce2-4f3c-47c1-bb07-27d7489d621e ] Request (VolumesGetTest:test_volume_create_get_update_delete): 200 PUT http://10.13.3.253:8776/v3/071af5d21ca3448cbee4c6c68185dce0/volumes/5f5e7d5c-5c15-4e08-9a64-af6eb753fa49 0.088s[00m
2021-11-02 13:40:21.621 1234435 INFO tempest.lib.common.rest_client [req-b77ff890-12b2-47d5-aada-2214f656541b ] Request (PortsTestJSON:test_create_port_with_no_securitygroups): 201 POST http://10.13.3.238:9696/v2.0/networks 0.143s[00m
2021-11-02 13:40:21.617 1234432 INFO tempest.lib.common.rest_client [req-6861d882-1ddf-4c5b-ac63-020e910364bc ] Request (VolumesGetTest:test_volume_create_get_update_delete): 200 PUT http://10.13.3.253:8776/v3/071af5d21ca3448cbee4c6c68185dce0/volumes/5f5e7d5c-5c15-4e08-9a64-af6eb753fa49 0.070s[00m
2021-11-02 13:40:21.678 1234432 INFO tempest.lib.common.rest_client [req-871b2586-1be7-43fc-996b-bdfd9bc7f506 ] Request (VolumesGetTest:test_volume_create_get_update_delete): 200 GET http://10.13.3.253:8776/v3/071af5d21ca3448cbee4c6c68185dce0/volumes/5f5e7d5c-5c15-4e08-9a64-af6eb753fa49 0.049s[00m
2021-11-02 13:40:21.834 1234432 INFO tempest.lib.common.rest_client [req-eb0a7e1e-8c15-40b5-a975-95721d48f396 ] Request (VolumesGetTest:test_volume_create_get_update_delete): 202 POST http://10.13.3.253:8776/v3/071af5d21ca3448cbee4c6c68185dce0/volumes 0.150s[00m
2021-11-02 13:40:21.839 1234435 INFO tempest.lib.common.rest_client [req-be2acf1b-ca4c-4418-abff-cbf3fafbf141 ] Request (PortsTestJSON:test_create_port_with_no_securitygroups): 201 POST http://10.13.3.238:9696/v2.0/subnets 0.217s[00m
2021-11-02 13:40:21.905 1234432 INFO tempest.lib.common.rest_client [req-3b3cb10b-3c2d-4b2a-bbd7-d18adc2ddf86 ] Request (VolumesGetTest:test_volume_create_get_update_delete): 200 GET http://10.13.3.253:8776/v3/071af5d21ca3448cbee4c6c68185dce0/volumes/0e8b9ad7-5274-4945-8e6f-760e40af4836 0.061s[00m
2021-11-02 13:40:22.171 1234435 INFO tempest.lib.common.rest_client [req-e99a6b5e-bfb3-46c5-b611-a7ac85cd7595 ] Request (PortsTestJSON:test_create_port_with_no_securitygroups): 201 POST http://10.13.3.238:9696/v2.0/ports 0.331s[00m
2021-11-02 13:40:22.421 1234435 INFO tempest.lib.common.rest_client [req-6ee64e5f-231b-4862-b4d6-843b17fab29b ] Request (PortsTestJSON:_run_cleanups): 204 DELETE http://10.13.3.238:9696/v2.0/ports/f1660ffa-1085-4d53-a0d6-58f8df8998a2 0.249s[00m
2021-11-02 13:40:22.464 1234435 INFO tempest.lib.common.rest_client [req-c807566d-9908-4024-af61-4d8fc5eee2b4 ] Request (PortsTestJSON:_run_cleanups): 404 GET http://10.13.3.238:9696/v2.0/ports/f1660ffa-1085-4d53-a0d6-58f8df8998a2 0.039s[00m
2021-11-02 13:40:22.653 1234435 INFO tempest.lib.common.rest_client [req-e69f6713-3cf6-4669-8257-8e63081f553c ] Request (PortsTestJSON:_run_cleanups): 204 DELETE http://10.13.3.238:9696/v2.0/subnets/29391299-41ca-4e38-8499-c1ba7ffd629d 0.187s[00m
2021-11-02 13:40:22.943 1234435 INFO tempest.lib.common.rest_client [req-43e5128b-9340-4573-a4c8-3b78eddf2f87 ] Request (PortsTestJSON:_run_cleanups): 204 DELETE http://10.13.3.238:9696/v2.0/networks/d5b54312-4725-43bf-a9c5-1b90053c1bf0 0.290s[00m
{1} tempest.api.network.test_ports.PortsTestJSON.test_create_port_with_no_securitygroups [1.467023s] ... ok
2021-11-02 13:40:22.986 1234432 INFO tempest.lib.common.rest_client [req-a98254ce-ee7a-4f3a-b9f4-2cbb3dc899c8 ] Request (VolumesGetTest:test_volume_create_get_update_delete): 200 GET http://10.13.3.253:8776/v3/071af5d21ca3448cbee4c6c68185dce0/volumes/0e8b9ad7-5274-4945-8e6f-760e40af4836 0.066s[00m
2021-11-02 13:40:22.997 1234432 INFO tempest.common.waiters [-] volume 0e8b9ad7-5274-4945-8e6f-760e40af4836 reached available after waiting for 1.996958 seconds[00m
2021-11-02 13:40:23.087 1234432 INFO tempest.lib.common.rest_client [req-7b8f8381-8480-4319-9688-31951bd58e2c ] Request (VolumesGetTest:test_volume_create_get_update_delete): 200 PUT http://10.13.3.253:8776/v3/071af5d21ca3448cbee4c6c68185dce0/volumes/0e8b9ad7-5274-4945-8e6f-760e40af4836 0.090s[00m
2021-11-02 13:40:23.155 1234435 INFO tempest.lib.common.rest_client [req-57ab8fb5-3db6-49dd-bd4b-94773421ddb8 ] Request (PortsTestJSON:test_create_update_delete_port): 201 POST http://10.13.3.238:9696/v2.0/ports 0.209s[00m
2021-11-02 13:40:23.151 1234432 INFO tempest.lib.common.rest_client [req-37b7f1b1-642b-4c0b-89d5-0a5f0955698b ] Request (VolumesGetTest:_run_cleanups): 202 DELETE http://10.13.3.253:8776/v3/071af5d21ca3448cbee4c6c68185dce0/volumes/0e8b9ad7-5274-4945-8e6f-760e40af4836 0.056s[00m
2021-11-02 13:40:23.200 1234432 INFO tempest.lib.common.rest_client [req-d272ec74-cbb5-44ca-b14a-5a61895e18ee ] Request (VolumesGetTest:_run_cleanups): 200 GET http://10.13.3.253:8776/v3/071af5d21ca3448cbee4c6c68185dce0/volumes/0e8b9ad7-5274-4945-8e6f-760e40af4836 0.048s[00m
2021-11-02 13:40:23.336 1234435 INFO tempest.lib.common.rest_client [req-bafe7aa2-8729-4ea8-bed4-23df08be75bd ] Request (PortsTestJSON:test_create_update_delete_port): 200 PUT http://10.13.3.238:9696/v2.0/ports/99f93dd6-a80b-4e3c-bcfc-04dd7e8afa1d 0.181s[00m
2021-11-02 13:40:23.474 1234435 INFO tempest.lib.common.rest_client [req-a2778230-7cbe-4a61-9f57-d23f3d02ff9b ] Request (PortsTestJSON:_run_cleanups): 204 DELETE http://10.13.3.238:9696/v2.0/ports/99f93dd6-a80b-4e3c-bcfc-04dd7e8afa1d 0.137s[00m
2021-11-02 13:40:23.511 1234435 INFO tempest.lib.common.rest_client [req-77c05609-fad3-44de-83fe-6404d3201c5f ] Request (PortsTestJSON:_run_cleanups): 200 GET http://10.13.3.238:9696/v2.0/ports 0.036s[00m
2021-11-02 13:40:23.534 1234435 INFO tempest.lib.common.rest_client [req-6ecf71d9-3506-4bdc-83ca-4e9d279e7c2e ] Request (PortsTestJSON:_run_cleanups): 404 GET http://10.13.3.238:9696/v2.0/ports/99f93dd6-a80b-4e3c-bcfc-04dd7e8afa1d 0.022s[00m
{1} tempest.api.network.test_ports.PortsTestJSON.test_create_update_delete_port [0.590033s] ... ok
2021-11-02 13:40:23.564 1234435 INFO tempest.lib.common.rest_client [req-def406d8-d60d-476f-be18-f17a66da4093 ] Request (PortsTestJSON:test_list_ports): 200 GET http://10.13.3.238:9696/v2.0/ports 0.028s[00m
{1} tempest.api.network.test_ports.PortsTestJSON.test_list_ports [0.029282s] ... ok
2021-11-02 13:40:23.607 1234435 INFO tempest.lib.common.rest_client [req-f4d50231-321c-4182-b79f-8dd537789af7 ] Request (PortsTestJSON:test_show_port): 200 GET http://10.13.3.238:9696/v2.0/ports/7aa12b2d-e59e-431b-bd4a-96b3afc1e0f2 0.041s[00m
{1} tempest.api.network.test_ports.PortsTestJSON.test_show_port [0.043366s] ... ok
2021-11-02 13:40:23.634 1234435 INFO tempest.lib.common.rest_client [req-1ce53b10-1852-4f8c-b205-a3e57c8a70b5 ] Request (PortsTestJSON:tearDownClass): 404 DELETE http://10.13.3.238:9696/v2.0/ports/f1660ffa-1085-4d53-a0d6-58f8df8998a2 0.025s[00m
2021-11-02 13:40:23.656 1234435 INFO tempest.lib.common.rest_client [req-ace0f645-a8c9-4a62-a354-4cd8d674a5de ] Request (PortsTestJSON:tearDownClass): 404 DELETE http://10.13.3.238:9696/v2.0/subnets/29391299-41ca-4e38-8499-c1ba7ffd629d 0.022s[00m
2021-11-02 13:40:23.679 1234435 INFO tempest.lib.common.rest_client [req-7b035908-653d-4a6f-8439-3aaf3de4f9fe ] Request (PortsTestJSON:tearDownClass): 404 DELETE http://10.13.3.238:9696/v2.0/subnets/611ca2e1-7e17-481b-aa83-9c7ad855ebb1 0.022s[00m
2021-11-02 13:40:23.816 1234435 INFO tempest.lib.common.rest_client [req-2638b22f-300a-4d42-a5e6-978e4ac10928 ] Request (PortsTestJSON:tearDownClass): 204 DELETE http://10.13.3.238:9696/v2.0/ports/7aa12b2d-e59e-431b-bd4a-96b3afc1e0f2 0.136s[00m
2021-11-02 13:40:23.999 1234435 INFO tempest.lib.common.rest_client [req-1b7467fd-ad3c-447d-be8d-bed0d6a93f76 ] Request (PortsTestJSON:tearDownClass): 204 DELETE http://10.13.3.238:9696/v2.0/networks/5a9cea04-0a21-4e1a-9472-98f726978386 0.181s[00m
2021-11-02 13:40:24.092 1234435 INFO tempest.lib.common.rest_client [req-49f896f0-268a-4a48-9039-76b39cf7305c ] Request (PortsTestJSON:tearDownClass): 204 DELETE http://10.13.3.222:35357/v3/users/9b26c4e3353f469394ac75ea3c2bce06 0.092s[00m
2021-11-02 13:40:24.258 1234432 INFO tempest.lib.common.rest_client [req-a57c4699-3c34-480c-b147-2494d2004569 ] Request (VolumesGetTest:_run_cleanups): 404 GET http://10.13.3.253:8776/v3/071af5d21ca3448cbee4c6c68185dce0/volumes/0e8b9ad7-5274-4945-8e6f-760e40af4836 0.044s[00m
2021-11-02 13:40:24.320 1234432 INFO tempest.lib.common.rest_client [req-956ecb8c-87f8-449e-8d90-feb0a995a76f ] Request (VolumesGetTest:_run_cleanups): 202 DELETE http://10.13.3.253:8776/v3/071af5d21ca3448cbee4c6c68185dce0/volumes/5f5e7d5c-5c15-4e08-9a64-af6eb753fa49 0.060s[00m
2021-11-02 13:40:24.355 1234435 INFO tempest.lib.common.rest_client [req-c29b448d-225a-49c0-b471-d18395a9303d ] Request (PortsTestJSON:tearDownClass): 201 POST http://10.13.3.222:5000/v3/auth/tokens 0.262s[00m
2021-11-02 13:40:24.369 1234432 INFO tempest.lib.common.rest_client [req-b18d536a-8a0f-435d-8340-0fd061a994b9 ] Request (VolumesGetTest:_run_cleanups): 200 GET http://10.13.3.253:8776/v3/071af5d21ca3448cbee4c6c68185dce0/volumes/5f5e7d5c-5c15-4e08-9a64-af6eb753fa49 0.048s[00m
2021-11-02 13:40:24.438 1234435 INFO tempest.lib.common.rest_client [req-9e3344ea-f7c5-4d71-a5da-253bd180eb49 ] Request (PortsTestJSON:tearDownClass): 200 GET http://10.13.3.238:9696/v2.0/security-groups?tenant_id=06cd4c88bd074cd391637feb36375e11&name=default 0.082s[00m
2021-11-02 13:40:24.511 1234435 INFO tempest.lib.common.rest_client [req-5edf53db-ff76-4148-94a9-e34e722d95cf ] Request (PortsTestJSON:tearDownClass): 204 DELETE http://10.13.3.238:9696/v2.0/security-groups/fbde6e86-9a8a-406e-9a5d-ccc158db2c6b 0.072s[00m
2021-11-02 13:40:24.575 1234435 INFO tempest.lib.common.rest_client [req-cacd8433-a0d4-411e-a356-a40a626f0b7e ] Request (PortsTestJSON:tearDownClass): 204 DELETE http://10.13.3.222:35357/v3/projects/06cd4c88bd074cd391637feb36375e11 0.063s[00m
2021-11-02 13:40:24.843 1234435 INFO tempest.lib.common.rest_client [req-1c8b0c70-d786-4c22-b75d-e651d15329e2 ] Request (RoutersTest:setUpClass): 201 POST http://10.13.3.222:5000/v3/auth/tokens 0.265s[00m
2021-11-02 13:40:25.104 1234435 INFO tempest.lib.common.rest_client [req-3c77d1ac-50a7-4b1a-9a8b-e8b8ad6ee8ed ] Request (RoutersTest:setUpClass): 201 POST http://10.13.3.222:5000/v3/auth/tokens 0.255s[00m
2021-11-02 13:40:25.446 1234432 INFO tempest.lib.common.rest_client [req-847278b3-c935-4816-8197-6d1ec3346558 ] Request (VolumesGetTest:_run_cleanups): 404 GET http://10.13.3.253:8776/v3/071af5d21ca3448cbee4c6c68185dce0/volumes/5f5e7d5c-5c15-4e08-9a64-af6eb753fa49 0.064s[00m
{0} tempest.api.volume.test_volumes_get.VolumesGetTest.test_volume_create_get_update_delete [5.456259s] ... ok
2021-11-02 13:40:25.595 1234432 INFO tempest.lib.common.rest_client [req-90ff8814-4cc2-449e-b7d0-412fd33709a1 ] Request (VolumesGetTest:test_volume_create_get_update_delete_from_image): 200 GET http://10.13.3.192:9292/v2/images/debe1d54-1676-42e6-8894-bda9118edb99 0.146s[00m
2021-11-02 13:40:26.128 1234432 INFO tempest.lib.common.rest_client [req-dcfb5d30-28ce-46b9-b001-5a9df3f860ba ] Request (VolumesGetTest:test_volume_create_get_update_delete_from_image): 202 POST http://10.13.3.253:8776/v3/071af5d21ca3448cbee4c6c68185dce0/volumes 0.532s[00m
2021-11-02 13:40:26.143 1234435 INFO tempest.lib.common.rest_client [req-1654827f-1793-46a5-83f3-fe36ada484b4 ] Request (RoutersTest:setUpClass): 200 GET http://10.13.3.222:35357/v3/domains?name=admin_domain 1.038s[00m
2021-11-02 13:40:26.180 1234435 INFO tempest.lib.common.rest_client [req-c7be6d0b-15a6-4599-baf4-7856e70e20b8 ] Request (RoutersTest:setUpClass): 201 POST http://10.13.3.222:35357/v3/projects 0.036s[00m
2021-11-02 13:40:26.195 1234432 INFO tempest.lib.common.rest_client [req-d9318c50-77e4-42e0-af5f-60a8538dcbb7 ] Request (VolumesGetTest:test_volume_create_get_update_delete_from_image): 200 GET http://10.13.3.253:8776/v3/071af5d21ca3448cbee4c6c68185dce0/volumes/282e9af7-eb5f-43b5-aba4-5a633041dc93 0.059s[00m
2021-11-02 13:40:26.468 1234435 INFO tempest.lib.common.rest_client [req-da6093ec-942f-483c-b9e8-1810734cde30 ] Request (RoutersTest:setUpClass): 201 POST http://10.13.3.222:35357/v3/users 0.287s[00m
2021-11-02 13:40:26.495 1234435 INFO tempest.lib.common.rest_client [req-95ba0022-1cf5-4f59-9c0d-b91b0b6f9248 ] Request (RoutersTest:setUpClass): 200 GET http://10.13.3.222:35357/v3/roles 0.026s[00m
2021-11-02 13:40:26.524 1234435 INFO tempest.lib.common.rest_client [req-9a194897-87c1-4ff7-ad0c-97178d0cbf3b ] Request (RoutersTest:setUpClass): 200 GET http://10.13.3.222:35357/v3/roles 0.028s[00m
2021-11-02 13:40:26.570 1234435 INFO tempest.lib.common.rest_client [req-788d7c4e-8d44-40b8-9ae2-01b30d235568 ] Request (RoutersTest:setUpClass): 204 PUT http://10.13.3.222:35357/v3/projects/9e460b09594e40a8be03923416fab908/users/532f3d30a6fa426daffc9651d595b070/roles/0ffebd3a3cd54785b379940a7947ce47 0.045s[00m
2021-11-02 13:40:26.571 1234435 INFO tempest.lib.common.dynamic_creds [-] Dynamic test user 532f3d30a6fa426daffc9651d595b070 is created with scope project and roles: ['member'][00m
2021-11-02 13:40:26.571 1234435 INFO tempest.lib.common.dynamic_creds [-] Acquired dynamic creds:
 credentials: Credentials: {'domain_id': '72a0f84e587f4b1a8dc42ce28df145ab', 'domain_name': 'admin_domain', 'username': 'tempest-RoutersTest-1925509972-project', 'project_domain_id': '72a0f84e587f4b1a8dc42ce28df145ab', 'project_domain_name': 'admin_domain', 'project_id': '9e460b09594e40a8be03923416fab908', 'project_name': 'tempest-RoutersTest-1925509972', 'tenant_id': '9e460b09594e40a8be03923416fab908', 'tenant_name': 'tempest-RoutersTest-1925509972', 'user_domain_id': '72a0f84e587f4b1a8dc42ce28df145ab', 'user_domain_name': 'admin_domain', 'user_id': '532f3d30a6fa426daffc9651d595b070', 'system': None}, Network: None, Subnet: None, Router: None[00m
2021-11-02 13:40:26.571 1234435 INFO tempest.lib.common.dynamic_creds [-] Created isolated network resources for:
 credentials: Credentials: {'domain_id': '72a0f84e587f4b1a8dc42ce28df145ab', 'domain_name': 'admin_domain', 'username': 'tempest-RoutersTest-1925509972-project', 'project_domain_id': '72a0f84e587f4b1a8dc42ce28df145ab', 'project_domain_name': 'admin_domain', 'project_id': '9e460b09594e40a8be03923416fab908', 'project_name': 'tempest-RoutersTest-1925509972', 'tenant_id': '9e460b09594e40a8be03923416fab908', 'tenant_name': 'tempest-RoutersTest-1925509972', 'user_domain_id': '72a0f84e587f4b1a8dc42ce28df145ab', 'user_domain_name': 'admin_domain', 'user_id': '532f3d30a6fa426daffc9651d595b070', 'system': None}, Network: None, Subnet: None, Router: None[00m
2021-11-02 13:40:26.944 1234435 INFO tempest.lib.common.rest_client [req-8a9792c5-eb51-4fe0-a46c-ee265fe96c11 ] Request (RoutersTest:setUpClass): 201 POST http://10.13.3.222:5000/v3/auth/tokens 0.305s[00m
2021-11-02 13:40:27.291 1234432 INFO tempest.lib.common.rest_client [req-8f034f94-ca8a-4380-b60f-ad0b8c7c55b3 ] Request (VolumesGetTest:test_volume_create_get_update_delete_from_image): 200 GET http://10.13.3.253:8776/v3/071af5d21ca3448cbee4c6c68185dce0/volumes/282e9af7-eb5f-43b5-aba4-5a633041dc93 0.084s[00m
2021-11-02 13:40:27.455 1234435 INFO tempest.lib.common.rest_client [req-9a527e2a-119e-42a0-8d22-5a5071892ad5 ] Request (RoutersTest:test_add_multiple_router_interfaces): 201 POST http://10.13.3.238:9696/v2.0/networks 0.510s[00m
2021-11-02 13:40:27.563 1234435 INFO tempest.lib.common.rest_client [req-fa75dc50-096e-4234-9bdd-636958a572f3 ] Request (RoutersTest:test_add_multiple_router_interfaces): 201 POST http://10.13.3.238:9696/v2.0/networks 0.107s[00m
2021-11-02 13:40:27.819 1234435 INFO tempest.lib.common.rest_client [req-5bb18780-8037-43a1-b06b-2170558c382f ] Request (RoutersTest:test_add_multiple_router_interfaces): 201 POST http://10.13.3.238:9696/v2.0/subnets 0.255s[00m
2021-11-02 13:40:28.051 1234435 INFO tempest.lib.common.rest_client [req-964f023b-e598-482c-874f-a82c6802e908 ] Request (RoutersTest:test_add_multiple_router_interfaces): 201 POST http://10.13.3.238:9696/v2.0/subnets 0.230s[00m
2021-11-02 13:40:28.118 1234435 INFO tempest.lib.common.rest_client [req-3be6df0e-a278-40c6-b060-779f0d8413fe ] Request (RoutersTest:test_add_multiple_router_interfaces): 201 POST http://10.13.3.238:9696/v2.0/routers 0.066s[00m
2021-11-02 13:40:28.358 1234432 INFO tempest.lib.common.rest_client [req-3d990cb1-2390-46fc-adaf-6e018e609a9e ] Request (VolumesGetTest:test_volume_create_get_update_delete_from_image): 200 GET http://10.13.3.253:8776/v3/071af5d21ca3448cbee4c6c68185dce0/volumes/282e9af7-eb5f-43b5-aba4-5a633041dc93 0.055s[00m
2021-11-02 13:40:29.178 1234435 INFO tempest.lib.common.rest_client [req-7ad9bef5-ccda-489d-b2e9-0df3cc32f4ef ] Request (RoutersTest:test_add_multiple_router_interfaces): 200 PUT http://10.13.3.238:9696/v2.0/routers/108ef88a-0f0d-4bd2-8261-c4567f06fae3/add_router_interface 1.060s[00m
2021-11-02 13:40:29.227 1234435 INFO tempest.lib.common.rest_client [req-6913f91b-1ade-4664-8c65-a28545be88a4 ] Request (RoutersTest:test_add_multiple_router_interfaces): 200 GET http://10.13.3.238:9696/v2.0/ports/57d53a91-6937-4716-b751-b26791d6ba5b 0.047s[00m
2021-11-02 13:40:29.436 1234432 INFO tempest.lib.common.rest_client [req-54d4ef99-d508-44f2-b718-6429370e5e46 ] Request (VolumesGetTest:test_volume_create_get_update_delete_from_image): 200 GET http://10.13.3.253:8776/v3/071af5d21ca3448cbee4c6c68185dce0/volumes/282e9af7-eb5f-43b5-aba4-5a633041dc93 0.067s[00m
2021-11-02 13:40:30.362 1234435 INFO tempest.lib.common.rest_client [req-cb8bbf93-a1b5-4e06-ab9d-604a346de170 ] Request (RoutersTest:test_add_multiple_router_interfaces): 200 PUT http://10.13.3.238:9696/v2.0/routers/108ef88a-0f0d-4bd2-8261-c4567f06fae3/add_router_interface 1.135s[00m
2021-11-02 13:40:30.404 1234435 INFO tempest.lib.common.rest_client [req-8d4c3bc6-902e-43b2-8b6b-ddeb36314c90 ] Request (RoutersTest:test_add_multiple_router_interfaces): 200 GET http://10.13.3.238:9696/v2.0/ports/ab936413-4af7-43db-a65a-2d9faf6c978f 0.041s[00m
2021-11-02 13:40:30.499 1234432 INFO tempest.lib.common.rest_client [req-1e95ebe4-fc83-42ca-a79a-8cf1414844cf ] Request (VolumesGetTest:test_volume_create_get_update_delete_from_image): 200 GET http://10.13.3.253:8776/v3/071af5d21ca3448cbee4c6c68185dce0/volumes/282e9af7-eb5f-43b5-aba4-5a633041dc93 0.052s[00m
2021-11-02 13:40:31.317 1234435 INFO tempest.lib.common.rest_client [req-fc4df1ce-fa8c-4730-9e17-278dd9d2d0c7 ] Request (RoutersTest:_run_cleanups): 200 PUT http://10.13.3.238:9696/v2.0/routers/108ef88a-0f0d-4bd2-8261-c4567f06fae3/remove_router_interface 0.912s[00m
2021-11-02 13:40:31.564 1234432 INFO tempest.lib.common.rest_client [req-09a2e230-b5e2-405e-bb8b-a885afb8777e ] Request (VolumesGetTest:test_volume_create_get_update_delete_from_image): 200 GET http://10.13.3.253:8776/v3/071af5d21ca3448cbee4c6c68185dce0/volumes/282e9af7-eb5f-43b5-aba4-5a633041dc93 0.055s[00m
2021-11-02 13:40:32.220 1234435 INFO tempest.lib.common.rest_client [req-306d173e-eb5c-4058-89cc-afa2c62ebb32 ] Request (RoutersTest:_run_cleanups): 200 PUT http://10.13.3.238:9696/v2.0/routers/108ef88a-0f0d-4bd2-8261-c4567f06fae3/remove_router_interface 0.901s[00m
2021-11-02 13:40:32.260 1234435 INFO tempest.lib.common.rest_client [req-4574578b-2b40-493a-a517-351aff99bab8 ] Request (RoutersTest:_run_cleanups): 200 GET http://10.13.3.238:9696/v2.0/ports?device_id=108ef88a-0f0d-4bd2-8261-c4567f06fae3 0.039s[00m
2021-11-02 13:40:32.459 1234435 INFO tempest.lib.common.rest_client [req-cd4b77f3-d50b-4ef3-88ba-ad397d2b60ad ] Request (RoutersTest:_run_cleanups): 204 DELETE http://10.13.3.238:9696/v2.0/routers/108ef88a-0f0d-4bd2-8261-c4567f06fae3 0.198s[00m
2021-11-02 13:40:32.627 1234432 INFO tempest.lib.common.rest_client [req-b44805b5-13d1-4400-8836-76f4753ec3c3 ] Request (VolumesGetTest:test_volume_create_get_update_delete_from_image): 200 GET http://10.13.3.253:8776/v3/071af5d21ca3448cbee4c6c68185dce0/volumes/282e9af7-eb5f-43b5-aba4-5a633041dc93 0.052s[00m
2021-11-02 13:40:32.638 1234435 INFO tempest.lib.common.rest_client [req-f59e77e5-a2c5-482c-b92f-adb21d64b7ea ] Request (RoutersTest:_run_cleanups): 204 DELETE http://10.13.3.238:9696/v2.0/subnets/05dbedfa-e381-46f9-9e83-7a02b49707b2 0.178s[00m
2021-11-02 13:40:32.816 1234435 INFO tempest.lib.common.rest_client [req-d1efb139-b010-4ac6-b31f-89ecae215a65 ] Request (RoutersTest:_run_cleanups): 204 DELETE http://10.13.3.238:9696/v2.0/subnets/82ff28eb-455e-48c7-aa0d-59bdcfdee964 0.177s[00m
2021-11-02 13:40:33.169 1234435 INFO tempest.lib.common.rest_client [req-a888696a-3191-453e-9a4a-27f94915b9c7 ] Request (RoutersTest:_run_cleanups): 204 DELETE http://10.13.3.238:9696/v2.0/networks/5a956eef-f447-405b-9c83-619983e8e99f 0.352s[00m
2021-11-02 13:40:33.358 1234435 INFO tempest.lib.common.rest_client [req-fdc8a4d0-560a-4632-9aaf-60ec84769b45 ] Request (RoutersTest:_run_cleanups): 204 DELETE http://10.13.3.238:9696/v2.0/networks/5f139fd1-1fa3-4632-b06e-0da005311420 0.188s[00m
{1} tempest.api.network.test_routers.RoutersTest.test_add_multiple_router_interfaces [6.414485s] ... ok
2021-11-02 13:40:33.526 1234435 INFO tempest.lib.common.rest_client [req-7ab31645-9018-4d75-a128-0fef84e5c89f ] Request (RoutersTest:test_add_remove_router_interface_with_port_id): 201 POST http://10.13.3.238:9696/v2.0/networks 0.166s[00m
2021-11-02 13:40:33.704 1234432 INFO tempest.lib.common.rest_client [req-53089557-f0f8-41ca-abbc-07830d13a40f ] Request (VolumesGetTest:test_volume_create_get_update_delete_from_image): 200 GET http://10.13.3.253:8776/v3/071af5d21ca3448cbee4c6c68185dce0/volumes/282e9af7-eb5f-43b5-aba4-5a633041dc93 0.066s[00m
2021-11-02 13:40:33.766 1234435 INFO tempest.lib.common.rest_client [req-18711ac3-6f0e-447f-983a-325c282617ea ] Request (RoutersTest:test_add_remove_router_interface_with_port_id): 201 POST http://10.13.3.238:9696/v2.0/subnets 0.239s[00m
2021-11-02 13:40:33.824 1234435 INFO tempest.lib.common.rest_client [req-6297b0a1-ad46-4f88-a67a-cc8dab9e1f11 ] Request (RoutersTest:test_add_remove_router_interface_with_port_id): 201 POST http://10.13.3.238:9696/v2.0/routers 0.057s[00m
2021-11-02 13:40:34.242 1234435 INFO tempest.lib.common.rest_client [req-63108b6f-16c3-4a83-9df4-602f250e3ddd ] Request (RoutersTest:test_add_remove_router_interface_with_port_id): 201 POST http://10.13.3.238:9696/v2.0/ports 0.415s[00m
2021-11-02 13:40:34.773 1234432 INFO tempest.lib.common.rest_client [req-d84b4a47-628a-4a8e-bd7d-3c19c15bac57 ] Request (VolumesGetTest:test_volume_create_get_update_delete_from_image): 200 GET http://10.13.3.253:8776/v3/071af5d21ca3448cbee4c6c68185dce0/volumes/282e9af7-eb5f-43b5-aba4-5a633041dc93 0.060s[00m
2021-11-02 13:40:35.348 1234435 INFO tempest.lib.common.rest_client [req-d48b9bf4-3ce9-48d2-881e-ae69cdac158d ] Request (RoutersTest:test_add_remove_router_interface_with_port_id): 200 PUT http://10.13.3.238:9696/v2.0/routers/e63e82e2-ed26-4eb6-9b2c-db3b27129a1f/add_router_interface 1.105s[00m
2021-11-02 13:40:35.402 1234435 INFO tempest.lib.common.rest_client [req-48b3030a-d2a0-493c-bec5-bfbc6c001081 ] Request (RoutersTest:test_add_remove_router_interface_with_port_id): 200 GET http://10.13.3.238:9696/v2.0/ports/f7d7edc6-d491-437a-a4e5-b2c775f51b08 0.053s[00m
2021-11-02 13:40:35.952 1234432 INFO tempest.lib.common.rest_client [req-0c7dc7e1-1e99-4eb7-988b-1facc6d168bc ] Request (VolumesGetTest:test_volume_create_get_update_delete_from_image): 200 GET http://10.13.3.253:8776/v3/071af5d21ca3448cbee4c6c68185dce0/volumes/282e9af7-eb5f-43b5-aba4-5a633041dc93 0.163s[00m
2021-11-02 13:40:36.432 1234435 INFO tempest.lib.common.rest_client [req-8a37e00b-9b9d-422d-86f1-9e0f53e626e5 ] Request (RoutersTest:test_add_remove_router_interface_with_port_id): 200 PUT http://10.13.3.238:9696/v2.0/routers/e63e82e2-ed26-4eb6-9b2c-db3b27129a1f/remove_router_interface 1.029s[00m
2021-11-02 13:40:36.601 1234435 INFO tempest.lib.common.rest_client [req-be39f033-1a1f-41f7-86bd-1e051dfc17d5 ] Request (RoutersTest:_run_cleanups): 404 PUT http://10.13.3.238:9696/v2.0/routers/e63e82e2-ed26-4eb6-9b2c-db3b27129a1f/remove_router_interface 0.168s[00m
2021-11-02 13:40:36.644 1234435 INFO tempest.lib.common.rest_client [req-a307051e-b6fb-4876-8843-047aaa03b49e ] Request (RoutersTest:_run_cleanups): 200 GET http://10.13.3.238:9696/v2.0/ports?device_id=e63e82e2-ed26-4eb6-9b2c-db3b27129a1f 0.041s[00m
2021-11-02 13:40:36.925 1234435 INFO tempest.lib.common.rest_client [req-67302b61-ddab-4d74-bbbc-d869917d54b6 ] Request (RoutersTest:_run_cleanups): 204 DELETE http://10.13.3.238:9696/v2.0/routers/e63e82e2-ed26-4eb6-9b2c-db3b27129a1f 0.280s[00m
2021-11-02 13:40:37.040 1234432 INFO tempest.lib.common.rest_client [req-537b0fd4-4fd5-4d5a-b112-8baadaf7d7ab ] Request (VolumesGetTest:test_volume_create_get_update_delete_from_image): 200 GET http://10.13.3.253:8776/v3/071af5d21ca3448cbee4c6c68185dce0/volumes/282e9af7-eb5f-43b5-aba4-5a633041dc93 0.080s[00m
2021-11-02 13:40:37.185 1234435 INFO tempest.lib.common.rest_client [req-53a7f96f-3422-4c08-9958-935a41b335a0 ] Request (RoutersTest:_run_cleanups): 204 DELETE http://10.13.3.238:9696/v2.0/subnets/b8d1d48d-87fe-4336-8cb8-af7bdb4e8a6a 0.260s[00m
2021-11-02 13:40:37.672 1234435 INFO tempest.lib.common.rest_client [req-de05b9c0-d428-4176-b543-df2ea91838e3 ] Request (RoutersTest:_run_cleanups): 204 DELETE http://10.13.3.238:9696/v2.0/networks/ee4a20bd-fc62-447b-9a8d-2e935f74de9c 0.486s[00m
{1} tempest.api.network.test_routers.RoutersTest.test_add_remove_router_interface_with_port_id [4.313105s] ... ok
2021-11-02 13:40:37.812 1234435 INFO tempest.lib.common.rest_client [req-d44775b3-f604-4256-a67a-abdbdc0063cf ] Request (RoutersTest:test_add_remove_router_interface_with_subnet_id): 201 POST http://10.13.3.238:9696/v2.0/networks 0.138s[00m
2021-11-02 13:40:38.117 1234435 INFO tempest.lib.common.rest_client [req-a325750e-1302-40ca-92fa-936f5d42f3cb ] Request (RoutersTest:test_add_remove_router_interface_with_subnet_id): 201 POST http://10.13.3.238:9696/v2.0/subnets 0.303s[00m
2021-11-02 13:40:38.164 1234432 INFO tempest.lib.common.rest_client [req-50e7fe38-ff9a-43b0-a881-82fecc220a98 ] Request (VolumesGetTest:test_volume_create_get_update_delete_from_image): 200 GET http://10.13.3.253:8776/v3/071af5d21ca3448cbee4c6c68185dce0/volumes/282e9af7-eb5f-43b5-aba4-5a633041dc93 0.116s[00m
2021-11-02 13:40:38.187 1234435 INFO tempest.lib.common.rest_client [req-8340e287-cce9-4c5c-8c1e-82b556a6b6e5 ] Request (RoutersTest:test_add_remove_router_interface_with_subnet_id): 201 POST http://10.13.3.238:9696/v2.0/routers 0.070s[00m
2021-11-02 13:40:39.262 1234432 INFO tempest.lib.common.rest_client [req-42f65c55-4d1b-4d39-ad5c-0fff287bdb0d ] Request (VolumesGetTest:test_volume_create_get_update_delete_from_image): 200 GET http://10.13.3.253:8776/v3/071af5d21ca3448cbee4c6c68185dce0/volumes/282e9af7-eb5f-43b5-aba4-5a633041dc93 0.089s[00m
2021-11-02 13:40:39.452 1234435 INFO tempest.lib.common.rest_client [req-b84dc423-944b-4255-b6b2-79b008fae104 ] Request (RoutersTest:test_add_remove_router_interface_with_subnet_id): 200 PUT http://10.13.3.238:9696/v2.0/routers/5b5a3f9e-3137-4b57-af48-cfe37ef61e73/add_router_interface 1.264s[00m
2021-11-02 13:40:39.508 1234435 INFO tempest.lib.common.rest_client [req-d578f4e9-a625-4142-bacb-fc37e422d721 ] Request (RoutersTest:test_add_remove_router_interface_with_subnet_id): 200 GET http://10.13.3.238:9696/v2.0/ports/24fd3106-63d7-47be-ad4b-06fbc703e737 0.055s[00m
2021-11-02 13:40:40.522 1234435 INFO tempest.lib.common.rest_client [req-34e2cf1a-7f52-4bfc-957c-db4c60f275a4 ] Request (RoutersTest:_run_cleanups): 200 PUT http://10.13.3.238:9696/v2.0/routers/5b5a3f9e-3137-4b57-af48-cfe37ef61e73/remove_router_interface 1.013s[00m
2021-11-02 13:40:40.590 1234432 INFO tempest.lib.common.rest_client [req-6ea2422a-8b15-4791-a9e6-185ca02e59d0 ] Request (VolumesGetTest:test_volume_create_get_update_delete_from_image): 200 GET http://10.13.3.253:8776/v3/071af5d21ca3448cbee4c6c68185dce0/volumes/282e9af7-eb5f-43b5-aba4-5a633041dc93 0.320s[00m
2021-11-02 13:40:40.589 1234435 INFO tempest.lib.common.rest_client [req-40a3523f-dfbd-4ed6-b94e-ec9239ed8b06 ] Request (RoutersTest:_run_cleanups): 200 GET http://10.13.3.238:9696/v2.0/ports?device_id=5b5a3f9e-3137-4b57-af48-cfe37ef61e73 0.066s[00m
2021-11-02 13:40:40.869 1234435 INFO tempest.lib.common.rest_client [req-e279c818-1538-4729-994b-c7fd90cda547 ] Request (RoutersTest:_run_cleanups): 204 DELETE http://10.13.3.238:9696/v2.0/routers/5b5a3f9e-3137-4b57-af48-cfe37ef61e73 0.272s[00m
2021-11-02 13:40:41.038 1234435 INFO tempest.lib.common.rest_client [req-8b06ed82-c6d9-4697-a267-166790f63746 ] Request (RoutersTest:_run_cleanups): 204 DELETE http://10.13.3.238:9696/v2.0/subnets/ff9b9f55-1423-4698-ae38-519ef8997a3f 0.168s[00m
2021-11-02 13:40:41.382 1234435 INFO tempest.lib.common.rest_client [req-d2cf5774-4f44-4701-9ae6-99fe8a589c4e ] Request (RoutersTest:_run_cleanups): 204 DELETE http://10.13.3.238:9696/v2.0/networks/6f3d7270-c7a9-4149-abcf-d3f0f58140be 0.343s[00m
{1} tempest.api.network.test_routers.RoutersTest.test_add_remove_router_interface_with_subnet_id [3.709648s] ... ok
2021-11-02 13:40:41.979 1234432 INFO tempest.lib.common.rest_client [req-f33332bb-3783-4ba2-9058-3b09bd276909 ] Request (VolumesGetTest:test_volume_create_get_update_delete_from_image): 200 GET http://10.13.3.253:8776/v3/071af5d21ca3448cbee4c6c68185dce0/volumes/282e9af7-eb5f-43b5-aba4-5a633041dc93 0.381s[00m
2021-11-02 13:40:42.380 1234435 INFO tempest.lib.common.rest_client [req-ce686e0f-6dcb-4663-a9dd-23ff2278ad6b ] Request (RoutersTest:test_create_show_list_update_delete_router): 201 POST http://10.13.3.238:9696/v2.0/routers 0.997s[00m
2021-11-02 13:40:42.478 1234435 INFO tempest.lib.common.rest_client [req-85701ef6-cdd4-48d6-a81c-de8800b97347 ] Request (RoutersTest:test_create_show_list_update_delete_router): 200 GET http://10.13.3.238:9696/v2.0/routers/5679797b-142a-446e-938a-c8c39ade0b48 0.097s[00m
2021-11-02 13:40:42.638 1234435 INFO tempest.lib.common.rest_client [req-c97d2875-ff0f-4e95-baba-43e2efc00136 ] Request (RoutersTest:test_create_show_list_update_delete_router): 200 GET http://10.13.3.238:9696/v2.0/routers 0.159s[00m
2021-11-02 13:40:43.050 1234435 INFO tempest.lib.common.rest_client [req-c415111d-3c7d-4876-9260-2de4f277c292 ] Request (RoutersTest:test_create_show_list_update_delete_router): 200 PUT http://10.13.3.238:9696/v2.0/routers/5679797b-142a-446e-938a-c8c39ade0b48 0.411s[00m
2021-11-02 13:40:43.108 1234432 INFO tempest.lib.common.rest_client [req-6a46900b-1465-4200-9d5f-7c671c167a3b ] Request (VolumesGetTest:test_volume_create_get_update_delete_from_image): 200 GET http://10.13.3.253:8776/v3/071af5d21ca3448cbee4c6c68185dce0/volumes/282e9af7-eb5f-43b5-aba4-5a633041dc93 0.120s[00m
2021-11-02 13:40:43.155 1234435 INFO tempest.lib.common.rest_client [req-7ef9c0f4-10ce-45da-a30d-c22195c9f711 ] Request (RoutersTest:test_create_show_list_update_delete_router): 200 GET http://10.13.3.238:9696/v2.0/routers/5679797b-142a-446e-938a-c8c39ade0b48 0.105s[00m
2021-11-02 13:40:43.181 1234435 INFO tempest.lib.common.rest_client [req-e59a802b-0a19-46a3-a87a-b130d16f09a8 ] Request (RoutersTest:_run_cleanups): 200 GET http://10.13.3.238:9696/v2.0/ports?device_id=5679797b-142a-446e-938a-c8c39ade0b48 0.025s[00m
2021-11-02 13:40:43.723 1234435 INFO tempest.lib.common.rest_client [req-a554ecdd-1c6d-4c05-9fec-1f471fa3ef05 ] Request (RoutersTest:_run_cleanups): 204 DELETE http://10.13.3.238:9696/v2.0/routers/5679797b-142a-446e-938a-c8c39ade0b48 0.541s[00m
{1} tempest.api.network.test_routers.RoutersTest.test_create_show_list_update_delete_router [2.340676s] ... ok
2021-11-02 13:40:43.761 1234435 INFO tempest.lib.common.rest_client [req-4a11e868-6d87-44f1-8067-fd8ea7eded09 ] Request (RoutersTest:tearDownClass): 200 GET http://10.13.3.238:9696/v2.0/ports?device_id=5679797b-142a-446e-938a-c8c39ade0b48 0.037s[00m
2021-11-02 13:40:43.822 1234435 INFO tempest.lib.common.rest_client [req-c8034083-95a1-45c4-b851-ccc0eb739afd ] Request (RoutersTest:tearDownClass): 404 DELETE http://10.13.3.238:9696/v2.0/routers/5679797b-142a-446e-938a-c8c39ade0b48 0.060s[00m
2021-11-02 13:40:43.864 1234435 INFO tempest.lib.common.rest_client [req-5375e4b6-2b2f-49c2-a1da-15ef8a513d47 ] Request (RoutersTest:tearDownClass): 200 GET http://10.13.3.238:9696/v2.0/ports?device_id=5b5a3f9e-3137-4b57-af48-cfe37ef61e73 0.042s[00m
2021-11-02 13:40:43.904 1234435 INFO tempest.lib.common.rest_client [req-a789213e-9820-4d1e-b9fa-c4e1f7ab2049 ] Request (RoutersTest:tearDownClass): 404 DELETE http://10.13.3.238:9696/v2.0/routers/5b5a3f9e-3137-4b57-af48-cfe37ef61e73 0.039s[00m
2021-11-02 13:40:43.949 1234435 INFO tempest.lib.common.rest_client [req-d4ddd39f-7ef4-446b-a3f5-276fc78f422f ] Request (RoutersTest:tearDownClass): 404 DELETE http://10.13.3.238:9696/v2.0/subnets/ff9b9f55-1423-4698-ae38-519ef8997a3f 0.044s[00m
2021-11-02 13:40:43.996 1234435 INFO tempest.lib.common.rest_client [req-8440fdec-7ec4-478a-a300-6d49b482ae0b ] Request (RoutersTest:tearDownClass): 200 GET http://10.13.3.238:9696/v2.0/ports?device_id=e63e82e2-ed26-4eb6-9b2c-db3b27129a1f 0.046s[00m
2021-11-02 13:40:44.061 1234435 INFO tempest.lib.common.rest_client [req-43944cb0-d944-4fbe-9163-c0c6438c5fcd ] Request (RoutersTest:tearDownClass): 404 DELETE http://10.13.3.238:9696/v2.0/routers/e63e82e2-ed26-4eb6-9b2c-db3b27129a1f 0.064s[00m
2021-11-02 13:40:44.088 1234435 INFO tempest.lib.common.rest_client [req-ded49bc5-0ad1-45fb-938f-eb16518b0299 ] Request (RoutersTest:tearDownClass): 404 DELETE http://10.13.3.238:9696/v2.0/subnets/b8d1d48d-87fe-4336-8cb8-af7bdb4e8a6a 0.025s[00m
2021-11-02 13:40:44.116 1234435 INFO tempest.lib.common.rest_client [req-711086d3-d645-47b7-ab9c-8e6d7737f40a ] Request (RoutersTest:tearDownClass): 200 GET http://10.13.3.238:9696/v2.0/ports?device_id=108ef88a-0f0d-4bd2-8261-c4567f06fae3 0.027s[00m
2021-11-02 13:40:44.194 1234432 INFO tempest.lib.common.rest_client [req-97d0aba7-c774-418e-9bf2-7bc938ad68d9 ] Request (VolumesGetTest:test_volume_create_get_update_delete_from_image): 200 GET http://10.13.3.253:8776/v3/071af5d21ca3448cbee4c6c68185dce0/volumes/282e9af7-eb5f-43b5-aba4-5a633041dc93 0.078s[00m
2021-11-02 13:40:44.200 1234435 INFO tempest.lib.common.rest_client [req-5aac0d12-14b5-40a6-8f29-fa66ae39402d ] Request (RoutersTest:tearDownClass): 404 DELETE http://10.13.3.238:9696/v2.0/routers/108ef88a-0f0d-4bd2-8261-c4567f06fae3 0.083s[00m
2021-11-02 13:40:44.253 1234435 INFO tempest.lib.common.rest_client [req-0e3dd1c6-cfc7-4bb6-851b-8e3f81581c27 ] Request (RoutersTest:tearDownClass): 404 DELETE http://10.13.3.238:9696/v2.0/subnets/05dbedfa-e381-46f9-9e83-7a02b49707b2 0.053s[00m
2021-11-02 13:40:44.281 1234435 INFO tempest.lib.common.rest_client [req-61dd0d59-a670-4ff1-b30e-23d04d3de662 ] Request (RoutersTest:tearDownClass): 404 DELETE http://10.13.3.238:9696/v2.0/subnets/82ff28eb-455e-48c7-aa0d-59bdcfdee964 0.027s[00m
2021-11-02 13:40:44.422 1234435 INFO tempest.lib.common.rest_client [req-bcd6168c-7c2a-4336-9c60-674052ca3a86 ] Request (RoutersTest:tearDownClass): 204 DELETE http://10.13.3.222:35357/v3/users/532f3d30a6fa426daffc9651d595b070 0.140s[00m
2021-11-02 13:40:44.688 1234435 INFO tempest.lib.common.rest_client [req-8de21593-7f0b-4c0c-8ab7-88da65e573e0 ] Request (RoutersTest:tearDownClass): 201 POST http://10.13.3.222:5000/v3/auth/tokens 0.266s[00m
2021-11-02 13:40:44.799 1234435 INFO tempest.lib.common.rest_client [req-45130745-6c82-4e65-b3b8-a8f159d70cd1 ] Request (RoutersTest:tearDownClass): 200 GET http://10.13.3.238:9696/v2.0/security-groups?tenant_id=9e460b09594e40a8be03923416fab908&name=default 0.110s[00m
2021-11-02 13:40:44.929 1234435 INFO tempest.lib.common.rest_client [req-35318124-cdcf-4509-bc20-e3b67e440972 ] Request (RoutersTest:tearDownClass): 204 DELETE http://10.13.3.238:9696/v2.0/security-groups/910d089d-87e9-4b27-a27c-8fdca929870c 0.129s[00m
2021-11-02 13:40:45.062 1234435 INFO tempest.lib.common.rest_client [req-7813c75b-9ffe-45bf-b61d-107f6bf545d9 ] Request (RoutersTest:tearDownClass): 204 DELETE http://10.13.3.222:35357/v3/projects/9e460b09594e40a8be03923416fab908 0.132s[00m
