2021-11-02 13:36:36.716 1234435 INFO tempest.lib.common.fixed_network [-] (ServersTestBootFromVolume:setUpClass) Found network {'id': '13ff4c56-9ac3-460f-9783-d59a2b4f6cc5', 'name': 'tempest-ServersTestBootFromVolume-1166145899-network', 'tenant_id': '984ca49ad7b74e1a92d42d58d3149a6b', 'admin_state_up': True, 'mtu': 1458, 'status': 'ACTIVE', 'subnets': [], 'shared': False, 'project_id': '984ca49ad7b74e1a92d42d58d3149a6b', 'router:external': False, 'provider:network_type': 'gre', 'provider:physical_network': None, 'provider:segmentation_id': 12, 'is_default': False, 'availability_zone_hints': [], 'availability_zones': [], 'ipv4_address_scope': None, 'ipv6_address_scope': None, 'description': '', 'l2_adjacency': True, 'tags': [], 'created_at': '2021-11-02T13:36:32Z', 'updated_at': '2021-11-02T13:36:32Z', 'revision_number': 1} available for tenant[00m
2021-11-02 13:36:37.095 1234432 INFO tempest.lib.common.rest_client [req-7681fb77-d522-45d1-aeac-373123f1e766 ] Request (AttachInterfacesUnderV243Test:test_add_remove_fixed_ip): 200 GET http://10.13.3.234:8774/v2.1/servers/be77ce4b-4b80-431f-8829-64da78b8a6fe 0.129s[00m
2021-11-02 13:36:37.107 1234432 INFO tempest.common.waiters [-] State transition "BUILD/scheduling" ==> "BUILD/spawning" after 2 second wait[00m
2021-11-02 13:36:38.212 1234432 INFO tempest.lib.common.rest_client [req-b01aa700-4b49-4fff-a616-db5b20d58e6f ] Request (AttachInterfacesUnderV243Test:test_add_remove_fixed_ip): 200 GET http://10.13.3.234:8774/v2.1/servers/be77ce4b-4b80-431f-8829-64da78b8a6fe 0.103s[00m
2021-11-02 13:36:39.343 1234432 INFO tempest.lib.common.rest_client [req-ef6a05e4-d4e2-4bf3-a366-399187f87f0b ] Request (AttachInterfacesUnderV243Test:test_add_remove_fixed_ip): 200 GET http://10.13.3.234:8774/v2.1/servers/be77ce4b-4b80-431f-8829-64da78b8a6fe 0.123s[00m
2021-11-02 13:36:39.804 1234435 INFO tempest.lib.common.rest_client [req-4920c886-6447-4cab-b2f8-808b3becc56d ] Request (ServersTestBootFromVolume:setUpClass): 202 POST http://10.13.3.253:8776/v3/984ca49ad7b74e1a92d42d58d3149a6b/volumes 3.086s[00m
2021-11-02 13:36:40.447 1234432 INFO tempest.lib.common.rest_client [req-1f153035-692b-4541-b23a-7d9c51fb8041 ] Request (AttachInterfacesUnderV243Test:test_add_remove_fixed_ip): 200 GET http://10.13.3.234:8774/v2.1/servers/be77ce4b-4b80-431f-8829-64da78b8a6fe 0.094s[00m
2021-11-02 13:36:41.576 1234432 INFO tempest.lib.common.rest_client [req-35d5c3e8-cc7b-4f9c-9ef9-cbf3f046c36a ] Request (AttachInterfacesUnderV243Test:test_add_remove_fixed_ip): 200 GET http://10.13.3.234:8774/v2.1/servers/be77ce4b-4b80-431f-8829-64da78b8a6fe 0.111s[00m
2021-11-02 13:36:42.050 1234435 INFO tempest.lib.common.rest_client [req-3bd4905d-6128-47db-a91a-7de2b9664cf2 ] Request (ServersTestBootFromVolume:setUpClass): 200 GET http://10.13.3.253:8776/v3/984ca49ad7b74e1a92d42d58d3149a6b/volumes/df369ece-2a8d-41f8-abd5-973a8ce7b1e7 2.239s[00m
2021-11-02 13:36:42.686 1234432 INFO tempest.lib.common.rest_client [req-1f149bde-d1f0-4c91-ba9b-a1ac5d8a0837 ] Request (AttachInterfacesUnderV243Test:test_add_remove_fixed_ip): 200 GET http://10.13.3.234:8774/v2.1/servers/be77ce4b-4b80-431f-8829-64da78b8a6fe 0.101s[00m
2021-11-02 13:36:43.125 1234435 INFO tempest.lib.common.rest_client [req-e723c4a5-4b68-43f9-b4f6-26340210ef13 ] Request (ServersTestBootFromVolume:setUpClass): 200 GET http://10.13.3.253:8776/v3/984ca49ad7b74e1a92d42d58d3149a6b/volumes/df369ece-2a8d-41f8-abd5-973a8ce7b1e7 0.065s[00m
2021-11-02 13:36:43.815 1234432 INFO tempest.lib.common.rest_client [req-8b61e9cb-3dca-41a6-9b7d-fdc3c3fa095f ] Request (AttachInterfacesUnderV243Test:test_add_remove_fixed_ip): 200 GET http://10.13.3.234:8774/v2.1/servers/be77ce4b-4b80-431f-8829-64da78b8a6fe 0.119s[00m
2021-11-02 13:36:44.190 1234435 INFO tempest.lib.common.rest_client [req-365fcf6c-f48d-4bd6-857e-442e78bbc62c ] Request (ServersTestBootFromVolume:setUpClass): 200 GET http://10.13.3.253:8776/v3/984ca49ad7b74e1a92d42d58d3149a6b/volumes/df369ece-2a8d-41f8-abd5-973a8ce7b1e7 0.056s[00m
2021-11-02 13:36:44.957 1234432 INFO tempest.lib.common.rest_client [req-e82fcb50-52b7-43d0-9715-298f45c25021 ] Request (AttachInterfacesUnderV243Test:test_add_remove_fixed_ip): 200 GET http://10.13.3.234:8774/v2.1/servers/be77ce4b-4b80-431f-8829-64da78b8a6fe 0.134s[00m
2021-11-02 13:36:45.266 1234435 INFO tempest.lib.common.rest_client [req-14c9f65d-e04b-49e4-b4ab-6ca44432f13e ] Request (ServersTestBootFromVolume:setUpClass): 200 GET http://10.13.3.253:8776/v3/984ca49ad7b74e1a92d42d58d3149a6b/volumes/df369ece-2a8d-41f8-abd5-973a8ce7b1e7 0.064s[00m
2021-11-02 13:36:46.061 1234432 INFO tempest.lib.common.rest_client [req-59debf94-7f1c-493d-931f-22a295bb9f8a ] Request (AttachInterfacesUnderV243Test:test_add_remove_fixed_ip): 200 GET http://10.13.3.234:8774/v2.1/servers/be77ce4b-4b80-431f-8829-64da78b8a6fe 0.095s[00m
2021-11-02 13:36:46.326 1234435 INFO tempest.lib.common.rest_client [req-77f35fd2-4dfa-4159-883a-0144bce7b3ee ] Request (ServersTestBootFromVolume:setUpClass): 200 GET http://10.13.3.253:8776/v3/984ca49ad7b74e1a92d42d58d3149a6b/volumes/df369ece-2a8d-41f8-abd5-973a8ce7b1e7 0.049s[00m
2021-11-02 13:36:47.174 1234432 INFO tempest.lib.common.rest_client [req-49bb101b-4ce8-4e98-82e3-1cfb603ec335 ] Request (AttachInterfacesUnderV243Test:test_add_remove_fixed_ip): 200 GET http://10.13.3.234:8774/v2.1/servers/be77ce4b-4b80-431f-8829-64da78b8a6fe 0.102s[00m
2021-11-02 13:36:47.387 1234435 INFO tempest.lib.common.rest_client [req-bef38563-6109-4ca1-bc7c-7bf5f1acc3a5 ] Request (ServersTestBootFromVolume:setUpClass): 200 GET http://10.13.3.253:8776/v3/984ca49ad7b74e1a92d42d58d3149a6b/volumes/df369ece-2a8d-41f8-abd5-973a8ce7b1e7 0.053s[00m
2021-11-02 13:36:48.282 1234432 INFO tempest.lib.common.rest_client [req-23de7cab-cf31-40dc-ae85-33f86ce994c2 ] Request (AttachInterfacesUnderV243Test:test_add_remove_fixed_ip): 200 GET http://10.13.3.234:8774/v2.1/servers/be77ce4b-4b80-431f-8829-64da78b8a6fe 0.096s[00m
2021-11-02 13:36:48.475 1234435 INFO tempest.lib.common.rest_client [req-067682e7-cfb7-47ba-8908-f5fa1b2a72e5 ] Request (ServersTestBootFromVolume:setUpClass): 200 GET http://10.13.3.253:8776/v3/984ca49ad7b74e1a92d42d58d3149a6b/volumes/df369ece-2a8d-41f8-abd5-973a8ce7b1e7 0.078s[00m
2021-11-02 13:36:49.397 1234432 INFO tempest.lib.common.rest_client [req-dfb8ad90-2658-400b-bc40-50f36ace3382 ] Request (AttachInterfacesUnderV243Test:test_add_remove_fixed_ip): 200 GET http://10.13.3.234:8774/v2.1/servers/be77ce4b-4b80-431f-8829-64da78b8a6fe 0.106s[00m
2021-11-02 13:36:49.538 1234435 INFO tempest.lib.common.rest_client [req-3134a13b-6d99-4f4b-b321-ed737982b3f1 ] Request (ServersTestBootFromVolume:setUpClass): 200 GET http://10.13.3.253:8776/v3/984ca49ad7b74e1a92d42d58d3149a6b/volumes/df369ece-2a8d-41f8-abd5-973a8ce7b1e7 0.052s[00m
2021-11-02 13:36:50.506 1234432 INFO tempest.lib.common.rest_client [req-011dfcc8-170c-4374-8f39-2e56fae091e8 ] Request (AttachInterfacesUnderV243Test:test_add_remove_fixed_ip): 200 GET http://10.13.3.234:8774/v2.1/servers/be77ce4b-4b80-431f-8829-64da78b8a6fe 0.100s[00m
2021-11-02 13:36:50.601 1234435 INFO tempest.lib.common.rest_client [req-5162997b-bb19-4927-8f72-7334e05c0b9d ] Request (ServersTestBootFromVolume:setUpClass): 200 GET http://10.13.3.253:8776/v3/984ca49ad7b74e1a92d42d58d3149a6b/volumes/df369ece-2a8d-41f8-abd5-973a8ce7b1e7 0.050s[00m
2021-11-02 13:36:51.635 1234432 INFO tempest.lib.common.rest_client [req-c72039ec-64ac-4d38-82fc-f08389a41bec ] Request (AttachInterfacesUnderV243Test:test_add_remove_fixed_ip): 200 GET http://10.13.3.234:8774/v2.1/servers/be77ce4b-4b80-431f-8829-64da78b8a6fe 0.117s[00m
2021-11-02 13:36:51.661 1234435 INFO tempest.lib.common.rest_client [req-396aed6b-7635-4e63-a7bf-bd42e241f592 ] Request (ServersTestBootFromVolume:setUpClass): 200 GET http://10.13.3.253:8776/v3/984ca49ad7b74e1a92d42d58d3149a6b/volumes/df369ece-2a8d-41f8-abd5-973a8ce7b1e7 0.048s[00m
2021-11-02 13:36:52.720 1234435 INFO tempest.lib.common.rest_client [req-fd5e28ef-f500-4fc6-9fc3-4c7ac96d6ba9 ] Request (ServersTestBootFromVolume:setUpClass): 200 GET http://10.13.3.253:8776/v3/984ca49ad7b74e1a92d42d58d3149a6b/volumes/df369ece-2a8d-41f8-abd5-973a8ce7b1e7 0.050s[00m
2021-11-02 13:36:52.744 1234432 INFO tempest.lib.common.rest_client [req-88e6b57d-9c60-4498-b1e2-2aa0f25094ee ] Request (AttachInterfacesUnderV243Test:test_add_remove_fixed_ip): 200 GET http://10.13.3.234:8774/v2.1/servers/be77ce4b-4b80-431f-8829-64da78b8a6fe 0.099s[00m
2021-11-02 13:36:53.781 1234435 INFO tempest.lib.common.rest_client [req-f067888a-8527-4777-828d-00483c1737ee ] Request (ServersTestBootFromVolume:setUpClass): 200 GET http://10.13.3.253:8776/v3/984ca49ad7b74e1a92d42d58d3149a6b/volumes/df369ece-2a8d-41f8-abd5-973a8ce7b1e7 0.052s[00m
2021-11-02 13:36:53.853 1234432 INFO tempest.lib.common.rest_client [req-b2f2b30c-9f0b-4bec-93f7-bee2ef958042 ] Request (AttachInterfacesUnderV243Test:test_add_remove_fixed_ip): 200 GET http://10.13.3.234:8774/v2.1/servers/be77ce4b-4b80-431f-8829-64da78b8a6fe 0.099s[00m
2021-11-02 13:36:54.965 1234432 INFO tempest.lib.common.rest_client [req-14324b09-5d27-4eae-80c0-884abc2ac61c ] Request (AttachInterfacesUnderV243Test:test_add_remove_fixed_ip): 200 GET http://10.13.3.234:8774/v2.1/servers/be77ce4b-4b80-431f-8829-64da78b8a6fe 0.099s[00m
2021-11-02 13:36:55.132 1234435 INFO tempest.lib.common.rest_client [req-3837e772-0080-4c02-9816-0ff992b6a6f7 ] Request (ServersTestBootFromVolume:setUpClass): 200 GET http://10.13.3.253:8776/v3/984ca49ad7b74e1a92d42d58d3149a6b/volumes/df369ece-2a8d-41f8-abd5-973a8ce7b1e7 0.343s[00m
2021-11-02 13:36:56.075 1234432 INFO tempest.lib.common.rest_client [req-c4ca72db-21f8-4a9e-80fe-3d19f7f24775 ] Request (AttachInterfacesUnderV243Test:test_add_remove_fixed_ip): 200 GET http://10.13.3.234:8774/v2.1/servers/be77ce4b-4b80-431f-8829-64da78b8a6fe 0.101s[00m
2021-11-02 13:36:56.355 1234435 INFO tempest.lib.common.rest_client [req-89c67584-95c6-4814-94b4-83b8b199de49 ] Request (ServersTestBootFromVolume:setUpClass): 200 GET http://10.13.3.253:8776/v3/984ca49ad7b74e1a92d42d58d3149a6b/volumes/df369ece-2a8d-41f8-abd5-973a8ce7b1e7 0.214s[00m
2021-11-02 13:36:57.186 1234432 INFO tempest.lib.common.rest_client [req-6acf260a-62d8-4867-ac7d-f6a8384cf168 ] Request (AttachInterfacesUnderV243Test:test_add_remove_fixed_ip): 200 GET http://10.13.3.234:8774/v2.1/servers/be77ce4b-4b80-431f-8829-64da78b8a6fe 0.100s[00m
2021-11-02 13:36:57.415 1234435 INFO tempest.lib.common.rest_client [req-b4d97a10-7301-4fb7-b5a9-cf7f924cf2de ] Request (ServersTestBootFromVolume:setUpClass): 200 GET http://10.13.3.253:8776/v3/984ca49ad7b74e1a92d42d58d3149a6b/volumes/df369ece-2a8d-41f8-abd5-973a8ce7b1e7 0.050s[00m
2021-11-02 13:36:58.295 1234432 INFO tempest.lib.common.rest_client [req-b6f7657b-fc45-49b2-a6e9-98d39a4b1706 ] Request (AttachInterfacesUnderV243Test:test_add_remove_fixed_ip): 200 GET http://10.13.3.234:8774/v2.1/servers/be77ce4b-4b80-431f-8829-64da78b8a6fe 0.096s[00m
2021-11-02 13:36:58.479 1234435 INFO tempest.lib.common.rest_client [req-10b8003d-fe5e-444d-92dd-2440dcd41882 ] Request (ServersTestBootFromVolume:setUpClass): 200 GET http://10.13.3.253:8776/v3/984ca49ad7b74e1a92d42d58d3149a6b/volumes/df369ece-2a8d-41f8-abd5-973a8ce7b1e7 0.051s[00m
2021-11-02 13:36:59.402 1234432 INFO tempest.lib.common.rest_client [req-c7dc9abe-56f3-452d-a34d-569fe01fc20b ] Request (AttachInterfacesUnderV243Test:test_add_remove_fixed_ip): 200 GET http://10.13.3.234:8774/v2.1/servers/be77ce4b-4b80-431f-8829-64da78b8a6fe 0.098s[00m
2021-11-02 13:36:59.541 1234435 INFO tempest.lib.common.rest_client [req-b66dce4c-a1bc-4b42-ac63-1b6201168562 ] Request (ServersTestBootFromVolume:setUpClass): 200 GET http://10.13.3.253:8776/v3/984ca49ad7b74e1a92d42d58d3149a6b/volumes/df369ece-2a8d-41f8-abd5-973a8ce7b1e7 0.050s[00m
2021-11-02 13:37:00.545 1234432 INFO tempest.lib.common.rest_client [req-edb280c8-d132-40f5-8db4-09b39801a9d0 ] Request (AttachInterfacesUnderV243Test:test_add_remove_fixed_ip): 200 GET http://10.13.3.234:8774/v2.1/servers/be77ce4b-4b80-431f-8829-64da78b8a6fe 0.125s[00m
2021-11-02 13:37:00.600 1234435 INFO tempest.lib.common.rest_client [req-7eeb56e1-8883-4ef2-b5a2-375193c08d79 ] Request (ServersTestBootFromVolume:setUpClass): 200 GET http://10.13.3.253:8776/v3/984ca49ad7b74e1a92d42d58d3149a6b/volumes/df369ece-2a8d-41f8-abd5-973a8ce7b1e7 0.047s[00m
2021-11-02 13:37:01.657 1234432 INFO tempest.lib.common.rest_client [req-2e8fe447-b6f1-49e9-bcfb-3e4f5cc92917 ] Request (AttachInterfacesUnderV243Test:test_add_remove_fixed_ip): 200 GET http://10.13.3.234:8774/v2.1/servers/be77ce4b-4b80-431f-8829-64da78b8a6fe 0.103s[00m
2021-11-02 13:37:01.663 1234435 INFO tempest.lib.common.rest_client [req-0e284dff-9bfc-4856-a5d9-af062b23967c ] Request (ServersTestBootFromVolume:setUpClass): 200 GET http://10.13.3.253:8776/v3/984ca49ad7b74e1a92d42d58d3149a6b/volumes/df369ece-2a8d-41f8-abd5-973a8ce7b1e7 0.053s[00m
2021-11-02 13:37:02.724 1234435 INFO tempest.lib.common.rest_client [req-302e2374-e088-4f17-a9f5-4fbf4cf02d32 ] Request (ServersTestBootFromVolume:setUpClass): 200 GET http://10.13.3.253:8776/v3/984ca49ad7b74e1a92d42d58d3149a6b/volumes/df369ece-2a8d-41f8-abd5-973a8ce7b1e7 0.052s[00m
2021-11-02 13:37:02.768 1234432 INFO tempest.lib.common.rest_client [req-6924cfe1-68c0-44bc-b3c7-37baa031f79c ] Request (AttachInterfacesUnderV243Test:test_add_remove_fixed_ip): 200 GET http://10.13.3.234:8774/v2.1/servers/be77ce4b-4b80-431f-8829-64da78b8a6fe 0.097s[00m
2021-11-02 13:37:03.785 1234435 INFO tempest.lib.common.rest_client [req-1b89fad0-97e0-44ba-a50e-885104ecea7a ] Request (ServersTestBootFromVolume:setUpClass): 200 GET http://10.13.3.253:8776/v3/984ca49ad7b74e1a92d42d58d3149a6b/volumes/df369ece-2a8d-41f8-abd5-973a8ce7b1e7 0.047s[00m
2021-11-02 13:37:03.873 1234432 INFO tempest.lib.common.rest_client [req-dc51a230-07ff-48e1-8711-adca0b06ec02 ] Request (AttachInterfacesUnderV243Test:test_add_remove_fixed_ip): 200 GET http://10.13.3.234:8774/v2.1/servers/be77ce4b-4b80-431f-8829-64da78b8a6fe 0.094s[00m
2021-11-02 13:37:04.848 1234435 INFO tempest.lib.common.rest_client [req-7663c0a6-d5ef-4f46-a6df-8f5b866bb313 ] Request (ServersTestBootFromVolume:setUpClass): 200 GET http://10.13.3.253:8776/v3/984ca49ad7b74e1a92d42d58d3149a6b/volumes/df369ece-2a8d-41f8-abd5-973a8ce7b1e7 0.055s[00m
2021-11-02 13:37:04.981 1234432 INFO tempest.lib.common.rest_client [req-91d23b24-d95d-4729-9c1d-517f54bd75b4 ] Request (AttachInterfacesUnderV243Test:test_add_remove_fixed_ip): 200 GET http://10.13.3.234:8774/v2.1/servers/be77ce4b-4b80-431f-8829-64da78b8a6fe 0.100s[00m
2021-11-02 13:37:05.907 1234435 INFO tempest.lib.common.rest_client [req-278dc8e4-cae0-48ce-a6d3-75e712e1bc9e ] Request (ServersTestBootFromVolume:setUpClass): 200 GET http://10.13.3.253:8776/v3/984ca49ad7b74e1a92d42d58d3149a6b/volumes/df369ece-2a8d-41f8-abd5-973a8ce7b1e7 0.050s[00m
2021-11-02 13:37:06.090 1234432 INFO tempest.lib.common.rest_client [req-034551da-037b-4c4e-b9d2-c9b281b675b0 ] Request (AttachInterfacesUnderV243Test:test_add_remove_fixed_ip): 200 GET http://10.13.3.234:8774/v2.1/servers/be77ce4b-4b80-431f-8829-64da78b8a6fe 0.095s[00m
2021-11-02 13:37:06.966 1234435 INFO tempest.lib.common.rest_client [req-54376fa5-ca7a-4110-b1ef-5599680f3952 ] Request (ServersTestBootFromVolume:setUpClass): 200 GET http://10.13.3.253:8776/v3/984ca49ad7b74e1a92d42d58d3149a6b/volumes/df369ece-2a8d-41f8-abd5-973a8ce7b1e7 0.049s[00m
2021-11-02 13:37:07.202 1234432 INFO tempest.lib.common.rest_client [req-6047d5b1-5db2-4444-ba60-63b77a72e301 ] Request (AttachInterfacesUnderV243Test:test_add_remove_fixed_ip): 200 GET http://10.13.3.234:8774/v2.1/servers/be77ce4b-4b80-431f-8829-64da78b8a6fe 0.097s[00m
2021-11-02 13:37:08.025 1234435 INFO tempest.lib.common.rest_client [req-65f4c2d7-4cc0-420b-8819-435e07247eea ] Request (ServersTestBootFromVolume:setUpClass): 200 GET http://10.13.3.253:8776/v3/984ca49ad7b74e1a92d42d58d3149a6b/volumes/df369ece-2a8d-41f8-abd5-973a8ce7b1e7 0.051s[00m
2021-11-02 13:37:08.311 1234432 INFO tempest.lib.common.rest_client [req-7e3f7bb3-3762-4305-947e-b529453a6dbc ] Request (AttachInterfacesUnderV243Test:test_add_remove_fixed_ip): 200 GET http://10.13.3.234:8774/v2.1/servers/be77ce4b-4b80-431f-8829-64da78b8a6fe 0.101s[00m
2021-11-02 13:37:09.084 1234435 INFO tempest.lib.common.rest_client [req-25d2a12e-087d-41b9-8a5d-3056583e95b4 ] Request (ServersTestBootFromVolume:setUpClass): 200 GET http://10.13.3.253:8776/v3/984ca49ad7b74e1a92d42d58d3149a6b/volumes/df369ece-2a8d-41f8-abd5-973a8ce7b1e7 0.051s[00m
2021-11-02 13:37:09.418 1234432 INFO tempest.lib.common.rest_client [req-74f6f2ec-2dd6-4b90-a7c8-0fef77ec6890 ] Request (AttachInterfacesUnderV243Test:test_add_remove_fixed_ip): 200 GET http://10.13.3.234:8774/v2.1/servers/be77ce4b-4b80-431f-8829-64da78b8a6fe 0.096s[00m
2021-11-02 13:37:10.148 1234435 INFO tempest.lib.common.rest_client [req-99183914-af48-45aa-b32a-7499b7358577 ] Request (ServersTestBootFromVolume:setUpClass): 200 GET http://10.13.3.253:8776/v3/984ca49ad7b74e1a92d42d58d3149a6b/volumes/df369ece-2a8d-41f8-abd5-973a8ce7b1e7 0.054s[00m
2021-11-02 13:37:10.542 1234432 INFO tempest.lib.common.rest_client [req-bcf3fa0e-404a-4743-8fd5-4fbe0043bf06 ] Request (AttachInterfacesUnderV243Test:test_add_remove_fixed_ip): 200 GET http://10.13.3.234:8774/v2.1/servers/be77ce4b-4b80-431f-8829-64da78b8a6fe 0.116s[00m
2021-11-02 13:37:11.210 1234435 INFO tempest.lib.common.rest_client [req-e74f93b3-f2ec-4314-a405-3d72a48d4a5b ] Request (ServersTestBootFromVolume:setUpClass): 200 GET http://10.13.3.253:8776/v3/984ca49ad7b74e1a92d42d58d3149a6b/volumes/df369ece-2a8d-41f8-abd5-973a8ce7b1e7 0.052s[00m
2021-11-02 13:37:11.653 1234432 INFO tempest.lib.common.rest_client [req-4327feb9-f89a-4f59-9286-613bbb6596db ] Request (AttachInterfacesUnderV243Test:test_add_remove_fixed_ip): 200 GET http://10.13.3.234:8774/v2.1/servers/be77ce4b-4b80-431f-8829-64da78b8a6fe 0.099s[00m
2021-11-02 13:37:12.270 1234435 INFO tempest.lib.common.rest_client [req-661526e3-3cd6-4291-aea6-16f6bbc1f84b ] Request (ServersTestBootFromVolume:setUpClass): 200 GET http://10.13.3.253:8776/v3/984ca49ad7b74e1a92d42d58d3149a6b/volumes/df369ece-2a8d-41f8-abd5-973a8ce7b1e7 0.047s[00m
2021-11-02 13:37:12.763 1234432 INFO tempest.lib.common.rest_client [req-121d9088-b30e-45be-b008-0406ca12bd40 ] Request (AttachInterfacesUnderV243Test:test_add_remove_fixed_ip): 200 GET http://10.13.3.234:8774/v2.1/servers/be77ce4b-4b80-431f-8829-64da78b8a6fe 0.096s[00m
2021-11-02 13:37:13.334 1234435 INFO tempest.lib.common.rest_client [req-9e54be95-8195-4e12-a865-94a932c24780 ] Request (ServersTestBootFromVolume:setUpClass): 200 GET http://10.13.3.253:8776/v3/984ca49ad7b74e1a92d42d58d3149a6b/volumes/df369ece-2a8d-41f8-abd5-973a8ce7b1e7 0.052s[00m
2021-11-02 13:37:13.880 1234432 INFO tempest.lib.common.rest_client [req-31df2574-eaa1-4df4-8333-356d72dc352a ] Request (AttachInterfacesUnderV243Test:test_add_remove_fixed_ip): 200 GET http://10.13.3.234:8774/v2.1/servers/be77ce4b-4b80-431f-8829-64da78b8a6fe 0.106s[00m
2021-11-02 13:37:14.402 1234435 INFO tempest.lib.common.rest_client [req-9002b95e-87d3-4c8e-a563-f8e0e8440181 ] Request (ServersTestBootFromVolume:setUpClass): 200 GET http://10.13.3.253:8776/v3/984ca49ad7b74e1a92d42d58d3149a6b/volumes/df369ece-2a8d-41f8-abd5-973a8ce7b1e7 0.052s[00m
2021-11-02 13:37:14.986 1234432 INFO tempest.lib.common.rest_client [req-4a682fae-2997-48ad-84df-903cdaf79c6b ] Request (AttachInterfacesUnderV243Test:test_add_remove_fixed_ip): 200 GET http://10.13.3.234:8774/v2.1/servers/be77ce4b-4b80-431f-8829-64da78b8a6fe 0.096s[00m
2021-11-02 13:37:15.460 1234435 INFO tempest.lib.common.rest_client [req-33dcf2a9-7ebf-495a-abae-1af8fc170219 ] Request (ServersTestBootFromVolume:setUpClass): 200 GET http://10.13.3.253:8776/v3/984ca49ad7b74e1a92d42d58d3149a6b/volumes/df369ece-2a8d-41f8-abd5-973a8ce7b1e7 0.050s[00m
2021-11-02 13:37:16.095 1234432 INFO tempest.lib.common.rest_client [req-e9d2ea41-b4f1-4e27-ae8b-d78a35626513 ] Request (AttachInterfacesUnderV243Test:test_add_remove_fixed_ip): 200 GET http://10.13.3.234:8774/v2.1/servers/be77ce4b-4b80-431f-8829-64da78b8a6fe 0.099s[00m
2021-11-02 13:37:16.527 1234435 INFO tempest.lib.common.rest_client [req-6305edbb-1a09-408c-894d-101651f75511 ] Request (ServersTestBootFromVolume:setUpClass): 200 GET http://10.13.3.253:8776/v3/984ca49ad7b74e1a92d42d58d3149a6b/volumes/df369ece-2a8d-41f8-abd5-973a8ce7b1e7 0.059s[00m
2021-11-02 13:37:17.214 1234432 INFO tempest.lib.common.rest_client [req-c16857e3-e530-4298-b6d4-538bdfe9ef73 ] Request (AttachInterfacesUnderV243Test:test_add_remove_fixed_ip): 200 GET http://10.13.3.234:8774/v2.1/servers/be77ce4b-4b80-431f-8829-64da78b8a6fe 0.108s[00m
2021-11-02 13:37:17.594 1234435 INFO tempest.lib.common.rest_client [req-e86f5ae1-7a32-4fb1-bd3c-f7ccd55cf121 ] Request (ServersTestBootFromVolume:setUpClass): 200 GET http://10.13.3.253:8776/v3/984ca49ad7b74e1a92d42d58d3149a6b/volumes/df369ece-2a8d-41f8-abd5-973a8ce7b1e7 0.058s[00m
2021-11-02 13:37:18.342 1234432 INFO tempest.lib.common.rest_client [req-754db237-1198-429d-bdd3-c448c7188ee8 ] Request (AttachInterfacesUnderV243Test:test_add_remove_fixed_ip): 200 GET http://10.13.3.234:8774/v2.1/servers/be77ce4b-4b80-431f-8829-64da78b8a6fe 0.119s[00m
2021-11-02 13:37:18.668 1234435 INFO tempest.lib.common.rest_client [req-b54606bc-4880-49b9-a2d2-d46820243bc9 ] Request (ServersTestBootFromVolume:setUpClass): 200 GET http://10.13.3.253:8776/v3/984ca49ad7b74e1a92d42d58d3149a6b/volumes/df369ece-2a8d-41f8-abd5-973a8ce7b1e7 0.063s[00m
2021-11-02 13:37:19.535 1234432 INFO tempest.lib.common.rest_client [req-f3618aa5-6d7b-4ddc-ac2c-7c78004eb70c ] Request (AttachInterfacesUnderV243Test:test_add_remove_fixed_ip): 200 GET http://10.13.3.234:8774/v2.1/servers/be77ce4b-4b80-431f-8829-64da78b8a6fe 0.184s[00m
2021-11-02 13:37:19.750 1234435 INFO tempest.lib.common.rest_client [req-3f5df7f9-b095-4a84-ae59-7b0af7e77449 ] Request (ServersTestBootFromVolume:setUpClass): 200 GET http://10.13.3.253:8776/v3/984ca49ad7b74e1a92d42d58d3149a6b/volumes/df369ece-2a8d-41f8-abd5-973a8ce7b1e7 0.072s[00m
2021-11-02 13:37:20.657 1234432 INFO tempest.lib.common.rest_client [req-f51dc255-fea7-4cb5-aac9-84c854b8aa52 ] Request (AttachInterfacesUnderV243Test:test_add_remove_fixed_ip): 200 GET http://10.13.3.234:8774/v2.1/servers/be77ce4b-4b80-431f-8829-64da78b8a6fe 0.113s[00m
2021-11-02 13:37:20.889 1234435 INFO tempest.lib.common.rest_client [req-4a027e05-371a-485e-a8c8-008f017b2177 ] Request (ServersTestBootFromVolume:setUpClass): 200 GET http://10.13.3.253:8776/v3/984ca49ad7b74e1a92d42d58d3149a6b/volumes/df369ece-2a8d-41f8-abd5-973a8ce7b1e7 0.131s[00m
2021-11-02 13:37:22.003 1234435 INFO tempest.lib.common.rest_client [req-eda5ae80-25bb-4034-90d2-46df36c0aea9 ] Request (ServersTestBootFromVolume:setUpClass): 200 GET http://10.13.3.253:8776/v3/984ca49ad7b74e1a92d42d58d3149a6b/volumes/df369ece-2a8d-41f8-abd5-973a8ce7b1e7 0.104s[00m
2021-11-02 13:37:22.232 1234432 INFO tempest.lib.common.rest_client [req-3eb7035a-db35-4377-a342-48d3de0e0003 ] Request (AttachInterfacesUnderV243Test:test_add_remove_fixed_ip): 200 GET http://10.13.3.234:8774/v2.1/servers/be77ce4b-4b80-431f-8829-64da78b8a6fe 0.564s[00m
2021-11-02 13:37:23.109 1234435 INFO tempest.lib.common.rest_client [req-b92f992c-2901-425c-ae96-dcd1bc98fd81 ] Request (ServersTestBootFromVolume:setUpClass): 200 GET http://10.13.3.253:8776/v3/984ca49ad7b74e1a92d42d58d3149a6b/volumes/df369ece-2a8d-41f8-abd5-973a8ce7b1e7 0.096s[00m
2021-11-02 13:37:23.361 1234432 INFO tempest.lib.common.rest_client [req-28ae9b38-6eee-4cda-a19c-50dd15b18c6f ] Request (AttachInterfacesUnderV243Test:test_add_remove_fixed_ip): 200 GET http://10.13.3.234:8774/v2.1/servers/be77ce4b-4b80-431f-8829-64da78b8a6fe 0.119s[00m
2021-11-02 13:37:24.207 1234435 INFO tempest.lib.common.rest_client [req-be309ab0-a480-441c-9214-b47c419478e8 ] Request (ServersTestBootFromVolume:setUpClass): 200 GET http://10.13.3.253:8776/v3/984ca49ad7b74e1a92d42d58d3149a6b/volumes/df369ece-2a8d-41f8-abd5-973a8ce7b1e7 0.088s[00m
2021-11-02 13:37:24.490 1234432 INFO tempest.lib.common.rest_client [req-d5739651-3628-4203-a871-954fe7bb5d83 ] Request (AttachInterfacesUnderV243Test:test_add_remove_fixed_ip): 200 GET http://10.13.3.234:8774/v2.1/servers/be77ce4b-4b80-431f-8829-64da78b8a6fe 0.120s[00m
2021-11-02 13:37:25.285 1234435 INFO tempest.lib.common.rest_client [req-aa7a54be-36af-4814-adea-b28834f0e394 ] Request (ServersTestBootFromVolume:setUpClass): 200 GET http://10.13.3.253:8776/v3/984ca49ad7b74e1a92d42d58d3149a6b/volumes/df369ece-2a8d-41f8-abd5-973a8ce7b1e7 0.066s[00m
2021-11-02 13:37:25.664 1234432 INFO tempest.lib.common.rest_client [req-84849055-278d-448b-b9bd-0306c38d7cde ] Request (AttachInterfacesUnderV243Test:test_add_remove_fixed_ip): 200 GET http://10.13.3.234:8774/v2.1/servers/be77ce4b-4b80-431f-8829-64da78b8a6fe 0.162s[00m
2021-11-02 13:37:26.630 1234435 INFO tempest.lib.common.rest_client [req-8e7c5d31-9bb8-4660-9fe9-345e36960ceb ] Request (ServersTestBootFromVolume:setUpClass): 200 GET http://10.13.3.253:8776/v3/984ca49ad7b74e1a92d42d58d3149a6b/volumes/df369ece-2a8d-41f8-abd5-973a8ce7b1e7 0.335s[00m
2021-11-02 13:37:26.808 1234432 INFO tempest.lib.common.rest_client [req-234adba0-ce02-42f6-8682-24f79038a589 ] Request (AttachInterfacesUnderV243Test:test_add_remove_fixed_ip): 200 GET http://10.13.3.234:8774/v2.1/servers/be77ce4b-4b80-431f-8829-64da78b8a6fe 0.137s[00m
2021-11-02 13:37:27.686 1234435 INFO tempest.lib.common.rest_client [req-eadc830c-e3e7-4dcb-b9d4-8d431b9de77a ] Request (ServersTestBootFromVolume:setUpClass): 200 GET http://10.13.3.253:8776/v3/984ca49ad7b74e1a92d42d58d3149a6b/volumes/df369ece-2a8d-41f8-abd5-973a8ce7b1e7 0.047s[00m
2021-11-02 13:37:27.913 1234432 INFO tempest.lib.common.rest_client [req-5eb5c498-8b8b-4e1d-8371-868066484574 ] Request (AttachInterfacesUnderV243Test:test_add_remove_fixed_ip): 200 GET http://10.13.3.234:8774/v2.1/servers/be77ce4b-4b80-431f-8829-64da78b8a6fe 0.094s[00m
2021-11-02 13:37:28.763 1234435 INFO tempest.lib.common.rest_client [req-84873e8f-a2d7-4d31-a3e2-dbaa3cd9f963 ] Request (ServersTestBootFromVolume:setUpClass): 200 GET http://10.13.3.253:8776/v3/984ca49ad7b74e1a92d42d58d3149a6b/volumes/df369ece-2a8d-41f8-abd5-973a8ce7b1e7 0.069s[00m
2021-11-02 13:37:29.101 1234432 INFO tempest.lib.common.rest_client [req-65eb0ba8-3bf0-489c-ba89-a5780dfe2b60 ] Request (AttachInterfacesUnderV243Test:test_add_remove_fixed_ip): 200 GET http://10.13.3.234:8774/v2.1/servers/be77ce4b-4b80-431f-8829-64da78b8a6fe 0.176s[00m
2021-11-02 13:37:29.823 1234435 INFO tempest.lib.common.rest_client [req-0337bebc-fb7f-4ba0-b572-727bd9406fd9 ] Request (ServersTestBootFromVolume:setUpClass): 200 GET http://10.13.3.253:8776/v3/984ca49ad7b74e1a92d42d58d3149a6b/volumes/df369ece-2a8d-41f8-abd5-973a8ce7b1e7 0.049s[00m
2021-11-02 13:37:30.228 1234432 INFO tempest.lib.common.rest_client [req-02e8d314-f18a-4f4b-b52c-e06c9706ab01 ] Request (AttachInterfacesUnderV243Test:test_add_remove_fixed_ip): 200 GET http://10.13.3.234:8774/v2.1/servers/be77ce4b-4b80-431f-8829-64da78b8a6fe 0.114s[00m
2021-11-02 13:37:30.884 1234435 INFO tempest.lib.common.rest_client [req-c6115b5d-cb12-442a-9347-14d4f23746bf ] Request (ServersTestBootFromVolume:setUpClass): 200 GET http://10.13.3.253:8776/v3/984ca49ad7b74e1a92d42d58d3149a6b/volumes/df369ece-2a8d-41f8-abd5-973a8ce7b1e7 0.048s[00m
2021-11-02 13:37:30.890 1234435 INFO tempest.common.waiters [-] volume df369ece-2a8d-41f8-abd5-973a8ce7b1e7 reached available after waiting for 48.890683 seconds[00m
2021-11-02 13:37:31.363 1234432 INFO tempest.lib.common.rest_client [req-4dbb70d7-411e-42d2-a4c3-a1c79a9d0b44 ] Request (AttachInterfacesUnderV243Test:test_add_remove_fixed_ip): 200 GET http://10.13.3.234:8774/v2.1/servers/be77ce4b-4b80-431f-8829-64da78b8a6fe 0.124s[00m
2021-11-02 13:37:31.933 1234435 INFO tempest.lib.common.rest_client [req-0229f930-0817-464a-a92d-831df6d138fd ] Request (ServersTestBootFromVolume:setUpClass): 202 POST http://10.13.3.234:8774/v2.1/servers 1.042s[00m
2021-11-02 13:37:31.987 1234435 INFO tempest.lib.common.rest_client [req-d82d4b31-fb3f-4b17-8865-3ec085172946 ] Request (ServersTestBootFromVolume:setUpClass): 200 GET http://10.13.3.234:8774/v2.1/servers/b2ec2dea-13ad-44ab-a731-9c3a381b8873 0.050s[00m
2021-11-02 13:37:32.503 1234432 INFO tempest.lib.common.rest_client [req-25b5294f-51a1-43eb-ac8c-72331c0a30b7 ] Request (AttachInterfacesUnderV243Test:test_add_remove_fixed_ip): 200 GET http://10.13.3.234:8774/v2.1/servers/be77ce4b-4b80-431f-8829-64da78b8a6fe 0.127s[00m
2021-11-02 13:37:33.183 1234435 INFO tempest.lib.common.rest_client [req-ffbaee4b-2ba7-40d2-a5cb-bcd7cbea3344 ] Request (ServersTestBootFromVolume:setUpClass): 200 GET http://10.13.3.234:8774/v2.1/servers/b2ec2dea-13ad-44ab-a731-9c3a381b8873 0.182s[00m
2021-11-02 13:37:33.193 1234435 INFO tempest.common.waiters [-] State transition "BUILD/scheduling" ==> "BUILD/block_device_mapping" after 1 second wait[00m
2021-11-02 13:37:33.670 1234432 INFO tempest.lib.common.rest_client [req-349091ae-05f9-4e7f-9e60-a5efb18bb188 ] Request (AttachInterfacesUnderV243Test:test_add_remove_fixed_ip): 200 GET http://10.13.3.234:8774/v2.1/servers/be77ce4b-4b80-431f-8829-64da78b8a6fe 0.153s[00m
2021-11-02 13:37:34.294 1234435 INFO tempest.lib.common.rest_client [req-9dcca471-f6ea-443a-90f1-22170ad03ed0 ] Request (ServersTestBootFromVolume:setUpClass): 200 GET http://10.13.3.234:8774/v2.1/servers/b2ec2dea-13ad-44ab-a731-9c3a381b8873 0.099s[00m
2021-11-02 13:37:34.301 1234435 INFO tempest.common.waiters [-] State transition "BUILD/block_device_mapping" ==> "BUILD/spawning" after 2 second wait[00m
2021-11-02 13:37:34.786 1234432 INFO tempest.lib.common.rest_client [req-00a958d5-43b3-4d2a-b58e-d66b188f59fd ] Request (AttachInterfacesUnderV243Test:test_add_remove_fixed_ip): 200 GET http://10.13.3.234:8774/v2.1/servers/be77ce4b-4b80-431f-8829-64da78b8a6fe 0.102s[00m
2021-11-02 13:37:35.409 1234435 INFO tempest.lib.common.rest_client [req-32efa3da-c2f1-40b0-a703-1b6085d58a89 ] Request (ServersTestBootFromVolume:setUpClass): 200 GET http://10.13.3.234:8774/v2.1/servers/b2ec2dea-13ad-44ab-a731-9c3a381b8873 0.106s[00m
2021-11-02 13:37:35.898 1234432 INFO tempest.lib.common.rest_client [req-f5582c05-7d99-4588-b392-23734d011a4f ] Request (AttachInterfacesUnderV243Test:test_add_remove_fixed_ip): 200 GET http://10.13.3.234:8774/v2.1/servers/be77ce4b-4b80-431f-8829-64da78b8a6fe 0.103s[00m
2021-11-02 13:37:36.527 1234435 INFO tempest.lib.common.rest_client [req-7dad39f2-5bdd-48e8-9c0d-f0018123cb92 ] Request (ServersTestBootFromVolume:setUpClass): 200 GET http://10.13.3.234:8774/v2.1/servers/b2ec2dea-13ad-44ab-a731-9c3a381b8873 0.104s[00m
2021-11-02 13:37:37.030 1234432 INFO tempest.lib.common.rest_client [req-41d849c7-11d9-44eb-a17c-b4090055427b ] Request (AttachInterfacesUnderV243Test:test_add_remove_fixed_ip): 200 GET http://10.13.3.234:8774/v2.1/servers/be77ce4b-4b80-431f-8829-64da78b8a6fe 0.122s[00m
2021-11-02 13:37:37.658 1234435 INFO tempest.lib.common.rest_client [req-c67f8b4b-6825-4638-9de4-50fc52a8244f ] Request (ServersTestBootFromVolume:setUpClass): 200 GET http://10.13.3.234:8774/v2.1/servers/b2ec2dea-13ad-44ab-a731-9c3a381b8873 0.122s[00m
2021-11-02 13:37:38.150 1234432 INFO tempest.lib.common.rest_client [req-3b668048-dbc0-4de9-a12e-8708e629e8df ] Request (AttachInterfacesUnderV243Test:test_add_remove_fixed_ip): 200 GET http://10.13.3.234:8774/v2.1/servers/be77ce4b-4b80-431f-8829-64da78b8a6fe 0.110s[00m
2021-11-02 13:37:38.772 1234435 INFO tempest.lib.common.rest_client [req-64bd9423-77cc-471e-8e2a-4879d8a9ef7e ] Request (ServersTestBootFromVolume:setUpClass): 200 GET http://10.13.3.234:8774/v2.1/servers/b2ec2dea-13ad-44ab-a731-9c3a381b8873 0.102s[00m
2021-11-02 13:37:38.784 1234435 INFO tempest.common.waiters [-] State transition "BUILD/spawning" ==> "ACTIVE/None" after 6 second wait[00m
2021-11-02 13:37:38.881 1234435 INFO tempest.lib.common.rest_client [req-fad015df-c698-4c43-8649-970308942390 ] Request (ServersTestBootFromVolume:setUpClass): 200 GET http://10.13.3.234:8774/v2.1/servers/b2ec2dea-13ad-44ab-a731-9c3a381b8873/os-interface 0.097s[00m
2021-11-02 13:37:39.358 1234432 INFO tempest.lib.common.rest_client [req-b2467f76-37cb-4ecb-88b7-47c0cbe53f61 ] Request (AttachInterfacesUnderV243Test:test_add_remove_fixed_ip): 200 GET http://10.13.3.234:8774/v2.1/servers/be77ce4b-4b80-431f-8829-64da78b8a6fe 0.199s[00m
2021-11-02 13:37:39.601 1234435 INFO tempest.lib.common.rest_client [req-c72911d1-7330-4487-9158-32f3016272ba ] Request (ServersTestBootFromVolume:setUpClass): 200 PUT http://10.13.3.238:9696/v2.0/floatingips/19e8f7e7-cb27-464a-b176-f8657e0456c8 0.716s[00m
2021-11-02 13:37:39.734 1234435 INFO tempest.lib.common.rest_client [req-226cea06-98de-43af-a956-d6702e99c696 ] Request (ServersTestBootFromVolume:setUpClass): 200 GET http://10.13.3.234:8774/v2.1/servers/b2ec2dea-13ad-44ab-a731-9c3a381b8873 0.132s[00m
2021-11-02 13:37:39.848 1234435 INFO tempest.lib.common.rest_client [req-5d7bd2e3-accf-45af-bc64-96ab339f1013 ] Request (ServersTestBootFromVolume:test_list_servers): 200 GET http://10.13.3.234:8774/v2.1/servers 0.105s[00m
{1} tempest.api.compute.servers.test_create_server.ServersTestBootFromVolume.test_list_servers [0.109260s] ... ok
{1} tempest.api.compute.servers.test_create_server.ServersTestBootFromVolume.test_verify_server_details [0.000558s] ... ok
2021-11-02 13:37:39.965 1234435 INFO tempest.lib.common.rest_client [req-e5af6b9f-ed95-4121-933b-8262d6505099 ] Request (ServersTestBootFromVolume:tearDownClass): 204 DELETE http://10.13.3.234:8774/v2.1/servers/b2ec2dea-13ad-44ab-a731-9c3a381b8873 0.112s[00m
2021-11-02 13:37:40.084 1234435 INFO tempest.lib.common.rest_client [req-bfe2c289-ac22-4290-b1e6-b9324da486be ] Request (ServersTestBootFromVolume:tearDownClass): 200 GET http://10.13.3.234:8774/v2.1/servers/b2ec2dea-13ad-44ab-a731-9c3a381b8873 0.119s[00m
2021-11-02 13:37:40.486 1234432 INFO tempest.lib.common.rest_client [req-16bba0f2-c5a6-4cb0-9e25-212c9ee172c7 ] Request (AttachInterfacesUnderV243Test:test_add_remove_fixed_ip): 200 GET http://10.13.3.234:8774/v2.1/servers/be77ce4b-4b80-431f-8829-64da78b8a6fe 0.112s[00m
2021-11-02 13:37:41.206 1234435 INFO tempest.lib.common.rest_client [req-6e7d1b75-a288-4e3f-ade8-23ab4611cfe2 ] Request (ServersTestBootFromVolume:tearDownClass): 200 GET http://10.13.3.234:8774/v2.1/servers/b2ec2dea-13ad-44ab-a731-9c3a381b8873 0.111s[00m
2021-11-02 13:37:41.670 1234432 INFO tempest.lib.common.rest_client [req-66dfe8dc-918c-4006-ba2a-9d5dee6ec4fe ] Request (AttachInterfacesUnderV243Test:test_add_remove_fixed_ip): 200 GET http://10.13.3.234:8774/v2.1/servers/be77ce4b-4b80-431f-8829-64da78b8a6fe 0.168s[00m
2021-11-02 13:37:42.268 1234435 INFO tempest.lib.common.rest_client [req-e861564a-3c04-4a69-b27f-4776822b73db ] Request (ServersTestBootFromVolume:tearDownClass): 404 GET http://10.13.3.234:8774/v2.1/servers/b2ec2dea-13ad-44ab-a731-9c3a381b8873 0.049s[00m
2021-11-02 13:37:42.298 1234435 INFO tempest.lib.common.rest_client [req-1f9c367a-8ac9-44d5-a9b7-c1949c39b983 ] Request (ServersTestBootFromVolume:tearDownClass): 202 DELETE http://10.13.3.234:8774/v2.1/os-keypairs/tempest-keypair-1560164798 0.027s[00m
2021-11-02 13:37:42.381 1234435 INFO tempest.lib.common.rest_client [req-d991fded-640b-4dcb-9ff7-c1ab8dc1e170 ] Request (ServersTestBootFromVolume:tearDownClass): 204 DELETE http://10.13.3.238:9696/v2.0/security-groups/3e027dba-2766-49aa-89f5-f5cf9f636d94 0.082s[00m
2021-11-02 13:37:42.396 1234435 INFO tempest.lib.common.rest_client [req-702e0e4c-6a95-45fd-9832-e14ee311cf06 ] Request (ServersTestBootFromVolume:tearDownClass): 404 GET http://10.13.3.238:9696/v2.0/security-groups/3e027dba-2766-49aa-89f5-f5cf9f636d94 0.014s[00m
2021-11-02 13:37:42.671 1234435 INFO tempest.lib.common.rest_client [req-0a68de86-0643-4f91-9dd5-4cc331a7e348 ] Request (ServersTestBootFromVolume:tearDownClass): 204 DELETE http://10.13.3.238:9696/v2.0/floatingips/19e8f7e7-cb27-464a-b176-f8657e0456c8 0.274s[00m
2021-11-02 13:37:42.843 1234432 INFO tempest.lib.common.rest_client [req-3eb88643-7f78-4ab0-b38c-272dc2a88e86 ] Request (AttachInterfacesUnderV243Test:test_add_remove_fixed_ip): 200 GET http://10.13.3.234:8774/v2.1/servers/be77ce4b-4b80-431f-8829-64da78b8a6fe 0.161s[00m
2021-11-02 13:37:43.578 1234435 INFO tempest.lib.common.rest_client [req-f121d0d6-fc5a-4449-9ad7-d21664ee4406 ] Request (ServersTestBootFromVolume:tearDownClass): 200 PUT http://10.13.3.238:9696/v2.0/routers/52ac5ae7-e5d2-41ce-9acd-f6a83e406ada/remove_router_interface 0.906s[00m
2021-11-02 13:37:43.985 1234432 INFO tempest.lib.common.rest_client [req-1551999d-f0b3-44af-900c-508d70711895 ] Request (AttachInterfacesUnderV243Test:test_add_remove_fixed_ip): 200 GET http://10.13.3.234:8774/v2.1/servers/be77ce4b-4b80-431f-8829-64da78b8a6fe 0.133s[00m
2021-11-02 13:37:44.078 1234435 INFO tempest.lib.common.rest_client [req-85807dbb-a71c-489a-80ca-ae28cfad3313 ] Request (ServersTestBootFromVolume:tearDownClass): 204 DELETE http://10.13.3.238:9696/v2.0/routers/52ac5ae7-e5d2-41ce-9acd-f6a83e406ada 0.500s[00m
2021-11-02 13:37:44.252 1234435 INFO tempest.lib.common.rest_client [req-3f6e9684-b745-47cf-bd96-174e28e8d2cd ] Request (ServersTestBootFromVolume:tearDownClass): 204 DELETE http://10.13.3.238:9696/v2.0/subnets/5ab698c5-34d3-45f0-9d1f-1c32acbfb641 0.173s[00m
2021-11-02 13:37:44.554 1234435 INFO tempest.lib.common.rest_client [req-d38c629b-1e8c-45b3-9941-f588f1845af0 ] Request (ServersTestBootFromVolume:tearDownClass): 204 DELETE http://10.13.3.238:9696/v2.0/networks/13ff4c56-9ac3-460f-9783-d59a2b4f6cc5 0.302s[00m
2021-11-02 13:37:44.827 1234435 INFO tempest.lib.common.rest_client [req-b0b3e178-25f0-445b-8470-bd178f484157 ] Request (ServersTestBootFromVolume:tearDownClass): 204 DELETE http://10.13.3.222:35357/v3/users/1d824e9e00a3447eb7a22e855c8f0ae1 0.271s[00m
2021-11-02 13:37:44.855 1234435 INFO tempest.lib.common.rest_client [req-77be8969-4b09-4b8e-8ed5-67a2e4dc49fa ] Request (ServersTestBootFromVolume:tearDownClass): 200 GET http://10.13.3.238:9696/v2.0/security-groups?tenant_id=984ca49ad7b74e1a92d42d58d3149a6b&name=default 0.028s[00m
2021-11-02 13:37:44.918 1234435 INFO tempest.lib.common.rest_client [req-444ef1b4-4140-446c-818d-fb59dcc7e11e ] Request (ServersTestBootFromVolume:tearDownClass): 204 DELETE http://10.13.3.238:9696/v2.0/security-groups/80f1a6ce-25e8-44d6-9444-f1f57da68b17 0.062s[00m
2021-11-02 13:37:45.005 1234435 INFO tempest.lib.common.rest_client [req-2f5ab23a-f2d2-42a1-99e1-51c9c090da91 ] Request (ServersTestBootFromVolume:tearDownClass): 204 DELETE http://10.13.3.222:35357/v3/projects/984ca49ad7b74e1a92d42d58d3149a6b 0.087s[00m
2021-11-02 13:37:45.094 1234432 INFO tempest.lib.common.rest_client [req-028c881f-268c-40ba-b372-3632a07497ce ] Request (AttachInterfacesUnderV243Test:test_add_remove_fixed_ip): 200 GET http://10.13.3.234:8774/v2.1/servers/be77ce4b-4b80-431f-8829-64da78b8a6fe 0.096s[00m
2021-11-02 13:37:45.274 1234435 INFO tempest.lib.common.rest_client [req-e77b2502-e0a5-4514-93fa-0e98c1f1e3c4 ] Request (ServersTestJSON:setUpClass): 201 POST http://10.13.3.222:5000/v3/auth/tokens 0.267s[00m
2021-11-02 13:37:45.514 1234435 INFO tempest.lib.common.rest_client [req-fccb0488-9c0c-42a7-b516-037083a87d9c ] Request (ServersTestJSON:setUpClass): 201 POST http://10.13.3.222:5000/v3/auth/tokens 0.234s[00m
2021-11-02 13:37:45.539 1234435 INFO tempest.lib.common.rest_client [req-792d42bc-8663-481b-96af-d897eea0b4a0 ] Request (ServersTestJSON:setUpClass): 200 GET http://10.13.3.222:35357/v3/domains?name=admin_domain 0.024s[00m
2021-11-02 13:37:45.570 1234435 INFO tempest.lib.common.rest_client [req-efdc3c40-ead1-436b-b89f-3caaee595fe2 ] Request (ServersTestJSON:setUpClass): 201 POST http://10.13.3.222:35357/v3/projects 0.030s[00m
2021-11-02 13:37:45.834 1234435 INFO tempest.lib.common.rest_client [req-2c060e64-6e54-4ec2-ad4d-7ef7741b43ed ] Request (ServersTestJSON:setUpClass): 201 POST http://10.13.3.222:35357/v3/users 0.264s[00m
2021-11-02 13:37:45.856 1234435 INFO tempest.lib.common.rest_client [req-ca624c7e-33d6-432c-b847-44f382a8e925 ] Request (ServersTestJSON:setUpClass): 200 GET http://10.13.3.222:35357/v3/roles 0.020s[00m
2021-11-02 13:37:45.878 1234435 INFO tempest.lib.common.rest_client [req-c1175a8f-f5c8-4e40-a607-e1b3d2e04e5f ] Request (ServersTestJSON:setUpClass): 200 GET http://10.13.3.222:35357/v3/roles 0.021s[00m
2021-11-02 13:37:45.915 1234435 INFO tempest.lib.common.rest_client [req-73f09e6a-7eab-4453-bb1a-89b0bee0b20a ] Request (ServersTestJSON:setUpClass): 204 PUT http://10.13.3.222:35357/v3/projects/5bd99b05366346b9ad3da284f61e1fa7/users/0c6f66616ade4187bd6f2178ff0684e5/roles/0ffebd3a3cd54785b379940a7947ce47 0.036s[00m
2021-11-02 13:37:45.915 1234435 INFO tempest.lib.common.dynamic_creds [-] Dynamic test user 0c6f66616ade4187bd6f2178ff0684e5 is created with scope project and roles: ['member'][00m
2021-11-02 13:37:45.916 1234435 INFO tempest.lib.common.dynamic_creds [-] Acquired dynamic creds:
 credentials: Credentials: {'domain_id': '72a0f84e587f4b1a8dc42ce28df145ab', 'domain_name': 'admin_domain', 'username': 'tempest-ServersTestJSON-704346342-project', 'project_domain_id': '72a0f84e587f4b1a8dc42ce28df145ab', 'project_domain_name': 'admin_domain', 'project_id': '5bd99b05366346b9ad3da284f61e1fa7', 'project_name': 'tempest-ServersTestJSON-704346342', 'tenant_id': '5bd99b05366346b9ad3da284f61e1fa7', 'tenant_name': 'tempest-ServersTestJSON-704346342', 'user_domain_id': '72a0f84e587f4b1a8dc42ce28df145ab', 'user_domain_name': 'admin_domain', 'user_id': '0c6f66616ade4187bd6f2178ff0684e5', 'system': None}, Network: None, Subnet: None, Router: None[00m
2021-11-02 13:37:46.180 1234435 INFO tempest.lib.common.rest_client [req-8ec9f836-d860-498b-b68c-d426509e80e7 ] Request (ServersTestJSON:setUpClass): 201 POST http://10.13.3.222:5000/v3/auth/tokens 0.263s[00m
2021-11-02 13:37:46.202 1234432 INFO tempest.lib.common.rest_client [req-da9b4176-9d53-4fd7-90bc-56d26dcd2357 ] Request (AttachInterfacesUnderV243Test:test_add_remove_fixed_ip): 200 GET http://10.13.3.234:8774/v2.1/servers/be77ce4b-4b80-431f-8829-64da78b8a6fe 0.096s[00m
2021-11-02 13:37:46.383 1234435 INFO tempest.lib.common.rest_client [req-39676b7c-80b3-4d0d-b741-519cc41793eb ] Request (ServersTestJSON:setUpClass): 201 POST http://10.13.3.238:9696/v2.0/networks 0.200s[00m
2021-11-02 13:37:46.538 1234435 INFO tempest.lib.common.rest_client [req-cdb08c24-6a09-4efd-a66f-11822eead5f3 ] Request (ServersTestJSON:setUpClass): 201 POST http://10.13.3.238:9696/v2.0/subnets 0.153s[00m
2021-11-02 13:37:47.316 1234432 INFO tempest.lib.common.rest_client [req-2555c6d0-6b98-4927-b6d7-9fa7f270efca ] Request (AttachInterfacesUnderV243Test:test_add_remove_fixed_ip): 200 GET http://10.13.3.234:8774/v2.1/servers/be77ce4b-4b80-431f-8829-64da78b8a6fe 0.104s[00m
2021-11-02 13:37:47.461 1234435 INFO tempest.lib.common.rest_client [req-6ea9abf3-d935-4d0b-9d64-f331df2c8e2c ] Request (ServersTestJSON:setUpClass): 201 POST http://10.13.3.238:9696/v2.0/routers 0.923s[00m
2021-11-02 13:37:48.355 1234435 INFO tempest.lib.common.rest_client [req-ffe1db38-ebb3-4e6c-99a9-0ff1ac1d96ed ] Request (ServersTestJSON:setUpClass): 200 PUT http://10.13.3.238:9696/v2.0/routers/91bd7df8-adfa-48e2-a006-e9b93c8e6c6f/add_router_interface 0.893s[00m
2021-11-02 13:37:48.356 1234435 INFO tempest.lib.common.dynamic_creds [-] Created isolated network resources for:
 credentials: Credentials: {'domain_id': '72a0f84e587f4b1a8dc42ce28df145ab', 'domain_name': 'admin_domain', 'username': 'tempest-ServersTestJSON-704346342-project', 'project_domain_id': '72a0f84e587f4b1a8dc42ce28df145ab', 'project_domain_name': 'admin_domain', 'project_id': '5bd99b05366346b9ad3da284f61e1fa7', 'project_name': 'tempest-ServersTestJSON-704346342', 'tenant_id': '5bd99b05366346b9ad3da284f61e1fa7', 'tenant_name': 'tempest-ServersTestJSON-704346342', 'user_domain_id': '72a0f84e587f4b1a8dc42ce28df145ab', 'user_domain_name': 'admin_domain', 'user_id': '0c6f66616ade4187bd6f2178ff0684e5', 'system': None}, Network: {'id': '92b53208-a1ce-4195-ba3d-5c5fc443f864', 'name': 'tempest-ServersTestJSON-1036836700-network', 'tenant_id': '5bd99b05366346b9ad3da284f61e1fa7', 'admin_state_up': True, 'mtu': 1458, 'status': 'ACTIVE', 'subnets': [], 'shared': False, 'project_id': '5bd99b05366346b9ad3da284f61e1fa7', 'router:external': False, 'provider:network_type': 'gre', 'provider:physical_network': None, 'provider:segmentation_id': 508, 'is_default': False, 'availability_zone_hints': [], 'availability_zones': [], 'ipv4_address_scope': None, 'ipv6_address_scope': None, 'description': '', 'l2_adjacency': True, 'tags': [], 'created_at': '2021-11-02T13:37:46Z', 'updated_at': '2021-11-02T13:37:46Z', 'revision_number': 1}, Subnet: {'id': 'f832ba72-d708-40c0-92f4-6a6c0b8e06f1', 'name': 'tempest-ServersTestJSON-1036836700-subnet', 'tenant_id': '5bd99b05366346b9ad3da284f61e1fa7', 'network_id': '92b53208-a1ce-4195-ba3d-5c5fc443f864', 'ip_version': 4, 'subnetpool_id': None, 'enable_dhcp': True, 'ipv6_ra_mode': None, 'ipv6_address_mode': None, 'gateway_ip': '172.16.0.1', 'cidr': '172.16.0.0/28', 'allocation_pools': [{'start': '172.16.0.2', 'end': '172.16.0.14'}], 'host_routes': [], 'dns_nameservers': [], 'description': '', 'service_types': [], 'segment_id': None, 'tags': [], 'created_at': '2021-11-02T13:37:46Z', 'updated_at': '2021-11-02T13:37:46Z', 'revision_number': 0, 'project_id': '5bd99b05366346b9ad3da284f61e1fa7'}, Router: {'id': '91bd7df8-adfa-48e2-a006-e9b93c8e6c6f', 'name': 'tempest-ServersTestJSON-1036836700-router', 'tenant_id': '5bd99b05366346b9ad3da284f61e1fa7', 'admin_state_up': True, 'status': 'ACTIVE', 'external_gateway_info': {'network_id': '38f81d4a-3f5b-45dc-9583-b7f24651398d', 'external_fixed_ips': [{'subnet_id': '988ef44c-8461-4e31-8965-a3e165e79d58', 'ip_address': '10.13.3.174'}], 'enable_snat': True}, 'description': '', 'availability_zones': [], 'distributed': False, 'ha': False, 'availability_zone_hints': [], 'routes': [], 'flavor_id': None, 'tags': [], 'created_at': '2021-11-02T13:37:46Z', 'updated_at': '2021-11-02T13:37:47Z', 'revision_number': 3, 'project_id': '5bd99b05366346b9ad3da284f61e1fa7'}[00m
2021-11-02 13:37:48.431 1234432 INFO tempest.lib.common.rest_client [req-5efad63b-5d3e-4630-98f4-a844c0526b9a ] Request (AttachInterfacesUnderV243Test:test_add_remove_fixed_ip): 200 GET http://10.13.3.234:8774/v2.1/servers/be77ce4b-4b80-431f-8829-64da78b8a6fe 0.099s[00m
2021-11-02 13:37:48.651 1234435 INFO tempest.lib.common.rest_client [req-90430ed1-9aa6-44cd-83c7-89162fc41dd8 ] Request (ServersTestJSON:setUpClass): 201 POST http://10.13.3.222:5000/v3/auth/tokens 0.286s[00m
2021-11-02 13:37:48.881 1234435 INFO tempest.lib.common.rest_client [req-912d54db-b7ba-49c6-ae0a-c6fe49b3cab3 ] Request (ServersTestJSON:setUpClass): 200 POST http://10.13.3.234:8774/v2.1/os-keypairs 0.229s[00m
2021-11-02 13:37:48.989 1234435 INFO tempest.lib.common.rest_client [req-17f6e6c3-a556-49a9-8f06-085cd678da66 ] Request (ServersTestJSON:setUpClass): 201 POST http://10.13.3.238:9696/v2.0/security-groups 0.104s[00m
2021-11-02 13:37:49.053 1234435 INFO tempest.lib.common.rest_client [req-8075cc4e-f539-444b-a5b4-29ff5a709a56 ] Request (ServersTestJSON:setUpClass): 201 POST http://10.13.3.238:9696/v2.0/security-group-rules 0.063s[00m
2021-11-02 13:37:49.123 1234435 INFO tempest.lib.common.rest_client [req-0dd83caa-e548-4e22-b74d-b80fcd05b19d ] Request (ServersTestJSON:setUpClass): 201 POST http://10.13.3.238:9696/v2.0/security-group-rules 0.069s[00m
2021-11-02 13:37:49.601 1234432 INFO tempest.lib.common.rest_client [req-9110f00b-fe10-43e6-bf61-7e93f1b67579 ] Request (AttachInterfacesUnderV243Test:test_add_remove_fixed_ip): 200 GET http://10.13.3.234:8774/v2.1/servers/be77ce4b-4b80-431f-8829-64da78b8a6fe 0.154s[00m
2021-11-02 13:37:49.699 1234435 INFO tempest.lib.common.rest_client [req-17f98cb5-9efd-46c9-b362-1fbcba2003d2 ] Request (ServersTestJSON:setUpClass): 201 POST http://10.13.3.238:9696/v2.0/floatingips 0.575s[00m
2021-11-02 13:37:49.943 1234435 INFO tempest.lib.common.rest_client [req-3b0892a8-7a43-4d76-869d-1acb7a3c6386 ] Request (ServersTestJSON:setUpClass): 201 POST http://10.13.3.222:5000/v3/auth/tokens 0.237s[00m
2021-11-02 13:37:49.946 1234435 INFO tempest.lib.common.fixed_network [-] (ServersTestJSON:setUpClass) Found network {'id': '92b53208-a1ce-4195-ba3d-5c5fc443f864', 'name': 'tempest-ServersTestJSON-1036836700-network', 'tenant_id': '5bd99b05366346b9ad3da284f61e1fa7', 'admin_state_up': True, 'mtu': 1458, 'status': 'ACTIVE', 'subnets': [], 'shared': False, 'project_id': '5bd99b05366346b9ad3da284f61e1fa7', 'router:external': False, 'provider:network_type': 'gre', 'provider:physical_network': None, 'provider:segmentation_id': 508, 'is_default': False, 'availability_zone_hints': [], 'availability_zones': [], 'ipv4_address_scope': None, 'ipv6_address_scope': None, 'description': '', 'l2_adjacency': True, 'tags': [], 'created_at': '2021-11-02T13:37:46Z', 'updated_at': '2021-11-02T13:37:46Z', 'revision_number': 1} available for tenant[00m
2021-11-02 13:37:50.443 1234435 INFO tempest.lib.common.rest_client [req-4d0e0172-e37a-4d6f-be77-d6e7ca98f157 ] Request (ServersTestJSON:setUpClass): 202 POST http://10.13.3.234:8774/v2.1/servers 0.485s[00m
2021-11-02 13:37:50.501 1234435 INFO tempest.lib.common.rest_client [req-445caa8c-efdf-4449-ae21-2d85391c8fde ] Request (ServersTestJSON:setUpClass): 200 GET http://10.13.3.234:8774/v2.1/servers/d1594820-36f9-4583-b838-0689c1c807bf 0.055s[00m
2021-11-02 13:37:50.720 1234432 INFO tempest.lib.common.rest_client [req-ae8cf1ae-7d9c-4eaf-ab37-7fef02669029 ] Request (AttachInterfacesUnderV243Test:test_add_remove_fixed_ip): 200 GET http://10.13.3.234:8774/v2.1/servers/be77ce4b-4b80-431f-8829-64da78b8a6fe 0.108s[00m
