{0} tempest.api.network.test_routers.RoutersTest.test_add_remove_router_interface_with_subnet_id [3.301598s] ... ok
2022-01-04 15:46:01.153 2558189 INFO tempest.lib.common.rest_client [req-ee8f4b33-083b-4b94-9e2c-ddce895dd545 ] Request (PortsTestJSON:setUpClass): 201 POST http://10.13.3.251:9696/v2.0/networks 0.311s[00m
2022-01-04 15:46:01.453 2558189 INFO tempest.lib.common.rest_client [req-aea7849c-aaf0-4998-b135-f5291e87b371 ] Request (PortsTestJSON:setUpClass): 201 POST http://10.13.3.251:9696/v2.0/ports 0.299s[00m
2022-01-04 15:46:01.624 2558189 INFO tempest.lib.common.rest_client [req-1184e84b-a645-4773-81d4-cffc2491152b ] Request (PortsTestJSON:test_create_port_in_allowed_allocation_pools): 201 POST http://10.13.3.251:9696/v2.0/networks 0.170s[00m
2022-01-04 15:46:01.911 2558189 INFO tempest.lib.common.rest_client [req-f7fd6b80-c790-4776-a44a-d81ed2a8e098 ] Request (PortsTestJSON:test_create_port_in_allowed_allocation_pools): 201 POST http://10.13.3.251:9696/v2.0/subnets 0.286s[00m
2022-01-04 15:46:02.173 2558185 INFO tempest.lib.common.rest_client [req-3ae8b557-0d23-42dd-a207-0f9f2ea2298f ] Request (RoutersTest:test_create_show_list_update_delete_router): 201 POST http://10.13.3.251:9696/v2.0/routers 1.154s[00m
2022-01-04 15:46:02.263 2558185 INFO tempest.lib.common.rest_client [req-f58dc836-7775-4f7b-ba2d-e270e2723dea ] Request (RoutersTest:test_create_show_list_update_delete_router): 200 GET http://10.13.3.251:9696/v2.0/routers/5d2b3dbf-71ff-4e48-bd71-11c7bc77c496 0.089s[00m
2022-01-04 15:46:02.295 2558189 INFO tempest.lib.common.rest_client [req-e1e8828a-2ed5-4a3a-bbcb-b50b3033b595 ] Request (PortsTestJSON:test_create_port_in_allowed_allocation_pools): 201 POST http://10.13.3.251:9696/v2.0/ports 0.383s[00m
2022-01-04 15:46:02.463 2558185 INFO tempest.lib.common.rest_client [req-7fd1772a-0d7a-4de7-a37c-f0ed77798b19 ] Request (RoutersTest:test_create_show_list_update_delete_router): 200 GET http://10.13.3.251:9696/v2.0/routers 0.199s[00m
2022-01-04 15:46:02.619 2558189 INFO tempest.lib.common.rest_client [req-1c85b676-af39-46fb-80d7-323894484bce ] Request (PortsTestJSON:test_create_port_in_allowed_allocation_pools): 204 DELETE http://10.13.3.251:9696/v2.0/ports/377ac32c-11bd-4b4d-8c2f-8a6c3be556db 0.322s[00m
2022-01-04 15:46:02.649 2558189 INFO tempest.lib.common.rest_client [req-bbde526f-4186-43d4-b546-349839307d6b ] Request (PortsTestJSON:_run_cleanups): 404 DELETE http://10.13.3.251:9696/v2.0/ports/377ac32c-11bd-4b4d-8c2f-8a6c3be556db 0.029s[00m
2022-01-04 15:46:02.693 2558189 INFO tempest.lib.common.rest_client [req-598cc0dc-df78-45bb-af68-209a02ea31f1 ] Request (PortsTestJSON:_run_cleanups): 404 GET http://10.13.3.251:9696/v2.0/ports/377ac32c-11bd-4b4d-8c2f-8a6c3be556db 0.043s[00m
2022-01-04 15:46:02.865 2558189 INFO tempest.lib.common.rest_client [req-3a80c175-0dd2-430a-829a-a71c3cac9351 ] Request (PortsTestJSON:_run_cleanups): 204 DELETE http://10.13.3.251:9696/v2.0/subnets/6f460639-9aeb-4441-b8cd-6ec095e27f5e 0.171s[00m
2022-01-04 15:46:02.926 2558185 INFO tempest.lib.common.rest_client [req-54f14d8e-dd6f-450a-8c66-5abdcf169a54 ] Request (RoutersTest:test_create_show_list_update_delete_router): 200 PUT http://10.13.3.251:9696/v2.0/routers/5d2b3dbf-71ff-4e48-bd71-11c7bc77c496 0.462s[00m
2022-01-04 15:46:03.012 2558185 INFO tempest.lib.common.rest_client [req-7c2113f5-46be-448f-bf40-b119fea81ce7 ] Request (RoutersTest:test_create_show_list_update_delete_router): 200 GET http://10.13.3.251:9696/v2.0/routers/5d2b3dbf-71ff-4e48-bd71-11c7bc77c496 0.085s[00m
2022-01-04 15:46:03.045 2558185 INFO tempest.lib.common.rest_client [req-b5ee845a-8640-4c65-8c0c-f9892e3a8400 ] Request (RoutersTest:_run_cleanups): 200 GET http://10.13.3.251:9696/v2.0/ports?device_id=5d2b3dbf-71ff-4e48-bd71-11c7bc77c496 0.032s[00m
2022-01-04 15:46:03.417 2558189 INFO tempest.lib.common.rest_client [req-58f60a2b-cd79-43d2-a8ae-97aebf287de9 ] Request (PortsTestJSON:_run_cleanups): 204 DELETE http://10.13.3.251:9696/v2.0/networks/71dac61d-1522-40c2-9082-dd2a47933394 0.550s[00m
{1} tempest.api.network.test_ports.PortsTestJSON.test_create_port_in_allowed_allocation_pools [1.963905s] ... ok
2022-01-04 15:46:03.533 2558189 INFO tempest.lib.common.rest_client [req-09cb0547-7ed5-424b-8f2e-002e297c8a7a ] Request (PortsTestJSON:test_create_port_with_no_securitygroups): 201 POST http://10.13.3.251:9696/v2.0/networks 0.115s[00m
2022-01-04 15:46:03.802 2558185 INFO tempest.lib.common.rest_client [req-d8055dc5-bfcd-4556-a66a-b1373d7e9694 ] Request (RoutersTest:_run_cleanups): 204 DELETE http://10.13.3.251:9696/v2.0/routers/5d2b3dbf-71ff-4e48-bd71-11c7bc77c496 0.756s[00m
{0} tempest.api.network.test_routers.RoutersTest.test_create_show_list_update_delete_router [2.784019s] ... ok
2022-01-04 15:46:03.829 2558185 INFO tempest.lib.common.rest_client [req-b87125ba-c317-406c-8684-84667d0c92b9 ] Request (RoutersTest:tearDownClass): 200 GET http://10.13.3.251:9696/v2.0/ports?device_id=5d2b3dbf-71ff-4e48-bd71-11c7bc77c496 0.024s[00m
2022-01-04 15:46:03.850 2558189 INFO tempest.lib.common.rest_client [req-eaa30338-f719-408b-bb2c-b5e6f70c8dbe ] Request (PortsTestJSON:test_create_port_with_no_securitygroups): 201 POST http://10.13.3.251:9696/v2.0/subnets 0.316s[00m
2022-01-04 15:46:03.857 2558185 INFO tempest.lib.common.rest_client [req-341ff35b-1655-43db-b627-8a66794b2e08 ] Request (RoutersTest:tearDownClass): 404 DELETE http://10.13.3.251:9696/v2.0/routers/5d2b3dbf-71ff-4e48-bd71-11c7bc77c496 0.025s[00m
2022-01-04 15:46:03.876 2558185 INFO tempest.lib.common.rest_client [req-e75214c9-bcce-4279-9fe5-2a950f2d9cb9 ] Request (RoutersTest:tearDownClass): 200 GET http://10.13.3.251:9696/v2.0/ports?device_id=18283e46-85a7-4d82-938a-8aee7230486b 0.019s[00m
2022-01-04 15:46:03.903 2558185 INFO tempest.lib.common.rest_client [req-667476bf-e701-4042-abf2-cf9f703ab0e8 ] Request (RoutersTest:tearDownClass): 404 DELETE http://10.13.3.251:9696/v2.0/routers/18283e46-85a7-4d82-938a-8aee7230486b 0.026s[00m
2022-01-04 15:46:03.928 2558185 INFO tempest.lib.common.rest_client [req-98bd5a47-7ae6-4e2b-b246-7f76d11abc68 ] Request (RoutersTest:tearDownClass): 404 DELETE http://10.13.3.251:9696/v2.0/subnets/50f89c29-0cda-4d39-8cd5-47479e5c069e 0.025s[00m
2022-01-04 15:46:03.951 2558185 INFO tempest.lib.common.rest_client [req-34ec39b0-82bc-4dda-b644-d234ca6b5a3f ] Request (RoutersTest:tearDownClass): 200 GET http://10.13.3.251:9696/v2.0/ports?device_id=0abb7888-f61a-4443-ac30-66ca517e44b5 0.021s[00m
2022-01-04 15:46:03.983 2558185 INFO tempest.lib.common.rest_client [req-2075ec55-a5fc-4bbd-8231-2f8c5418dac3 ] Request (RoutersTest:tearDownClass): 404 DELETE http://10.13.3.251:9696/v2.0/routers/0abb7888-f61a-4443-ac30-66ca517e44b5 0.031s[00m
2022-01-04 15:46:04.009 2558185 INFO tempest.lib.common.rest_client [req-508a7afe-1699-4348-927b-dfc478b4ef69 ] Request (RoutersTest:tearDownClass): 404 DELETE http://10.13.3.251:9696/v2.0/subnets/94cdc748-463d-45a1-b89d-03612753847c 0.025s[00m
2022-01-04 15:46:04.043 2558185 INFO tempest.lib.common.rest_client [req-896e7e0e-5d2d-4e75-a164-6306bd317a7f ] Request (RoutersTest:tearDownClass): 200 GET http://10.13.3.251:9696/v2.0/ports?device_id=53eb1e8a-ba23-4daf-9599-ca77952d671b 0.033s[00m
2022-01-04 15:46:04.081 2558185 INFO tempest.lib.common.rest_client [req-59a59797-11b6-43d2-ae73-4cd43bc78996 ] Request (RoutersTest:tearDownClass): 404 DELETE http://10.13.3.251:9696/v2.0/routers/53eb1e8a-ba23-4daf-9599-ca77952d671b 0.037s[00m
2022-01-04 15:46:04.113 2558185 INFO tempest.lib.common.rest_client [req-ca536be1-07b9-48bb-8950-faf8f6faeb21 ] Request (RoutersTest:tearDownClass): 404 DELETE http://10.13.3.251:9696/v2.0/subnets/25627220-4ebb-41ca-abcb-38240fcc6d38 0.031s[00m
2022-01-04 15:46:04.161 2558185 INFO tempest.lib.common.rest_client [req-e132aad9-0fce-40af-989a-1173998abfbf ] Request (RoutersTest:tearDownClass): 404 DELETE http://10.13.3.251:9696/v2.0/subnets/17e1f4d9-4422-4295-944e-e2ee90d68569 0.047s[00m
2022-01-04 15:46:04.291 2558185 INFO tempest.lib.common.rest_client [req-95f5086d-b672-47f3-97fe-1ad5efc91e59 ] Request (RoutersTest:tearDownClass): 204 DELETE http://10.13.3.231:35357/v3/users/3f6a6265be9c4fbe8dd83127dc0b4d61 0.129s[00m
2022-01-04 15:46:04.395 2558189 INFO tempest.lib.common.rest_client [req-6c34245c-1a61-455a-a17a-2cca9ecac760 ] Request (PortsTestJSON:test_create_port_with_no_securitygroups): 201 POST http://10.13.3.251:9696/v2.0/ports 0.545s[00m
2022-01-04 15:46:04.569 2558185 INFO tempest.lib.common.rest_client [req-0ba5a136-3a0f-470e-8cc6-388f3ec821f6 ] Request (RoutersTest:tearDownClass): 201 POST http://10.13.3.231:5000/v3/auth/tokens 0.277s[00m
2022-01-04 15:46:04.696 2558189 INFO tempest.lib.common.rest_client [req-40c910b0-8271-4d0a-a365-681e913c3700 ] Request (PortsTestJSON:_run_cleanups): 204 DELETE http://10.13.3.251:9696/v2.0/ports/53f36c61-3442-49c7-923d-2671f4552da5 0.299s[00m
2022-01-04 15:46:04.721 2558185 INFO tempest.lib.common.rest_client [req-f3f26405-619f-4902-a5ed-0a25bd495f84 ] Request (RoutersTest:tearDownClass): 200 GET http://10.13.3.251:9696/v2.0/security-groups?tenant_id=90339bb61cf943d489d442ab5e3e796f&name=default 0.150s[00m
2022-01-04 15:46:04.742 2558189 INFO tempest.lib.common.rest_client [req-201d216d-51a4-4a7d-874a-634d16ac56be ] Request (PortsTestJSON:_run_cleanups): 404 GET http://10.13.3.251:9696/v2.0/ports/53f36c61-3442-49c7-923d-2671f4552da5 0.045s[00m
2022-01-04 15:46:04.874 2558185 INFO tempest.lib.common.rest_client [req-b22f472d-d05b-4f35-b5eb-12b40860d480 ] Request (RoutersTest:tearDownClass): 204 DELETE http://10.13.3.251:9696/v2.0/security-groups/01ffc025-d1f4-4bb5-913c-5967b0d1555d 0.153s[00m
2022-01-04 15:46:04.946 2558185 INFO tempest.lib.common.rest_client [req-69182184-4fb2-45fb-994c-14052ca6bb1d ] Request (RoutersTest:tearDownClass): 204 DELETE http://10.13.3.231:35357/v3/projects/90339bb61cf943d489d442ab5e3e796f 0.071s[00m
2022-01-04 15:46:04.968 2558189 INFO tempest.lib.common.rest_client [req-253255d4-3aee-46db-a0ea-e3fe74fac63f ] Request (PortsTestJSON:_run_cleanups): 204 DELETE http://10.13.3.251:9696/v2.0/subnets/75e138d6-4169-4673-a1d2-036e0a794b0b 0.225s[00m
2022-01-04 15:46:05.223 2558185 INFO tempest.lib.common.rest_client [req-919f9b30-bb93-4a11-8d2e-8a88ba3b8026 ] Request (SubnetPoolsTestJSON:setUpClass): 201 POST http://10.13.3.231:5000/v3/auth/tokens 0.275s[00m
2022-01-04 15:46:05.305 2558189 INFO tempest.lib.common.rest_client [req-cb14ef9f-5936-4601-aa52-e411f8ec5eac ] Request (PortsTestJSON:_run_cleanups): 204 DELETE http://10.13.3.251:9696/v2.0/networks/27e88283-3e76-4695-9b49-7a808bcb9728 0.336s[00m
{1} tempest.api.network.test_ports.PortsTestJSON.test_create_port_with_no_securitygroups [1.889408s] ... ok
2022-01-04 15:46:05.483 2558185 INFO tempest.lib.common.rest_client [req-ba3e3280-579d-4036-a169-ce46be6787e7 ] Request (SubnetPoolsTestJSON:setUpClass): 201 POST http://10.13.3.231:5000/v3/auth/tokens 0.254s[00m
2022-01-04 15:46:05.514 2558189 INFO tempest.lib.common.rest_client [req-7debcd19-846a-483e-9457-9322d578d284 ] Request (PortsTestJSON:test_create_update_delete_port): 201 POST http://10.13.3.251:9696/v2.0/ports 0.205s[00m
2022-01-04 15:46:05.532 2558185 INFO tempest.lib.common.rest_client [req-598127c8-251c-4368-ab5e-14746d96ae2f ] Request (SubnetPoolsTestJSON:setUpClass): 200 GET http://10.13.3.231:35357/v3/domains?name=admin_domain 0.048s[00m
2022-01-04 15:46:05.588 2558185 INFO tempest.lib.common.rest_client [req-31535679-5ecd-4796-a086-e175f639085b ] Request (SubnetPoolsTestJSON:setUpClass): 201 POST http://10.13.3.231:35357/v3/projects 0.056s[00m
2022-01-04 15:46:05.667 2558189 INFO tempest.lib.common.rest_client [req-c82af66a-3d73-44a7-878d-d44ce4392651 ] Request (PortsTestJSON:test_create_update_delete_port): 200 PUT http://10.13.3.251:9696/v2.0/ports/ac3a9dcd-fb56-478e-b721-e3e0b07f6076 0.152s[00m
2022-01-04 15:46:05.823 2558189 INFO tempest.lib.common.rest_client [req-4d47f4f6-3516-4fb3-b4b4-c673e88ff54b ] Request (PortsTestJSON:_run_cleanups): 204 DELETE http://10.13.3.251:9696/v2.0/ports/ac3a9dcd-fb56-478e-b721-e3e0b07f6076 0.155s[00m
2022-01-04 15:46:05.875 2558185 INFO tempest.lib.common.rest_client [req-82dc66be-05a9-4045-8042-c960d9f1102a ] Request (SubnetPoolsTestJSON:setUpClass): 201 POST http://10.13.3.231:35357/v3/users 0.285s[00m
2022-01-04 15:46:05.876 2558189 INFO tempest.lib.common.rest_client [req-a5c2a8a5-7d64-4aa1-b00d-f81d958df98d ] Request (PortsTestJSON:_run_cleanups): 200 GET http://10.13.3.251:9696/v2.0/ports 0.052s[00m
2022-01-04 15:46:05.907 2558189 INFO tempest.lib.common.rest_client [req-befd5b41-c83b-4caa-9663-3736f277aba2 ] Request (PortsTestJSON:_run_cleanups): 404 GET http://10.13.3.251:9696/v2.0/ports/ac3a9dcd-fb56-478e-b721-e3e0b07f6076 0.030s[00m
{1} tempest.api.network.test_ports.PortsTestJSON.test_create_update_delete_port [0.599944s] ... ok
2022-01-04 15:46:05.910 2558185 INFO tempest.lib.common.rest_client [req-4ae0c9f6-cb0b-45d2-96c7-45daffe26540 ] Request (SubnetPoolsTestJSON:setUpClass): 200 GET http://10.13.3.231:35357/v3/roles 0.034s[00m
2022-01-04 15:46:05.944 2558185 INFO tempest.lib.common.rest_client [req-415e1ef7-f5d3-41d8-af14-bd8e6fc6c6a8 ] Request (SubnetPoolsTestJSON:setUpClass): 200 GET http://10.13.3.231:35357/v3/roles 0.033s[00m
2022-01-04 15:46:05.959 2558189 INFO tempest.lib.common.rest_client [req-9d242a62-e818-4b0c-a6a0-8f4122e93943 ] Request (PortsTestJSON:test_list_ports): 200 GET http://10.13.3.251:9696/v2.0/ports 0.050s[00m
{1} tempest.api.network.test_ports.PortsTestJSON.test_list_ports [0.052084s] ... ok
2022-01-04 15:46:06.001 2558189 INFO tempest.lib.common.rest_client [req-0fe3164c-97d0-4009-ba13-70f6e8aaff45 ] Request (PortsTestJSON:test_show_port): 200 GET http://10.13.3.251:9696/v2.0/ports/0ee7309f-6d05-4220-899a-1f47fe817afa 0.040s[00m
{1} tempest.api.network.test_ports.PortsTestJSON.test_show_port [0.041201s] ... ok
2022-01-04 15:46:05.989 2558185 INFO tempest.lib.common.rest_client [req-35089736-c181-4d14-825b-e67ab78361ce ] Request (SubnetPoolsTestJSON:setUpClass): 204 PUT http://10.13.3.231:35357/v3/projects/27229da74bc64c77936194964f5f8425/users/519bb832804d48b283b595652d49d052/roles/f0afe778fd6d4b93a279cf6f69d4aaf5 0.044s[00m
2022-01-04 15:46:05.989 2558185 INFO tempest.lib.common.dynamic_creds [-] Dynamic test user 519bb832804d48b283b595652d49d052 is created with scope project and roles: ['member'][00m
2022-01-04 15:46:05.990 2558185 INFO tempest.lib.common.dynamic_creds [-] Acquired dynamic creds:
 credentials: Credentials: {'domain_id': '2cce71fe89b34bcba298f7b08fd27c32', 'domain_name': 'admin_domain', 'username': 'tempest-SubnetPoolsTestJSON-533508786-project', 'project_domain_id': '2cce71fe89b34bcba298f7b08fd27c32', 'project_domain_name': 'admin_domain', 'project_id': '27229da74bc64c77936194964f5f8425', 'project_name': 'tempest-SubnetPoolsTestJSON-533508786', 'tenant_id': '27229da74bc64c77936194964f5f8425', 'tenant_name': 'tempest-SubnetPoolsTestJSON-533508786', 'user_domain_id': '2cce71fe89b34bcba298f7b08fd27c32', 'user_domain_name': 'admin_domain', 'user_id': '519bb832804d48b283b595652d49d052', 'system': None}, Network: None, Subnet: None, Router: None[00m
2022-01-04 15:46:05.990 2558185 INFO tempest.lib.common.dynamic_creds [-] Created isolated network resources for:
 credentials: Credentials: {'domain_id': '2cce71fe89b34bcba298f7b08fd27c32', 'domain_name': 'admin_domain', 'username': 'tempest-SubnetPoolsTestJSON-533508786-project', 'project_domain_id': '2cce71fe89b34bcba298f7b08fd27c32', 'project_domain_name': 'admin_domain', 'project_id': '27229da74bc64c77936194964f5f8425', 'project_name': 'tempest-SubnetPoolsTestJSON-533508786', 'tenant_id': '27229da74bc64c77936194964f5f8425', 'tenant_name': 'tempest-SubnetPoolsTestJSON-533508786', 'user_domain_id': '2cce71fe89b34bcba298f7b08fd27c32', 'user_domain_name': 'admin_domain', 'user_id': '519bb832804d48b283b595652d49d052', 'system': None}, Network: None, Subnet: None, Router: None[00m
2022-01-04 15:46:06.035 2558189 INFO tempest.lib.common.rest_client [req-f654dcb6-abff-4fec-86c8-f17de1347ec3 ] Request (PortsTestJSON:tearDownClass): 404 DELETE http://10.13.3.251:9696/v2.0/ports/53f36c61-3442-49c7-923d-2671f4552da5 0.032s[00m
2022-01-04 15:46:06.071 2558189 INFO tempest.lib.common.rest_client [req-66e10e56-072a-41b2-94ee-9581e5bda7ff ] Request (PortsTestJSON:tearDownClass): 404 DELETE http://10.13.3.251:9696/v2.0/subnets/75e138d6-4169-4673-a1d2-036e0a794b0b 0.035s[00m
2022-01-04 15:46:06.121 2558189 INFO tempest.lib.common.rest_client [req-549deda9-87cf-4afb-bfb8-26f6546329a3 ] Request (PortsTestJSON:tearDownClass): 404 DELETE http://10.13.3.251:9696/v2.0/subnets/6f460639-9aeb-4441-b8cd-6ec095e27f5e 0.049s[00m
2022-01-04 15:46:06.295 2558185 INFO tempest.lib.common.rest_client [req-792e4ff8-0bd2-4cb9-ac03-8d9ed0f9eb41 ] Request (SubnetPoolsTestJSON:setUpClass): 201 POST http://10.13.3.231:5000/v3/auth/tokens 0.299s[00m
2022-01-04 15:46:06.302 2558189 INFO tempest.lib.common.rest_client [req-841303d7-dddb-4eb0-8945-62e4cb87a9f2 ] Request (PortsTestJSON:tearDownClass): 204 DELETE http://10.13.3.251:9696/v2.0/ports/0ee7309f-6d05-4220-899a-1f47fe817afa 0.180s[00m
2022-01-04 15:46:06.481 2558189 INFO tempest.lib.common.rest_client [req-c47fd7d8-1b4a-48ab-9c80-b57f5ce6ca68 ] Request (PortsTestJSON:tearDownClass): 204 DELETE http://10.13.3.251:9696/v2.0/networks/fe8458ec-96c8-45e1-bbed-65e094a18aa4 0.179s[00m
2022-01-04 15:46:06.497 2558185 INFO tempest.lib.common.rest_client [req-43621cad-cc83-44b4-95eb-fc3e5b50e60b ] Request (SubnetPoolsTestJSON:test_create_list_show_update_delete_subnetpools): 201 POST http://10.13.3.251:9696/v2.0/subnetpools 0.200s[00m
2022-01-04 15:46:06.563 2558185 INFO tempest.lib.common.rest_client [req-2ab21cd0-6b50-40f4-96d0-b0bb5e831fdc ] Request (SubnetPoolsTestJSON:test_create_list_show_update_delete_subnetpools): 200 GET http://10.13.3.251:9696/v2.0/subnetpools/9a6de596-4310-4796-bb46-db79efde5cb9 0.065s[00m
2022-01-04 15:46:06.617 2558189 INFO tempest.lib.common.rest_client [req-beaa0dbe-f794-45a5-9019-203894bb4e62 ] Request (PortsTestJSON:tearDownClass): 204 DELETE http://10.13.3.231:35357/v3/users/5dcd27d8621a4534bd681e99e537de85 0.134s[00m
2022-01-04 15:46:06.665 2558185 INFO tempest.lib.common.rest_client [req-e2161221-68d8-4ae0-a7bf-8136a13936df ] Request (SubnetPoolsTestJSON:test_create_list_show_update_delete_subnetpools): 200 PUT http://10.13.3.251:9696/v2.0/subnetpools/9a6de596-4310-4796-bb46-db79efde5cb9 0.101s[00m
2022-01-04 15:46:06.765 2558185 INFO tempest.lib.common.rest_client [req-660e3cfa-6b93-4ec8-ac87-6dc7611628ea ] Request (SubnetPoolsTestJSON:test_create_list_show_update_delete_subnetpools): 204 DELETE http://10.13.3.251:9696/v2.0/subnetpools/9a6de596-4310-4796-bb46-db79efde5cb9 0.099s[00m
2022-01-04 15:46:06.799 2558185 INFO tempest.lib.common.rest_client [req-5f3d8f6e-b081-4803-9986-b3667734e3c3 ] Request (SubnetPoolsTestJSON:test_create_list_show_update_delete_subnetpools): 404 GET http://10.13.3.251:9696/v2.0/subnetpools/9a6de596-4310-4796-bb46-db79efde5cb9 0.033s[00m
2022-01-04 15:46:06.855 2558185 INFO tempest.lib.common.rest_client [req-b90412c6-f917-4c09-831e-7e2efa9c32d4 ] Request (SubnetPoolsTestJSON:_run_cleanups): 404 DELETE http://10.13.3.251:9696/v2.0/subnetpools/9a6de596-4310-4796-bb46-db79efde5cb9 0.054s[00m
{0} tempest.api.network.test_subnetpools_extensions.SubnetPoolsTestJSON.test_create_list_show_update_delete_subnetpools [0.559769s] ... ok
2022-01-04 15:46:06.916 2558189 INFO tempest.lib.common.rest_client [req-3f15894a-2719-49ad-ab5c-72d77d4c26ac ] Request (PortsTestJSON:tearDownClass): 201 POST http://10.13.3.231:5000/v3/auth/tokens 0.299s[00m
2022-01-04 15:46:06.974 2558185 INFO tempest.lib.common.rest_client [req-8c1f0538-d505-46d3-b187-f82be24f2048 ] Request (SubnetPoolsTestJSON:tearDownClass): 204 DELETE http://10.13.3.231:35357/v3/users/519bb832804d48b283b595652d49d052 0.117s[00m
2022-01-04 15:46:07.024 2558189 INFO tempest.lib.common.rest_client [req-1296f737-591a-4a08-aa62-f47d6028e848 ] Request (PortsTestJSON:tearDownClass): 200 GET http://10.13.3.251:9696/v2.0/security-groups?tenant_id=e85a05ba23bd481f9d963930bbe9b58f&name=default 0.107s[00m
2022-01-04 15:46:07.117 2558189 INFO tempest.lib.common.rest_client [req-0d30044d-b165-4a28-b795-fbc655393466 ] Request (PortsTestJSON:tearDownClass): 204 DELETE http://10.13.3.251:9696/v2.0/security-groups/fd289412-870d-4b0d-aab9-b01d658e6434 0.092s[00m
2022-01-04 15:46:07.243 2558189 INFO tempest.lib.common.rest_client [req-fc0b4213-8fe5-4c50-bdf0-d8397372a25d ] Request (PortsTestJSON:tearDownClass): 204 DELETE http://10.13.3.231:35357/v3/projects/e85a05ba23bd481f9d963930bbe9b58f 0.124s[00m
2022-01-04 15:46:07.244 2558189 INFO tempest.test [-] <class 'unittest.case.SkipTest'> raised in RoutersIpV6Test.setUpClass. Invoking tearDownClass.[00m
{1} setUpClass (tempest.api.network.test_routers.RoutersIpV6Test) ... SKIPPED: IPv6 Tests are disabled.
2022-01-04 15:46:07.246 2558189 INFO tempest.test [-] <class 'unittest.case.SkipTest'> raised in SecGroupIPv6Test.setUpClass. Invoking tearDownClass.[00m
{1} setUpClass (tempest.api.network.test_security_groups.SecGroupIPv6Test) ... SKIPPED: IPv6 Tests are disabled.
2022-01-04 15:46:07.252 2558185 INFO tempest.lib.common.rest_client [req-c85e8dc2-eace-43aa-8b5b-0a18261d7f6a ] Request (SubnetPoolsTestJSON:tearDownClass): 201 POST http://10.13.3.231:5000/v3/auth/tokens 0.277s[00m
2022-01-04 15:46:07.398 2558185 INFO tempest.lib.common.rest_client [req-5962f350-63b5-4e9e-875c-4438899e5e70 ] Request (SubnetPoolsTestJSON:tearDownClass): 200 GET http://10.13.3.251:9696/v2.0/security-groups?tenant_id=27229da74bc64c77936194964f5f8425&name=default 0.145s[00m
2022-01-04 15:46:07.492 2558189 INFO tempest.lib.common.rest_client [req-27d03ea1-ba16-401b-a2a5-3f798cf643e4 ] Request (SecGroupTest:setUpClass): 201 POST http://10.13.3.231:5000/v3/auth/tokens 0.243s[00m
2022-01-04 15:46:07.504 2558185 INFO tempest.lib.common.rest_client [req-070cdf00-fda5-4dea-b64e-63ee14c137e1 ] Request (SubnetPoolsTestJSON:tearDownClass): 204 DELETE http://10.13.3.251:9696/v2.0/security-groups/da252f52-4983-4999-ade3-6990b99a2c31 0.104s[00m
2022-01-04 15:46:07.575 2558185 INFO tempest.lib.common.rest_client [req-ad8353b9-e56a-45ab-8ed4-89756dd77026 ] Request (SubnetPoolsTestJSON:tearDownClass): 204 DELETE http://10.13.3.231:35357/v3/projects/27229da74bc64c77936194964f5f8425 0.071s[00m
2022-01-04 15:46:07.777 2558189 INFO tempest.lib.common.rest_client [req-a2e5645e-a2df-479e-931a-90caa8f7c846 ] Request (SecGroupTest:setUpClass): 201 POST http://10.13.3.231:5000/v3/auth/tokens 0.281s[00m
2022-01-04 15:46:07.803 2558189 INFO tempest.lib.common.rest_client [req-c5f12cf9-cabe-41a7-897d-e01823e62214 ] Request (SecGroupTest:setUpClass): 200 GET http://10.13.3.231:35357/v3/domains?name=admin_domain 0.025s[00m
2022-01-04 15:46:07.819 2558185 INFO tempest.lib.common.rest_client [req-06a19194-2c9d-4c95-a6f3-9b75e3016a3b ] Request (AccountQuotasTest:setUpClass): 201 POST http://10.13.3.231:5000/v3/auth/tokens 0.241s[00m
2022-01-04 15:46:07.839 2558189 INFO tempest.lib.common.rest_client [req-fb15d9b7-e8bc-4d6b-8ea6-ebd52668a281 ] Request (SecGroupTest:setUpClass): 201 POST http://10.13.3.231:35357/v3/projects 0.035s[00m
2022-01-04 15:46:08.066 2558185 INFO tempest.lib.common.rest_client [req-968fac86-ba8a-4518-9bdf-ab6a5f470ffb ] Request (AccountQuotasTest:setUpClass): 201 POST http://10.13.3.231:5000/v3/auth/tokens 0.240s[00m
2022-01-04 15:46:08.113 2558189 INFO tempest.lib.common.rest_client [req-d6c6aabe-937f-45e7-9053-3ed135f27125 ] Request (SecGroupTest:setUpClass): 201 POST http://10.13.3.231:35357/v3/users 0.273s[00m
2022-01-04 15:46:08.130 2558185 INFO tempest.lib.common.rest_client [req-8f7847ea-7fcf-4c90-bd20-543e8c7e3814 ] Request (AccountQuotasTest:setUpClass): 200 GET http://10.13.3.231:35357/v3/domains?name=admin_domain 0.063s[00m
2022-01-04 15:46:08.145 2558189 INFO tempest.lib.common.rest_client [req-2336abca-62ec-4139-b801-0424eb38214c ] Request (SecGroupTest:setUpClass): 200 GET http://10.13.3.231:35357/v3/roles 0.031s[00m
2022-01-04 15:46:08.170 2558185 INFO tempest.lib.common.rest_client [req-73cc0831-8d1f-4ac0-835a-aca756d83b4f ] Request (AccountQuotasTest:setUpClass): 201 POST http://10.13.3.231:35357/v3/projects 0.039s[00m
2022-01-04 15:46:08.213 2558189 INFO tempest.lib.common.rest_client [req-f313641e-ce8a-4523-bbf7-88bca4652656 ] Request (SecGroupTest:setUpClass): 200 GET http://10.13.3.231:35357/v3/roles 0.066s[00m
2022-01-04 15:46:08.447 2558185 INFO tempest.lib.common.rest_client [req-a3f2bf1f-06d9-426b-bd1c-1deaf5e948f4 ] Request (AccountQuotasTest:setUpClass): 201 POST http://10.13.3.231:35357/v3/users 0.276s[00m
2022-01-04 15:46:08.476 2558189 INFO tempest.lib.common.rest_client [req-2ac62c12-942f-46bf-b9b1-8168b5ed6f55 ] Request (SecGroupTest:setUpClass): 204 PUT http://10.13.3.231:35357/v3/projects/9ce1a50f05c746d88a845a4a89855455/users/00bfd66af2cc43de8d1540b3e6696610/roles/f0afe778fd6d4b93a279cf6f69d4aaf5 0.262s[00m
2022-01-04 15:46:08.476 2558189 INFO tempest.lib.common.dynamic_creds [-] Dynamic test user 00bfd66af2cc43de8d1540b3e6696610 is created with scope project and roles: ['member'][00m
2022-01-04 15:46:08.476 2558189 INFO tempest.lib.common.dynamic_creds [-] Acquired dynamic creds:
 credentials: Credentials: {'domain_id': '2cce71fe89b34bcba298f7b08fd27c32', 'domain_name': 'admin_domain', 'username': 'tempest-SecGroupTest-1631208001-project', 'project_domain_id': '2cce71fe89b34bcba298f7b08fd27c32', 'project_domain_name': 'admin_domain', 'project_id': '9ce1a50f05c746d88a845a4a89855455', 'project_name': 'tempest-SecGroupTest-1631208001', 'tenant_id': '9ce1a50f05c746d88a845a4a89855455', 'tenant_name': 'tempest-SecGroupTest-1631208001', 'user_domain_id': '2cce71fe89b34bcba298f7b08fd27c32', 'user_domain_name': 'admin_domain', 'user_id': '00bfd66af2cc43de8d1540b3e6696610', 'system': None}, Network: None, Subnet: None, Router: None[00m
2022-01-04 15:46:08.477 2558189 INFO tempest.lib.common.dynamic_creds [-] Created isolated network resources for:
 credentials: Credentials: {'domain_id': '2cce71fe89b34bcba298f7b08fd27c32', 'domain_name': 'admin_domain', 'username': 'tempest-SecGroupTest-1631208001-project', 'project_domain_id': '2cce71fe89b34bcba298f7b08fd27c32', 'project_domain_name': 'admin_domain', 'project_id': '9ce1a50f05c746d88a845a4a89855455', 'project_name': 'tempest-SecGroupTest-1631208001', 'tenant_id': '9ce1a50f05c746d88a845a4a89855455', 'tenant_name': 'tempest-SecGroupTest-1631208001', 'user_domain_id': '2cce71fe89b34bcba298f7b08fd27c32', 'user_domain_name': 'admin_domain', 'user_id': '00bfd66af2cc43de8d1540b3e6696610', 'system': None}, Network: None, Subnet: None, Router: None[00m
2022-01-04 15:46:08.524 2558185 INFO tempest.lib.common.rest_client [req-2616b995-6c43-4371-846f-81150d70e453 ] Request (AccountQuotasTest:setUpClass): 200 GET http://10.13.3.231:35357/v3/roles 0.077s[00m
2022-01-04 15:46:08.566 2558185 INFO tempest.lib.common.rest_client [req-061934ca-40fa-498c-95f6-3221e6aa54f4 ] Request (AccountQuotasTest:setUpClass): 204 PUT http://10.13.3.231:35357/v3/projects/aadc83175dcd4fa284dd64cb512695ec/users/3b483020647b45b08380b12d356e52bc/roles/f0afe778fd6d4b93a279cf6f69d4aaf5 0.041s[00m
2022-01-04 15:46:08.566 2558185 INFO tempest.lib.common.dynamic_creds [-] Dynamic test user 3b483020647b45b08380b12d356e52bc is created with scope project and roles: ['member'][00m
2022-01-04 15:46:08.566 2558185 INFO tempest.lib.common.dynamic_creds [-] Acquired dynamic creds:
 credentials: Credentials: {'domain_id': '2cce71fe89b34bcba298f7b08fd27c32', 'domain_name': 'admin_domain', 'username': 'tempest-AccountQuotasTest-2040541498-project-member', 'project_domain_id': '2cce71fe89b34bcba298f7b08fd27c32', 'project_domain_name': 'admin_domain', 'project_id': 'aadc83175dcd4fa284dd64cb512695ec', 'project_name': 'tempest-AccountQuotasTest-2040541498', 'tenant_id': 'aadc83175dcd4fa284dd64cb512695ec', 'tenant_name': 'tempest-AccountQuotasTest-2040541498', 'user_domain_id': '2cce71fe89b34bcba298f7b08fd27c32', 'user_domain_name': 'admin_domain', 'user_id': '3b483020647b45b08380b12d356e52bc', 'system': None}, Network: None, Subnet: None, Router: None[00m
2022-01-04 15:46:08.567 2558185 INFO tempest.lib.common.dynamic_creds [-] Created isolated network resources for:
 credentials: Credentials: {'domain_id': '2cce71fe89b34bcba298f7b08fd27c32', 'domain_name': 'admin_domain', 'username': 'tempest-AccountQuotasTest-2040541498-project-member', 'project_domain_id': '2cce71fe89b34bcba298f7b08fd27c32', 'project_domain_name': 'admin_domain', 'project_id': 'aadc83175dcd4fa284dd64cb512695ec', 'project_name': 'tempest-AccountQuotasTest-2040541498', 'tenant_id': 'aadc83175dcd4fa284dd64cb512695ec', 'tenant_name': 'tempest-AccountQuotasTest-2040541498', 'user_domain_id': '2cce71fe89b34bcba298f7b08fd27c32', 'user_domain_name': 'admin_domain', 'user_id': '3b483020647b45b08380b12d356e52bc', 'system': None}, Network: None, Subnet: None, Router: None[00m
2022-01-04 15:46:08.766 2558189 INFO tempest.lib.common.rest_client [req-d6cfdf94-b71e-4219-9d55-2736b67a567e ] Request (SecGroupTest:setUpClass): 201 POST http://10.13.3.231:5000/v3/auth/tokens 0.282s[00m
2022-01-04 15:46:08.861 2558185 INFO tempest.lib.common.rest_client [req-e05ca3d1-f964-439e-895b-23b10754832d ] Request (AccountQuotasTest:setUpClass): 201 POST http://10.13.3.231:5000/v3/auth/tokens 0.287s[00m
2022-01-04 15:46:08.928 2558185 INFO tempest.lib.common.rest_client [req-f71b3753-137f-4903-b954-953a9456af4a ] Request (AccountQuotasTest:setUpClass): 201 POST http://10.13.3.231:35357/v3/projects 0.066s[00m
2022-01-04 15:46:08.969 2558189 INFO tempest.lib.common.rest_client [req-814d5b85-dbfe-4a4e-ba22-6b9bbf7b098e ] Request (SecGroupTest:test_create_list_update_show_delete_security_group): 201 POST http://10.13.3.251:9696/v2.0/security-groups 0.198s[00m
2022-01-04 15:46:09.019 2558189 INFO tempest.lib.common.rest_client [req-afe6fb8a-298c-4b63-aa55-7126a0c8bc1d ] Request (SecGroupTest:test_create_list_update_show_delete_security_group): 200 GET http://10.13.3.251:9696/v2.0/security-groups 0.049s[00m
2022-01-04 15:46:09.073 2558189 INFO tempest.lib.common.rest_client [req-400e43ad-ba9d-431b-add5-6384cb4654bc ] Request (SecGroupTest:test_create_list_update_show_delete_security_group): 200 PUT http://10.13.3.251:9696/v2.0/security-groups/8992346b-b6af-473a-9f48-9b0743475b08 0.053s[00m
2022-01-04 15:46:09.101 2558189 INFO tempest.lib.common.rest_client [req-c2287b33-327f-4f10-a772-71f6dfc87ac0 ] Request (SecGroupTest:test_create_list_update_show_delete_security_group): 200 GET http://10.13.3.251:9696/v2.0/security-groups/8992346b-b6af-473a-9f48-9b0743475b08 0.027s[00m
2022-01-04 15:46:09.188 2558189 INFO tempest.lib.common.rest_client [req-896c3fc4-4946-4063-9add-41fcd3439fa5 ] Request (SecGroupTest:test_create_list_update_show_delete_security_group): 204 DELETE http://10.13.3.251:9696/v2.0/security-groups/8992346b-b6af-473a-9f48-9b0743475b08 0.085s[00m
2022-01-04 15:46:09.214 2558185 INFO tempest.lib.common.rest_client [req-79e89677-bb41-4ba9-8c0a-6fc4bb832b02 ] Request (AccountQuotasTest:setUpClass): 201 POST http://10.13.3.231:35357/v3/users 0.284s[00m
2022-01-04 15:46:09.220 2558189 INFO tempest.lib.common.rest_client [req-5935e85c-a9ef-4183-8c5f-9584d46e3b1d ] Request (SecGroupTest:test_create_list_update_show_delete_security_group): 200 GET http://10.13.3.251:9696/v2.0/security-groups 0.032s[00m
2022-01-04 15:46:09.238 2558185 INFO tempest.lib.common.rest_client [req-95d815b0-2130-4faf-a14a-353462e6d4cb ] Request (AccountQuotasTest:setUpClass): 200 GET http://10.13.3.231:35357/v3/roles 0.024s[00m
2022-01-04 15:46:09.237 2558189 INFO tempest.lib.common.rest_client [req-086c087a-1644-4ac2-8749-6dc65186a560 ] Request (SecGroupTest:_run_cleanups): 404 DELETE http://10.13.3.251:9696/v2.0/security-groups/8992346b-b6af-473a-9f48-9b0743475b08 0.016s[00m
{1} tempest.api.network.test_security_groups.SecGroupTest.test_create_list_update_show_delete_security_group [0.468703s] ... ok
2022-01-04 15:46:09.284 2558185 INFO tempest.lib.common.rest_client [req-947b30fd-5e90-4be6-bcb0-c43a07d9909b ] Request (AccountQuotasTest:setUpClass): 204 PUT http://10.13.3.231:35357/v3/projects/c8903d3579bf4c4195c4e89d5f95c462/users/03d0cb91a9ad44a1804c6cf44548486b/roles/321fd82a62c449b9a3bad662f4e52d53 0.045s[00m
2022-01-04 15:46:09.285 2558185 INFO tempest.lib.common.dynamic_creds [-] Dynamic test user 03d0cb91a9ad44a1804c6cf44548486b is created with scope project and roles: ['ResellerAdmin'][00m
2022-01-04 15:46:09.285 2558185 INFO tempest.lib.common.dynamic_creds [-] Acquired dynamic creds:
 credentials: Credentials: {'domain_id': '2cce71fe89b34bcba298f7b08fd27c32', 'domain_name': 'admin_domain', 'username': 'tempest-AccountQuotasTest-47386688-project-ResellerAdmin', 'project_domain_id': '2cce71fe89b34bcba298f7b08fd27c32', 'project_domain_name': 'admin_domain', 'project_id': 'c8903d3579bf4c4195c4e89d5f95c462', 'project_name': 'tempest-AccountQuotasTest-47386688', 'tenant_id': 'c8903d3579bf4c4195c4e89d5f95c462', 'tenant_name': 'tempest-AccountQuotasTest-47386688', 'user_domain_id': '2cce71fe89b34bcba298f7b08fd27c32', 'user_domain_name': 'admin_domain', 'user_id': '03d0cb91a9ad44a1804c6cf44548486b', 'system': None}, Network: None, Subnet: None, Router: None[00m
2022-01-04 15:46:09.285 2558185 INFO tempest.lib.common.dynamic_creds [-] Created isolated network resources for:
 credentials: Credentials: {'domain_id': '2cce71fe89b34bcba298f7b08fd27c32', 'domain_name': 'admin_domain', 'username': 'tempest-AccountQuotasTest-47386688-project-ResellerAdmin', 'project_domain_id': '2cce71fe89b34bcba298f7b08fd27c32', 'project_domain_name': 'admin_domain', 'project_id': 'c8903d3579bf4c4195c4e89d5f95c462', 'project_name': 'tempest-AccountQuotasTest-47386688', 'tenant_id': 'c8903d3579bf4c4195c4e89d5f95c462', 'tenant_name': 'tempest-AccountQuotasTest-47386688', 'user_domain_id': '2cce71fe89b34bcba298f7b08fd27c32', 'user_domain_name': 'admin_domain', 'user_id': '03d0cb91a9ad44a1804c6cf44548486b', 'system': None}, Network: None, Subnet: None, Router: None[00m
2022-01-04 15:46:09.350 2558189 INFO tempest.lib.common.rest_client [req-18cda197-9422-42bc-aa87-34486512d9ea ] Request (SecGroupTest:test_create_show_delete_security_group_rule): 201 POST http://10.13.3.251:9696/v2.0/security-groups 0.108s[00m
2022-01-04 15:46:09.428 2558189 INFO tempest.lib.common.rest_client [req-f46f40ba-7822-4633-b9fd-f2242f3f5d5c ] Request (SecGroupTest:test_create_show_delete_security_group_rule): 201 POST http://10.13.3.251:9696/v2.0/security-group-rules 0.077s[00m
2022-01-04 15:46:09.444 2558189 INFO tempest.lib.common.rest_client [req-849138c7-4c7e-49f9-9587-bf1917ada58a ] Request (SecGroupTest:test_create_show_delete_security_group_rule): 200 GET http://10.13.3.251:9696/v2.0/security-group-rules/3ccaf0dd-52d2-47d9-801f-27faafb28b8d 0.015s[00m
2022-01-04 15:46:09.485 2558189 INFO tempest.lib.common.rest_client [req-ceb956aa-0d70-417b-9e5b-f46b38f0e14d ] Request (SecGroupTest:test_create_show_delete_security_group_rule): 200 GET http://10.13.3.251:9696/v2.0/security-group-rules 0.040s[00m
2022-01-04 15:46:09.546 2558189 INFO tempest.lib.common.rest_client [req-f302ea8e-1825-4a67-9d67-b0d3fba2614f ] Request (SecGroupTest:test_create_show_delete_security_group_rule): 204 DELETE http://10.13.3.251:9696/v2.0/security-group-rules/3ccaf0dd-52d2-47d9-801f-27faafb28b8d 0.060s[00m
2022-01-04 15:46:09.576 2558185 INFO tempest.lib.common.rest_client [req-5f1ab4e7-b2c7-423b-9ff2-c22da162ee03 ] Request (AccountQuotasTest:setUpClass): 201 POST http://10.13.3.231:5000/v3/auth/tokens 0.284s[00m
2022-01-04 15:46:09.588 2558189 INFO tempest.lib.common.rest_client [req-b242f33d-6358-43e9-aa8d-21cd11b4d294 ] Request (SecGroupTest:test_create_show_delete_security_group_rule): 200 GET http://10.13.3.251:9696/v2.0/security-group-rules 0.041s[00m
2022-01-04 15:46:09.671 2558189 INFO tempest.lib.common.rest_client [req-5d445f38-3193-45ce-87d0-5d8f16c806e9 ] Request (SecGroupTest:test_create_show_delete_security_group_rule): 201 POST http://10.13.3.251:9696/v2.0/security-group-rules 0.082s[00m
2022-01-04 15:46:09.689 2558189 INFO tempest.lib.common.rest_client [req-4a0b5cdb-154a-4c00-beef-57d9717c8bfc ] Request (SecGroupTest:test_create_show_delete_security_group_rule): 200 GET http://10.13.3.251:9696/v2.0/security-group-rules/43aeb274-2cd7-47e1-9785-4f7081221747 0.017s[00m
2022-01-04 15:46:09.733 2558189 INFO tempest.lib.common.rest_client [req-93f3cbf4-0eb7-433b-b469-57cc608978cd ] Request (SecGroupTest:test_create_show_delete_security_group_rule): 200 GET http://10.13.3.251:9696/v2.0/security-group-rules 0.043s[00m
2022-01-04 15:46:09.799 2558189 INFO tempest.lib.common.rest_client [req-8a57ab80-aac4-4f17-a022-8d720e0ebc22 ] Request (SecGroupTest:test_create_show_delete_security_group_rule): 204 DELETE http://10.13.3.251:9696/v2.0/security-group-rules/43aeb274-2cd7-47e1-9785-4f7081221747 0.065s[00m
2022-01-04 15:46:09.839 2558189 INFO tempest.lib.common.rest_client [req-bc123f96-7030-4bd5-8757-4022c9f93874 ] Request (SecGroupTest:test_create_show_delete_security_group_rule): 200 GET http://10.13.3.251:9696/v2.0/security-group-rules 0.039s[00m
2022-01-04 15:46:09.847 2558185 INFO tempest.lib.common.rest_client [req-e68bd89c-ffc1-4bac-9be3-034dd36cc898 ] Request (AccountQuotasTest:setUpClass): 201 POST http://10.13.3.231:5000/v3/auth/tokens 0.270s[00m
2022-01-04 15:46:09.859 2558185 INFO tempest.lib.common.rest_client [txdb5b7977e6814a71b8c7e-0061d46bc1 ] Request (AccountQuotasTest:setUpClass): 200 GET http://10.13.3.248:8080/info 0.011s[00m
2022-01-04 15:46:09.927 2558189 INFO tempest.lib.common.rest_client [req-8f6b0f3e-1a71-4c84-8cea-cfce485c11b2 ] Request (SecGroupTest:test_create_show_delete_security_group_rule): 201 POST http://10.13.3.251:9696/v2.0/security-group-rules 0.087s[00m
2022-01-04 15:46:09.944 2558189 INFO tempest.lib.common.rest_client [req-30ebbd50-e95a-4ffe-97fb-f07458c56c79 ] Request (SecGroupTest:test_create_show_delete_security_group_rule): 200 GET http://10.13.3.251:9696/v2.0/security-group-rules/80d4930c-d854-4d60-95b6-13e641414bf5 0.016s[00m
2022-01-04 15:46:09.974 2558189 INFO tempest.lib.common.rest_client [req-02efba72-5018-493d-89df-2a15aacef28e ] Request (SecGroupTest:test_create_show_delete_security_group_rule): 200 GET http://10.13.3.251:9696/v2.0/security-group-rules 0.029s[00m
2022-01-04 15:46:10.036 2558189 INFO tempest.lib.common.rest_client [req-f7c83433-3bf3-4693-97d4-ff86b3728ea9 ] Request (SecGroupTest:test_create_show_delete_security_group_rule): 204 DELETE http://10.13.3.251:9696/v2.0/security-group-rules/80d4930c-d854-4d60-95b6-13e641414bf5 0.061s[00m
2022-01-04 15:46:10.077 2558189 INFO tempest.lib.common.rest_client [req-39c01d73-a182-4b3f-a185-95ac1e6d3085 ] Request (SecGroupTest:test_create_show_delete_security_group_rule): 200 GET http://10.13.3.251:9696/v2.0/security-group-rules 0.041s[00m
2022-01-04 15:46:10.183 2558189 INFO tempest.lib.common.rest_client [req-a358369d-6c11-47bd-bd38-a2909cb05f5b ] Request (SecGroupTest:_run_cleanups): 204 DELETE http://10.13.3.251:9696/v2.0/security-groups/c28d6063-13ec-4c2c-8c3c-3400cd07c7a8 0.104s[00m
2022-01-04 15:46:10.224 2558189 INFO tempest.lib.common.rest_client [req-84916c22-58ab-42a4-b5e7-668c87841013 ] Request (SecGroupTest:_run_cleanups): 200 GET http://10.13.3.251:9696/v2.0/security-groups 0.041s[00m
{1} tempest.api.network.test_security_groups.SecGroupTest.test_create_show_delete_security_group_rule [0.984528s] ... ok
2022-01-04 15:46:10.256 2558189 INFO tempest.lib.common.rest_client [req-dc5bc4be-0533-4bba-8f29-5fbdd97a9083 ] Request (SecGroupTest:test_list_security_groups): 200 GET http://10.13.3.251:9696/v2.0/security-groups 0.030s[00m
{1} tempest.api.network.test_security_groups.SecGroupTest.test_list_security_groups [0.031129s] ... ok
2022-01-04 15:46:10.297 2558185 INFO tempest.lib.common.rest_client [tx410e5d06d2054aad89feb-0061d46bc1 ] Request (AccountQuotasTest:setUpClass): 201 PUT http://10.13.3.248:8080/v1/AUTH_aadc83175dcd4fa284dd64cb512695ec/tempest-TestContainer-1873434031 0.438s[00m
2022-01-04 15:46:10.370 2558189 INFO tempest.lib.common.rest_client [req-ebb9a071-7442-4b15-88e4-dd325e1492d7 ] Request (SecGroupTest:tearDownClass): 204 DELETE http://10.13.3.231:35357/v3/users/00bfd66af2cc43de8d1540b3e6696610 0.112s[00m
2022-01-04 15:46:10.645 2558189 INFO tempest.lib.common.rest_client [req-4c801093-718f-4ee5-a5b8-b8ddc0025298 ] Request (SecGroupTest:tearDownClass): 201 POST http://10.13.3.231:5000/v3/auth/tokens 0.275s[00m
2022-01-04 15:46:10.728 2558185 INFO tempest.lib.common.rest_client [tx4077264077e946929422b-0061d46bc2 ] Request (AccountQuotasTest:setUp): 204 POST http://10.13.3.248:8080/v1/AUTH_aadc83175dcd4fa284dd64cb512695ec 0.429s[00m
2022-01-04 15:46:10.755 2558185 INFO tempest.lib.common.rest_client [txf090848ebd0948d3835ef-0061d46bc2 ] Request (AccountQuotasTest:test_admin_modify_quota): 204 POST http://10.13.3.248:8080/v1/AUTH_aadc83175dcd4fa284dd64cb512695ec 0.026s[00m
2022-01-04 15:46:10.756 2558189 INFO tempest.lib.common.rest_client [req-e68554d5-862d-4a5a-a60b-c5e726cb3c16 ] Request (SecGroupTest:tearDownClass): 200 GET http://10.13.3.251:9696/v2.0/security-groups?tenant_id=9ce1a50f05c746d88a845a4a89855455&name=default 0.110s[00m
2022-01-04 15:46:10.783 2558185 INFO tempest.lib.common.rest_client [tx086fe3b56dff4c4ebfefe-0061d46bc2 ] Request (AccountQuotasTest:test_admin_modify_quota): 204 POST http://10.13.3.248:8080/v1/AUTH_aadc83175dcd4fa284dd64cb512695ec 0.025s[00m
2022-01-04 15:46:10.809 2558185 INFO tempest.lib.common.rest_client [txb8595a620b4e4346bc80b-0061d46bc2 ] Request (AccountQuotasTest:test_admin_modify_quota): 204 POST http://10.13.3.248:8080/v1/AUTH_aadc83175dcd4fa284dd64cb512695ec 0.025s[00m
2022-01-04 15:46:10.835 2558185 INFO tempest.lib.common.rest_client [tx8e24a704d7ea453fbe1e5-0061d46bc2 ] Request (AccountQuotasTest:tearDown): 204 POST http://10.13.3.248:8080/v1/AUTH_aadc83175dcd4fa284dd64cb512695ec 0.025s[00m
{0} tempest.api.object_storage.test_account_quotas.AccountQuotasTest.test_admin_modify_quota [0.537316s] ... ok
2022-01-04 15:46:10.850 2558189 INFO tempest.lib.common.rest_client [req-12c17e8d-60f1-44f9-a59e-182cad553cd7 ] Request (SecGroupTest:tearDownClass): 204 DELETE http://10.13.3.251:9696/v2.0/security-groups/4a3e9c85-efc1-483f-8e86-f99350b96681 0.093s[00m
2022-01-04 15:46:10.860 2558185 INFO tempest.lib.common.rest_client [txff06f269616d49898cd3a-0061d46bc2 ] Request (AccountQuotasTest:setUp): 204 POST http://10.13.3.248:8080/v1/AUTH_aadc83175dcd4fa284dd64cb512695ec 0.024s[00m
2022-01-04 15:46:10.929 2558185 INFO tempest.lib.common.rest_client [tx37e6c0f3fdd34d59bdb85-0061d46bc2 ] Request (AccountQuotasTest:test_upload_valid_object): 201 PUT http://10.13.3.248:8080/v1/AUTH_aadc83175dcd4fa284dd64cb512695ec/tempest-TestContainer-1873434031/tempest-TestObject-1544369622 0.067s[00m
2022-01-04 15:46:10.938 2558189 INFO tempest.lib.common.rest_client [req-6d0bf7b9-501c-4d88-a4d2-5058da3d2d62 ] Request (SecGroupTest:tearDownClass): 204 DELETE http://10.13.3.231:35357/v3/projects/9ce1a50f05c746d88a845a4a89855455 0.087s[00m
2022-01-04 15:46:10.951 2558185 INFO tempest.lib.common.rest_client [tx614a9070a149412091811-0061d46bc2 ] Request (AccountQuotasTest:tearDown): 204 POST http://10.13.3.248:8080/v1/AUTH_aadc83175dcd4fa284dd64cb512695ec 0.021s[00m
{0} tempest.api.object_storage.test_account_quotas.AccountQuotasTest.test_upload_valid_object [0.115986s] ... ok
2022-01-04 15:46:10.992 2558185 INFO tempest.lib.common.rest_client [txc6574f3dd59248d89eccc-0061d46bc2 ] Request (AccountQuotasTest:tearDownClass): 200 GET http://10.13.3.248:8080/v1/AUTH_aadc83175dcd4fa284dd64cb512695ec/tempest-TestContainer-1873434031?&limit=9999&format=json 0.034s[00m
2022-01-04 15:46:11.033 2558185 INFO tempest.lib.common.rest_client [tx1f18931386934c7787ea5-0061d46bc2 ] Request (AccountQuotasTest:tearDownClass): 204 DELETE http://10.13.3.248:8080/v1/AUTH_aadc83175dcd4fa284dd64cb512695ec/tempest-TestContainer-1873434031/tempest-TestObject-1544369622 0.040s[00m
2022-01-04 15:46:11.068 2558185 INFO tempest.lib.common.rest_client [tx9006d4975fe94db6ba56c-0061d46bc3 ] Request (AccountQuotasTest:tearDownClass): 404 GET http://10.13.3.248:8080/v1/AUTH_aadc83175dcd4fa284dd64cb512695ec/tempest-TestContainer-1873434031/tempest-TestObject-1544369622 0.033s[00m
2022-01-04 15:46:11.104 2558185 INFO tempest.lib.common.rest_client [txcad679230bb3425f8e511-0061d46bc3 ] Request (AccountQuotasTest:tearDownClass): 204 DELETE http://10.13.3.248:8080/v1/AUTH_aadc83175dcd4fa284dd64cb512695ec/tempest-TestContainer-1873434031 0.035s[00m
2022-01-04 15:46:11.166 2558185 INFO tempest.lib.common.rest_client [tx16bbbe1f5a984f81b06a4-0061d46bc3 ] Request (AccountQuotasTest:tearDownClass): 404 HEAD http://10.13.3.248:8080/v1/AUTH_aadc83175dcd4fa284dd64cb512695ec/tempest-TestContainer-1873434031 0.062s[00m
2022-01-04 15:46:11.217 2558189 INFO tempest.lib.common.rest_client [req-f203469f-025a-44e0-b72a-9a2b7200f792 ] Request (NetworksApiDiscovery:setUpClass): 201 POST http://10.13.3.231:5000/v3/auth/tokens 0.276s[00m
2022-01-04 15:46:11.272 2558185 INFO tempest.lib.common.rest_client [req-d2aab4d2-ded2-4d4e-bbe6-d5ff629bece3 ] Request (AccountQuotasTest:tearDownClass): 204 DELETE http://10.13.3.231:35357/v3/users/3b483020647b45b08380b12d356e52bc 0.105s[00m
2022-01-04 15:46:11.494 2558189 INFO tempest.lib.common.rest_client [req-521083de-f680-47f5-8d4d-f7e94251f5fc ] Request (NetworksApiDiscovery:setUpClass): 201 POST http://10.13.3.231:5000/v3/auth/tokens 0.273s[00m
2022-01-04 15:46:11.506 2558185 INFO tempest.lib.common.rest_client [req-9a3b130f-ff2f-439d-b426-596363550a31 ] Request (AccountQuotasTest:tearDownClass): 201 POST http://10.13.3.231:5000/v3/auth/tokens 0.233s[00m
2022-01-04 15:46:11.520 2558189 INFO tempest.lib.common.rest_client [req-a9ffeac0-d2ea-46e0-8eb4-c318baf9522c ] Request (NetworksApiDiscovery:setUpClass): 200 GET http://10.13.3.231:35357/v3/domains?name=admin_domain 0.025s[00m
2022-01-04 15:46:11.549 2558189 INFO tempest.lib.common.rest_client [req-ab87b629-3ec6-41e1-aff1-437a059e85fd ] Request (NetworksApiDiscovery:setUpClass): 201 POST http://10.13.3.231:35357/v3/projects 0.028s[00m
2022-01-04 15:46:11.663 2558185 INFO tempest.lib.common.rest_client [req-4a0d4a5b-8be3-462c-a66b-5354a3d1dc23 ] Request (AccountQuotasTest:tearDownClass): 200 GET http://10.13.3.251:9696/v2.0/security-groups?tenant_id=aadc83175dcd4fa284dd64cb512695ec&name=default 0.156s[00m
2022-01-04 15:46:11.740 2558185 INFO tempest.lib.common.rest_client [req-dd5d188e-936c-4e12-adc3-66fa8fbe10b0 ] Request (AccountQuotasTest:tearDownClass): 204 DELETE http://10.13.3.251:9696/v2.0/security-groups/b5812d36-f40f-4301-be2e-68393bd447a7 0.077s[00m
2022-01-04 15:46:11.821 2558189 INFO tempest.lib.common.rest_client [req-7f77190b-5e3c-4331-b5dd-9bb47b7bf3b3 ] Request (NetworksApiDiscovery:setUpClass): 201 POST http://10.13.3.231:35357/v3/users 0.271s[00m
2022-01-04 15:46:11.874 2558185 INFO tempest.lib.common.rest_client [req-4d204991-75fb-47dc-9d8c-76c849543bdf ] Request (AccountQuotasTest:tearDownClass): 204 DELETE http://10.13.3.231:35357/v3/projects/aadc83175dcd4fa284dd64cb512695ec 0.133s[00m
2022-01-04 15:46:11.920 2558189 INFO tempest.lib.common.rest_client [req-9058d666-8e92-4362-aede-cea046e66848 ] Request (NetworksApiDiscovery:setUpClass): 200 GET http://10.13.3.231:35357/v3/roles 0.098s[00m
2022-01-04 15:46:11.982 2558185 INFO tempest.lib.common.rest_client [req-06f39343-4aa4-4cec-9556-e21bf80f08d7 ] Request (AccountQuotasTest:tearDownClass): 204 DELETE http://10.13.3.231:35357/v3/users/03d0cb91a9ad44a1804c6cf44548486b 0.107s[00m
2022-01-04 15:46:12.027 2558189 INFO tempest.lib.common.rest_client [req-eda417cf-a949-4ce8-b532-42432b72fd40 ] Request (NetworksApiDiscovery:setUpClass): 200 GET http://10.13.3.231:35357/v3/roles 0.106s[00m
2022-01-04 15:46:12.062 2558185 INFO tempest.lib.common.rest_client [req-48f63647-3144-464f-a9ce-7bfd1b20531d ] Request (AccountQuotasTest:tearDownClass): 200 GET http://10.13.3.251:9696/v2.0/security-groups?tenant_id=c8903d3579bf4c4195c4e89d5f95c462&name=default 0.079s[00m
2022-01-04 15:46:12.065 2558189 INFO tempest.lib.common.rest_client [req-c9bdaafc-05a9-44ce-8917-c64590b12621 ] Request (NetworksApiDiscovery:setUpClass): 204 PUT http://10.13.3.231:35357/v3/projects/ea4e6ab8003b431fa87a55220cb18607/users/8c7df4471b694cf2b90fbccb48c07079/roles/f0afe778fd6d4b93a279cf6f69d4aaf5 0.037s[00m
2022-01-04 15:46:12.066 2558189 INFO tempest.lib.common.dynamic_creds [-] Dynamic test user 8c7df4471b694cf2b90fbccb48c07079 is created with scope project and roles: ['member'][00m
2022-01-04 15:46:12.066 2558189 INFO tempest.lib.common.dynamic_creds [-] Acquired dynamic creds:
 credentials: Credentials: {'domain_id': '2cce71fe89b34bcba298f7b08fd27c32', 'domain_name': 'admin_domain', 'username': 'tempest-NetworksApiDiscovery-653197878-project', 'project_domain_id': '2cce71fe89b34bcba298f7b08fd27c32', 'project_domain_name': 'admin_domain', 'project_id': 'ea4e6ab8003b431fa87a55220cb18607', 'project_name': 'tempest-NetworksApiDiscovery-653197878', 'tenant_id': 'ea4e6ab8003b431fa87a55220cb18607', 'tenant_name': 'tempest-NetworksApiDiscovery-653197878', 'user_domain_id': '2cce71fe89b34bcba298f7b08fd27c32', 'user_domain_name': 'admin_domain', 'user_id': '8c7df4471b694cf2b90fbccb48c07079', 'system': None}, Network: None, Subnet: None, Router: None[00m
2022-01-04 15:46:12.067 2558189 INFO tempest.lib.common.dynamic_creds [-] Created isolated network resources for:
