2022-01-04 15:45:33.607 2558189 INFO tempest.lib.common.rest_client [req-09811b6c-1c16-484b-8297-6f4c3f92691f ] Request (RolesV3TestJSON:tearDownClass): 200 GET http://10.13.3.251:9696/v2.0/security-groups?tenant_id=4e8dd6b7469643f594e6a668a28d50e9&name=default 0.282s[00m
2022-01-04 15:45:33.722 2558189 INFO tempest.lib.common.rest_client [req-5b7909bb-a388-4b03-b28a-6cb84d58dede ] Request (RolesV3TestJSON:tearDownClass): 204 DELETE http://10.13.3.251:9696/v2.0/security-groups/4364c910-f89d-4cbb-863e-6f10e6fd0002 0.114s[00m
2022-01-04 15:45:33.840 2558189 INFO tempest.lib.common.rest_client [req-af68d83f-17bc-4907-8f9a-cc64e62333db ] Request (RolesV3TestJSON:tearDownClass): 204 DELETE http://10.13.3.231:35357/v3/projects/4e8dd6b7469643f594e6a668a28d50e9 0.117s[00m
2022-01-04 15:45:33.985 2558189 INFO tempest.lib.common.rest_client [req-d55f082e-ada3-4750-899e-72f0a4f3b269 ] Request (RolesV3TestJSON:tearDownClass): 204 DELETE http://10.13.3.231:35357/v3/users/31f5dbf02f2a4f0d8c8dc3082600c1c5 0.144s[00m
2022-01-04 15:45:34.099 2558189 INFO tempest.lib.common.rest_client [req-1373198b-1156-48d1-a26b-0ea527bd7eda ] Request (RolesV3TestJSON:tearDownClass): 200 GET http://10.13.3.251:9696/v2.0/security-groups?tenant_id=19a743db127f4c92bb38e0bdfa37a9ad&name=default 0.113s[00m
2022-01-04 15:45:34.218 2558189 INFO tempest.lib.common.rest_client [req-7846a3ac-a893-43a0-a9d3-258bb0683533 ] Request (RolesV3TestJSON:tearDownClass): 204 DELETE http://10.13.3.251:9696/v2.0/security-groups/31a17c58-3413-445b-b5f7-17de4f182d3d 0.119s[00m
2022-01-04 15:45:34.352 2558185 INFO tempest.lib.common.rest_client [req-7a4db42c-7a69-4957-9e1c-7469522f1641 ] Request (FloatingIPTestJSON:test_create_list_show_update_delete_floating_ip): 200 PUT http://10.13.3.251:9696/v2.0/floatingips/31e994e7-9935-4088-9ecb-6dde26244e43 0.961s[00m
2022-01-04 15:45:34.372 2558189 INFO tempest.lib.common.rest_client [req-3f675dd0-633e-4033-afa1-09c0d3dd7d8a ] Request (RolesV3TestJSON:tearDownClass): 204 DELETE http://10.13.3.231:35357/v3/projects/19a743db127f4c92bb38e0bdfa37a9ad 0.153s[00m
2022-01-04 15:45:34.679 2558189 INFO tempest.lib.common.rest_client [req-e76dd0db-7b04-471c-aabd-72125e562b2a ] Request (TrustsV3TestJSON:setUpClass): 201 POST http://10.13.3.231:5000/v3/auth/tokens 0.304s[00m
2022-01-04 15:45:34.712 2558185 INFO tempest.lib.common.rest_client [req-8de8a86b-6955-4afb-a626-d4d13380dc94 ] Request (FloatingIPTestJSON:test_create_list_show_update_delete_floating_ip): 200 PUT http://10.13.3.251:9696/v2.0/floatingips/31e994e7-9935-4088-9ecb-6dde26244e43 0.360s[00m
2022-01-04 15:45:34.927 2558189 INFO tempest.lib.common.rest_client [req-74f07d3f-aaab-4f6c-91dd-2004e62f22bd ] Request (TrustsV3TestJSON:setUpClass): 201 POST http://10.13.3.231:5000/v3/auth/tokens 0.244s[00m
2022-01-04 15:45:34.960 2558189 INFO tempest.lib.common.rest_client [req-a23c87c8-6939-435c-99b6-8d2727257987 ] Request (TrustsV3TestJSON:setUpClass): 200 GET http://10.13.3.231:35357/v3/domains?name=admin_domain 0.033s[00m
2022-01-04 15:45:35.000 2558189 INFO tempest.lib.common.rest_client [req-2500df60-fe89-48e2-af3b-f2ce05df7348 ] Request (TrustsV3TestJSON:setUpClass): 201 POST http://10.13.3.231:35357/v3/projects 0.039s[00m
2022-01-04 15:45:35.013 2558185 INFO tempest.lib.common.rest_client [req-7f4acb22-ac40-4ea5-8185-397fe3941adc ] Request (FloatingIPTestJSON:test_create_list_show_update_delete_floating_ip): 204 DELETE http://10.13.3.251:9696/v2.0/floatingips/31e994e7-9935-4088-9ecb-6dde26244e43 0.300s[00m
2022-01-04 15:45:35.040 2558185 INFO tempest.lib.common.rest_client [req-12f36562-fe81-42d6-bf49-052ab968ff3d ] Request (FloatingIPTestJSON:_run_cleanups): 404 DELETE http://10.13.3.251:9696/v2.0/floatingips/31e994e7-9935-4088-9ecb-6dde26244e43 0.027s[00m
{0} tempest.api.network.test_floating_ips.FloatingIPTestJSON.test_create_list_show_update_delete_floating_ip [2.723681s] ... ok
2022-01-04 15:45:35.280 2558189 INFO tempest.lib.common.rest_client [req-c47ff763-4ba6-41c7-a1b0-ec84ad04afcc ] Request (TrustsV3TestJSON:setUpClass): 201 POST http://10.13.3.231:35357/v3/users 0.279s[00m
2022-01-04 15:45:35.303 2558185 INFO tempest.lib.common.rest_client [req-821b57ab-88bd-4858-947a-81090be0566a ] Request (FloatingIPTestJSON:tearDownClass): 204 DELETE http://10.13.3.251:9696/v2.0/ports/cb54122f-cfad-4daf-b9df-b507fbb338b4 0.261s[00m
2022-01-04 15:45:35.305 2558189 INFO tempest.lib.common.rest_client [req-7856ae17-81e0-4bc4-a7db-1794d26b120a ] Request (TrustsV3TestJSON:setUpClass): 200 GET http://10.13.3.231:35357/v3/roles 0.024s[00m
2022-01-04 15:45:35.326 2558189 INFO tempest.lib.common.rest_client [req-dc5db734-a0ea-4058-9fe8-277bbdb1b36d ] Request (TrustsV3TestJSON:setUpClass): 200 GET http://10.13.3.231:35357/v3/roles 0.020s[00m
2022-01-04 15:45:35.367 2558189 INFO tempest.lib.common.rest_client [req-1d9e4945-5a4f-47b6-9108-2abbf2291ed2 ] Request (TrustsV3TestJSON:setUpClass): 204 PUT http://10.13.3.231:35357/v3/projects/c85b025782484b7989729604dbef0604/users/7f368d01856f4ae89f5b411b32d324f4/roles/f0afe778fd6d4b93a279cf6f69d4aaf5 0.040s[00m
2022-01-04 15:45:35.368 2558189 INFO tempest.lib.common.dynamic_creds [-] Dynamic test user 7f368d01856f4ae89f5b411b32d324f4 is created with scope project and roles: ['member'][00m
2022-01-04 15:45:35.368 2558189 INFO tempest.lib.common.dynamic_creds [-] Acquired dynamic creds:
 credentials: Credentials: {'domain_id': '2cce71fe89b34bcba298f7b08fd27c32', 'domain_name': 'admin_domain', 'username': 'tempest-TrustsV3TestJSON-1799775741-project', 'project_domain_id': '2cce71fe89b34bcba298f7b08fd27c32', 'project_domain_name': 'admin_domain', 'project_id': 'c85b025782484b7989729604dbef0604', 'project_name': 'tempest-TrustsV3TestJSON-1799775741', 'tenant_id': 'c85b025782484b7989729604dbef0604', 'tenant_name': 'tempest-TrustsV3TestJSON-1799775741', 'user_domain_id': '2cce71fe89b34bcba298f7b08fd27c32', 'user_domain_name': 'admin_domain', 'user_id': '7f368d01856f4ae89f5b411b32d324f4', 'system': None}, Network: None, Subnet: None, Router: None[00m
2022-01-04 15:45:35.368 2558189 INFO tempest.lib.common.dynamic_creds [-] Created isolated network resources for:
 credentials: Credentials: {'domain_id': '2cce71fe89b34bcba298f7b08fd27c32', 'domain_name': 'admin_domain', 'username': 'tempest-TrustsV3TestJSON-1799775741-project', 'project_domain_id': '2cce71fe89b34bcba298f7b08fd27c32', 'project_domain_name': 'admin_domain', 'project_id': 'c85b025782484b7989729604dbef0604', 'project_name': 'tempest-TrustsV3TestJSON-1799775741', 'tenant_id': 'c85b025782484b7989729604dbef0604', 'tenant_name': 'tempest-TrustsV3TestJSON-1799775741', 'user_domain_id': '2cce71fe89b34bcba298f7b08fd27c32', 'user_domain_name': 'admin_domain', 'user_id': '7f368d01856f4ae89f5b411b32d324f4', 'system': None}, Network: None, Subnet: None, Router: None[00m
2022-01-04 15:45:35.559 2558185 INFO tempest.lib.common.rest_client [req-be5baa23-763e-4c95-8265-070cf5a64591 ] Request (FloatingIPTestJSON:tearDownClass): 204 DELETE http://10.13.3.251:9696/v2.0/ports/34380170-ebcd-4ae8-ae0d-b04fb77fc4a6 0.255s[00m
2022-01-04 15:45:35.607 2558185 INFO tempest.lib.common.rest_client [req-f2036bc4-f423-4e4f-85fa-37463209beff ] Request (FloatingIPTestJSON:tearDownClass): 200 GET http://10.13.3.251:9696/v2.0/ports?device_id=220f9b61-213d-4939-8ef1-6480ffca2b6b 0.047s[00m
2022-01-04 15:45:35.664 2558189 INFO tempest.lib.common.rest_client [req-a4aac5cb-1a6b-4bf2-87d0-5793a0de45b9 ] Request (TrustsV3TestJSON:setUpClass): 201 POST http://10.13.3.231:5000/v3/auth/tokens 0.289s[00m
2022-01-04 15:45:35.740 2558189 INFO tempest.lib.common.rest_client [req-fa31408b-cb47-4dda-bcc7-e70744281ba8 ] Request (TrustsV3TestJSON:setUpClass): 201 POST http://10.13.3.231:35357/v3/projects 0.074s[00m
2022-01-04 15:45:36.031 2558189 INFO tempest.lib.common.rest_client [req-3994d9f7-0e89-43b9-b684-e744749a127c ] Request (TrustsV3TestJSON:setUpClass): 201 POST http://10.13.3.231:35357/v3/users 0.291s[00m
2022-01-04 15:45:36.055 2558189 INFO tempest.lib.common.rest_client [req-fcfc302f-4c8e-4abf-8af3-e64f7134e9e3 ] Request (TrustsV3TestJSON:setUpClass): 200 GET http://10.13.3.231:35357/v3/roles 0.023s[00m
2022-01-04 15:45:36.094 2558189 INFO tempest.lib.common.rest_client [req-b6ccfa70-61c7-461e-b6b3-a6670c93132c ] Request (TrustsV3TestJSON:setUpClass): 204 PUT http://10.13.3.231:35357/v3/projects/6026f1ea754e4e7b92235cb920762f4e/users/4c2c399b986d4709acc3bb1bb46c68f2/roles/407827ca8f3543b586c213f0d65a1b95 0.039s[00m
2022-01-04 15:45:36.159 2558189 INFO tempest.lib.common.rest_client [req-06eab218-f692-4354-a6c6-7fdb2e549bd9 ] Request (TrustsV3TestJSON:setUpClass): 200 GET http://10.13.3.231:35357/v3/roles 0.064s[00m
2022-01-04 15:45:36.188 2558189 INFO tempest.lib.common.rest_client [req-773b3d2a-0230-47f7-856d-38d8fc8b92e9 ] Request (TrustsV3TestJSON:setUpClass): 204 PUT http://10.13.3.231:35357/v3/domains/2cce71fe89b34bcba298f7b08fd27c32/users/4c2c399b986d4709acc3bb1bb46c68f2/roles/407827ca8f3543b586c213f0d65a1b95 0.028s[00m
2022-01-04 15:45:36.250 2558189 INFO tempest.lib.common.rest_client [req-754e8436-e2e8-424c-968d-6203bf28141c ] Request (TrustsV3TestJSON:setUpClass): 200 GET http://10.13.3.231:35357/v3/roles 0.062s[00m
2022-01-04 15:45:36.276 2558189 INFO tempest.lib.common.rest_client [req-876e5871-f4aa-4b14-ae7a-672631d51f43 ] Request (TrustsV3TestJSON:setUpClass): 204 PUT http://10.13.3.231:35357/v3/projects/6026f1ea754e4e7b92235cb920762f4e/users/4c2c399b986d4709acc3bb1bb46c68f2/roles/407827ca8f3543b586c213f0d65a1b95 0.025s[00m
2022-01-04 15:45:36.277 2558189 INFO tempest.lib.common.dynamic_creds [-] Dynamic test user 4c2c399b986d4709acc3bb1bb46c68f2 is created with scope project and roles: ['Admin'][00m
2022-01-04 15:45:36.277 2558189 INFO tempest.lib.common.dynamic_creds [-] Acquired dynamic creds:
 credentials: Credentials: {'domain_id': '2cce71fe89b34bcba298f7b08fd27c32', 'domain_name': 'admin_domain', 'username': 'tempest-TrustsV3TestJSON-2042403034-project-admin', 'project_domain_id': '2cce71fe89b34bcba298f7b08fd27c32', 'project_domain_name': 'admin_domain', 'project_id': '6026f1ea754e4e7b92235cb920762f4e', 'project_name': 'tempest-TrustsV3TestJSON-2042403034', 'tenant_id': '6026f1ea754e4e7b92235cb920762f4e', 'tenant_name': 'tempest-TrustsV3TestJSON-2042403034', 'user_domain_id': '2cce71fe89b34bcba298f7b08fd27c32', 'user_domain_name': 'admin_domain', 'user_id': '4c2c399b986d4709acc3bb1bb46c68f2', 'system': None}, Network: None, Subnet: None, Router: None[00m
2022-01-04 15:45:36.277 2558189 INFO tempest.lib.common.dynamic_creds [-] Created isolated network resources for:
 credentials: Credentials: {'domain_id': '2cce71fe89b34bcba298f7b08fd27c32', 'domain_name': 'admin_domain', 'username': 'tempest-TrustsV3TestJSON-2042403034-project-admin', 'project_domain_id': '2cce71fe89b34bcba298f7b08fd27c32', 'project_domain_name': 'admin_domain', 'project_id': '6026f1ea754e4e7b92235cb920762f4e', 'project_name': 'tempest-TrustsV3TestJSON-2042403034', 'tenant_id': '6026f1ea754e4e7b92235cb920762f4e', 'tenant_name': 'tempest-TrustsV3TestJSON-2042403034', 'user_domain_id': '2cce71fe89b34bcba298f7b08fd27c32', 'user_domain_name': 'admin_domain', 'user_id': '4c2c399b986d4709acc3bb1bb46c68f2', 'system': None}, Network: None, Subnet: None, Router: None[00m
2022-01-04 15:45:36.598 2558189 INFO tempest.lib.common.rest_client [req-03a496eb-9b1d-4f5c-9a58-ebe7d4568aa6 ] Request (TrustsV3TestJSON:setUpClass): 201 POST http://10.13.3.231:5000/v3/auth/tokens 0.315s[00m
2022-01-04 15:45:36.675 2558185 INFO tempest.lib.common.rest_client [req-ff816941-f612-4e09-8e67-f023005edfd1 ] Request (FloatingIPTestJSON:tearDownClass): 200 PUT http://10.13.3.251:9696/v2.0/routers/220f9b61-213d-4939-8ef1-6480ffca2b6b/remove_router_interface 1.068s[00m
2022-01-04 15:45:36.865 2558189 INFO tempest.lib.common.rest_client [req-1f883fb1-5179-45f8-a4ae-c39f3a713b3e ] Request (TrustsV3TestJSON:setUp): 201 POST http://10.13.3.231:5000/v3/auth/tokens 0.265s[00m
2022-01-04 15:45:36.908 2558189 INFO tempest.lib.common.rest_client [req-3eec6b63-980b-44d2-973f-e67c1966dbd7 ] Request (TrustsV3TestJSON:setUp): 201 POST http://10.13.3.231:35357/v3/projects 0.042s[00m
2022-01-04 15:45:37.115 2558185 INFO tempest.lib.common.rest_client [req-19625503-ecab-4f82-b14a-18fd7d114f0b ] Request (FloatingIPTestJSON:tearDownClass): 204 DELETE http://10.13.3.251:9696/v2.0/routers/220f9b61-213d-4939-8ef1-6480ffca2b6b 0.439s[00m
2022-01-04 15:45:37.187 2558189 INFO tempest.lib.common.rest_client [req-10ac99c7-b15b-4b50-b6f7-56d2cb2249d8 ] Request (TrustsV3TestJSON:setUp): 201 POST http://10.13.3.231:35357/v3/users 0.278s[00m
2022-01-04 15:45:37.217 2558189 INFO tempest.lib.common.rest_client [req-0e19f54c-3d95-4034-b8f9-bcfa581b2f66 ] Request (TrustsV3TestJSON:setUp): 201 POST http://10.13.3.231:35357/v3/roles 0.029s[00m
2022-01-04 15:45:37.247 2558189 INFO tempest.lib.common.rest_client [req-bfe9900f-1349-4731-9e00-a3a036da1dbe ] Request (TrustsV3TestJSON:setUp): 201 POST http://10.13.3.231:35357/v3/roles 0.029s[00m
2022-01-04 15:45:37.284 2558185 INFO tempest.lib.common.rest_client [req-709d3dd7-39ad-47db-8b38-66b69977805f ] Request (FloatingIPTestJSON:tearDownClass): 204 DELETE http://10.13.3.251:9696/v2.0/subnets/4fd35a6d-a5d1-4784-ad8c-b81f8d62c36b 0.168s[00m
2022-01-04 15:45:37.291 2558189 INFO tempest.lib.common.rest_client [req-db6f911d-87d4-4ac6-9abc-59920c16f611 ] Request (TrustsV3TestJSON:setUp): 204 PUT http://10.13.3.231:35357/v3/projects/55246770d00d4bb8aa17e0869b2091a0/users/4d9d868ee51146b9a61669239975bcc1/roles/02f8778f2f74474cb4f686a1a432402c 0.044s[00m
2022-01-04 15:45:37.345 2558189 INFO tempest.lib.common.rest_client [req-f0796a6e-fe5f-4da4-888e-a131dbe4401b ] Request (TrustsV3TestJSON:setUp): 204 PUT http://10.13.3.231:35357/v3/projects/55246770d00d4bb8aa17e0869b2091a0/users/4d9d868ee51146b9a61669239975bcc1/roles/1ada69cd95cb4bed9899cc4c204cb193 0.053s[00m
2022-01-04 15:45:37.394 2558189 INFO tempest.lib.common.rest_client [req-c90d0fda-c37f-4009-b333-37f5a596f7c5 ] Request (TrustsV3TestJSON:setUp): 200 GET http://10.13.3.231:35357/v3/users 0.048s[00m
2022-01-04 15:45:37.503 2558185 INFO tempest.lib.common.rest_client [req-527dedb4-183e-4455-b5ca-c9fb8da94fd2 ] Request (FloatingIPTestJSON:tearDownClass): 204 DELETE http://10.13.3.251:9696/v2.0/networks/c5aa2a19-37a9-40db-a9db-a864a5bbdb1b 0.218s[00m
2022-01-04 15:45:37.637 2558185 INFO tempest.lib.common.rest_client [req-3c751bf4-d079-4e72-b24c-b4981619dd97 ] Request (FloatingIPTestJSON:tearDownClass): 204 DELETE http://10.13.3.231:35357/v3/users/4a780b8566bb499d860ffeac2e9a4f54 0.133s[00m
2022-01-04 15:45:37.709 2558189 INFO tempest.lib.common.rest_client [req-4e29351f-d0eb-4bfd-8072-f57dd7d7a10f ] Request (TrustsV3TestJSON:setUp): 201 POST http://10.13.3.231:5000/v3/auth/tokens 0.314s[00m
2022-01-04 15:45:37.923 2558185 INFO tempest.lib.common.rest_client [req-1900b933-e2c0-4c85-b257-9fa37aa70583 ] Request (FloatingIPTestJSON:tearDownClass): 201 POST http://10.13.3.231:5000/v3/auth/tokens 0.286s[00m
2022-01-04 15:45:37.969 2558189 INFO tempest.lib.common.rest_client [req-37e823b1-fb20-4404-a88f-e9ebe1d961a3 ] Request (TrustsV3TestJSON:test_get_trusts_all): 201 POST http://10.13.3.231:5000/v3/auth/tokens 0.252s[00m
2022-01-04 15:45:38.027 2558185 INFO tempest.lib.common.rest_client [req-468585f0-b348-4e47-86fe-a625e1fc27fa ] Request (FloatingIPTestJSON:tearDownClass): 200 GET http://10.13.3.251:9696/v2.0/security-groups?tenant_id=f3f9371393544f178d4d2bfbbbb206cc&name=default 0.103s[00m
2022-01-04 15:45:38.064 2558189 INFO tempest.lib.common.rest_client [req-0a8b9212-7ee3-4463-8bb1-58074c89ba0a ] Request (TrustsV3TestJSON:test_get_trusts_all): 201 POST http://10.13.3.231:35357/v3/OS-TRUST/trusts 0.094s[00m
2022-01-04 15:45:38.114 2558185 INFO tempest.lib.common.rest_client [req-f4d88896-c351-4b2d-9e60-54be568db637 ] Request (FloatingIPTestJSON:tearDownClass): 204 DELETE http://10.13.3.251:9696/v2.0/security-groups/1c506483-5da8-4ccb-bb62-c66b4762643e 0.086s[00m
2022-01-04 15:45:38.201 2558185 INFO tempest.lib.common.rest_client [req-3e5c44c1-6616-45b0-aa4e-98c739762f1f ] Request (FloatingIPTestJSON:tearDownClass): 204 DELETE http://10.13.3.231:35357/v3/projects/f3f9371393544f178d4d2bfbbbb206cc 0.086s[00m
2022-01-04 15:45:38.202 2558185 INFO tempest.test [-] <class 'unittest.case.SkipTest'> raised in BulkNetworkOpsIpV6Test.setUpClass. Invoking tearDownClass.[00m
{0} setUpClass (tempest.api.network.test_networks.BulkNetworkOpsIpV6Test) ... SKIPPED: IPv6 Tests are disabled.
2022-01-04 15:45:38.204 2558185 INFO tempest.test [-] <class 'unittest.case.SkipTest'> raised in NetworksIpV6Test.setUpClass. Invoking tearDownClass.[00m
{0} setUpClass (tempest.api.network.test_networks.NetworksIpV6Test) ... SKIPPED: IPv6 Tests are disabled.
2022-01-04 15:45:38.370 2558189 INFO tempest.lib.common.rest_client [req-17d136cb-6ed2-4c98-be9c-f4ea92ae64f9 ] Request (TrustsV3TestJSON:test_get_trusts_all): 201 POST http://10.13.3.231:5000/v3/auth/tokens 0.305s[00m
2022-01-04 15:45:38.400 2558189 INFO tempest.lib.common.rest_client [req-77f502a0-023d-4574-b644-f3ccf1b657b6 ] Request (TrustsV3TestJSON:test_get_trusts_all): 200 GET http://10.13.3.231:35357/v3/OS-TRUST/trusts/ 0.029s[00m
2022-01-04 15:45:38.485 2558185 INFO tempest.lib.common.rest_client [req-65957161-aec4-414b-bb51-f655656d1d3a ] Request (NetworksTest:setUpClass): 201 POST http://10.13.3.231:5000/v3/auth/tokens 0.279s[00m
2022-01-04 15:45:38.496 2558189 INFO tempest.lib.common.rest_client [req-1e677ec5-e523-47fb-ba80-16941721c27a ] Request (TrustsV3TestJSON:tearDown): 204 DELETE http://10.13.3.231:35357/v3/OS-TRUST/trusts/45917173deff48b2a08e2cee10051693 0.095s[00m
2022-01-04 15:45:38.525 2558189 INFO tempest.lib.common.rest_client [req-a79c0ad5-f3e4-46d6-b6b0-e6909cefae20 ] Request (TrustsV3TestJSON:tearDown): 404 GET http://10.13.3.231:35357/v3/OS-TRUST/trusts/45917173deff48b2a08e2cee10051693 0.028s[00m
2022-01-04 15:45:38.734 2558185 INFO tempest.lib.common.rest_client [req-3730034f-730a-4b16-93a5-94013a63f105 ] Request (NetworksTest:setUpClass): 201 POST http://10.13.3.231:5000/v3/auth/tokens 0.245s[00m
2022-01-04 15:45:38.774 2558185 INFO tempest.lib.common.rest_client [req-1062a42c-1f3d-41fa-b54f-997fcaae2d2e ] Request (NetworksTest:setUpClass): 200 GET http://10.13.3.231:35357/v3/domains?name=admin_domain 0.040s[00m
2022-01-04 15:45:38.791 2558189 INFO tempest.lib.common.rest_client [req-c82e043d-8cf4-4389-889f-c687c27f115e ] Request (TrustsV3TestJSON:_run_cleanups): 201 POST http://10.13.3.231:5000/v3/auth/tokens 0.265s[00m
2022-01-04 15:45:38.815 2558185 INFO tempest.lib.common.rest_client [req-d42c5810-10f4-44f6-9fad-da24161a2e5b ] Request (NetworksTest:setUpClass): 201 POST http://10.13.3.231:35357/v3/projects 0.040s[00m
2022-01-04 15:45:38.875 2558189 INFO tempest.lib.common.rest_client [req-2b101da1-cfe4-49c7-adc8-5be0443d89bb ] Request (TrustsV3TestJSON:_run_cleanups): 204 DELETE http://10.13.3.231:35357/v3/roles/1ada69cd95cb4bed9899cc4c204cb193 0.083s[00m
2022-01-04 15:45:39.278 2558185 INFO tempest.lib.common.rest_client [req-14c437f7-2d07-40ee-918c-08bc0adf18ff ] Request (NetworksTest:setUpClass): 201 POST http://10.13.3.231:35357/v3/users 0.462s[00m
2022-01-04 15:45:39.349 2558189 INFO tempest.lib.common.rest_client [req-c0bd6427-0060-48d9-b802-768a67f3aab5 ] Request (TrustsV3TestJSON:_run_cleanups): 204 DELETE http://10.13.3.231:35357/v3/roles/02f8778f2f74474cb4f686a1a432402c 0.473s[00m
2022-01-04 15:45:39.410 2558185 INFO tempest.lib.common.rest_client [req-430f765c-6d9b-4a17-9579-ccb928bf8247 ] Request (NetworksTest:setUpClass): 200 GET http://10.13.3.231:35357/v3/roles 0.132s[00m
2022-01-04 15:45:39.503 2558189 INFO tempest.lib.common.rest_client [req-1b3fe2b5-6ead-407a-89a4-8928e1218bd9 ] Request (TrustsV3TestJSON:_run_cleanups): 204 DELETE http://10.13.3.231:35357/v3/users/4d9d868ee51146b9a61669239975bcc1 0.153s[00m
2022-01-04 15:45:39.557 2558185 INFO tempest.lib.common.rest_client [req-5861428d-f7b6-4d20-bfba-86091d047179 ] Request (NetworksTest:setUpClass): 200 GET http://10.13.3.231:35357/v3/roles 0.145s[00m
2022-01-04 15:45:39.648 2558189 INFO tempest.lib.common.rest_client [req-156eb2f5-ab00-44e4-b171-d7cbae7b3238 ] Request (TrustsV3TestJSON:_run_cleanups): 204 DELETE http://10.13.3.231:35357/v3/projects/55246770d00d4bb8aa17e0869b2091a0 0.144s[00m
{1} tempest.api.identity.admin.v3.test_trusts.TrustsV3TestJSON.test_get_trusts_all [3.049134s] ... ok
2022-01-04 15:45:39.736 2558185 INFO tempest.lib.common.rest_client [req-3c12bd26-efb5-413a-beb7-33762034e31c ] Request (NetworksTest:setUpClass): 204 PUT http://10.13.3.231:35357/v3/projects/2b6b85ed4885466e9be4bda73ac48c77/users/8746ed98b5a54cc181155ddd0d0b0d66/roles/f0afe778fd6d4b93a279cf6f69d4aaf5 0.178s[00m
2022-01-04 15:45:39.736 2558185 INFO tempest.lib.common.dynamic_creds [-] Dynamic test user 8746ed98b5a54cc181155ddd0d0b0d66 is created with scope project and roles: ['member'][00m
2022-01-04 15:45:39.737 2558185 INFO tempest.lib.common.dynamic_creds [-] Acquired dynamic creds:
 credentials: Credentials: {'domain_id': '2cce71fe89b34bcba298f7b08fd27c32', 'domain_name': 'admin_domain', 'username': 'tempest-NetworksTest-358583607-project', 'project_domain_id': '2cce71fe89b34bcba298f7b08fd27c32', 'project_domain_name': 'admin_domain', 'project_id': '2b6b85ed4885466e9be4bda73ac48c77', 'project_name': 'tempest-NetworksTest-358583607', 'tenant_id': '2b6b85ed4885466e9be4bda73ac48c77', 'tenant_name': 'tempest-NetworksTest-358583607', 'user_domain_id': '2cce71fe89b34bcba298f7b08fd27c32', 'user_domain_name': 'admin_domain', 'user_id': '8746ed98b5a54cc181155ddd0d0b0d66', 'system': None}, Network: None, Subnet: None, Router: None[00m
2022-01-04 15:45:39.737 2558185 INFO tempest.lib.common.dynamic_creds [-] Created isolated network resources for:
 credentials: Credentials: {'domain_id': '2cce71fe89b34bcba298f7b08fd27c32', 'domain_name': 'admin_domain', 'username': 'tempest-NetworksTest-358583607-project', 'project_domain_id': '2cce71fe89b34bcba298f7b08fd27c32', 'project_domain_name': 'admin_domain', 'project_id': '2b6b85ed4885466e9be4bda73ac48c77', 'project_name': 'tempest-NetworksTest-358583607', 'tenant_id': '2b6b85ed4885466e9be4bda73ac48c77', 'tenant_name': 'tempest-NetworksTest-358583607', 'user_domain_id': '2cce71fe89b34bcba298f7b08fd27c32', 'user_domain_name': 'admin_domain', 'user_id': '8746ed98b5a54cc181155ddd0d0b0d66', 'system': None}, Network: None, Subnet: None, Router: None[00m
2022-01-04 15:45:39.854 2558189 INFO tempest.lib.common.rest_client [req-cd72e239-6f44-4362-9e67-52aa37f82e7a ] Request (TrustsV3TestJSON:tearDownClass): 204 DELETE http://10.13.3.231:35357/v3/users/7f368d01856f4ae89f5b411b32d324f4 0.205s[00m
2022-01-04 15:45:40.039 2558185 INFO tempest.lib.common.rest_client [req-29e7e846-73fc-4084-9791-fd5627602b03 ] Request (NetworksTest:setUpClass): 201 POST http://10.13.3.231:5000/v3/auth/tokens 0.291s[00m
2022-01-04 15:45:40.152 2558189 INFO tempest.lib.common.rest_client [req-f8996c09-8d0d-4258-90db-bc7cb02218fd ] Request (TrustsV3TestJSON:tearDownClass): 201 POST http://10.13.3.231:5000/v3/auth/tokens 0.297s[00m
2022-01-04 15:45:40.260 2558189 INFO tempest.lib.common.rest_client [req-996e0ac0-f12b-4491-9a29-e8462586efd4 ] Request (TrustsV3TestJSON:tearDownClass): 200 GET http://10.13.3.251:9696/v2.0/security-groups?tenant_id=c85b025782484b7989729604dbef0604&name=default 0.107s[00m
2022-01-04 15:45:40.283 2558185 INFO tempest.lib.common.rest_client [req-bfa61cfa-ee9e-4d4f-9ebc-5db5b7d102e6 ] Request (NetworksTest:setUpClass): 201 POST http://10.13.3.251:9696/v2.0/networks 0.242s[00m
2022-01-04 15:45:40.353 2558189 INFO tempest.lib.common.rest_client [req-9017d8e9-4cc7-4b3d-a77b-278629f75bbc ] Request (TrustsV3TestJSON:tearDownClass): 204 DELETE http://10.13.3.251:9696/v2.0/security-groups/12a7f7f6-c0f3-412b-8972-1066d3538645 0.092s[00m
2022-01-04 15:45:40.451 2558189 INFO tempest.lib.common.rest_client [req-c278a07d-12ea-4815-8cf9-e6b567b254ce ] Request (TrustsV3TestJSON:tearDownClass): 204 DELETE http://10.13.3.231:35357/v3/projects/c85b025782484b7989729604dbef0604 0.097s[00m
2022-01-04 15:45:40.566 2558189 INFO tempest.lib.common.rest_client [req-a2724687-fccc-4260-aa8d-a895025f37fe ] Request (TrustsV3TestJSON:tearDownClass): 204 DELETE http://10.13.3.231:35357/v3/users/4c2c399b986d4709acc3bb1bb46c68f2 0.114s[00m
2022-01-04 15:45:40.659 2558189 INFO tempest.lib.common.rest_client [req-ccce2c4f-34e1-4147-bd45-d2b8772468b4 ] Request (TrustsV3TestJSON:tearDownClass): 200 GET http://10.13.3.251:9696/v2.0/security-groups?tenant_id=6026f1ea754e4e7b92235cb920762f4e&name=default 0.092s[00m
2022-01-04 15:45:40.754 2558189 INFO tempest.lib.common.rest_client [req-0c0c95e9-d8f0-40c5-aa3c-fab87b83f875 ] Request (TrustsV3TestJSON:tearDownClass): 204 DELETE http://10.13.3.251:9696/v2.0/security-groups/4ead15cc-4316-43ef-94ce-bcc537fb905f 0.094s[00m
2022-01-04 15:45:40.877 2558189 INFO tempest.lib.common.rest_client [req-426bfd7b-6aa4-4693-ac08-aa4daad2022d ] Request (TrustsV3TestJSON:tearDownClass): 204 DELETE http://10.13.3.231:35357/v3/projects/6026f1ea754e4e7b92235cb920762f4e 0.122s[00m
2022-01-04 15:45:41.162 2558189 INFO tempest.lib.common.rest_client [req-aa78a2b4-d3f4-48b8-9d89-98f5e6a8c7c1 ] Request (TestApiDiscovery:setUpClass): 201 POST http://10.13.3.231:5000/v3/auth/tokens 0.283s[00m
2022-01-04 15:45:41.414 2558189 INFO tempest.lib.common.rest_client [req-2d04f0c1-4ea1-4121-894f-fa46e289cbf2 ] Request (TestApiDiscovery:setUpClass): 201 POST http://10.13.3.231:5000/v3/auth/tokens 0.245s[00m
2022-01-04 15:45:41.443 2558189 INFO tempest.lib.common.rest_client [req-41f8897f-2eec-4ee7-877f-27c8cb3d5168 ] Request (TestApiDiscovery:setUpClass): 200 GET http://10.13.3.231:35357/v3/domains?name=admin_domain 0.028s[00m
2022-01-04 15:45:41.479 2558189 INFO tempest.lib.common.rest_client [req-8d44820e-9f16-4d47-8f0a-c48db4c89b0c ] Request (TestApiDiscovery:setUpClass): 201 POST http://10.13.3.231:35357/v3/projects 0.035s[00m
2022-01-04 15:45:41.775 2558189 INFO tempest.lib.common.rest_client [req-0d82dee3-3b6f-44e9-b947-2b2cf9e26480 ] Request (TestApiDiscovery:setUpClass): 201 POST http://10.13.3.231:35357/v3/users 0.295s[00m
2022-01-04 15:45:41.804 2558189 INFO tempest.lib.common.rest_client [req-71b97417-810d-43ed-b9f4-44e2d98ca975 ] Request (TestApiDiscovery:setUpClass): 200 GET http://10.13.3.231:35357/v3/roles 0.026s[00m
2022-01-04 15:45:41.828 2558189 INFO tempest.lib.common.rest_client [req-ae3d9075-e3ef-4b9c-ad85-f70431c46b62 ] Request (TestApiDiscovery:setUpClass): 200 GET http://10.13.3.231:35357/v3/roles 0.021s[00m
2022-01-04 15:45:41.868 2558189 INFO tempest.lib.common.rest_client [req-26a6741a-ac75-41a7-9a8c-085e1ff3fc6e ] Request (TestApiDiscovery:setUpClass): 204 PUT http://10.13.3.231:35357/v3/projects/325d2d81d431405ab7ca5b47d3964ba1/users/d2a5a65f2b2147c980b4419e25b0f57a/roles/f0afe778fd6d4b93a279cf6f69d4aaf5 0.036s[00m
2022-01-04 15:45:41.876 2558189 INFO tempest.lib.common.dynamic_creds [-] Dynamic test user d2a5a65f2b2147c980b4419e25b0f57a is created with scope project and roles: ['member'][00m
2022-01-04 15:45:41.876 2558189 INFO tempest.lib.common.dynamic_creds [-] Acquired dynamic creds:
 credentials: Credentials: {'domain_id': '2cce71fe89b34bcba298f7b08fd27c32', 'domain_name': 'admin_domain', 'username': 'tempest-TestApiDiscovery-1280165808-project', 'project_domain_id': '2cce71fe89b34bcba298f7b08fd27c32', 'project_domain_name': 'admin_domain', 'project_id': '325d2d81d431405ab7ca5b47d3964ba1', 'project_name': 'tempest-TestApiDiscovery-1280165808', 'tenant_id': '325d2d81d431405ab7ca5b47d3964ba1', 'tenant_name': 'tempest-TestApiDiscovery-1280165808', 'user_domain_id': '2cce71fe89b34bcba298f7b08fd27c32', 'user_domain_name': 'admin_domain', 'user_id': 'd2a5a65f2b2147c980b4419e25b0f57a', 'system': None}, Network: None, Subnet: None, Router: None[00m
2022-01-04 15:45:41.877 2558189 INFO tempest.lib.common.dynamic_creds [-] Created isolated network resources for:
 credentials: Credentials: {'domain_id': '2cce71fe89b34bcba298f7b08fd27c32', 'domain_name': 'admin_domain', 'username': 'tempest-TestApiDiscovery-1280165808-project', 'project_domain_id': '2cce71fe89b34bcba298f7b08fd27c32', 'project_domain_name': 'admin_domain', 'project_id': '325d2d81d431405ab7ca5b47d3964ba1', 'project_name': 'tempest-TestApiDiscovery-1280165808', 'tenant_id': '325d2d81d431405ab7ca5b47d3964ba1', 'tenant_name': 'tempest-TestApiDiscovery-1280165808', 'user_domain_id': '2cce71fe89b34bcba298f7b08fd27c32', 'user_domain_name': 'admin_domain', 'user_id': 'd2a5a65f2b2147c980b4419e25b0f57a', 'system': None}, Network: None, Subnet: None, Router: None[00m
2022-01-04 15:45:42.182 2558189 INFO tempest.lib.common.rest_client [req-222610f3-2ab6-4d08-bda6-ae27323fcbf7 ] Request (TestApiDiscovery:setUpClass): 201 POST http://10.13.3.231:5000/v3/auth/tokens 0.296s[00m
2022-01-04 15:45:42.204 2558189 INFO tempest.lib.common.rest_client [req-5ef5b3c5-7d3e-45b3-9b64-3016bc274fab ] Request (TestApiDiscovery:test_api_media_types): 200 GET http://10.13.3.231:35357/v3 0.020s[00m
{1} tempest.api.identity.v3.test_api_discovery.TestApiDiscovery.test_api_media_types [0.021729s] ... ok
2022-01-04 15:45:42.220 2558189 INFO tempest.lib.common.rest_client [req-111868de-2736-48d2-9fb7-25f8812bbeaf ] Request (TestApiDiscovery:test_api_version_resources): 200 GET http://10.13.3.231:35357/v3 0.015s[00m
{1} tempest.api.identity.v3.test_api_discovery.TestApiDiscovery.test_api_version_resources [0.016345s] ... ok
2022-01-04 15:45:42.236 2558189 INFO tempest.lib.common.rest_client [req-b1357e84-08ee-47a8-92bd-f86d91e42623 ] Request (TestApiDiscovery:test_api_version_statuses): 200 GET http://10.13.3.231:35357/v3 0.014s[00m
{1} tempest.api.identity.v3.test_api_discovery.TestApiDiscovery.test_api_version_statuses [0.015103s] ... ok
2022-01-04 15:45:42.245 2558189 INFO tempest.lib.common.rest_client [req-d6ec39bf-7e9d-4539-ab00-2065c6ed81d2 ] Request (TestApiDiscovery:test_list_api_versions): 300 GET http://10.13.3.231:35357/ 0.008s[00m
{1} tempest.api.identity.v3.test_api_discovery.TestApiDiscovery.test_list_api_versions [0.009035s] ... ok
2022-01-04 15:45:42.356 2558189 INFO tempest.lib.common.rest_client [req-a3888540-6354-42a7-9589-d64e1d6232a2 ] Request (TestApiDiscovery:tearDownClass): 204 DELETE http://10.13.3.231:35357/v3/users/d2a5a65f2b2147c980b4419e25b0f57a 0.109s[00m
2022-01-04 15:45:42.411 2558185 INFO tempest.lib.common.rest_client [req-47b46a2b-9037-4b1e-8324-5733e3e86429 ] Request (NetworksTest:setUpClass): 201 POST http://10.13.3.251:9696/v2.0/subnets 0.221s[00m
2022-01-04 15:45:42.542 2558185 INFO tempest.lib.common.rest_client [req-6c9245f5-d5fe-49c5-9a90-c08cb114d2ca ] Request (NetworksTest:test_create_update_delete_network_subnet): 201 POST http://10.13.3.251:9696/v2.0/networks 0.127s[00m
2022-01-04 15:45:42.656 2558189 INFO tempest.lib.common.rest_client [req-bebbb31d-06ff-45ee-8118-65c9ef94671d ] Request (TestApiDiscovery:tearDownClass): 201 POST http://10.13.3.231:5000/v3/auth/tokens 0.300s[00m
2022-01-04 15:45:42.679 2558185 INFO tempest.lib.common.rest_client [req-d9f7663b-b2f3-4b38-916f-da90734c3e12 ] Request (NetworksTest:test_create_update_delete_network_subnet): 200 PUT http://10.13.3.251:9696/v2.0/networks/02ce70cd-4fec-4039-885a-1cb0b3319cc7 0.133s[00m
2022-01-04 15:45:42.929 2558189 INFO tempest.lib.common.rest_client [req-8c3da434-794e-428e-b224-508d77e443be ] Request (TestApiDiscovery:tearDownClass): 200 GET http://10.13.3.251:9696/v2.0/security-groups?tenant_id=325d2d81d431405ab7ca5b47d3964ba1&name=default 0.272s[00m
2022-01-04 15:45:43.005 2558185 INFO tempest.lib.common.rest_client [req-9d2e9c41-f9d2-47c4-831f-c0af9444db68 ] Request (NetworksTest:test_create_update_delete_network_subnet): 201 POST http://10.13.3.251:9696/v2.0/subnets 0.322s[00m
2022-01-04 15:45:43.026 2558189 INFO tempest.lib.common.rest_client [req-9e59327d-13be-4005-a2a1-18e0235cbafa ] Request (TestApiDiscovery:tearDownClass): 204 DELETE http://10.13.3.251:9696/v2.0/security-groups/8a77f33d-2046-47f7-9d8b-e76147d722e4 0.097s[00m
2022-01-04 15:45:43.108 2558189 INFO tempest.lib.common.rest_client [req-3e7b5065-4b97-4dbf-a5d3-ec6e820de980 ] Request (TestApiDiscovery:tearDownClass): 204 DELETE http://10.13.3.231:35357/v3/projects/325d2d81d431405ab7ca5b47d3964ba1 0.081s[00m
2022-01-04 15:45:43.162 2558185 INFO tempest.lib.common.rest_client [req-91a16dc7-26ff-4d3b-a31f-fb4a2cbe780b ] Request (NetworksTest:test_create_update_delete_network_subnet): 200 PUT http://10.13.3.251:9696/v2.0/subnets/f1daa7c8-060c-4731-a34f-2d1f57862f46 0.157s[00m
2022-01-04 15:45:43.403 2558189 INFO tempest.lib.common.rest_client [req-cfa040b5-559f-4758-8941-abd6104f85b7 ] Request (BasicOperationsImagesTest:setUpClass): 201 POST http://10.13.3.231:5000/v3/auth/tokens 0.293s[00m
2022-01-04 15:45:43.658 2558189 INFO tempest.lib.common.rest_client [req-68a9ff3e-24f0-4f76-a346-734d424e847b ] Request (BasicOperationsImagesTest:setUpClass): 201 POST http://10.13.3.231:5000/v3/auth/tokens 0.250s[00m
2022-01-04 15:45:43.686 2558189 INFO tempest.lib.common.rest_client [req-49cea75f-ec0e-462a-b54e-51bd2c9a0ad1 ] Request (BasicOperationsImagesTest:setUpClass): 200 GET http://10.13.3.231:35357/v3/domains?name=admin_domain 0.027s[00m
2022-01-04 15:45:43.720 2558189 INFO tempest.lib.common.rest_client [req-93bd4581-5ae1-4ffa-b037-f6160e772ebe ] Request (BasicOperationsImagesTest:setUpClass): 201 POST http://10.13.3.231:35357/v3/projects 0.034s[00m
2022-01-04 15:45:44.009 2558189 INFO tempest.lib.common.rest_client [req-33c34dd0-c6d8-4985-8fd2-404d39aa2322 ] Request (BasicOperationsImagesTest:setUpClass): 201 POST http://10.13.3.231:35357/v3/users 0.287s[00m
2022-01-04 15:45:44.033 2558189 INFO tempest.lib.common.rest_client [req-f5e4562d-2527-46ec-aeba-bbd94e61a71e ] Request (BasicOperationsImagesTest:setUpClass): 200 GET http://10.13.3.231:35357/v3/roles 0.023s[00m
2022-01-04 15:45:44.055 2558189 INFO tempest.lib.common.rest_client [req-f74a449c-03e3-4205-a1d3-543168b9300c ] Request (BasicOperationsImagesTest:setUpClass): 200 GET http://10.13.3.231:35357/v3/roles 0.022s[00m
2022-01-04 15:45:44.093 2558189 INFO tempest.lib.common.rest_client [req-d93d2d6f-6382-4631-931a-ced45040e802 ] Request (BasicOperationsImagesTest:setUpClass): 204 PUT http://10.13.3.231:35357/v3/projects/ecad84d72dba4439a309a32a93c3f38f/users/64b062250a9543238a30f34fd4bb0089/roles/f0afe778fd6d4b93a279cf6f69d4aaf5 0.037s[00m
2022-01-04 15:45:44.094 2558189 INFO tempest.lib.common.dynamic_creds [-] Dynamic test user 64b062250a9543238a30f34fd4bb0089 is created with scope project and roles: ['member'][00m
2022-01-04 15:45:44.094 2558189 INFO tempest.lib.common.dynamic_creds [-] Acquired dynamic creds:
 credentials: Credentials: {'domain_id': '2cce71fe89b34bcba298f7b08fd27c32', 'domain_name': 'admin_domain', 'username': 'tempest-BasicOperationsImagesTest-2097760431-project', 'project_domain_id': '2cce71fe89b34bcba298f7b08fd27c32', 'project_domain_name': 'admin_domain', 'project_id': 'ecad84d72dba4439a309a32a93c3f38f', 'project_name': 'tempest-BasicOperationsImagesTest-2097760431', 'tenant_id': 'ecad84d72dba4439a309a32a93c3f38f', 'tenant_name': 'tempest-BasicOperationsImagesTest-2097760431', 'user_domain_id': '2cce71fe89b34bcba298f7b08fd27c32', 'user_domain_name': 'admin_domain', 'user_id': '64b062250a9543238a30f34fd4bb0089', 'system': None}, Network: None, Subnet: None, Router: None[00m
2022-01-04 15:45:44.094 2558189 INFO tempest.lib.common.dynamic_creds [-] Created isolated network resources for:
 credentials: Credentials: {'domain_id': '2cce71fe89b34bcba298f7b08fd27c32', 'domain_name': 'admin_domain', 'username': 'tempest-BasicOperationsImagesTest-2097760431-project', 'project_domain_id': '2cce71fe89b34bcba298f7b08fd27c32', 'project_domain_name': 'admin_domain', 'project_id': 'ecad84d72dba4439a309a32a93c3f38f', 'project_name': 'tempest-BasicOperationsImagesTest-2097760431', 'tenant_id': 'ecad84d72dba4439a309a32a93c3f38f', 'tenant_name': 'tempest-BasicOperationsImagesTest-2097760431', 'user_domain_id': '2cce71fe89b34bcba298f7b08fd27c32', 'user_domain_name': 'admin_domain', 'user_id': '64b062250a9543238a30f34fd4bb0089', 'system': None}, Network: None, Subnet: None, Router: None[00m
2022-01-04 15:45:44.192 2558185 INFO tempest.lib.common.rest_client [req-55c12522-1470-40fe-9b8b-a0bb11967da3 ] Request (NetworksTest:test_create_update_delete_network_subnet): 204 DELETE http://10.13.3.251:9696/v2.0/networks/02ce70cd-4fec-4039-885a-1cb0b3319cc7 1.029s[00m
2022-01-04 15:45:44.213 2558185 INFO tempest.lib.common.rest_client [req-f834122d-5545-4707-9227-28ac4aca758c ] Request (NetworksTest:_run_cleanups): 404 DELETE http://10.13.3.251:9696/v2.0/networks/02ce70cd-4fec-4039-885a-1cb0b3319cc7 0.019s[00m
{0} tempest.api.network.test_networks.NetworksTest.test_create_update_delete_network_subnet [1.800921s] ... ok
2022-01-04 15:45:44.341 2558185 INFO tempest.lib.common.rest_client [req-6a2f09d9-2b44-4a0b-a353-c712c725927a ] Request (NetworksTest:test_external_network_visibility): 200 GET http://10.13.3.251:9696/v2.0/networks?router%3Aexternal=True 0.126s[00m
2022-01-04 15:45:44.373 2558185 INFO tempest.lib.common.rest_client [req-9eefbcc9-7a92-4405-b86b-88585feebb72 ] Request (NetworksTest:test_external_network_visibility): 200 GET http://10.13.3.251:9696/v2.0/subnets?network_id=bb1ed130-78e5-47ff-808e-1f62b930c181 0.031s[00m
{0} tempest.api.network.test_networks.NetworksTest.test_external_network_visibility [0.160065s] ... ok
2022-01-04 15:45:44.395 2558189 INFO tempest.lib.common.rest_client [req-9d8112d7-7321-4779-bdba-845b81a2c005 ] Request (BasicOperationsImagesTest:setUpClass): 201 POST http://10.13.3.231:5000/v3/auth/tokens 0.290s[00m
2022-01-04 15:45:44.462 2558185 INFO tempest.lib.common.rest_client [req-27c3aaa9-afce-48b3-87c2-f3069e16c8ec ] Request (NetworksTest:test_list_networks): 200 GET http://10.13.3.251:9696/v2.0/networks 0.087s[00m
{0} tempest.api.network.test_networks.NetworksTest.test_list_networks [0.088479s] ... ok
2022-01-04 15:45:44.523 2558189 INFO tempest.lib.common.rest_client [req-e151964c-cce7-4c2f-9431-8ee802879811 ] Request (BasicOperationsImagesTest:test_delete_image): 201 POST http://10.13.3.226:9292/v2/images 0.126s[00m
2022-01-04 15:45:44.567 2558189 INFO tempest.lib.common.rest_client [req-53ff3736-6831-4dc3-9ed5-5eda2ceba974 ] Request (BasicOperationsImagesTest:test_delete_image): 204 DELETE http://10.13.3.226:9292/v2/images/69ee6393-3ea8-4e24-825b-115bb6475f5d 0.042s[00m
2022-01-04 15:45:44.581 2558189 INFO tempest.lib.common.rest_client [req-754a34a0-20ef-4af9-93eb-312fc4183a8d ] Request (BasicOperationsImagesTest:test_delete_image): 404 GET http://10.13.3.226:9292/v2/images/69ee6393-3ea8-4e24-825b-115bb6475f5d 0.013s[00m
2022-01-04 15:45:44.608 2558189 INFO tempest.lib.common.rest_client [req-7750e27f-b4a5-48c6-a1bb-3c9c1466222b ] Request (BasicOperationsImagesTest:test_delete_image): 200 GET http://10.13.3.226:9292/v2/images 0.026s[00m
{1} tempest.api.image.v2.test_images.BasicOperationsImagesTest.test_delete_image [0.212488s] ... ok
2022-01-04 15:45:44.636 2558185 INFO tempest.lib.common.rest_client [req-c8cac8ba-d3f9-42e3-9ea8-4174c8e850c6 ] Request (NetworksTest:test_list_subnets): 200 GET http://10.13.3.251:9696/v2.0/subnets 0.172s[00m
{0} tempest.api.network.test_networks.NetworksTest.test_list_subnets [0.173208s] ... ok
2022-01-04 15:45:44.639 2558189 INFO tempest.lib.common.rest_client [req-5141672f-18a9-400f-b6f5-5196fc04a888 ] Request (BasicOperationsImagesTest:test_register_upload_get_image_file): 201 POST http://10.13.3.226:9292/v2/images 0.029s[00m
2022-01-04 15:45:44.654 2558189 INFO tempest.lib.common.rest_client [req-bb9d7a84-b949-4b96-bab5-b43935e52870 ] Request (BasicOperationsImagesTest:test_register_upload_get_image_file): 204 GET http://10.13.3.226:9292/v2/images/588f0e65-6eb9-4b63-902a-9f5e54df098d/file 0.014s[00m
2022-01-04 15:45:44.706 2558185 INFO tempest.lib.common.rest_client [req-9d05fb2a-bc44-43fd-b8ff-bb021d7e0179 ] Request (NetworksTest:test_show_network): 200 GET http://10.13.3.251:9696/v2.0/networks/5b19ecd1-633c-4b34-90db-83747f900a9d 0.068s[00m
{0} tempest.api.network.test_networks.NetworksTest.test_show_network [0.070061s] ... ok
2022-01-04 15:45:44.770 2558185 INFO tempest.lib.common.rest_client [req-3c7a23a7-f865-49b6-b1ff-d78e54aae52d ] Request (NetworksTest:test_show_subnet): 200 GET http://10.13.3.251:9696/v2.0/subnets/36f4fb54-ffaf-4724-898e-75ca35340170 0.062s[00m
{0} tempest.api.network.test_networks.NetworksTest.test_show_subnet [0.063217s] ... ok
2022-01-04 15:45:44.797 2558185 INFO tempest.lib.common.rest_client [req-5cc8adcf-f49f-40e8-b18e-b9b2e9eb5f62 ] Request (NetworksTest:tearDownClass): 404 DELETE http://10.13.3.251:9696/v2.0/subnets/f1daa7c8-060c-4731-a34f-2d1f57862f46 0.025s[00m
2022-01-04 15:45:44.817 2558185 INFO tempest.lib.common.rest_client [req-ab001f7a-0151-4589-aa34-2a56bec0a1bb ] Request (NetworksTest:tearDownClass): 404 DELETE http://10.13.3.251:9696/v2.0/networks/02ce70cd-4fec-4039-885a-1cb0b3319cc7 0.020s[00m
2022-01-04 15:45:45.003 2558185 INFO tempest.lib.common.rest_client [req-a3c6c420-56bd-4031-b860-f02aac8504ba ] Request (NetworksTest:tearDownClass): 204 DELETE http://10.13.3.251:9696/v2.0/subnets/36f4fb54-ffaf-4724-898e-75ca35340170 0.185s[00m
2022-01-04 15:45:45.343 2558185 INFO tempest.lib.common.rest_client [req-215231b5-bc6e-4363-b623-eb7d1869a381 ] Request (NetworksTest:tearDownClass): 204 DELETE http://10.13.3.251:9696/v2.0/networks/5b19ecd1-633c-4b34-90db-83747f900a9d 0.340s[00m
2022-01-04 15:45:45.457 2558185 INFO tempest.lib.common.rest_client [req-7077ec95-ab15-4cfd-8b6f-96fdc6746423 ] Request (NetworksTest:tearDownClass): 204 DELETE http://10.13.3.231:35357/v3/users/8746ed98b5a54cc181155ddd0d0b0d66 0.113s[00m
2022-01-04 15:45:45.748 2558185 INFO tempest.lib.common.rest_client [req-eed80baf-e4eb-47c9-9142-b50db4d84ba6 ] Request (NetworksTest:tearDownClass): 201 POST http://10.13.3.231:5000/v3/auth/tokens 0.291s[00m
2022-01-04 15:45:45.786 2558189 INFO tempest.lib.common.rest_client [req-5267473b-1006-42cf-bb95-d2b2ac678236 ] Request (BasicOperationsImagesTest:test_register_upload_get_image_file): 204 PUT http://10.13.3.226:9292/v2/images/588f0e65-6eb9-4b63-902a-9f5e54df098d/file 1.129s[00m
2022-01-04 15:45:45.803 2558189 INFO tempest.lib.common.rest_client [req-87ec316b-68c5-4748-b096-8828a916a94f ] Request (BasicOperationsImagesTest:test_register_upload_get_image_file): 200 GET http://10.13.3.226:9292/v2/images/588f0e65-6eb9-4b63-902a-9f5e54df098d 0.016s[00m
2022-01-04 15:45:45.877 2558185 INFO tempest.lib.common.rest_client [req-61c8896f-aabd-490b-a671-7d5ad2708fd5 ] Request (NetworksTest:tearDownClass): 200 GET http://10.13.3.251:9696/v2.0/security-groups?tenant_id=2b6b85ed4885466e9be4bda73ac48c77&name=default 0.128s[00m
2022-01-04 15:45:45.887 2558189 INFO tempest.lib.common.rest_client [req-78401b92-a147-453c-9929-0ae05b4be774 ] Request (BasicOperationsImagesTest:test_register_upload_get_image_file): 200 GET http://10.13.3.226:9292/v2/images/588f0e65-6eb9-4b63-902a-9f5e54df098d/file 0.083s[00m
{1} tempest.api.image.v2.test_images.BasicOperationsImagesTest.test_register_upload_get_image_file [1.279472s] ... ok
2022-01-04 15:45:45.916 2558189 INFO tempest.lib.common.rest_client [req-8abfe154-b9e5-493a-8d39-a296da4b49ba ] Request (BasicOperationsImagesTest:test_update_image): 201 POST http://10.13.3.226:9292/v2/images 0.025s[00m
2022-01-04 15:45:45.948 2558189 INFO tempest.lib.common.rest_client [req-f0078927-bc73-4e3b-9fb3-08a321a74007 ] Request (BasicOperationsImagesTest:test_update_image): 200 PATCH http://10.13.3.226:9292/v2/images/ca5ef73c-9485-45a5-942d-e4b43c1ddc2c 0.031s[00m
2022-01-04 15:45:45.963 2558185 INFO tempest.lib.common.rest_client [req-6c3f24cf-230d-4856-94a3-b508f8013291 ] Request (NetworksTest:tearDownClass): 204 DELETE http://10.13.3.251:9696/v2.0/security-groups/56bdc14c-5ae6-4878-bec8-da102beb3a2f 0.085s[00m
2022-01-04 15:45:45.966 2558189 INFO tempest.lib.common.rest_client [req-403b59da-49ab-4d7f-9a7b-07b70b50d482 ] Request (BasicOperationsImagesTest:test_update_image): 200 GET http://10.13.3.226:9292/v2/images/ca5ef73c-9485-45a5-942d-e4b43c1ddc2c 0.017s[00m
{1} tempest.api.image.v2.test_images.BasicOperationsImagesTest.test_update_image [0.077983s] ... ok
2022-01-04 15:45:46.010 2558189 INFO tempest.lib.common.rest_client [req-d7bb51e7-bf37-4595-9662-07bc7c8aa4d9 ] Request (BasicOperationsImagesTest:tearDownClass): 204 DELETE http://10.13.3.226:9292/v2/images/ca5ef73c-9485-45a5-942d-e4b43c1ddc2c 0.040s[00m
2022-01-04 15:45:46.023 2558189 INFO tempest.lib.common.rest_client [req-9f130b76-8950-480d-95dc-3f51b5ab622e ] Request (BasicOperationsImagesTest:tearDownClass): 404 GET http://10.13.3.226:9292/v2/images/ca5ef73c-9485-45a5-942d-e4b43c1ddc2c 0.012s[00m
2022-01-04 15:45:46.038 2558185 INFO tempest.lib.common.rest_client [req-cf355e4a-52ca-4c11-9fef-1a38fb1bb97d ] Request (NetworksTest:tearDownClass): 204 DELETE http://10.13.3.231:35357/v3/projects/2b6b85ed4885466e9be4bda73ac48c77 0.074s[00m
2022-01-04 15:45:46.316 2558185 INFO tempest.lib.common.rest_client [req-6ba321f3-3bb8-494e-b658-52c5f9ab8354 ] Request (RoutersTest:setUpClass): 201 POST http://10.13.3.231:5000/v3/auth/tokens 0.276s[00m
2022-01-04 15:45:46.643 2558185 INFO tempest.lib.common.rest_client [req-f01e0f34-bc1f-4e89-b8b7-0070ffdfdf40 ] Request (RoutersTest:setUpClass): 201 POST http://10.13.3.231:5000/v3/auth/tokens 0.239s[00m
2022-01-04 15:45:46.674 2558185 INFO tempest.lib.common.rest_client [req-f60f1a94-d0c7-4734-8986-d3833bd1a3ac ] Request (RoutersTest:setUpClass): 200 GET http://10.13.3.231:35357/v3/domains?name=admin_domain 0.027s[00m
2022-01-04 15:45:46.713 2558185 INFO tempest.lib.common.rest_client [req-4178214f-4395-4556-aca9-e9b5e9d1343d ] Request (RoutersTest:setUpClass): 201 POST http://10.13.3.231:35357/v3/projects 0.035s[00m
2022-01-04 15:45:46.896 2558189 INFO tempest.lib.common.rest_client [req-220772c5-7330-4d1a-807b-e583bd436a35 ] Request (BasicOperationsImagesTest:tearDownClass): 204 DELETE http://10.13.3.226:9292/v2/images/588f0e65-6eb9-4b63-902a-9f5e54df098d 0.873s[00m
2022-01-04 15:45:46.918 2558189 INFO tempest.lib.common.rest_client [req-4bbf77f4-d11b-4274-955e-0b97c7b2e653 ] Request (BasicOperationsImagesTest:tearDownClass): 404 GET http://10.13.3.226:9292/v2/images/588f0e65-6eb9-4b63-902a-9f5e54df098d 0.021s[00m
2022-01-04 15:45:46.962 2558189 INFO tempest.lib.common.rest_client [req-a2b9f470-b028-4526-a364-11c9ead62a5d ] Request (BasicOperationsImagesTest:tearDownClass): 404 DELETE http://10.13.3.226:9292/v2/images/69ee6393-3ea8-4e24-825b-115bb6475f5d 0.043s[00m
2022-01-04 15:45:47.003 2558189 INFO tempest.lib.common.rest_client [req-2871f891-2f70-4153-9331-3f26003e406a ] Request (BasicOperationsImagesTest:tearDownClass): 404 GET http://10.13.3.226:9292/v2/images/69ee6393-3ea8-4e24-825b-115bb6475f5d 0.040s[00m
2022-01-04 15:45:47.023 2558185 INFO tempest.lib.common.rest_client [req-229d5c04-5454-479a-99e9-50d5758a28ef ] Request (RoutersTest:setUpClass): 201 POST http://10.13.3.231:35357/v3/users 0.308s[00m
2022-01-04 15:45:47.098 2558189 INFO tempest.lib.common.rest_client [req-5413fb74-6131-4e10-8b51-b48adec9e019 ] Request (BasicOperationsImagesTest:tearDownClass): 204 DELETE http://10.13.3.231:35357/v3/users/64b062250a9543238a30f34fd4bb0089 0.095s[00m
2022-01-04 15:45:47.150 2558185 INFO tempest.lib.common.rest_client [req-7ef6d004-adc0-46aa-8786-7331fb55a1dd ] Request (RoutersTest:setUpClass): 200 GET http://10.13.3.231:35357/v3/roles 0.126s[00m
2022-01-04 15:45:47.192 2558185 INFO tempest.lib.common.rest_client [req-5d5b2016-2d47-4241-9d0c-f8c2c1c07c17 ] Request (RoutersTest:setUpClass): 200 GET http://10.13.3.231:35357/v3/roles 0.041s[00m
2022-01-04 15:45:47.247 2558185 INFO tempest.lib.common.rest_client [req-8f3667b1-d14a-4dbc-9b69-ee6cd9eb3bab ] Request (RoutersTest:setUpClass): 204 PUT http://10.13.3.231:35357/v3/projects/90339bb61cf943d489d442ab5e3e796f/users/3f6a6265be9c4fbe8dd83127dc0b4d61/roles/f0afe778fd6d4b93a279cf6f69d4aaf5 0.055s[00m
2022-01-04 15:45:47.248 2558185 INFO tempest.lib.common.dynamic_creds [-] Dynamic test user 3f6a6265be9c4fbe8dd83127dc0b4d61 is created with scope project and roles: ['member'][00m
2022-01-04 15:45:47.248 2558185 INFO tempest.lib.common.dynamic_creds [-] Acquired dynamic creds:
 credentials: Credentials: {'domain_id': '2cce71fe89b34bcba298f7b08fd27c32', 'domain_name': 'admin_domain', 'username': 'tempest-RoutersTest-917833755-project', 'project_domain_id': '2cce71fe89b34bcba298f7b08fd27c32', 'project_domain_name': 'admin_domain', 'project_id': '90339bb61cf943d489d442ab5e3e796f', 'project_name': 'tempest-RoutersTest-917833755', 'tenant_id': '90339bb61cf943d489d442ab5e3e796f', 'tenant_name': 'tempest-RoutersTest-917833755', 'user_domain_id': '2cce71fe89b34bcba298f7b08fd27c32', 'user_domain_name': 'admin_domain', 'user_id': '3f6a6265be9c4fbe8dd83127dc0b4d61', 'system': None}, Network: None, Subnet: None, Router: None[00m
2022-01-04 15:45:47.248 2558185 INFO tempest.lib.common.dynamic_creds [-] Created isolated network resources for:
 credentials: Credentials: {'domain_id': '2cce71fe89b34bcba298f7b08fd27c32', 'domain_name': 'admin_domain', 'username': 'tempest-RoutersTest-917833755-project', 'project_domain_id': '2cce71fe89b34bcba298f7b08fd27c32', 'project_domain_name': 'admin_domain', 'project_id': '90339bb61cf943d489d442ab5e3e796f', 'project_name': 'tempest-RoutersTest-917833755', 'tenant_id': '90339bb61cf943d489d442ab5e3e796f', 'tenant_name': 'tempest-RoutersTest-917833755', 'user_domain_id': '2cce71fe89b34bcba298f7b08fd27c32', 'user_domain_name': 'admin_domain', 'user_id': '3f6a6265be9c4fbe8dd83127dc0b4d61', 'system': None}, Network: None, Subnet: None, Router: None[00m
