2022-01-04 15:45:21.898 2558185 INFO tempest.lib.common.rest_client [req-87dd49e9-cb8c-4b0b-8f66-7f35ae714c16 ] Request (DefaultDomainTestJSON:setUpClass): 200 GET http://10.13.3.231:35357/v3/roles 0.034s[00m
2022-01-04 15:45:21.916 2558189 INFO tempest.lib.common.rest_client [req-3db2f67b-eb8b-4cfe-8758-b5210e06974b ] Request (DomainsTestJSON:setUpClass): 204 PUT http://10.13.3.231:35357/v3/projects/e35814ff43864a87a4b1fb9d08374657/users/2440a8b43d794182986b49759439e926/roles/407827ca8f3543b586c213f0d65a1b95 0.033s[00m
2022-01-04 15:45:21.917 2558189 INFO tempest.lib.common.dynamic_creds [-] Dynamic test user 2440a8b43d794182986b49759439e926 is created with scope project and roles: ['Admin'][00m
2022-01-04 15:45:21.917 2558189 INFO tempest.lib.common.dynamic_creds [-] Acquired dynamic creds:
 credentials: Credentials: {'domain_id': '2cce71fe89b34bcba298f7b08fd27c32', 'domain_name': 'admin_domain', 'username': 'tempest-DomainsTestJSON-1860908841-project-admin', 'project_domain_id': '2cce71fe89b34bcba298f7b08fd27c32', 'project_domain_name': 'admin_domain', 'project_id': 'e35814ff43864a87a4b1fb9d08374657', 'project_name': 'tempest-DomainsTestJSON-1860908841', 'tenant_id': 'e35814ff43864a87a4b1fb9d08374657', 'tenant_name': 'tempest-DomainsTestJSON-1860908841', 'user_domain_id': '2cce71fe89b34bcba298f7b08fd27c32', 'user_domain_name': 'admin_domain', 'user_id': '2440a8b43d794182986b49759439e926', 'system': None}, Network: None, Subnet: None, Router: None[00m
2022-01-04 15:45:21.917 2558189 INFO tempest.lib.common.dynamic_creds [-] Created isolated network resources for:
 credentials: Credentials: {'domain_id': '2cce71fe89b34bcba298f7b08fd27c32', 'domain_name': 'admin_domain', 'username': 'tempest-DomainsTestJSON-1860908841-project-admin', 'project_domain_id': '2cce71fe89b34bcba298f7b08fd27c32', 'project_domain_name': 'admin_domain', 'project_id': 'e35814ff43864a87a4b1fb9d08374657', 'project_name': 'tempest-DomainsTestJSON-1860908841', 'tenant_id': 'e35814ff43864a87a4b1fb9d08374657', 'tenant_name': 'tempest-DomainsTestJSON-1860908841', 'user_domain_id': '2cce71fe89b34bcba298f7b08fd27c32', 'user_domain_name': 'admin_domain', 'user_id': '2440a8b43d794182986b49759439e926', 'system': None}, Network: None, Subnet: None, Router: None[00m
2022-01-04 15:45:21.970 2558185 INFO tempest.lib.common.rest_client [req-99678bb0-bede-4efd-92ee-831ff2806add ] Request (DefaultDomainTestJSON:setUpClass): 200 GET http://10.13.3.231:35357/v3/roles 0.071s[00m
2022-01-04 15:45:22.011 2558185 INFO tempest.lib.common.rest_client [req-74769939-07fa-4bdb-a0bf-d3ae0738c8b9 ] Request (DefaultDomainTestJSON:setUpClass): 204 PUT http://10.13.3.231:35357/v3/projects/5f92cb2e12fe459ebde35cdfcd2d785c/users/4e342a2bc2fc4184b3f8451891a70263/roles/f0afe778fd6d4b93a279cf6f69d4aaf5 0.040s[00m
2022-01-04 15:45:22.011 2558185 INFO tempest.lib.common.dynamic_creds [-] Dynamic test user 4e342a2bc2fc4184b3f8451891a70263 is created with scope project and roles: ['member'][00m
2022-01-04 15:45:22.012 2558185 INFO tempest.lib.common.dynamic_creds [-] Acquired dynamic creds:
 credentials: Credentials: {'domain_id': '2cce71fe89b34bcba298f7b08fd27c32', 'domain_name': 'admin_domain', 'username': 'tempest-DefaultDomainTestJSON-1653670564-project', 'project_domain_id': '2cce71fe89b34bcba298f7b08fd27c32', 'project_domain_name': 'admin_domain', 'project_id': '5f92cb2e12fe459ebde35cdfcd2d785c', 'project_name': 'tempest-DefaultDomainTestJSON-1653670564', 'tenant_id': '5f92cb2e12fe459ebde35cdfcd2d785c', 'tenant_name': 'tempest-DefaultDomainTestJSON-1653670564', 'user_domain_id': '2cce71fe89b34bcba298f7b08fd27c32', 'user_domain_name': 'admin_domain', 'user_id': '4e342a2bc2fc4184b3f8451891a70263', 'system': None}, Network: None, Subnet: None, Router: None[00m
2022-01-04 15:45:22.012 2558185 INFO tempest.lib.common.dynamic_creds [-] Created isolated network resources for:
 credentials: Credentials: {'domain_id': '2cce71fe89b34bcba298f7b08fd27c32', 'domain_name': 'admin_domain', 'username': 'tempest-DefaultDomainTestJSON-1653670564-project', 'project_domain_id': '2cce71fe89b34bcba298f7b08fd27c32', 'project_domain_name': 'admin_domain', 'project_id': '5f92cb2e12fe459ebde35cdfcd2d785c', 'project_name': 'tempest-DefaultDomainTestJSON-1653670564', 'tenant_id': '5f92cb2e12fe459ebde35cdfcd2d785c', 'tenant_name': 'tempest-DefaultDomainTestJSON-1653670564', 'user_domain_id': '2cce71fe89b34bcba298f7b08fd27c32', 'user_domain_name': 'admin_domain', 'user_id': '4e342a2bc2fc4184b3f8451891a70263', 'system': None}, Network: None, Subnet: None, Router: None[00m
2022-01-04 15:45:22.224 2558189 INFO tempest.lib.common.rest_client [req-76eacbcc-63a9-4074-b0b3-4dbc1beed5ad ] Request (DomainsTestJSON:setUpClass): 201 POST http://10.13.3.231:5000/v3/auth/tokens 0.300s[00m
2022-01-04 15:45:22.316 2558185 INFO tempest.lib.common.rest_client [req-8a2656f2-fe10-45d4-94ca-78c31bcf85bc ] Request (DefaultDomainTestJSON:setUpClass): 201 POST http://10.13.3.231:5000/v3/auth/tokens 0.296s[00m
2022-01-04 15:45:22.338 2558185 INFO tempest.lib.common.rest_client [req-edc7e7d4-6013-4f0c-b4d1-942f55d3260b ] Request (DefaultDomainTestJSON:test_default_domain_exists): 200 GET http://10.13.3.231:35357/v3/domains/2cce71fe89b34bcba298f7b08fd27c32 0.020s[00m
{0} tempest.api.identity.v3.test_domains.DefaultDomainTestJSON.test_default_domain_exists [0.021835s] ... ok
2022-01-04 15:45:22.456 2558185 INFO tempest.lib.common.rest_client [req-82367b77-1078-46c0-b524-7b25bd2a98ee ] Request (DefaultDomainTestJSON:tearDownClass): 204 DELETE http://10.13.3.231:35357/v3/users/4e342a2bc2fc4184b3f8451891a70263 0.116s[00m
2022-01-04 15:45:22.498 2558189 INFO tempest.lib.common.rest_client [req-d26ba0da-f7a2-4b59-872f-9adbd65d1a0f ] Request (DomainsTestJSON:setUpClass): 201 POST http://10.13.3.231:5000/v3/auth/tokens 0.273s[00m
2022-01-04 15:45:22.529 2558189 INFO tempest.lib.common.rest_client [req-e0ead68d-43a6-4225-b14f-87e951b98b32 ] Request (DomainsTestJSON:setUpClass): 201 POST http://10.13.3.231:35357/v3/domains 0.030s[00m
2022-01-04 15:45:22.582 2558189 INFO tempest.lib.common.rest_client [req-5ba92b52-a3d8-4ff6-9e98-7462ab80999c ] Request (DomainsTestJSON:setUpClass): 201 POST http://10.13.3.231:35357/v3/domains 0.053s[00m
2022-01-04 15:45:22.632 2558189 INFO tempest.lib.common.rest_client [req-9764d05f-9c64-46b6-a4e1-47c57d25965d ] Request (DomainsTestJSON:setUpClass): 201 POST http://10.13.3.231:35357/v3/domains 0.048s[00m
2022-01-04 15:45:22.682 2558189 INFO tempest.lib.common.rest_client [req-b1022ac3-fb3a-4a50-aae8-b25bc6ef3e47 ] Request (DomainsTestJSON:test_create_update_delete_domain): 201 POST http://10.13.3.231:35357/v3/domains 0.048s[00m
2022-01-04 15:45:22.736 2558185 INFO tempest.lib.common.rest_client [req-b0f064ff-9b7f-47cc-9f2a-d7daf83e2817 ] Request (DefaultDomainTestJSON:tearDownClass): 201 POST http://10.13.3.231:5000/v3/auth/tokens 0.279s[00m
2022-01-04 15:45:22.763 2558189 INFO tempest.lib.common.rest_client [req-adeb0e9a-c6b7-409d-ac41-c0373889cbee ] Request (DomainsTestJSON:test_create_update_delete_domain): 200 PATCH http://10.13.3.231:35357/v3/domains/65588f1359424ca7ae472c03d86ab0f4 0.079s[00m
2022-01-04 15:45:22.811 2558189 INFO tempest.lib.common.rest_client [req-c6c736f5-8649-4edf-ae85-40f8a7522c7f ] Request (DomainsTestJSON:test_create_update_delete_domain): 200 GET http://10.13.3.231:35357/v3/domains/65588f1359424ca7ae472c03d86ab0f4 0.047s[00m
2022-01-04 15:45:22.923 2558189 INFO tempest.lib.common.rest_client [req-96223479-7d20-4468-8d4f-7c5a2cee71db ] Request (DomainsTestJSON:test_create_update_delete_domain): 204 DELETE http://10.13.3.231:35357/v3/domains/65588f1359424ca7ae472c03d86ab0f4 0.111s[00m
2022-01-04 15:45:22.973 2558189 INFO tempest.lib.common.rest_client [req-c481c432-f21a-4726-b21c-123a6a3c3983 ] Request (DomainsTestJSON:test_create_update_delete_domain): 200 GET http://10.13.3.231:35357/v3/domains 0.049s[00m
2022-01-04 15:45:22.981 2558185 INFO tempest.lib.common.rest_client [req-22a032d2-94c1-4a17-ba0c-6ec76060ae50 ] Request (DefaultDomainTestJSON:tearDownClass): 200 GET http://10.13.3.251:9696/v2.0/security-groups?tenant_id=5f92cb2e12fe459ebde35cdfcd2d785c&name=default 0.244s[00m
2022-01-04 15:45:23.003 2558189 INFO tempest.lib.common.rest_client [req-bf16b463-1658-477b-aa00-904f7eb53450 ] Request (DomainsTestJSON:_run_cleanups): 404 PATCH http://10.13.3.231:35357/v3/domains/65588f1359424ca7ae472c03d86ab0f4 0.029s[00m
{1} tempest.api.identity.admin.v3.test_domains.DomainsTestJSON.test_create_update_delete_domain [0.371632s] ... ok
2022-01-04 15:45:23.063 2558189 INFO tempest.lib.common.rest_client [req-5b0bb05a-1a44-404d-9409-9e52761125a4 ] Request (DomainsTestJSON:tearDownClass): 200 PATCH http://10.13.3.231:35357/v3/domains/492c27ec895043ac8e655b88ddc26356 0.057s[00m
2022-01-04 15:45:23.081 2558185 INFO tempest.lib.common.rest_client [req-cc70f149-c1dc-4294-a483-f143225cdd42 ] Request (DefaultDomainTestJSON:tearDownClass): 204 DELETE http://10.13.3.251:9696/v2.0/security-groups/879946e8-3eaa-4ec1-849c-b2ecf16a8e80 0.099s[00m
2022-01-04 15:45:23.184 2558189 INFO tempest.lib.common.rest_client [req-908cb277-7b2c-4065-a27e-7b8d08687159 ] Request (DomainsTestJSON:tearDownClass): 204 DELETE http://10.13.3.231:35357/v3/domains/492c27ec895043ac8e655b88ddc26356 0.121s[00m
2022-01-04 15:45:23.303 2558185 INFO tempest.lib.common.rest_client [req-88c4b7a9-a918-4d52-9392-673303203c97 ] Request (DefaultDomainTestJSON:tearDownClass): 204 DELETE http://10.13.3.231:35357/v3/projects/5f92cb2e12fe459ebde35cdfcd2d785c 0.221s[00m
2022-01-04 15:45:23.379 2558189 INFO tempest.lib.common.rest_client [req-0bcf2643-93db-4dc0-90de-1c3b41b92004 ] Request (DomainsTestJSON:tearDownClass): 200 PATCH http://10.13.3.231:35357/v3/domains/11a7cd94ecd644e381542ecebaadfb22 0.193s[00m
2022-01-04 15:45:23.523 2558189 INFO tempest.lib.common.rest_client [req-6fe7832a-0e00-4a70-a343-38078d3f2f56 ] Request (DomainsTestJSON:tearDownClass): 204 DELETE http://10.13.3.231:35357/v3/domains/11a7cd94ecd644e381542ecebaadfb22 0.144s[00m
2022-01-04 15:45:23.598 2558185 INFO tempest.lib.common.rest_client [req-1d69fc6c-3987-4e9a-ad98-07377685edff ] Request (VersionsTest:setUpClass): 201 POST http://10.13.3.231:5000/v3/auth/tokens 0.292s[00m
2022-01-04 15:45:23.626 2558189 INFO tempest.lib.common.rest_client [req-659c5960-bf57-49bc-88aa-4fdf94afed66 ] Request (DomainsTestJSON:tearDownClass): 200 PATCH http://10.13.3.231:35357/v3/domains/fab8eec96cfb4c2b94f56f015e68956e 0.102s[00m
2022-01-04 15:45:23.768 2558189 INFO tempest.lib.common.rest_client [req-4adf7372-07dd-4998-a48b-3a00ee8ca6a1 ] Request (DomainsTestJSON:tearDownClass): 204 DELETE http://10.13.3.231:35357/v3/domains/fab8eec96cfb4c2b94f56f015e68956e 0.141s[00m
2022-01-04 15:45:23.862 2558185 INFO tempest.lib.common.rest_client [req-854d0105-0713-4f8a-802c-305c22525569 ] Request (VersionsTest:setUpClass): 201 POST http://10.13.3.231:5000/v3/auth/tokens 0.258s[00m
2022-01-04 15:45:23.892 2558189 INFO tempest.lib.common.rest_client [req-10f0e803-e08e-4aca-9482-b46013450750 ] Request (DomainsTestJSON:tearDownClass): 204 DELETE http://10.13.3.231:35357/v3/users/b69ada4772c6461082990a064acbab4e 0.123s[00m
2022-01-04 15:45:23.955 2558185 INFO tempest.lib.common.rest_client [req-1c7e886f-5148-4245-91c6-405321a1fb66 ] Request (VersionsTest:setUpClass): 200 GET http://10.13.3.231:35357/v3/domains?name=admin_domain 0.092s[00m
2022-01-04 15:45:23.996 2558185 INFO tempest.lib.common.rest_client [req-51ac6676-89e6-4d78-9504-64c0d4f93e7b ] Request (VersionsTest:setUpClass): 201 POST http://10.13.3.231:35357/v3/projects 0.040s[00m
2022-01-04 15:45:24.139 2558189 INFO tempest.lib.common.rest_client [req-6fde96d2-dd08-450d-8139-9298245af654 ] Request (DomainsTestJSON:tearDownClass): 201 POST http://10.13.3.231:5000/v3/auth/tokens 0.246s[00m
2022-01-04 15:45:24.292 2558185 INFO tempest.lib.common.rest_client [req-fa744848-5513-45cc-810e-068bba4af01e ] Request (VersionsTest:setUpClass): 201 POST http://10.13.3.231:35357/v3/users 0.295s[00m
2022-01-04 15:45:24.319 2558185 INFO tempest.lib.common.rest_client [req-860f5581-4ac5-4f63-bb9b-dbebbef27f65 ] Request (VersionsTest:setUpClass): 200 GET http://10.13.3.231:35357/v3/roles 0.025s[00m
2022-01-04 15:45:24.345 2558185 INFO tempest.lib.common.rest_client [req-a2d55ab7-a179-46ed-88ff-96a9142dd59b ] Request (VersionsTest:setUpClass): 200 GET http://10.13.3.231:35357/v3/roles 0.026s[00m
2022-01-04 15:45:24.362 2558189 INFO tempest.lib.common.rest_client [req-3e88f7fb-8310-4301-9185-4af9753552aa ] Request (DomainsTestJSON:tearDownClass): 200 GET http://10.13.3.251:9696/v2.0/security-groups?tenant_id=d88d94de7983428a913036f069a45418&name=default 0.222s[00m
2022-01-04 15:45:24.388 2558185 INFO tempest.lib.common.rest_client [req-b04acf24-f610-4d84-82c2-395e057e99cf ] Request (VersionsTest:setUpClass): 204 PUT http://10.13.3.231:35357/v3/projects/fa725b47b4a54ba189b9e7b8d616ee64/users/1c2ad4f4fe3942e0bc7a82e57cd16afb/roles/f0afe778fd6d4b93a279cf6f69d4aaf5 0.042s[00m
2022-01-04 15:45:24.388 2558185 INFO tempest.lib.common.dynamic_creds [-] Dynamic test user 1c2ad4f4fe3942e0bc7a82e57cd16afb is created with scope project and roles: ['member'][00m
2022-01-04 15:45:24.389 2558185 INFO tempest.lib.common.dynamic_creds [-] Acquired dynamic creds:
 credentials: Credentials: {'domain_id': '2cce71fe89b34bcba298f7b08fd27c32', 'domain_name': 'admin_domain', 'username': 'tempest-VersionsTest-513042597-project', 'project_domain_id': '2cce71fe89b34bcba298f7b08fd27c32', 'project_domain_name': 'admin_domain', 'project_id': 'fa725b47b4a54ba189b9e7b8d616ee64', 'project_name': 'tempest-VersionsTest-513042597', 'tenant_id': 'fa725b47b4a54ba189b9e7b8d616ee64', 'tenant_name': 'tempest-VersionsTest-513042597', 'user_domain_id': '2cce71fe89b34bcba298f7b08fd27c32', 'user_domain_name': 'admin_domain', 'user_id': '1c2ad4f4fe3942e0bc7a82e57cd16afb', 'system': None}, Network: None, Subnet: None, Router: None[00m
2022-01-04 15:45:24.389 2558185 INFO tempest.lib.common.dynamic_creds [-] Created isolated network resources for:
 credentials: Credentials: {'domain_id': '2cce71fe89b34bcba298f7b08fd27c32', 'domain_name': 'admin_domain', 'username': 'tempest-VersionsTest-513042597-project', 'project_domain_id': '2cce71fe89b34bcba298f7b08fd27c32', 'project_domain_name': 'admin_domain', 'project_id': 'fa725b47b4a54ba189b9e7b8d616ee64', 'project_name': 'tempest-VersionsTest-513042597', 'tenant_id': 'fa725b47b4a54ba189b9e7b8d616ee64', 'tenant_name': 'tempest-VersionsTest-513042597', 'user_domain_id': '2cce71fe89b34bcba298f7b08fd27c32', 'user_domain_name': 'admin_domain', 'user_id': '1c2ad4f4fe3942e0bc7a82e57cd16afb', 'system': None}, Network: None, Subnet: None, Router: None[00m
2022-01-04 15:45:24.453 2558189 INFO tempest.lib.common.rest_client [req-2d9a3858-befa-4c49-ad53-743299e95608 ] Request (DomainsTestJSON:tearDownClass): 204 DELETE http://10.13.3.251:9696/v2.0/security-groups/bc0e52a3-73c4-48b2-aca5-c1a4b2a6e3c9 0.090s[00m
2022-01-04 15:45:24.582 2558189 INFO tempest.lib.common.rest_client [req-efdd72d4-3489-4c1e-a99a-4973a4ae9fdf ] Request (DomainsTestJSON:tearDownClass): 204 DELETE http://10.13.3.231:35357/v3/projects/d88d94de7983428a913036f069a45418 0.128s[00m
2022-01-04 15:45:24.697 2558185 INFO tempest.lib.common.rest_client [req-ca570e94-1e79-4b40-b857-402bb2b7a1a0 ] Request (VersionsTest:setUpClass): 201 POST http://10.13.3.231:5000/v3/auth/tokens 0.302s[00m
2022-01-04 15:45:24.705 2558189 INFO tempest.lib.common.rest_client [req-53bf5a17-d455-4580-be1c-9337f9655273 ] Request (DomainsTestJSON:tearDownClass): 204 DELETE http://10.13.3.231:35357/v3/users/2440a8b43d794182986b49759439e926 0.122s[00m
2022-01-04 15:45:24.709 2558185 INFO tempest.lib.common.rest_client [-] Request (VersionsTest:test_list_versions): 300 GET http://10.13.3.226:9292/ 0.010s[00m
{0} tempest.api.image.v2.test_versions.VersionsTest.test_list_versions [0.012654s] ... ok
2022-01-04 15:45:24.821 2558189 INFO tempest.lib.common.rest_client [req-7b56153c-f8b4-4c81-8e0c-306dab7658cb ] Request (DomainsTestJSON:tearDownClass): 200 GET http://10.13.3.251:9696/v2.0/security-groups?tenant_id=e35814ff43864a87a4b1fb9d08374657&name=default 0.114s[00m
2022-01-04 15:45:24.834 2558185 INFO tempest.lib.common.rest_client [req-49b5857f-4e95-46c2-aa53-48c6a2c90667 ] Request (VersionsTest:tearDownClass): 204 DELETE http://10.13.3.231:35357/v3/users/1c2ad4f4fe3942e0bc7a82e57cd16afb 0.122s[00m
2022-01-04 15:45:24.918 2558189 INFO tempest.lib.common.rest_client [req-27864013-c800-48b6-a6dd-c9d2b78ea6a8 ] Request (DomainsTestJSON:tearDownClass): 204 DELETE http://10.13.3.251:9696/v2.0/security-groups/3ea56fc3-156e-465e-8525-ca7958707dcb 0.095s[00m
2022-01-04 15:45:25.046 2558189 INFO tempest.lib.common.rest_client [req-9e12d854-71cf-4100-b5f6-f86b7e87e469 ] Request (DomainsTestJSON:tearDownClass): 204 DELETE http://10.13.3.231:35357/v3/projects/e35814ff43864a87a4b1fb9d08374657 0.127s[00m
2022-01-04 15:45:25.121 2558185 INFO tempest.lib.common.rest_client [req-0683f6c7-f28a-4a6e-a2fd-66e401186776 ] Request (VersionsTest:tearDownClass): 201 POST http://10.13.3.231:5000/v3/auth/tokens 0.286s[00m
2022-01-04 15:45:25.266 2558185 INFO tempest.lib.common.rest_client [req-996edfb3-da97-4896-b9ec-6c7a1adb9216 ] Request (VersionsTest:tearDownClass): 200 GET http://10.13.3.251:9696/v2.0/security-groups?tenant_id=fa725b47b4a54ba189b9e7b8d616ee64&name=default 0.144s[00m
2022-01-04 15:45:25.294 2558189 INFO tempest.lib.common.rest_client [req-f66926a1-b1e8-41c6-ba8c-11c9bcfc031f ] Request (RegionsTestJSON:setUpClass): 201 POST http://10.13.3.231:5000/v3/auth/tokens 0.245s[00m
2022-01-04 15:45:25.358 2558185 INFO tempest.lib.common.rest_client [req-44178a6b-1891-4d0d-aec5-9f35c3fa4f67 ] Request (VersionsTest:tearDownClass): 204 DELETE http://10.13.3.251:9696/v2.0/security-groups/2bcfc0e4-d32c-4783-9557-6991ce294e22 0.091s[00m
2022-01-04 15:45:25.447 2558185 INFO tempest.lib.common.rest_client [req-f80952c0-4737-4ed7-b823-17172341bd9d ] Request (VersionsTest:tearDownClass): 204 DELETE http://10.13.3.231:35357/v3/projects/fa725b47b4a54ba189b9e7b8d616ee64 0.088s[00m
2022-01-04 15:45:25.579 2558189 INFO tempest.lib.common.rest_client [req-8186c549-176c-405e-af84-1862a4064f20 ] Request (RegionsTestJSON:setUpClass): 201 POST http://10.13.3.231:5000/v3/auth/tokens 0.279s[00m
2022-01-04 15:45:25.609 2558189 INFO tempest.lib.common.rest_client [req-0e8d5524-2ed3-4d90-b599-6e08e9c33bbb ] Request (RegionsTestJSON:setUpClass): 200 GET http://10.13.3.231:35357/v3/domains?name=admin_domain 0.030s[00m
2022-01-04 15:45:25.652 2558189 INFO tempest.lib.common.rest_client [req-a4bb62f5-6f4b-4156-9260-9804205dad62 ] Request (RegionsTestJSON:setUpClass): 201 POST http://10.13.3.231:35357/v3/projects 0.041s[00m
2022-01-04 15:45:25.738 2558185 INFO tempest.lib.common.rest_client [req-7266984c-784a-4c23-ba5c-a5d71f96f3eb ] Request (FloatingIPTestJSON:setUpClass): 201 POST http://10.13.3.231:5000/v3/auth/tokens 0.288s[00m
2022-01-04 15:45:25.934 2558189 INFO tempest.lib.common.rest_client [req-2158cdf2-bbbe-4163-b54f-78f33b658323 ] Request (RegionsTestJSON:setUpClass): 201 POST http://10.13.3.231:35357/v3/users 0.282s[00m
2022-01-04 15:45:25.962 2558189 INFO tempest.lib.common.rest_client [req-9caa9ddc-fa20-481f-8be2-5a53256ad249 ] Request (RegionsTestJSON:setUpClass): 200 GET http://10.13.3.231:35357/v3/roles 0.026s[00m
2022-01-04 15:45:25.984 2558185 INFO tempest.lib.common.rest_client [req-0318825d-eb2c-444f-9a1e-690deaa1f51a ] Request (FloatingIPTestJSON:setUpClass): 201 POST http://10.13.3.231:5000/v3/auth/tokens 0.241s[00m
2022-01-04 15:45:25.988 2558189 INFO tempest.lib.common.rest_client [req-03d34a78-a66f-4898-ba40-933cd176122e ] Request (RegionsTestJSON:setUpClass): 200 GET http://10.13.3.231:35357/v3/roles 0.025s[00m
2022-01-04 15:45:26.008 2558185 INFO tempest.lib.common.rest_client [req-a6af81bc-c7e0-4bd8-8503-7af2a61da8e4 ] Request (FloatingIPTestJSON:setUpClass): 200 GET http://10.13.3.231:35357/v3/domains?name=admin_domain 0.022s[00m
2022-01-04 15:45:26.040 2558189 INFO tempest.lib.common.rest_client [req-bbb4a38d-efcb-40cd-873c-b6153971d864 ] Request (RegionsTestJSON:setUpClass): 204 PUT http://10.13.3.231:35357/v3/projects/c06e0163e7b8403b838bd97436988d93/users/55e1f6a10fe24a43a6c6005b3530098b/roles/f0afe778fd6d4b93a279cf6f69d4aaf5 0.051s[00m
2022-01-04 15:45:26.040 2558189 INFO tempest.lib.common.dynamic_creds [-] Dynamic test user 55e1f6a10fe24a43a6c6005b3530098b is created with scope project and roles: ['member'][00m
2022-01-04 15:45:26.040 2558189 INFO tempest.lib.common.dynamic_creds [-] Acquired dynamic creds:
 credentials: Credentials: {'domain_id': '2cce71fe89b34bcba298f7b08fd27c32', 'domain_name': 'admin_domain', 'username': 'tempest-RegionsTestJSON-94404687-project', 'project_domain_id': '2cce71fe89b34bcba298f7b08fd27c32', 'project_domain_name': 'admin_domain', 'project_id': 'c06e0163e7b8403b838bd97436988d93', 'project_name': 'tempest-RegionsTestJSON-94404687', 'tenant_id': 'c06e0163e7b8403b838bd97436988d93', 'tenant_name': 'tempest-RegionsTestJSON-94404687', 'user_domain_id': '2cce71fe89b34bcba298f7b08fd27c32', 'user_domain_name': 'admin_domain', 'user_id': '55e1f6a10fe24a43a6c6005b3530098b', 'system': None}, Network: None, Subnet: None, Router: None[00m
2022-01-04 15:45:26.041 2558189 INFO tempest.lib.common.dynamic_creds [-] Created isolated network resources for:
 credentials: Credentials: {'domain_id': '2cce71fe89b34bcba298f7b08fd27c32', 'domain_name': 'admin_domain', 'username': 'tempest-RegionsTestJSON-94404687-project', 'project_domain_id': '2cce71fe89b34bcba298f7b08fd27c32', 'project_domain_name': 'admin_domain', 'project_id': 'c06e0163e7b8403b838bd97436988d93', 'project_name': 'tempest-RegionsTestJSON-94404687', 'tenant_id': 'c06e0163e7b8403b838bd97436988d93', 'tenant_name': 'tempest-RegionsTestJSON-94404687', 'user_domain_id': '2cce71fe89b34bcba298f7b08fd27c32', 'user_domain_name': 'admin_domain', 'user_id': '55e1f6a10fe24a43a6c6005b3530098b', 'system': None}, Network: None, Subnet: None, Router: None[00m
2022-01-04 15:45:26.099 2558185 INFO tempest.lib.common.rest_client [req-e50016e2-9f49-4571-afca-f2f5333335bb ] Request (FloatingIPTestJSON:setUpClass): 201 POST http://10.13.3.231:35357/v3/projects 0.090s[00m
2022-01-04 15:45:26.337 2558189 INFO tempest.lib.common.rest_client [req-4838bb80-4cb5-4f67-aa60-5a42fe770783 ] Request (RegionsTestJSON:setUpClass): 201 POST http://10.13.3.231:5000/v3/auth/tokens 0.289s[00m
2022-01-04 15:45:26.384 2558185 INFO tempest.lib.common.rest_client [req-27bfcd35-0aa3-4228-833c-309e49729e42 ] Request (FloatingIPTestJSON:setUpClass): 201 POST http://10.13.3.231:35357/v3/users 0.284s[00m
2022-01-04 15:45:26.417 2558189 INFO tempest.lib.common.rest_client [req-97b877c7-bf94-4604-9acc-eef1b67902e6 ] Request (RegionsTestJSON:setUpClass): 201 POST http://10.13.3.231:35357/v3/projects 0.078s[00m
2022-01-04 15:45:26.473 2558185 INFO tempest.lib.common.rest_client [req-2ea50153-ee02-4121-a5c0-4bd569edfccd ] Request (FloatingIPTestJSON:setUpClass): 200 GET http://10.13.3.231:35357/v3/roles 0.087s[00m
2022-01-04 15:45:26.714 2558189 INFO tempest.lib.common.rest_client [req-dfbbefc4-93de-4e34-8917-adf1be7c4d6f ] Request (RegionsTestJSON:setUpClass): 201 POST http://10.13.3.231:35357/v3/users 0.296s[00m
2022-01-04 15:45:26.730 2558185 INFO tempest.lib.common.rest_client [req-676a4928-2cb9-49e0-9bd7-3be83c20fcb0 ] Request (FloatingIPTestJSON:setUpClass): 200 GET http://10.13.3.231:35357/v3/roles 0.256s[00m
2022-01-04 15:45:26.743 2558189 INFO tempest.lib.common.rest_client [req-5659e936-1fdf-4d4e-a432-791b7cb4dc99 ] Request (RegionsTestJSON:setUpClass): 200 GET http://10.13.3.231:35357/v3/roles 0.028s[00m
2022-01-04 15:45:26.777 2558185 INFO tempest.lib.common.rest_client [req-286cbfc7-5c88-4e2c-a0c4-d06b582ab654 ] Request (FloatingIPTestJSON:setUpClass): 204 PUT http://10.13.3.231:35357/v3/projects/f3f9371393544f178d4d2bfbbbb206cc/users/4a780b8566bb499d860ffeac2e9a4f54/roles/f0afe778fd6d4b93a279cf6f69d4aaf5 0.046s[00m
2022-01-04 15:45:26.778 2558185 INFO tempest.lib.common.dynamic_creds [-] Dynamic test user 4a780b8566bb499d860ffeac2e9a4f54 is created with scope project and roles: ['member'][00m
2022-01-04 15:45:26.778 2558185 INFO tempest.lib.common.dynamic_creds [-] Acquired dynamic creds:
 credentials: Credentials: {'domain_id': '2cce71fe89b34bcba298f7b08fd27c32', 'domain_name': 'admin_domain', 'username': 'tempest-FloatingIPTestJSON-967535652-project', 'project_domain_id': '2cce71fe89b34bcba298f7b08fd27c32', 'project_domain_name': 'admin_domain', 'project_id': 'f3f9371393544f178d4d2bfbbbb206cc', 'project_name': 'tempest-FloatingIPTestJSON-967535652', 'tenant_id': 'f3f9371393544f178d4d2bfbbbb206cc', 'tenant_name': 'tempest-FloatingIPTestJSON-967535652', 'user_domain_id': '2cce71fe89b34bcba298f7b08fd27c32', 'user_domain_name': 'admin_domain', 'user_id': '4a780b8566bb499d860ffeac2e9a4f54', 'system': None}, Network: None, Subnet: None, Router: None[00m
2022-01-04 15:45:26.778 2558185 INFO tempest.lib.common.dynamic_creds [-] Created isolated network resources for:
 credentials: Credentials: {'domain_id': '2cce71fe89b34bcba298f7b08fd27c32', 'domain_name': 'admin_domain', 'username': 'tempest-FloatingIPTestJSON-967535652-project', 'project_domain_id': '2cce71fe89b34bcba298f7b08fd27c32', 'project_domain_name': 'admin_domain', 'project_id': 'f3f9371393544f178d4d2bfbbbb206cc', 'project_name': 'tempest-FloatingIPTestJSON-967535652', 'tenant_id': 'f3f9371393544f178d4d2bfbbbb206cc', 'tenant_name': 'tempest-FloatingIPTestJSON-967535652', 'user_domain_id': '2cce71fe89b34bcba298f7b08fd27c32', 'user_domain_name': 'admin_domain', 'user_id': '4a780b8566bb499d860ffeac2e9a4f54', 'system': None}, Network: None, Subnet: None, Router: None[00m
2022-01-04 15:45:26.851 2558189 INFO tempest.lib.common.rest_client [req-8be0a999-427d-43b1-b144-b014510b86a6 ] Request (RegionsTestJSON:setUpClass): 204 PUT http://10.13.3.231:35357/v3/projects/1626b098719a4535836d02834c7ddb7d/users/641bff99861246e29e4d45e1b04451c9/roles/407827ca8f3543b586c213f0d65a1b95 0.107s[00m
2022-01-04 15:45:26.919 2558189 INFO tempest.lib.common.rest_client [req-11fe571f-c590-4590-93c7-26b801d3df16 ] Request (RegionsTestJSON:setUpClass): 200 GET http://10.13.3.231:35357/v3/roles 0.066s[00m
2022-01-04 15:45:26.949 2558189 INFO tempest.lib.common.rest_client [req-45347d26-936d-49e6-9e72-d802a9b5ca69 ] Request (RegionsTestJSON:setUpClass): 204 PUT http://10.13.3.231:35357/v3/domains/2cce71fe89b34bcba298f7b08fd27c32/users/641bff99861246e29e4d45e1b04451c9/roles/407827ca8f3543b586c213f0d65a1b95 0.029s[00m
2022-01-04 15:45:27.014 2558189 INFO tempest.lib.common.rest_client [req-25410f1b-dc04-49b0-9f3f-3731c4eb5635 ] Request (RegionsTestJSON:setUpClass): 200 GET http://10.13.3.231:35357/v3/roles 0.064s[00m
2022-01-04 15:45:27.041 2558189 INFO tempest.lib.common.rest_client [req-d2542ed0-e84d-4b24-95f7-21f7478ebca3 ] Request (RegionsTestJSON:setUpClass): 204 PUT http://10.13.3.231:35357/v3/projects/1626b098719a4535836d02834c7ddb7d/users/641bff99861246e29e4d45e1b04451c9/roles/407827ca8f3543b586c213f0d65a1b95 0.025s[00m
2022-01-04 15:45:27.041 2558189 INFO tempest.lib.common.dynamic_creds [-] Dynamic test user 641bff99861246e29e4d45e1b04451c9 is created with scope project and roles: ['Admin'][00m
2022-01-04 15:45:27.041 2558189 INFO tempest.lib.common.dynamic_creds [-] Acquired dynamic creds:
 credentials: Credentials: {'domain_id': '2cce71fe89b34bcba298f7b08fd27c32', 'domain_name': 'admin_domain', 'username': 'tempest-RegionsTestJSON-1945756880-project-admin', 'project_domain_id': '2cce71fe89b34bcba298f7b08fd27c32', 'project_domain_name': 'admin_domain', 'project_id': '1626b098719a4535836d02834c7ddb7d', 'project_name': 'tempest-RegionsTestJSON-1945756880', 'tenant_id': '1626b098719a4535836d02834c7ddb7d', 'tenant_name': 'tempest-RegionsTestJSON-1945756880', 'user_domain_id': '2cce71fe89b34bcba298f7b08fd27c32', 'user_domain_name': 'admin_domain', 'user_id': '641bff99861246e29e4d45e1b04451c9', 'system': None}, Network: None, Subnet: None, Router: None[00m
2022-01-04 15:45:27.042 2558189 INFO tempest.lib.common.dynamic_creds [-] Created isolated network resources for:
 credentials: Credentials: {'domain_id': '2cce71fe89b34bcba298f7b08fd27c32', 'domain_name': 'admin_domain', 'username': 'tempest-RegionsTestJSON-1945756880-project-admin', 'project_domain_id': '2cce71fe89b34bcba298f7b08fd27c32', 'project_domain_name': 'admin_domain', 'project_id': '1626b098719a4535836d02834c7ddb7d', 'project_name': 'tempest-RegionsTestJSON-1945756880', 'tenant_id': '1626b098719a4535836d02834c7ddb7d', 'tenant_name': 'tempest-RegionsTestJSON-1945756880', 'user_domain_id': '2cce71fe89b34bcba298f7b08fd27c32', 'user_domain_name': 'admin_domain', 'user_id': '641bff99861246e29e4d45e1b04451c9', 'system': None}, Network: None, Subnet: None, Router: None[00m
2022-01-04 15:45:27.087 2558185 INFO tempest.lib.common.rest_client [req-ff6a05e0-29f1-46e9-9bc6-0f8d3d9123b0 ] Request (FloatingIPTestJSON:setUpClass): 201 POST http://10.13.3.231:5000/v3/auth/tokens 0.300s[00m
2022-01-04 15:45:27.349 2558185 INFO tempest.lib.common.rest_client [req-04ff9041-e5c8-460c-9609-e32b4f015f96 ] Request (FloatingIPTestJSON:setUpClass): 201 POST http://10.13.3.251:9696/v2.0/networks 0.260s[00m
2022-01-04 15:45:27.347 2558189 INFO tempest.lib.common.rest_client [req-17fb6734-034c-4534-af8c-28ae364bc16e ] Request (RegionsTestJSON:setUpClass): 201 POST http://10.13.3.231:5000/v3/auth/tokens 0.295s[00m
2022-01-04 15:45:27.577 2558185 INFO tempest.lib.common.rest_client [req-2ad5d203-c288-4edf-a70e-0d5da15e6e2f ] Request (FloatingIPTestJSON:setUpClass): 201 POST http://10.13.3.251:9696/v2.0/subnets 0.226s[00m
2022-01-04 15:45:27.624 2558189 INFO tempest.lib.common.rest_client [req-591b41d2-9495-4f4b-a29c-368fe9c363f4 ] Request (RegionsTestJSON:setUpClass): 201 POST http://10.13.3.231:5000/v3/auth/tokens 0.276s[00m
2022-01-04 15:45:27.657 2558189 INFO tempest.lib.common.rest_client [req-b6cbad1f-7fa0-4b9c-b358-12ac63755c18 ] Request (RegionsTestJSON:setUpClass): 201 POST http://10.13.3.231:35357/v3/regions 0.032s[00m
2022-01-04 15:45:27.694 2558189 INFO tempest.lib.common.rest_client [req-e610c16e-4901-49fc-b6fb-c01720e1e123 ] Request (RegionsTestJSON:setUpClass): 201 POST http://10.13.3.231:35357/v3/regions 0.036s[00m
2022-01-04 15:45:27.732 2558189 INFO tempest.lib.common.rest_client [req-61544383-0a42-4f98-a277-22a234028f00 ] Request (RegionsTestJSON:test_create_region_with_specific_id): 201 PUT http://10.13.3.231:35357/v3/regions/abfa8e33-6376-45a3-981b-aba96b5bef4e 0.036s[00m
2022-01-04 15:45:27.768 2558189 INFO tempest.lib.common.rest_client [req-355f5edd-3fbb-4de0-bb75-467193fcb480 ] Request (RegionsTestJSON:_run_cleanups): 204 DELETE http://10.13.3.231:35357/v3/regions/abfa8e33-6376-45a3-981b-aba96b5bef4e 0.036s[00m
{1} tempest.api.identity.admin.v3.test_regions.RegionsTestJSON.test_create_region_with_specific_id [0.074310s] ... ok
2022-01-04 15:45:27.805 2558189 INFO tempest.lib.common.rest_client [req-a13b4833-9c7a-4ac4-8637-d141796ce2ac ] Request (RegionsTestJSON:tearDownClass): 204 DELETE http://10.13.3.231:35357/v3/regions/cf791b017a4a494e969c3fc9538f9dae 0.035s[00m
2022-01-04 15:45:27.841 2558189 INFO tempest.lib.common.rest_client [req-1b7dd07b-2fd6-404d-88f0-a13f719a62fa ] Request (RegionsTestJSON:tearDownClass): 204 DELETE http://10.13.3.231:35357/v3/regions/33aef9968da6423bbcb5d4246841b63e 0.035s[00m
2022-01-04 15:45:27.956 2558189 INFO tempest.lib.common.rest_client [req-af767938-a60d-40c3-a745-77f4cd475f41 ] Request (RegionsTestJSON:tearDownClass): 204 DELETE http://10.13.3.231:35357/v3/users/55e1f6a10fe24a43a6c6005b3530098b 0.114s[00m
2022-01-04 15:45:28.236 2558189 INFO tempest.lib.common.rest_client [req-28b02ad8-398e-4590-821d-27d87f7d6fad ] Request (RegionsTestJSON:tearDownClass): 201 POST http://10.13.3.231:5000/v3/auth/tokens 0.280s[00m
2022-01-04 15:45:28.412 2558189 INFO tempest.lib.common.rest_client [req-80a74d3e-e475-46f4-9136-c4a3337cbb90 ] Request (RegionsTestJSON:tearDownClass): 200 GET http://10.13.3.251:9696/v2.0/security-groups?tenant_id=c06e0163e7b8403b838bd97436988d93&name=default 0.175s[00m
2022-01-04 15:45:28.500 2558189 INFO tempest.lib.common.rest_client [req-788d8a1c-96f7-4676-8850-21b5e886b916 ] Request (RegionsTestJSON:tearDownClass): 204 DELETE http://10.13.3.251:9696/v2.0/security-groups/006febe8-8093-44da-bf9e-f6c268ef3610 0.087s[00m
2022-01-04 15:45:28.578 2558185 INFO tempest.lib.common.rest_client [req-1789ba1e-8d87-4bd6-9134-7fb2ae45ea32 ] Request (FloatingIPTestJSON:setUpClass): 201 POST http://10.13.3.251:9696/v2.0/routers 1.001s[00m
2022-01-04 15:45:28.583 2558189 INFO tempest.lib.common.rest_client [req-c613e842-f028-4ab6-b85f-2d796a8783e3 ] Request (RegionsTestJSON:tearDownClass): 204 DELETE http://10.13.3.231:35357/v3/projects/c06e0163e7b8403b838bd97436988d93 0.082s[00m
2022-01-04 15:45:28.704 2558189 INFO tempest.lib.common.rest_client [req-e90c0b74-64f7-4795-b378-f6c27a2c1eb5 ] Request (RegionsTestJSON:tearDownClass): 204 DELETE http://10.13.3.231:35357/v3/users/641bff99861246e29e4d45e1b04451c9 0.120s[00m
2022-01-04 15:45:28.793 2558189 INFO tempest.lib.common.rest_client [req-58b30d6a-683c-4e10-b5e9-a21c7949e07c ] Request (RegionsTestJSON:tearDownClass): 200 GET http://10.13.3.251:9696/v2.0/security-groups?tenant_id=1626b098719a4535836d02834c7ddb7d&name=default 0.088s[00m
2022-01-04 15:45:28.880 2558189 INFO tempest.lib.common.rest_client [req-0e1e872f-3d05-47cd-91f4-12b0d932915a ] Request (RegionsTestJSON:tearDownClass): 204 DELETE http://10.13.3.251:9696/v2.0/security-groups/9c1bddbb-2da8-4acf-b143-38dd4ff49eff 0.086s[00m
2022-01-04 15:45:28.989 2558189 INFO tempest.lib.common.rest_client [req-3ba8f5b1-707a-46c5-a6e5-cb406a4133d5 ] Request (RegionsTestJSON:tearDownClass): 204 DELETE http://10.13.3.231:35357/v3/projects/1626b098719a4535836d02834c7ddb7d 0.108s[00m
2022-01-04 15:45:29.268 2558189 INFO tempest.lib.common.rest_client [req-beaf8f87-f7a4-4472-b92d-39da35302723 ] Request (RolesV3TestJSON:setUpClass): 201 POST http://10.13.3.231:5000/v3/auth/tokens 0.277s[00m
2022-01-04 15:45:29.520 2558189 INFO tempest.lib.common.rest_client [req-d4c81698-6d40-48dd-a6a4-d24967673b56 ] Request (RolesV3TestJSON:setUpClass): 201 POST http://10.13.3.231:5000/v3/auth/tokens 0.243s[00m
2022-01-04 15:45:29.550 2558189 INFO tempest.lib.common.rest_client [req-05aaa234-6941-483f-b943-ec1d51c3541b ] Request (RolesV3TestJSON:setUpClass): 200 GET http://10.13.3.231:35357/v3/domains?name=admin_domain 0.028s[00m
2022-01-04 15:45:29.592 2558189 INFO tempest.lib.common.rest_client [req-adfed2d3-b501-4e0d-a05e-9ccc565d5721 ] Request (RolesV3TestJSON:setUpClass): 201 POST http://10.13.3.231:35357/v3/projects 0.038s[00m
2022-01-04 15:45:29.879 2558189 INFO tempest.lib.common.rest_client [req-a78e583b-80b3-4559-b961-b92e7f1417e0 ] Request (RolesV3TestJSON:setUpClass): 201 POST http://10.13.3.231:35357/v3/users 0.283s[00m
2022-01-04 15:45:29.915 2558189 INFO tempest.lib.common.rest_client [req-4448c4f4-1f9b-4f0c-9369-7b4682805162 ] Request (RolesV3TestJSON:setUpClass): 200 GET http://10.13.3.231:35357/v3/roles 0.032s[00m
2022-01-04 15:45:29.945 2558185 INFO tempest.lib.common.rest_client [req-6e3085f0-a392-45ab-b3cd-d66703a1ba31 ] Request (FloatingIPTestJSON:setUpClass): 200 PUT http://10.13.3.251:9696/v2.0/routers/220f9b61-213d-4939-8ef1-6480ffca2b6b/add_router_interface 1.366s[00m
2022-01-04 15:45:29.950 2558189 INFO tempest.lib.common.rest_client [req-69a36b26-e924-42e7-ae00-39cd6876f207 ] Request (RolesV3TestJSON:setUpClass): 200 GET http://10.13.3.231:35357/v3/roles 0.034s[00m
2022-01-04 15:45:29.999 2558189 INFO tempest.lib.common.rest_client [req-f3855db0-912b-4e04-83f3-10e99a704a87 ] Request (RolesV3TestJSON:setUpClass): 204 PUT http://10.13.3.231:35357/v3/projects/4e8dd6b7469643f594e6a668a28d50e9/users/f7b5e6c865c04c2793f448af355ccb0e/roles/f0afe778fd6d4b93a279cf6f69d4aaf5 0.048s[00m
2022-01-04 15:45:29.999 2558189 INFO tempest.lib.common.dynamic_creds [-] Dynamic test user f7b5e6c865c04c2793f448af355ccb0e is created with scope project and roles: ['member'][00m
2022-01-04 15:45:29.999 2558189 INFO tempest.lib.common.dynamic_creds [-] Acquired dynamic creds:
 credentials: Credentials: {'domain_id': '2cce71fe89b34bcba298f7b08fd27c32', 'domain_name': 'admin_domain', 'username': 'tempest-RolesV3TestJSON-71960562-project', 'project_domain_id': '2cce71fe89b34bcba298f7b08fd27c32', 'project_domain_name': 'admin_domain', 'project_id': '4e8dd6b7469643f594e6a668a28d50e9', 'project_name': 'tempest-RolesV3TestJSON-71960562', 'tenant_id': '4e8dd6b7469643f594e6a668a28d50e9', 'tenant_name': 'tempest-RolesV3TestJSON-71960562', 'user_domain_id': '2cce71fe89b34bcba298f7b08fd27c32', 'user_domain_name': 'admin_domain', 'user_id': 'f7b5e6c865c04c2793f448af355ccb0e', 'system': None}, Network: None, Subnet: None, Router: None[00m
2022-01-04 15:45:30.000 2558189 INFO tempest.lib.common.dynamic_creds [-] Created isolated network resources for:
 credentials: Credentials: {'domain_id': '2cce71fe89b34bcba298f7b08fd27c32', 'domain_name': 'admin_domain', 'username': 'tempest-RolesV3TestJSON-71960562-project', 'project_domain_id': '2cce71fe89b34bcba298f7b08fd27c32', 'project_domain_name': 'admin_domain', 'project_id': '4e8dd6b7469643f594e6a668a28d50e9', 'project_name': 'tempest-RolesV3TestJSON-71960562', 'tenant_id': '4e8dd6b7469643f594e6a668a28d50e9', 'tenant_name': 'tempest-RolesV3TestJSON-71960562', 'user_domain_id': '2cce71fe89b34bcba298f7b08fd27c32', 'user_domain_name': 'admin_domain', 'user_id': 'f7b5e6c865c04c2793f448af355ccb0e', 'system': None}, Network: None, Subnet: None, Router: None[00m
2022-01-04 15:45:30.301 2558189 INFO tempest.lib.common.rest_client [req-50f6a0c2-0f02-437d-adac-ad975c502a31 ] Request (RolesV3TestJSON:setUpClass): 201 POST http://10.13.3.231:5000/v3/auth/tokens 0.295s[00m
2022-01-04 15:45:30.312 2558185 INFO tempest.lib.common.rest_client [req-61a01795-e667-4de1-9cbf-dc38dfc5972f ] Request (FloatingIPTestJSON:setUpClass): 201 POST http://10.13.3.251:9696/v2.0/ports 0.366s[00m
2022-01-04 15:45:30.377 2558189 INFO tempest.lib.common.rest_client [req-9b719343-1536-401a-92ac-19e2e0317fc3 ] Request (RolesV3TestJSON:setUpClass): 201 POST http://10.13.3.231:35357/v3/projects 0.075s[00m
2022-01-04 15:45:30.619 2558185 INFO tempest.lib.common.rest_client [req-343f2f85-d61b-4a7a-9493-0ee2c75e03b0 ] Request (FloatingIPTestJSON:setUpClass): 201 POST http://10.13.3.251:9696/v2.0/ports 0.306s[00m
2022-01-04 15:45:30.660 2558189 INFO tempest.lib.common.rest_client [req-0d26c90c-fd3a-4f8e-a749-4112ec4b7350 ] Request (RolesV3TestJSON:setUpClass): 201 POST http://10.13.3.231:35357/v3/users 0.282s[00m
2022-01-04 15:45:30.698 2558189 INFO tempest.lib.common.rest_client [req-8e7f02ae-454d-4b9b-a041-2289f8b1af33 ] Request (RolesV3TestJSON:setUpClass): 200 GET http://10.13.3.231:35357/v3/roles 0.037s[00m
2022-01-04 15:45:30.739 2558189 INFO tempest.lib.common.rest_client [req-b1946520-f541-4d41-95c8-5abcf1368fcc ] Request (RolesV3TestJSON:setUpClass): 204 PUT http://10.13.3.231:35357/v3/projects/19a743db127f4c92bb38e0bdfa37a9ad/users/31f5dbf02f2a4f0d8c8dc3082600c1c5/roles/407827ca8f3543b586c213f0d65a1b95 0.040s[00m
2022-01-04 15:45:30.807 2558189 INFO tempest.lib.common.rest_client [req-fd5f5c91-f857-4377-9cef-03643d8ded80 ] Request (RolesV3TestJSON:setUpClass): 200 GET http://10.13.3.231:35357/v3/roles 0.067s[00m
2022-01-04 15:45:30.843 2558189 INFO tempest.lib.common.rest_client [req-5686e295-35ad-4ac4-9601-fef5307e7bcc ] Request (RolesV3TestJSON:setUpClass): 204 PUT http://10.13.3.231:35357/v3/domains/2cce71fe89b34bcba298f7b08fd27c32/users/31f5dbf02f2a4f0d8c8dc3082600c1c5/roles/407827ca8f3543b586c213f0d65a1b95 0.035s[00m
2022-01-04 15:45:30.902 2558189 INFO tempest.lib.common.rest_client [req-ff996278-5c83-460c-a244-a2e0ef85ee4b ] Request (RolesV3TestJSON:setUpClass): 200 GET http://10.13.3.231:35357/v3/roles 0.058s[00m
2022-01-04 15:45:30.927 2558189 INFO tempest.lib.common.rest_client [req-3b620b15-4598-4f67-bf87-37b6c315fce7 ] Request (RolesV3TestJSON:setUpClass): 204 PUT http://10.13.3.231:35357/v3/projects/19a743db127f4c92bb38e0bdfa37a9ad/users/31f5dbf02f2a4f0d8c8dc3082600c1c5/roles/407827ca8f3543b586c213f0d65a1b95 0.023s[00m
2022-01-04 15:45:30.927 2558189 INFO tempest.lib.common.dynamic_creds [-] Dynamic test user 31f5dbf02f2a4f0d8c8dc3082600c1c5 is created with scope project and roles: ['Admin'][00m
2022-01-04 15:45:30.927 2558189 INFO tempest.lib.common.dynamic_creds [-] Acquired dynamic creds:
 credentials: Credentials: {'domain_id': '2cce71fe89b34bcba298f7b08fd27c32', 'domain_name': 'admin_domain', 'username': 'tempest-RolesV3TestJSON-1255844285-project-admin', 'project_domain_id': '2cce71fe89b34bcba298f7b08fd27c32', 'project_domain_name': 'admin_domain', 'project_id': '19a743db127f4c92bb38e0bdfa37a9ad', 'project_name': 'tempest-RolesV3TestJSON-1255844285', 'tenant_id': '19a743db127f4c92bb38e0bdfa37a9ad', 'tenant_name': 'tempest-RolesV3TestJSON-1255844285', 'user_domain_id': '2cce71fe89b34bcba298f7b08fd27c32', 'user_domain_name': 'admin_domain', 'user_id': '31f5dbf02f2a4f0d8c8dc3082600c1c5', 'system': None}, Network: None, Subnet: None, Router: None[00m
2022-01-04 15:45:30.928 2558189 INFO tempest.lib.common.dynamic_creds [-] Created isolated network resources for:
 credentials: Credentials: {'domain_id': '2cce71fe89b34bcba298f7b08fd27c32', 'domain_name': 'admin_domain', 'username': 'tempest-RolesV3TestJSON-1255844285-project-admin', 'project_domain_id': '2cce71fe89b34bcba298f7b08fd27c32', 'project_domain_name': 'admin_domain', 'project_id': '19a743db127f4c92bb38e0bdfa37a9ad', 'project_name': 'tempest-RolesV3TestJSON-1255844285', 'tenant_id': '19a743db127f4c92bb38e0bdfa37a9ad', 'tenant_name': 'tempest-RolesV3TestJSON-1255844285', 'user_domain_id': '2cce71fe89b34bcba298f7b08fd27c32', 'user_domain_name': 'admin_domain', 'user_id': '31f5dbf02f2a4f0d8c8dc3082600c1c5', 'system': None}, Network: None, Subnet: None, Router: None[00m
2022-01-04 15:45:31.226 2558189 INFO tempest.lib.common.rest_client [req-a25e4cb5-3d5d-4a21-a589-e3eec2fc4ade ] Request (RolesV3TestJSON:setUpClass): 201 POST http://10.13.3.231:5000/v3/auth/tokens 0.289s[00m
2022-01-04 15:45:31.492 2558189 INFO tempest.lib.common.rest_client [req-86eea1db-1ebc-45a3-932f-7d6b849ba1d8 ] Request (RolesV3TestJSON:setUpClass): 201 POST http://10.13.3.231:5000/v3/auth/tokens 0.265s[00m
2022-01-04 15:45:31.527 2558189 INFO tempest.lib.common.rest_client [req-a69ac160-f09a-47d2-ac83-9c11ad322b90 ] Request (RolesV3TestJSON:setUpClass): 201 POST http://10.13.3.231:35357/v3/roles 0.034s[00m
2022-01-04 15:45:31.557 2558189 INFO tempest.lib.common.rest_client [req-05e4e950-d768-4ba5-a34e-b674c8569eab ] Request (RolesV3TestJSON:setUpClass): 201 POST http://10.13.3.231:35357/v3/roles 0.030s[00m
2022-01-04 15:45:31.571 2558185 INFO tempest.lib.common.rest_client [req-87f682af-b0e6-46ba-b92d-98b4853c821d ] Request (FloatingIPTestJSON:test_create_floating_ip_specifying_a_fixed_ip_address): 201 POST http://10.13.3.251:9696/v2.0/floatingips 0.951s[00m
2022-01-04 15:45:31.584 2558189 INFO tempest.lib.common.rest_client [req-faf6ebc7-f620-4e67-a56d-e96ad997ad71 ] Request (RolesV3TestJSON:setUpClass): 201 POST http://10.13.3.231:35357/v3/roles 0.026s[00m
2022-01-04 15:45:31.616 2558189 INFO tempest.lib.common.rest_client [req-076dcfef-613b-44e8-b4d3-c7ff8157f38e ] Request (RolesV3TestJSON:setUpClass): 201 POST http://10.13.3.231:35357/v3/domains 0.031s[00m
2022-01-04 15:45:31.680 2558189 INFO tempest.lib.common.rest_client [req-dd5cd3e9-7bd0-460e-bc76-0d9e2d4d2adb ] Request (RolesV3TestJSON:setUpClass): 201 POST http://10.13.3.231:35357/v3/projects 0.063s[00m
2022-01-04 15:45:31.728 2558189 INFO tempest.lib.common.rest_client [req-a900344a-3785-4e74-af19-d48bdb941f78 ] Request (RolesV3TestJSON:setUpClass): 201 POST http://10.13.3.231:35357/v3/groups 0.047s[00m
2022-01-04 15:45:31.758 2558189 INFO tempest.lib.common.rest_client [req-d35077c5-140d-49ef-8701-32234229199f ] Request (RolesV3TestJSON:setUpClass): 201 POST http://10.13.3.231:35357/v3/roles 0.029s[00m
2022-01-04 15:45:32.008 2558189 INFO tempest.lib.common.rest_client [req-35096806-485d-40b8-b636-025cc1fbba5e ] Request (RolesV3TestJSON:setUpClass): 201 POST http://10.13.3.231:35357/v3/users 0.249s[00m
2022-01-04 15:45:32.037 2558189 INFO tempest.lib.common.rest_client [req-7bb32277-ef91-4795-b7c7-26b17be35bae ] Request (RolesV3TestJSON:test_role_create_update_show_list): 201 POST http://10.13.3.231:35357/v3/roles 0.027s[00m
2022-01-04 15:45:32.042 2558185 INFO tempest.lib.common.rest_client [req-d21bb4e0-bb24-431e-b465-1937a8ad67f2 ] Request (FloatingIPTestJSON:test_create_floating_ip_specifying_a_fixed_ip_address): 200 PUT http://10.13.3.251:9696/v2.0/floatingips/99b49c17-d124-4bb6-a4c1-c6c52cbc3587 0.469s[00m
2022-01-04 15:45:32.082 2558189 INFO tempest.lib.common.rest_client [req-b0086dcf-51dd-4b37-8f18-2ec75efb49e7 ] Request (RolesV3TestJSON:test_role_create_update_show_list): 200 PATCH http://10.13.3.231:35357/v3/roles/97fed5cab9c0430c82fa2a589f7dea22 0.044s[00m
2022-01-04 15:45:32.103 2558189 INFO tempest.lib.common.rest_client [req-fda267b6-9dbc-49b7-ba35-7a0c24b49fe2 ] Request (RolesV3TestJSON:test_role_create_update_show_list): 200 GET http://10.13.3.231:35357/v3/roles/97fed5cab9c0430c82fa2a589f7dea22 0.021s[00m
2022-01-04 15:45:32.127 2558189 INFO tempest.lib.common.rest_client [req-0fb588d6-ba6e-4735-8ba8-ae72791cbc7c ] Request (RolesV3TestJSON:test_role_create_update_show_list): 200 GET http://10.13.3.231:35357/v3/roles 0.023s[00m
2022-01-04 15:45:32.174 2558189 INFO tempest.lib.common.rest_client [req-1481e578-b1a7-4c88-8179-e84f10047c2c ] Request (RolesV3TestJSON:_run_cleanups): 204 DELETE http://10.13.3.231:35357/v3/roles/97fed5cab9c0430c82fa2a589f7dea22 0.046s[00m
{1} tempest.api.identity.admin.v3.test_roles.RolesV3TestJSON.test_role_create_update_show_list [0.166234s] ... ok
2022-01-04 15:45:32.282 2558189 INFO tempest.lib.common.rest_client [req-da11fffe-076b-4225-a18b-067cd4783851 ] Request (RolesV3TestJSON:tearDownClass): 204 DELETE http://10.13.3.231:35357/v3/users/8f5d3841b8394cac972e5298b8e306fb 0.106s[00m
2022-01-04 15:45:32.316 2558185 INFO tempest.lib.common.rest_client [req-46d838c4-9e38-40ca-9cef-48011431e8d7 ] Request (FloatingIPTestJSON:_run_cleanups): 204 DELETE http://10.13.3.251:9696/v2.0/floatingips/99b49c17-d124-4bb6-a4c1-c6c52cbc3587 0.274s[00m
{0} tempest.api.network.test_floating_ips.FloatingIPTestJSON.test_create_floating_ip_specifying_a_fixed_ip_address [1.697760s] ... ok
2022-01-04 15:45:32.363 2558189 INFO tempest.lib.common.rest_client [req-788bf7f1-e7f0-44c0-835d-94d2c8ed0b72 ] Request (RolesV3TestJSON:tearDownClass): 204 DELETE http://10.13.3.231:35357/v3/roles/85908a8dec6c472e802dad675fa323c7 0.077s[00m
2022-01-04 15:45:32.433 2558189 INFO tempest.lib.common.rest_client [req-a87b7838-5a57-4c58-ae8c-708d00fd2e17 ] Request (RolesV3TestJSON:tearDownClass): 204 DELETE http://10.13.3.231:35357/v3/groups/721a6338a2ca4a9e8dc317ba46981269 0.069s[00m
2022-01-04 15:45:32.524 2558189 INFO tempest.lib.common.rest_client [req-2b3b9ac4-b8ed-4999-a184-2757dc7778b6 ] Request (RolesV3TestJSON:tearDownClass): 204 DELETE http://10.13.3.231:35357/v3/projects/e592710f4aa64b7b8e824d73c24ca3ea 0.090s[00m
2022-01-04 15:45:32.595 2558189 INFO tempest.lib.common.rest_client [req-97d603fe-f702-415e-bd9b-267bf09d18fe ] Request (RolesV3TestJSON:tearDownClass): 200 PATCH http://10.13.3.231:35357/v3/domains/d3af1bb067154442ba1a35a5ea1333a1 0.070s[00m
2022-01-04 15:45:32.732 2558189 INFO tempest.lib.common.rest_client [req-caba34b6-d7e3-4379-8f26-191dd887f806 ] Request (RolesV3TestJSON:tearDownClass): 204 DELETE http://10.13.3.231:35357/v3/domains/d3af1bb067154442ba1a35a5ea1333a1 0.136s[00m
2022-01-04 15:45:32.798 2558189 INFO tempest.lib.common.rest_client [req-b7e22c56-9a4a-4a83-a661-be58df360fc0 ] Request (RolesV3TestJSON:tearDownClass): 204 DELETE http://10.13.3.231:35357/v3/roles/33be32f35069423a9895047418ca4777 0.065s[00m
2022-01-04 15:45:32.866 2558189 INFO tempest.lib.common.rest_client [req-9c101e4c-be31-4d37-a4cc-21a318b2f6ed ] Request (RolesV3TestJSON:tearDownClass): 204 DELETE http://10.13.3.231:35357/v3/roles/088f6249c18742d1b7580edba8c455fc 0.068s[00m
2022-01-04 15:45:32.933 2558189 INFO tempest.lib.common.rest_client [req-2742a047-51dc-4ae4-884c-deddb242e363 ] Request (RolesV3TestJSON:tearDownClass): 204 DELETE http://10.13.3.231:35357/v3/roles/d4c15a8ea22b439bb39380842ab266b9 0.065s[00m
2022-01-04 15:45:33.042 2558189 INFO tempest.lib.common.rest_client [req-66f1859d-5116-4db4-96aa-1f65ff0d724e ] Request (RolesV3TestJSON:tearDownClass): 204 DELETE http://10.13.3.231:35357/v3/users/f7b5e6c865c04c2793f448af355ccb0e 0.109s[00m
2022-01-04 15:45:33.276 2558185 INFO tempest.lib.common.rest_client [req-6bf39053-4fc9-479d-86b5-d2e3e09bfd5d ] Request (FloatingIPTestJSON:test_create_list_show_update_delete_floating_ip): 201 POST http://10.13.3.251:9696/v2.0/floatingips 0.958s[00m
2022-01-04 15:45:33.325 2558189 INFO tempest.lib.common.rest_client [req-ef008697-1cb0-433e-b415-3f73f8f9683d ] Request (RolesV3TestJSON:tearDownClass): 201 POST http://10.13.3.231:5000/v3/auth/tokens 0.281s[00m
2022-01-04 15:45:33.321 2558185 INFO tempest.lib.common.rest_client [req-68ea5137-f9b8-4d9a-8bdb-118dcafd8935 ] Request (FloatingIPTestJSON:test_create_list_show_update_delete_floating_ip): 200 GET http://10.13.3.251:9696/v2.0/floatingips/31e994e7-9935-4088-9ecb-6dde26244e43 0.044s[00m
2022-01-04 15:45:33.390 2558185 INFO tempest.lib.common.rest_client [req-3bae72af-c34e-4f20-b49f-358c689f591c ] Request (FloatingIPTestJSON:test_create_list_show_update_delete_floating_ip): 200 GET http://10.13.3.251:9696/v2.0/floatingips 0.067s[00m
